Component: ARM Compiler 5.06 update 4 (build 422) Tool: armlink [4d35d2]

==============================================================================

Section Cross References

    app.o(.text) refers to _printf_percent.o(.ARM.Collect$$_printf_percent$$00000000) for _printf_percent
    app.o(.text) refers to _printf_d.o(.ARM.Collect$$_printf_percent$$00000009) for _printf_d
    app.o(.text) refers to _printf_dec.o(.text) for _printf_int_dec
    app.o(.text) refers to h1_alloc.o(.text) for malloc
    app.o(.text) refers to noretval__2sprintf.o(.text) for __2sprintf
    app.o(.text) refers to adc.o(.text) for send_String
    app.o(.text) refers to h1_free.o(.text) for free
    adc_leds.o(.text) refers to _printf_percent.o(.ARM.Collect$$_printf_percent$$00000000) for _printf_percent
    adc_leds.o(.text) refers to _printf_s.o(.ARM.Collect$$_printf_percent$$00000014) for _printf_s
    adc_leds.o(.text) refers to _printf_str.o(.text) for _printf_str
    adc_leds.o(.text) refers to _printf_f.o(.ARM.Collect$$_printf_percent$$00000003) for _printf_f
    adc_leds.o(.text) refers to printf1.o(x$fpl$printf1) for _printf_fp_dec
    adc_leds.o(.text) refers to adc.o(.text) for read_ADC1
    adc_leds.o(.text) refers to f2d.o(x$fpl$f2d) for __aeabi_f2d
    adc_leds.o(.text) refers to utility.o(.text) for scale
    adc_leds.o(.text) refers to d2f.o(x$fpl$d2f) for __aeabi_d2f
    adc_leds.o(.text) refers to reading.o(.text) for reading_set_value
    adc_leds.o(.text) refers to lcd_driver.o(.text) for lcd_write_string
    adc_leds.o(.text) refers to noretval__2printf.o(.text) for __2printf
    adc_leds.o(.text) refers to h1_alloc.o(.text) for malloc
    adc_leds.o(.text) refers to h1_free.o(.text) for free
    adc_leds.o(.text) refers to strcmpv7m.o(.text) for strcmp
    adc_leds.o(.text) refers to strcpy.o(.text) for strcpy
    adc_leds.o(.text) refers to adc_leds.o(.data) for menuState
    adc_leds.o(.text) refers to board_init.o(.text) for display_startup_message
    adc_leds.o(.text) refers to app.o(.text) for app_set_mode
    adc_leds.o(.data) refers to adc_leds.o(.conststring) for .conststring
    swt.o(.text) refers to swt.o(.constdata) for SWT_mask
    serial.o(.text) refers to stm32f4xx_rcc.o(.text) for RCC_APB1PeriphClockCmd
    serial.o(.text) refers to stm32f4xx_gpio.o(.text) for GPIO_Init
    serial.o(.text) refers to stm32f4xx_usart.o(.text) for USART_Init
    serial.o(.text) refers to misc.o(.text) for NVIC_Init
    serial.o(.text) refers to rt_memcpy_v6.o(.text) for __aeabi_memcpy
    serial.o(.text) refers to adc_leds.o(.text) for check_string_set_mode
    serial.o(.text) refers to rt_memclr.o(.text) for __aeabi_memclr
    serial.o(.text) refers to ringbuffer.o(.text) for ringbuffer_new
    serial.o(.text) refers to serial.o(.data) for rx_index
    serial.o(.text) refers to serial.o(.bss) for rx_buffer
    serial.o(.text) refers to adc_leds.o(.data) for ringbuffer
    retarget.o(.rev16_text) refers (Special) to use_no_semi.o(.text) for __use_no_semihosting_swi
    retarget.o(.revsh_text) refers (Special) to use_no_semi.o(.text) for __use_no_semihosting_swi
    retarget.o(.rrx_text) refers (Special) to use_no_semi.o(.text) for __use_no_semihosting_swi
    retarget.o(.text) refers (Special) to use_no_semi.o(.text) for __use_no_semihosting_swi
    retarget.o(.data) refers (Special) to use_no_semi.o(.text) for __use_no_semihosting_swi
    lcd_buffer.o(.text) refers to h1_free.o(.text) for free
    lcd_buffer.o(.text) refers to lcd_buffer.o(.bss) for unmalloc_buffer
    lcd_driver.o(.text) refers to lcd_buffer.o(.text) for buffer_empty
    lcd_driver.o(.text) refers to strlen.o(.text) for strlen
    lcd_driver.o(.text) refers to lcd_driver.o(.bss) for lcd_commandBuffer
    lcd_driver.o(.text) refers to lcd_driver.o(.data) for stage
    adc.o(.text) refers to utility.o(.text) for Delay
    stm32f4xx_gpio.o(.text) refers to stm32f4xx_rcc.o(.text) for RCC_AHB1PeriphResetCmd
    stm32f4xx_rcc.o(.text) refers to stm32f4xx_rcc.o(.data) for APBAHBPrescTable
    stm32f4xx_usart.o(.text) refers to stm32f4xx_rcc.o(.text) for RCC_APB2PeriphResetCmd
    sig_gen.o(.text) refers to stm32f4xx_tim.o(.text) for TIM_GetITStatus
    sig_gen.o(.text) refers to stm32f4xx_gpio.o(.text) for GPIO_SetBits
    sig_gen.o(.text) refers to misc.o(.text) for NVIC_Init
    sig_gen.o(.text) refers to stm32f4xx_rcc.o(.text) for RCC_APB1PeriphClockCmd
    sig_gen.o(.text) refers to sig_gen.o(.data) for pulse_width
    sig_gen.o(.text) refers to sig_gen.o(.bss) for TIM_TimeBaseStructure
    stm32f4xx_tim.o(.text) refers to stm32f4xx_rcc.o(.text) for RCC_APB2PeriphResetCmd
    utility.o(.text) refers to daddsub_clz.o(x$fpl$dsub) for __aeabi_dsub
    utility.o(.text) refers to dmul.o(x$fpl$dmul) for __aeabi_dmul
    utility.o(.text) refers to ddiv.o(x$fpl$ddiv) for __aeabi_ddiv
    utility.o(.text) refers to daddsub_clz.o(x$fpl$dadd) for __aeabi_dadd
    utility.o(.text) refers to utility.o(.data) for msTicks
[...]
    __Vectors                                0x08000000   Data           4  startup_stm32f407xx.o(RESET)
    __Vectors_End                            0x08000188   Data           0  startup_stm32f407xx.o(RESET)
    __main                                   0x08000189   Thumb Code     8  __main.o(!!!main)
    __scatterload                            0x08000191   Thumb Code     0  __scatter.o(!!!scatter)
    __scatterload_rt2                        0x08000191   Thumb Code    44  __scatter.o(!!!scatter)
    __scatterload_rt2_thumb_only             0x08000191   Thumb Code     0  __scatter.o(!!!scatter)
    __scatterload_null                       0x0800019f   Thumb Code     0  __scatter.o(!!!scatter)
    __decompress                             0x080001c5   Thumb Code    90  __dczerorl2.o(!!dczerorl2)
    __decompress1                            0x080001c5   Thumb Code     0  __dczerorl2.o(!!dczerorl2)
    __scatterload_zeroinit                   0x08000221   Thumb Code    28  __scatter_zi.o(!!handler_zi)
    _printf_f                                0x0800023d   Thumb Code     0  _printf_f.o(.ARM.Collect$$_printf_percent$$00000003)
    _printf_percent                          0x0800023d   Thumb Code     0  _printf_percent.o(.ARM.Collect$$_printf_percent$$00000000)
    _printf_d                                0x08000243   Thumb Code     0  _printf_d.o(.ARM.Collect$$_printf_percent$$00000009)
    _printf_c                                0x08000249   Thumb Code     0  _printf_c.o(.ARM.Collect$$_printf_percent$$00000013)
    _printf_s                                0x0800024f   Thumb Code     0  _printf_s.o(.ARM.Collect$$_printf_percent$$00000014)
    _printf_percent_end                      0x08000255   Thumb Code     0  _printf_percent_end.o(.ARM.Collect$$_printf_percent$$00000017)
    __rt_lib_init                            0x08000259   Thumb Code     0  libinit.o(.ARM.Collect$$libinit$$00000000)
    __rt_lib_init_fp_1                       0x0800025b   Thumb Code     0  libinit2.o(.ARM.Collect$$libinit$$00000001)
    __rt_lib_init_heap_2                     0x0800025f   Thumb Code     0  libinit2.o(.ARM.Collect$$libinit$$00000005)
    __rt_lib_init_preinit_1                  0x0800025f   Thumb Code     0  libinit2.o(.ARM.Collect$$libinit$$00000004)
    __rt_lib_init_heap_1                     0x08000267   Thumb Code     0  libinit2.o(.ARM.Collect$$libinit$$0000000A)
    __rt_lib_init_lc_common                  0x08000267   Thumb Code     0  libinit2.o(.ARM.Collect$$libinit$$0000000F)
    __rt_lib_init_rand_1                     0x08000267   Thumb Code     0  libinit2.o(.ARM.Collect$$libinit$$0000000E)
    __rt_lib_init_user_alloc_1               0x08000267   Thumb Code     0  libinit2.o(.ARM.Collect$$libinit$$0000000C)
    __rt_lib_init_lc_collate_1               0x0800026d   Thumb Code     0  libinit2.o(.ARM.Collect$$libinit$$00000011)
    __rt_lib_init_lc_ctype_1                 0x0800026d   Thumb Code     0  libinit2.o(.ARM.Collect$$libinit$$00000013)
    __rt_lib_init_lc_monetary_1              0x0800026d   Thumb Code     0  libinit2.o(.ARM.Collect$$libinit$$00000015)
    __rt_lib_init_lc_numeric_2               0x0800026d   Thumb Code     0  libinit2.o(.ARM.Collect$$libinit$$00000016)
    __rt_lib_init_alloca_1                   0x08000277   Thumb Code     0  libinit2.o(.ARM.Collect$$libinit$$0000002E)
    __rt_lib_init_argv_1                     0x08000277   Thumb Code     0  libinit2.o(.ARM.Collect$$libinit$$0000002C)
    __rt_lib_init_atexit_1                   0x08000277   Thumb Code     0  libinit2.o(.ARM.Collect$$libinit$$0000001B)
    __rt_lib_init_clock_1                    0x08000277   Thumb Code     0  libinit2.o(.ARM.Collect$$libinit$$00000021)
    __rt_lib_init_cpp_1                      0x08000277   Thumb Code     0  libinit2.o(.ARM.Collect$$libinit$$00000032)
    __rt_lib_init_exceptions_1               0x08000277   Thumb Code     0  libinit2.o(.ARM.Collect$$libinit$$00000030)
    __rt_lib_init_fp_trap_1                  0x08000277   Thumb Code     0  libinit2.o(.ARM.Collect$$libinit$$0000001F)
    __rt_lib_init_getenv_1                   0x08000277   Thumb Code     0  libinit2.o(.ARM.Collect$$libinit$$00000023)
    __rt_lib_init_lc_numeric_1               0x08000277   Thumb Code     0  libinit2.o(.ARM.Collect$$libinit$$00000017)
    __rt_lib_init_lc_time_1                  0x08000277   Thumb Code     0  libinit2.o(.ARM.Collect$$libinit$$00000019)
    __rt_lib_init_return                     0x08000277   Thumb Code     0  libinit2.o(.ARM.Collect$$libinit$$00000033)
    __rt_lib_init_signal_1                   0x08000277   Thumb Code     0  libinit2.o(.ARM.Collect$$libinit$$0000001D)
    __rt_lib_init_stdio_1                    0x08000277   Thumb Code     0  libinit2.o(.ARM.Collect$$libinit$$00000025)
    __rt_lib_shutdown                        0x08000279   Thumb Code     0  libshutdown.o(.ARM.Collect$$libshutdown$$00000000)
    __rt_lib_shutdown_cpp_1                  0x0800027b   Thumb Code     0  libshutdown2.o(.ARM.Collect$$libshutdown$$00000002)
    __rt_lib_shutdown_fp_trap_1              0x0800027b   Thumb Code     0  libshutdown2.o(.ARM.Collect$$libshutdown$$00000007)
    __rt_lib_shutdown_heap_1                 0x0800027b   Thumb Code     0  libshutdown2.o(.ARM.Collect$$libshutdown$$0000000F)
    __rt_lib_shutdown_return                 0x0800027b   Thumb Code     0  libshutdown2.o(.ARM.Collect$$libshutdown$$00000010)
    __rt_lib_shutdown_signal_1               0x0800027b   Thumb Code     0  libshutdown2.o(.ARM.Collect$$libshutdown$$0000000A)
    __rt_lib_shutdown_stdio_1                0x0800027b   Thumb Code     0  libshutdown2.o(.ARM.Collect$$libshutdown$$00000004)
    __rt_lib_shutdown_user_alloc_1           0x0800027b   Thumb Code     0  libshutdown2.o(.ARM.Collect$$libshutdown$$0000000C)
    __rt_entry                               0x0800027d   Thumb Code     0  __rtentry.o(.ARM.Collect$$rtentry$$00000000)
    __rt_entry_presh_1                       0x0800027d   Thumb Code     0  __rtentry2.o(.ARM.Collect$$rtentry$$00000002)
    __rt_entry_sh                            0x0800027d   Thumb Code     0  __rtentry4.o(.ARM.Collect$$rtentry$$00000004)
    __rt_entry_li                            0x08000283   Thumb Code     0  __rtentry2.o(.ARM.Collect$$rtentry$$0000000A)
    __rt_entry_postsh_1                      0x08000283   Thumb Code     0  __rtentry2.o(.ARM.Collect$$rtentry$$00000009)
    __rt_entry_main                          0x08000287   Thumb Code     0  __rtentry2.o(.ARM.Collect$$rtentry$$0000000D)
    __rt_entry_postli_1                      0x08000287   Thumb Code     0  __rtentry2.o(.ARM.Collect$$rtentry$$0000000C)
    __rt_exit                                0x0800028f   Thumb Code     0  rtexit.o(.ARM.Collect$$rtexit$$00000000)
    __rt_exit_ls                             0x08000291   Thumb Code     0  rtexit2.o(.ARM.Collect$$rtexit$$00000003)
    __rt_exit_prels_1                        0x08000291   Thumb Code     0  rtexit2.o(.ARM.Collect$$rtexit$$00000002)
    __rt_exit_exit                           0x08000295   Thumb Code     0  rtexit2.o(.ARM.Collect$$rtexit$$00000004)
    _maybe_terminate_alloc                   0x0800029d   Thumb Code     0  maybetermalloc1.o(.emb_text)
    app_set_mode                             0x0800029d   Thumb Code    38  app.o(.text)
    get_units                                0x080002d1   Thumb Code     6  adc_leds.o(.text)
    read_value                               0x080002d7   Thumb Code   288  adc_leds.o(.text)
    lcd_output_value                         0x080003f7   Thumb Code    36  adc_leds.o(.text)
    bt_output_value                          0x0800041b   Thumb Code    32  adc_leds.o(.text)
    is_continuity                            0x0800043b   Thumb Code    18  adc_leds.o(.text)
    auto_scale_hardware                      0x0800044d   Thumb Code     6  adc_leds.o(.text)
    transform_scale_to_hardware_pins         0x08000453   Thumb Code     2  adc_leds.o(.text)
    get_display_lcd_reading                  0x08000455   Thumb Code   124  adc_leds.o(.text)
    outputSine                               0x080004d1   Thumb Code   126  adc_leds.o(.text)
    check_string_set_mode                    0x0800054f   Thumb Code   232  adc_leds.o(.text)
    adc_reading                              0x08000637   Thumb Code   290  adc_leds.o(.text)
    set_buzz                                 0x08000759   Thumb Code     2  adc_leds.o(.text)
    continuity                               0x0800075b   Thumb Code    56  adc_leds.o(.text)
    set_mux                                  0x08000793   Thumb Code     2  adc_leds.o(.text)
    light_led                                0x08000795   Thumb Code    22  adc_leds.o(.text)
    set_leds                                 0x080007ab   Thumb Code    24  adc_leds.o(.text)
    menu                                     0x080007c3   Thumb Code   150  adc_leds.o(.text)
    clear_led                                0x08000859   Thumb Code    12  adc_leds.o(.text)
    flash_led                                0x08000865   Thumb Code    54  adc_leds.o(.text)
    main                                     0x0800089b   Thumb Code    76  adc_leds.o(.text)
    SWT_Init                                 0x08000921   Thumb Code    52  swt.o(.text)
    SWT_Get                                  0x08000955   Thumb Code     6  swt.o(.text)
    SWT_Check                                0x0800095b   Thumb Code    24  swt.o(.text)
    USART3_IRQHandler                        0x08000acf   Thumb Code   112  serial.o(.text)
    serial_init                              0x08000b3f   Thumb Code    34  serial.o(.text)
    sendchar                                 0x08000b85   Thumb Code    26  retarget.o(.text)
    fputc                                    0x08000b9f   Thumb Code    14  retarget.o(.text)
    ferror                                   0x08000bad   Thumb Code     8  retarget.o(.text)
    _ttywrch                                 0x08000bb5   Thumb Code    12  retarget.o(.text)
    _sys_exit                                0x08000bc1   Thumb Code     4  retarget.o(.text)
    buffer_init                              0x08000bc9   Thumb Code    16  lcd_buffer.o(.text)
    buffer_destroy                           0x08000bd9   Thumb Code    12  lcd_buffer.o(.text)
    buffer_full                              0x08000be5   Thumb Code    30  lcd_buffer.o(.text)
    buffer_empty                             0x08000c03   Thumb Code    18  lcd_buffer.o(.text)
    buffer_put                               0x08000c15   Thumb Code    44  lcd_buffer.o(.text)
    buffer_get                               0x08000c41   Thumb Code    44  lcd_buffer.o(.text)
    lcd_write                                0x08000c71   Thumb Code    62  lcd_driver.o(.text)
    lcd_move_cursor                          0x08000caf   Thumb Code    36  lcd_driver.o(.text)
    lcd_clear_display                        0x08000cd3   Thumb Code    32  lcd_driver.o(.text)
    lcd_change_settings                      0x08000cf3   Thumb Code    34  lcd_driver.o(.text)
    lcd_setup_timer                          0x08000d15   Thumb Code    54  lcd_driver.o(.text)
    lcd_setup_GPIO                           0x08000d4b   Thumb Code   150  lcd_driver.o(.text)
    lcd_init                                 0x08000de1   Thumb Code   130  lcd_driver.o(.text)
    lcd_write_string                         0x08000e63   Thumb Code   128  lcd_driver.o(.text)
    lcd_write_center                         0x08000ee3   Thumb Code    54  lcd_driver.o(.text)
    lcd_scrolling                            0x08000f19   Thumb Code    48  lcd_driver.o(.text)
    TIM6_DAC_IRQHandler                      0x08000f49   Thumb Code   480  lcd_driver.o(.text)
    ADC1_init                                0x08001141   Thumb Code   114  adc.o(.text)
    ADC2_init                                0x080011b3   Thumb Code   126  adc.o(.text)
    read_ADC1                                0x08001231   Thumb Code    34  adc.o(.text)
    read_ADC2                                0x08001253   Thumb Code    40  adc.o(.text)
    set_cont_ADC1                            0x0800127b   Thumb Code    24  adc.o(.text)
    read_cont_ADC1                           0x08001293   Thumb Code    20  adc.o(.text)
    send_Char                                0x080012a7   Thumb Code    16  adc.o(.text)
    send_String                              0x080012b7   Thumb Code    34  adc.o(.text)
    GPIO_DeInit                              0x080012ed   Thumb Code   268  stm32f4xx_gpio.o(.text)
    GPIO_Init                                0x080013f9   Thumb Code   144  stm32f4xx_gpio.o(.text)
    GPIO_StructInit                          0x08001489   Thumb Code    18  stm32f4xx_gpio.o(.text)
    GPIO_PinLockConfig                       0x0800149b   Thumb Code    34  stm32f4xx_gpio.o(.text)
    GPIO_ReadInputDataBit                    0x080014bd   Thumb Code    18  stm32f4xx_gpio.o(.text)
    GPIO_ReadInputData                       0x080014cf   Thumb Code     8  stm32f4xx_gpio.o(.text)
    GPIO_ReadOutputDataBit                   0x080014d7   Thumb Code    18  stm32f4xx_gpio.o(.text)
    GPIO_ReadOutputData                      0x080014e9   Thumb Code     8  stm32f4xx_gpio.o(.text)
    GPIO_SetBits                             0x080014f1   Thumb Code     4  stm32f4xx_gpio.o(.text)
    GPIO_ResetBits                           0x080014f5   Thumb Code     4  stm32f4xx_gpio.o(.text)
    GPIO_WriteBit                            0x080014f9   Thumb Code    10  stm32f4xx_gpio.o(.text)
    GPIO_Write                               0x08001503   Thumb Code     4  stm32f4xx_gpio.o(.text)
    GPIO_ToggleBits                          0x08001507   Thumb Code     8  stm32f4xx_gpio.o(.text)
    GPIO_PinAFConfig                         0x0800150f   Thumb Code    70  stm32f4xx_gpio.o(.text)
    NVIC_PriorityGroupConfig                 0x08001581   Thumb Code    10  misc.o(.text)
    NVIC_Init                                0x0800158b   Thumb Code   106  misc.o(.text)
    NVIC_SetVectorTable                      0x080015f5   Thumb Code    14  misc.o(.text)
    NVIC_SystemLPConfig                      0x08001603   Thumb Code    34  misc.o(.text)
    SysTick_CLKSourceConfig                  0x08001625   Thumb Code    40  misc.o(.text)
    RCC_DeInit                               0x08001661   Thumb Code    82  stm32f4xx_rcc.o(.text)
    RCC_HSEConfig                            0x080016b3   Thumb Code    14  stm32f4xx_rcc.o(.text)
    RCC_GetFlagStatus                        0x080016c1   Thumb Code    60  stm32f4xx_rcc.o(.text)
    RCC_WaitForHSEStartUp                    0x080016fd   Thumb Code    56  stm32f4xx_rcc.o(.text)
    RCC_AdjustHSICalibrationValue            0x08001735   Thumb Code    20  stm32f4xx_rcc.o(.text)
    RCC_HSICmd                               0x08001749   Thumb Code     6  stm32f4xx_rcc.o(.text)
    RCC_LSEConfig                            0x0800174f   Thumb Code    46  stm32f4xx_rcc.o(.text)
    RCC_LSICmd                               0x0800177d   Thumb Code     6  stm32f4xx_rcc.o(.text)
    RCC_PLLConfig                            0x08001783   Thumb Code    32  stm32f4xx_rcc.o(.text)
    RCC_PLLCmd                               0x080017a3   Thumb Code     6  stm32f4xx_rcc.o(.text)
    RCC_PLLI2SConfig                         0x080017a9   Thumb Code    14  stm32f4xx_rcc.o(.text)
    RCC_PLLI2SCmd                            0x080017b7   Thumb Code     6  stm32f4xx_rcc.o(.text)
    RCC_PLLSAIConfig                         0x080017bd   Thumb Code    20  stm32f4xx_rcc.o(.text)
    RCC_PLLSAICmd                            0x080017d1   Thumb Code     6  stm32f4xx_rcc.o(.text)
    RCC_ClockSecuritySystemCmd               0x080017d7   Thumb Code     6  stm32f4xx_rcc.o(.text)
    RCC_MCO1Config                           0x080017dd   Thumb Code    28  stm32f4xx_rcc.o(.text)
    RCC_MCO2Config                           0x080017f9   Thumb Code    28  stm32f4xx_rcc.o(.text)
    RCC_SYSCLKConfig                         0x08001815   Thumb Code    20  stm32f4xx_rcc.o(.text)
    RCC_GetSYSCLKSource                      0x08001829   Thumb Code    12  stm32f4xx_rcc.o(.text)
    RCC_HCLKConfig                           0x08001835   Thumb Code    20  stm32f4xx_rcc.o(.text)
    RCC_PCLK1Config                          0x08001849   Thumb Code    20  stm32f4xx_rcc.o(.text)
    RCC_PCLK2Config                          0x0800185d   Thumb Code    22  stm32f4xx_rcc.o(.text)
    RCC_GetClocksFreq                        0x08001873   Thumb Code   222  stm32f4xx_rcc.o(.text)
    RCC_RTCCLKConfig                         0x08001951   Thumb Code    54  stm32f4xx_rcc.o(.text)
    RCC_RTCCLKCmd                            0x08001987   Thumb Code     8  stm32f4xx_rcc.o(.text)
    RCC_BackupResetCmd                       0x0800198f   Thumb Code     8  stm32f4xx_rcc.o(.text)
    RCC_I2SCLKConfig                         0x08001997   Thumb Code     6  stm32f4xx_rcc.o(.text)
    RCC_SAIBlockACLKConfig                   0x0800199d   Thumb Code    20  stm32f4xx_rcc.o(.text)
    RCC_SAIBlockBCLKConfig                   0x080019b1   Thumb Code    20  stm32f4xx_rcc.o(.text)
    RCC_SAIPLLI2SClkDivConfig                0x080019c5   Thumb Code    26  stm32f4xx_rcc.o(.text)
    RCC_SAIPLLSAIClkDivConfig                0x080019df   Thumb Code    28  stm32f4xx_rcc.o(.text)
    RCC_LTDCCLKDivConfig                     0x080019fb   Thumb Code    20  stm32f4xx_rcc.o(.text)
    RCC_TIMCLKPresConfig                     0x08001a0f   Thumb Code     6  stm32f4xx_rcc.o(.text)
    RCC_AHB1PeriphClockCmd                   0x08001a15   Thumb Code    34  stm32f4xx_rcc.o(.text)
    RCC_AHB2PeriphClockCmd                   0x08001a37   Thumb Code    78  stm32f4xx_rcc.o(.text)
    RCC_AHB3PeriphClockCmd                   0x08001a85   Thumb Code    34  stm32f4xx_rcc.o(.text)
    RCC_APB1PeriphClockCmd                   0x08001aa7   Thumb Code    34  stm32f4xx_rcc.o(.text)
    RCC_APB2PeriphClockCmd                   0x08001ac9   Thumb Code    34  stm32f4xx_rcc.o(.text)
    RCC_AHB1PeriphResetCmd                   0x08001aeb   Thumb Code    34  stm32f4xx_rcc.o(.text)
    RCC_AHB2PeriphResetCmd                   0x08001b0d   Thumb Code    34  stm32f4xx_rcc.o(.text)
    RCC_AHB3PeriphResetCmd                   0x08001b2f   Thumb Code    34  stm32f4xx_rcc.o(.text)
    RCC_APB1PeriphResetCmd                   0x08001b51   Thumb Code    34  stm32f4xx_rcc.o(.text)
    RCC_APB2PeriphResetCmd                   0x08001b73   Thumb Code    34  stm32f4xx_rcc.o(.text)
    RCC_AHB1PeriphClockLPModeCmd             0x08001b95   Thumb Code    34  stm32f4xx_rcc.o(.text)
    RCC_AHB2PeriphClockLPModeCmd             0x08001bb7   Thumb Code    34  stm32f4xx_rcc.o(.text)
    RCC_AHB3PeriphClockLPModeCmd             0x08001bd9   Thumb Code    34  stm32f4xx_rcc.o(.text)
    RCC_APB1PeriphClockLPModeCmd             0x08001bfb   Thumb Code    34  stm32f4xx_rcc.o(.text)
    RCC_APB2PeriphClockLPModeCmd             0x08001c1d   Thumb Code    34  stm32f4xx_rcc.o(.text)
    RCC_LSEModeConfig                        0x08001c3f   Thumb Code    40  stm32f4xx_rcc.o(.text)
    RCC_ITConfig                             0x08001c67   Thumb Code    34  stm32f4xx_rcc.o(.text)
    RCC_ClearFlag                            0x08001c89   Thumb Code    18  stm32f4xx_rcc.o(.text)
    RCC_GetITStatus                          0x08001c9b   Thumb Code    22  stm32f4xx_rcc.o(.text)
    RCC_ClearITPendingBit                    0x08001cb1   Thumb Code     8  stm32f4xx_rcc.o(.text)
    USART_DeInit                             0x08001cbd   Thumb Code   206  stm32f4xx_usart.o(.text)
    USART_Init                               0x08001d8b   Thumb Code   204  stm32f4xx_usart.o(.text)
    USART_StructInit                         0x08001e57   Thumb Code    24  stm32f4xx_usart.o(.text)
    USART_ClockInit                          0x08001e6f   Thumb Code    32  stm32f4xx_usart.o(.text)
    USART_ClockStructInit                    0x08001e8f   Thumb Code    12  stm32f4xx_usart.o(.text)
    USART_Cmd                                0x08001e9b   Thumb Code    24  stm32f4xx_usart.o(.text)
    USART_SetPrescaler                       0x08001eb3   Thumb Code    16  stm32f4xx_usart.o(.text)
    USART_OverSampling8Cmd                   0x08001ec3   Thumb Code    22  stm32f4xx_usart.o(.text)
    USART_OneBitMethodCmd                    0x08001ed9   Thumb Code    24  stm32f4xx_usart.o(.text)
    USART_SendData                           0x08001ef1   Thumb Code     8  stm32f4xx_usart.o(.text)
    USART_ReceiveData                        0x08001ef9   Thumb Code    10  stm32f4xx_usart.o(.text)
    USART_SetAddress                         0x08001f03   Thumb Code    18  stm32f4xx_usart.o(.text)
    USART_ReceiverWakeUpCmd                  0x08001f15   Thumb Code    24  stm32f4xx_usart.o(.text)
    USART_WakeUpConfig                       0x08001f2d   Thumb Code    18  stm32f4xx_usart.o(.text)
    USART_LINBreakDetectLengthConfig         0x08001f3f   Thumb Code    18  stm32f4xx_usart.o(.text)
    USART_LINCmd                             0x08001f51   Thumb Code    24  stm32f4xx_usart.o(.text)
    USART_SendBreak                          0x08001f69   Thumb Code    10  stm32f4xx_usart.o(.text)
    USART_HalfDuplexCmd                      0x08001f73   Thumb Code    24  stm32f4xx_usart.o(.text)
    USART_SetGuardTime                       0x08001f8b   Thumb Code    16  stm32f4xx_usart.o(.text)
    USART_SmartCardCmd                       0x08001f9b   Thumb Code    24  stm32f4xx_usart.o(.text)
    USART_SmartCardNACKCmd                   0x08001fb3   Thumb Code    24  stm32f4xx_usart.o(.text)
    USART_IrDAConfig                         0x08001fcb   Thumb Code    18  stm32f4xx_usart.o(.text)
    USART_IrDACmd                            0x08001fdd   Thumb Code    24  stm32f4xx_usart.o(.text)
    USART_DMACmd                             0x08001ff5   Thumb Code    18  stm32f4xx_usart.o(.text)
    USART_ITConfig                           0x08002007   Thumb Code    74  stm32f4xx_usart.o(.text)
    USART_GetFlagStatus                      0x08002051   Thumb Code    26  stm32f4xx_usart.o(.text)
    USART_ClearFlag                          0x0800206b   Thumb Code    18  stm32f4xx_usart.o(.text)
    USART_GetITStatus                        0x0800207d   Thumb Code   118  stm32f4xx_usart.o(.text)
    USART_ClearITPendingBit                  0x080020f3   Thumb Code    30  stm32f4xx_usart.o(.text)
    PWM_SetDC                                0x08002111   Thumb Code    42  sig_gen.o(.text)
    TIM2_IRQHandler                          0x0800213b   Thumb Code    86  sig_gen.o(.text)
    INTTIM_Config                            0x08002191   Thumb Code    82  sig_gen.o(.text)
    PWM_Config                               0x080021e3   Thumb Code   170  sig_gen.o(.text)
    LED_Config                               0x0800228d   Thumb Code    42  sig_gen.o(.text)
    TIM_Config                               0x080022b7   Thumb Code   132  sig_gen.o(.text)
    generate_sine                            0x0800233b   Thumb Code    64  sig_gen.o(.text)
    TIM_DeInit                               0x080023ad   Thumb Code   346  stm32f4xx_tim.o(.text)
    TIM_TimeBaseInit                         0x08002507   Thumb Code   104  stm32f4xx_tim.o(.text)
    TIM_TimeBaseStructInit                   0x0800256f   Thumb Code    18  stm32f4xx_tim.o(.text)
    TIM_PrescalerConfig                      0x08002581   Thumb Code     6  stm32f4xx_tim.o(.text)
    TIM_CounterModeConfig                    0x08002587   Thumb Code    18  stm32f4xx_tim.o(.text)
    TIM_SetCounter                           0x08002599   Thumb Code     4  stm32f4xx_tim.o(.text)
    TIM_SetAutoreload                        0x0800259d   Thumb Code     4  stm32f4xx_tim.o(.text)
    TIM_GetCounter                           0x080025a1   Thumb Code     6  stm32f4xx_tim.o(.text)
    TIM_GetPrescaler                         0x080025a7   Thumb Code     6  stm32f4xx_tim.o(.text)
    TIM_UpdateDisableConfig                  0x080025ad   Thumb Code    24  stm32f4xx_tim.o(.text)
    TIM_UpdateRequestConfig                  0x080025c5   Thumb Code    24  stm32f4xx_tim.o(.text)
    TIM_ARRPreloadConfig                     0x080025dd   Thumb Code    24  stm32f4xx_tim.o(.text)
    TIM_SelectOnePulseMode                   0x080025f5   Thumb Code    18  stm32f4xx_tim.o(.text)
    TIM_SetClockDivision                     0x08002607   Thumb Code    18  stm32f4xx_tim.o(.text)
    TIM_Cmd                                  0x08002619   Thumb Code    24  stm32f4xx_tim.o(.text)
    TIM_OC1Init                              0x08002631   Thumb Code   114  stm32f4xx_tim.o(.text)
    TIM_OC2Init                              0x080026a3   Thumb Code   154  stm32f4xx_tim.o(.text)
    TIM_OC3Init                              0x0800273d   Thumb Code   204  stm32f4xx_tim.o(.text)
    TIM_OC4Init                              0x08002809   Thumb Code   112  stm32f4xx_tim.o(.text)
    TIM_OCStructInit                         0x08002879   Thumb Code    20  stm32f4xx_tim.o(.text)
    TIM_SelectOCxM                           0x0800288d   Thumb Code    86  stm32f4xx_tim.o(.text)
    TIM_SetCompare1                          0x080028e3   Thumb Code     4  stm32f4xx_tim.o(.text)
    TIM_SetCompare2                          0x080028e7   Thumb Code     4  stm32f4xx_tim.o(.text)
    TIM_SetCompare3                          0x080028eb   Thumb Code     4  stm32f4xx_tim.o(.text)
    TIM_SetCompare4                          0x080028ef   Thumb Code     4  stm32f4xx_tim.o(.text)
    TIM_ForcedOC1Config                      0x080028f3   Thumb Code    18  stm32f4xx_tim.o(.text)
    TIM_ForcedOC2Config                      0x08002905   Thumb Code    26  stm32f4xx_tim.o(.text)
    TIM_ForcedOC3Config                      0x0800291f   Thumb Code    18  stm32f4xx_tim.o(.text)
    TIM_ForcedOC4Config                      0x08002931   Thumb Code    26  stm32f4xx_tim.o(.text)
    TIM_OC1PreloadConfig                     0x0800294b   Thumb Code    18  stm32f4xx_tim.o(.text)
    TIM_OC2PreloadConfig                     0x0800295d   Thumb Code    26  stm32f4xx_tim.o(.text)
    TIM_OC3PreloadConfig                     0x08002977   Thumb Code    18  stm32f4xx_tim.o(.text)
    TIM_OC4PreloadConfig                     0x08002989   Thumb Code    26  stm32f4xx_tim.o(.text)
    TIM_OC1FastConfig                        0x080029a3   Thumb Code    18  stm32f4xx_tim.o(.text)
    TIM_OC2FastConfig                        0x080029b5   Thumb Code    26  stm32f4xx_tim.o(.text)
    TIM_OC3FastConfig                        0x080029cf   Thumb Code    18  stm32f4xx_tim.o(.text)
    TIM_OC4FastConfig                        0x080029e1   Thumb Code    26  stm32f4xx_tim.o(.text)
    TIM_ClearOC1Ref                          0x080029fb   Thumb Code    18  stm32f4xx_tim.o(.text)
    TIM_ClearOC2Ref                          0x08002a0d   Thumb Code    24  stm32f4xx_tim.o(.text)
    TIM_ClearOC3Ref                          0x08002a25   Thumb Code    18  stm32f4xx_tim.o(.text)
    TIM_ClearOC4Ref                          0x08002a37   Thumb Code    24  stm32f4xx_tim.o(.text)
    TIM_OC1PolarityConfig                    0x08002a4f   Thumb Code    18  stm32f4xx_tim.o(.text)
    TIM_OC1NPolarityConfig                   0x08002a61   Thumb Code    18  stm32f4xx_tim.o(.text)
    TIM_OC2PolarityConfig                    0x08002a73   Thumb Code    26  stm32f4xx_tim.o(.text)
    TIM_OC2NPolarityConfig                   0x08002a8d   Thumb Code    26  stm32f4xx_tim.o(.text)
    TIM_OC3PolarityConfig                    0x08002aa7   Thumb Code    26  stm32f4xx_tim.o(.text)
    TIM_OC3NPolarityConfig                   0x08002ac1   Thumb Code    26  stm32f4xx_tim.o(.text)
    TIM_OC4PolarityConfig                    0x08002adb   Thumb Code    26  stm32f4xx_tim.o(.text)
    TIM_CCxCmd                               0x08002af5   Thumb Code    30  stm32f4xx_tim.o(.text)
    TIM_CCxNCmd                              0x08002b13   Thumb Code    30  stm32f4xx_tim.o(.text)
    TIM_SetIC4Prescaler                      0x08002b31   Thumb Code    26  stm32f4xx_tim.o(.text)
    TIM_SetIC3Prescaler                      0x08002b9b   Thumb Code    18  stm32f4xx_tim.o(.text)
    TIM_SetIC2Prescaler                      0x08002bf5   Thumb Code    26  stm32f4xx_tim.o(.text)
    TIM_SetIC1Prescaler                      0x08002c69   Thumb Code    18  stm32f4xx_tim.o(.text)
    TIM_ICInit                               0x08002cb5   Thumb Code   110  stm32f4xx_tim.o(.text)
    TIM_ICStructInit                         0x08002d23   Thumb Code    18  stm32f4xx_tim.o(.text)
    TIM_PWMIConfig                           0x08002d35   Thumb Code   124  stm32f4xx_tim.o(.text)
    TIM_GetCapture1                          0x08002db1   Thumb Code     6  stm32f4xx_tim.o(.text)
    TIM_GetCapture2                          0x08002db7   Thumb Code     6  stm32f4xx_tim.o(.text)
    TIM_GetCapture3                          0x08002dbd   Thumb Code     6  stm32f4xx_tim.o(.text)
    TIM_GetCapture4                          0x08002dc3   Thumb Code     6  stm32f4xx_tim.o(.text)
    TIM_BDTRConfig                           0x08002dc9   Thumb Code    32  stm32f4xx_tim.o(.text)
    TIM_BDTRStructInit                       0x08002de9   Thumb Code    18  stm32f4xx_tim.o(.text)
    TIM_CtrlPWMOutputs                       0x08002dfb   Thumb Code    30  stm32f4xx_tim.o(.text)
    TIM_SelectCOM                            0x08002e19   Thumb Code    24  stm32f4xx_tim.o(.text)
    TIM_CCPreloadControl                     0x08002e31   Thumb Code    24  stm32f4xx_tim.o(.text)
    TIM_ITConfig                             0x08002e49   Thumb Code    18  stm32f4xx_tim.o(.text)
    TIM_GenerateEvent                        0x08002e5b   Thumb Code     4  stm32f4xx_tim.o(.text)
    TIM_GetFlagStatus                        0x08002e5f   Thumb Code    18  stm32f4xx_tim.o(.text)
    TIM_ClearFlag                            0x08002e71   Thumb Code     6  stm32f4xx_tim.o(.text)
    TIM_GetITStatus                          0x08002e77   Thumb Code    34  stm32f4xx_tim.o(.text)
    TIM_ClearITPendingBit                    0x08002e99   Thumb Code     6  stm32f4xx_tim.o(.text)
    TIM_DMAConfig                            0x08002e9f   Thumb Code    10  stm32f4xx_tim.o(.text)
    TIM_DMACmd                               0x08002ea9   Thumb Code    18  stm32f4xx_tim.o(.text)
    TIM_SelectCCDMA                          0x08002ebb   Thumb Code    24  stm32f4xx_tim.o(.text)
    TIM_InternalClockConfig                  0x08002ed3   Thumb Code    12  stm32f4xx_tim.o(.text)
    TIM_SelectInputTrigger                   0x08002edf   Thumb Code    18  stm32f4xx_tim.o(.text)
    TIM_ITRxExternalClockConfig              0x08002ef1   Thumb Code    24  stm32f4xx_tim.o(.text)
    TIM_TIxExternalClockConfig               0x08002f09   Thumb Code    62  stm32f4xx_tim.o(.text)
    TIM_ETRConfig                            0x08002f47   Thumb Code    28  stm32f4xx_tim.o(.text)
    TIM_ETRClockMode1Config                  0x08002f63   Thumb Code    54  stm32f4xx_tim.o(.text)
    TIM_ETRClockMode2Config                  0x08002f99   Thumb Code    32  stm32f4xx_tim.o(.text)
    TIM_SelectOutputTrigger                  0x08002fb9   Thumb Code    18  stm32f4xx_tim.o(.text)
    TIM_SelectSlaveMode                      0x08002fcb   Thumb Code    18  stm32f4xx_tim.o(.text)
    TIM_SelectMasterSlaveMode                0x08002fdd   Thumb Code    18  stm32f4xx_tim.o(.text)
    TIM_EncoderInterfaceConfig               0x08002fef   Thumb Code    66  stm32f4xx_tim.o(.text)
    TIM_SelectHallSensor                     0x08003031   Thumb Code    24  stm32f4xx_tim.o(.text)
    TIM_RemapConfig                          0x08003049   Thumb Code     6  stm32f4xx_tim.o(.text)
    SysTick_Handler                          0x08003051   Thumb Code    12  utility.o(.text)
    Delay                                    0x0800305d   Thumb Code    18  utility.o(.text)
    scale                                    0x0800306f   Thumb Code   156  utility.o(.text)
    EXTI_DeInit                              0x08003111   Thumb Code    28  stm32f4xx_exti.o(.text)
    EXTI_Init                                0x0800312d   Thumb Code   142  stm32f4xx_exti.o(.text)
    EXTI_StructInit                          0x080031bb   Thumb Code    16  stm32f4xx_exti.o(.text)
    EXTI_GenerateSWInterrupt                 0x080031cb   Thumb Code    16  stm32f4xx_exti.o(.text)
    EXTI_GetFlagStatus                       0x080031db   Thumb Code    22  stm32f4xx_exti.o(.text)
    EXTI_ClearFlag                           0x080031f1   Thumb Code     8  stm32f4xx_exti.o(.text)
    EXTI_GetITStatus                         0x080031f9   Thumb Code    22  stm32f4xx_exti.o(.text)
    EXTI_ClearITPendingBit                   0x0800320f   Thumb Code     8  stm32f4xx_exti.o(.text)
    SYSCFG_DeInit                            0x08003221   Thumb Code    22  stm32f4xx_syscfg.o(.text)
    SYSCFG_MemoryRemapConfig                 0x08003237   Thumb Code     6  stm32f4xx_syscfg.o(.text)
    SYSCFG_MemorySwappingBank                0x0800323d   Thumb Code     6  stm32f4xx_syscfg.o(.text)
    SYSCFG_EXTILineConfig                    0x08003243   Thumb Code    66  stm32f4xx_syscfg.o(.text)
    SYSCFG_ETH_MediaInterfaceConfig          0x08003285   Thumb Code     8  stm32f4xx_syscfg.o(.text)
    SYSCFG_CompensationCellCmd               0x0800328d   Thumb Code     6  stm32f4xx_syscfg.o(.text)
    SYSCFG_GetCompensationCellStatus         0x08003293   Thumb Code    22  stm32f4xx_syscfg.o(.text)
    GPIO_init                                0x080032b5   Thumb Code   194  board_init.o(.text)
    EXTI9_5_IRQHandler                       0x08003377   Thumb Code    84  board_init.o(.text)
    EXTI15_10_IRQHandler                     0x080033cb   Thumb Code   184  board_init.o(.text)
    init_leds                                0x08003483   Thumb Code    26  board_init.o(.text)
    display_startup_message                  0x0800349d   Thumb Code    58  board_init.o(.text)
    welcome_sequence                         0x080034d7   Thumb Code   194  board_init.o(.text)
    init_board                               0x08003599   Thumb Code   134  board_init.o(.text)
    ringbuffer_new                           0x0800367d   Thumb Code    76  ringbuffer.o(.text)
    ringbuffer_free                          0x080036c9   Thumb Code    42  ringbuffer.o(.text)
    ringbuffer_size                          0x080036f3   Thumb Code     6  ringbuffer.o(.text)
    ringbuffer_head                          0x080036f9   Thumb Code     8  ringbuffer.o(.text)
    ringbuffer_tail                          0x08003701   Thumb Code     8  ringbuffer.o(.text)
    ringbuffer_count                         0x08003709   Thumb Code     6  ringbuffer.o(.text)
    ringbuffer_is_full                       0x0800370f   Thumb Code    18  ringbuffer.o(.text)
    ringbuffer_push                          0x08003721   Thumb Code    48  ringbuffer.o(.text)
    ringbuffer_is_empty                      0x08003751   Thumb Code    14  ringbuffer.o(.text)
    ringbuffer_shift                         0x0800375f   Thumb Code    46  ringbuffer.o(.text)
    ringbuffer_shift_all                     0x0800378d   Thumb Code    50  ringbuffer.o(.text)
    reading_new                              0x08003805   Thumb Code    54  reading.o(.text)
    reading_get_value                        0x0800383b   Thumb Code     6  reading.o(.text)
    reading_get_scale                        0x08003841   Thumb Code     6  reading.o(.text)
    reading_get_unit                         0x08003847   Thumb Code     6  reading.o(.text)
    reading_set_value                        0x0800384d   Thumb Code     6  reading.o(.text)
    reading_set_scale                        0x08003853   Thumb Code     4  reading.o(.text)
    reading_set_reading                      0x08003857   Thumb Code     4  reading.o(.text)
    reading_get_scaled_value                 0x0800385b   Thumb Code    98  reading.o(.text)
    reading_get_normalised_value             0x080038bd   Thumb Code    42  reading.o(.text)
    reading_get_message_form_from_units      0x080038e7   Thumb Code    54  reading.o(.text)
    reading_get_message_form                 0x0800391d   Thumb Code    26  reading.o(.text)
    reading_get_val_prefix                   0x08003937   Thumb Code   150  reading.o(.text)
    reading_need_scale                       0x080039cd   Thumb Code    60  reading.o(.text)
    reading_get_lcd_string                   0x08003a09   Thumb Code    64  reading.o(.text)
    Reset_Handler                            0x08003a91   Thumb Code     8  startup_stm32f407xx.o(.text)
    NMI_Handler                              0x08003a99   Thumb Code     2  startup_stm32f407xx.o(.text)
    HardFault_Handler                        0x08003a9b   Thumb Code     2  startup_stm32f407xx.o(.text)
    MemManage_Handler                        0x08003a9d   Thumb Code     2  startup_stm32f407xx.o(.text)
    BusFault_Handler                         0x08003a9f   Thumb Code     2  startup_stm32f407xx.o(.text)
    UsageFault_Handler                       0x08003aa1   Thumb Code     2  startup_stm32f407xx.o(.text)
    SVC_Handler                              0x08003aa3   Thumb Code     2  startup_stm32f407xx.o(.text)
    DebugMon_Handler                         0x08003aa5   Thumb Code     2  startup_stm32f407xx.o(.text)
    PendSV_Handler                           0x08003aa7   Thumb Code     2  startup_stm32f407xx.o(.text)
    ADC_IRQHandler                           0x08003aab   Thumb Code     0  startup_stm32f407xx.o(.text)
    CAN1_RX0_IRQHandler                      0x08003aab   Thumb Code     0  startup_stm32f407xx.o(.text)
    CAN1_RX1_IRQHandler                      0x08003aab   Thumb Code     0  startup_stm32f407xx.o(.text)
    CAN1_SCE_IRQHandler                      0x08003aab   Thumb Code     0  startup_stm32f407xx.o(.text)
    CAN1_TX_IRQHandler                       0x08003aab   Thumb Code     0  startup_stm32f407xx.o(.text)
    CAN2_RX0_IRQHandler                      0x08003aab   Thumb Code     0  startup_stm32f407xx.o(.text)
    CAN2_RX1_IRQHandler                      0x08003aab   Thumb Code     0  startup_stm32f407xx.o(.text)
    CAN2_SCE_IRQHandler                      0x08003aab   Thumb Code     0  startup_stm32f407xx.o(.text)
    CAN2_TX_IRQHandler                       0x08003aab   Thumb Code     0  startup_stm32f407xx.o(.text)
    DCMI_IRQHandler                          0x08003aab   Thumb Code     0  startup_stm32f407xx.o(.text)
    DMA1_Stream0_IRQHandler                  0x08003aab   Thumb Code     0  startup_stm32f407xx.o(.text)
    DMA1_Stream1_IRQHandler                  0x08003aab   Thumb Code     0  startup_stm32f407xx.o(.text)
    DMA1_Stream2_IRQHandler                  0x08003aab   Thumb Code     0  startup_stm32f407xx.o(.text)
    DMA1_Stream3_IRQHandler                  0x08003aab   Thumb Code     0  startup_stm32f407xx.o(.text)
    DMA1_Stream4_IRQHandler                  0x08003aab   Thumb Code     0  startup_stm32f407xx.o(.text)
    DMA1_Stream5_IRQHandler                  0x08003aab   Thumb Code     0  startup_stm32f407xx.o(.text)
    DMA1_Stream6_IRQHandler                  0x08003aab   Thumb Code     0  startup_stm32f407xx.o(.text)
    DMA1_Stream7_IRQHandler                  0x08003aab   Thumb Code     0  startup_stm32f407xx.o(.text)
    DMA2_Stream0_IRQHandler                  0x08003aab   Thumb Code     0  startup_stm32f407xx.o(.text)
    DMA2_Stream1_IRQHandler                  0x08003aab   Thumb Code     0  startup_stm32f407xx.o(.text)
    DMA2_Stream2_IRQHandler                  0x08003aab   Thumb Code     0  startup_stm32f407xx.o(.text)
    DMA2_Stream3_IRQHandler                  0x08003aab   Thumb Code     0  startup_stm32f407xx.o(.text)
    DMA2_Stream4_IRQHandler                  0x08003aab   Thumb Code     0  startup_stm32f407xx.o(.text)
    DMA2_Stream5_IRQHandler                  0x08003aab   Thumb Code     0  startup_stm32f407xx.o(.text)
    DMA2_Stream6_IRQHandler                  0x08003aab   Thumb Code     0  startup_stm32f407xx.o(.text)
    DMA2_Stream7_IRQHandler                  0x08003aab   Thumb Code     0  startup_stm32f407xx.o(.text)
    ETH_IRQHandler                           0x08003aab   Thumb Code     0  startup_stm32f407xx.o(.text)
    ETH_WKUP_IRQHandler                      0x08003aab   Thumb Code     0  startup_stm32f407xx.o(.text)
    EXTI0_IRQHandler                         0x08003aab   Thumb Code     0  startup_stm32f407xx.o(.text)
    EXTI1_IRQHandler                         0x08003aab   Thumb Code     0  startup_stm32f407xx.o(.text)
    EXTI2_IRQHandler                         0x08003aab   Thumb Code     0  startup_stm32f407xx.o(.text)
    EXTI3_IRQHandler                         0x08003aab   Thumb Code     0  startup_stm32f407xx.o(.text)
    EXTI4_IRQHandler                         0x08003aab   Thumb Code     0  startup_stm32f407xx.o(.text)
    FLASH_IRQHandler                         0x08003aab   Thumb Code     0  startup_stm32f407xx.o(.text)
    FMC_IRQHandler                           0x08003aab   Thumb Code     0  startup_stm32f407xx.o(.text)
    FPU_IRQHandler                           0x08003aab   Thumb Code     0  startup_stm32f407xx.o(.text)
    HASH_RNG_IRQHandler                      0x08003aab   Thumb Code     0  startup_stm32f407xx.o(.text)
    I2C1_ER_IRQHandler                       0x08003aab   Thumb Code     0  startup_stm32f407xx.o(.text)
    I2C1_EV_IRQHandler                       0x08003aab   Thumb Code     0  startup_stm32f407xx.o(.text)
    I2C2_ER_IRQHandler                       0x08003aab   Thumb Code     0  startup_stm32f407xx.o(.text)
    I2C2_EV_IRQHandler                       0x08003aab   Thumb Code     0  startup_stm32f407xx.o(.text)
    I2C3_ER_IRQHandler                       0x08003aab   Thumb Code     0  startup_stm32f407xx.o(.text)
    I2C3_EV_IRQHandler                       0x08003aab   Thumb Code     0  startup_stm32f407xx.o(.text)
    OTG_FS_IRQHandler                        0x08003aab   Thumb Code     0  startup_stm32f407xx.o(.text)
    OTG_FS_WKUP_IRQHandler                   0x08003aab   Thumb Code     0  startup_stm32f407xx.o(.text)
    OTG_HS_EP1_IN_IRQHandler                 0x08003aab   Thumb Code     0  startup_stm32f407xx.o(.text)
    OTG_HS_EP1_OUT_IRQHandler                0x08003aab   Thumb Code     0  startup_stm32f407xx.o(.text)
    OTG_HS_IRQHandler                        0x08003aab   Thumb Code     0  startup_stm32f407xx.o(.text)
    OTG_HS_WKUP_IRQHandler                   0x08003aab   Thumb Code     0  startup_stm32f407xx.o(.text)
    PVD_IRQHandler                           0x08003aab   Thumb Code     0  startup_stm32f407xx.o(.text)
    RCC_IRQHandler                           0x08003aab   Thumb Code     0  startup_stm32f407xx.o(.text)
    RTC_Alarm_IRQHandler                     0x08003aab   Thumb Code     0  startup_stm32f407xx.o(.text)
    RTC_WKUP_IRQHandler                      0x08003aab   Thumb Code     0  startup_stm32f407xx.o(.text)
    SDIO_IRQHandler                          0x08003aab   Thumb Code     0  startup_stm32f407xx.o(.text)
    SPI1_IRQHandler                          0x08003aab   Thumb Code     0  startup_stm32f407xx.o(.text)
    SPI2_IRQHandler                          0x08003aab   Thumb Code     0  startup_stm32f407xx.o(.text)
    SPI3_IRQHandler                          0x08003aab   Thumb Code     0  startup_stm32f407xx.o(.text)
    TAMP_STAMP_IRQHandler                    0x08003aab   Thumb Code     0  startup_stm32f407xx.o(.text)
    TIM1_BRK_TIM9_IRQHandler                 0x08003aab   Thumb Code     0  startup_stm32f407xx.o(.text)
    TIM1_CC_IRQHandler                       0x08003aab   Thumb Code     0  startup_stm32f407xx.o(.text)
    TIM1_TRG_COM_TIM11_IRQHandler            0x08003aab   Thumb Code     0  startup_stm32f407xx.o(.text)
    TIM1_UP_TIM10_IRQHandler                 0x08003aab   Thumb Code     0  startup_stm32f407xx.o(.text)
    TIM3_IRQHandler                          0x08003aab   Thumb Code     0  startup_stm32f407xx.o(.text)
    TIM4_IRQHandler                          0x08003aab   Thumb Code     0  startup_stm32f407xx.o(.text)
    TIM5_IRQHandler                          0x08003aab   Thumb Code     0  startup_stm32f407xx.o(.text)
    TIM7_IRQHandler                          0x08003aab   Thumb Code     0  startup_stm32f407xx.o(.text)
    TIM8_BRK_TIM12_IRQHandler                0x08003aab   Thumb Code     0  startup_stm32f407xx.o(.text)
    TIM8_CC_IRQHandler                       0x08003aab   Thumb Code     0  startup_stm32f407xx.o(.text)
    TIM8_TRG_COM_TIM14_IRQHandler            0x08003aab   Thumb Code     0  startup_stm32f407xx.o(.text)
    TIM8_UP_TIM13_IRQHandler                 0x08003aab   Thumb Code     0  startup_stm32f407xx.o(.text)
    UART4_IRQHandler                         0x08003aab   Thumb Code     0  startup_stm32f407xx.o(.text)
    UART5_IRQHandler                         0x08003aab   Thumb Code     0  startup_stm32f407xx.o(.text)
    USART1_IRQHandler                        0x08003aab   Thumb Code     0  startup_stm32f407xx.o(.text)
    USART2_IRQHandler                        0x08003aab   Thumb Code     0  startup_stm32f407xx.o(.text)
    USART6_IRQHandler                        0x08003aab   Thumb Code     0  startup_stm32f407xx.o(.text)
    WWDG_IRQHandler                          0x08003aab   Thumb Code     0  startup_stm32f407xx.o(.text)
    __user_initial_stackheap                 0x08003aad   Thumb Code     0  startup_stm32f407xx.o(.text)
    SystemInit                               0x08003bad   Thumb Code    88  system_stm32f4xx.o(.text)
    SystemCoreClockUpdate                    0x08003c05   Thumb Code   174  system_stm32f4xx.o(.text)
    __I$use$semihosting                      0x08003ce1   Thumb Code     0  use_no_semi.o(.text)
    __use_no_semihosting_swi                 0x08003ce1   Thumb Code     2  use_no_semi.o(.text)
    malloc                                   0x08003ce3   Thumb Code    94  h1_alloc.o(.text)
    free                                     0x08003d41   Thumb Code    78  h1_free.o(.text)
    __2printf                                0x08003d91   Thumb Code    20  noretval__2printf.o(.text)
    __2sprintf                               0x08003da9   Thumb Code    34  noretval__2sprintf.o(.text)
    _printf_str                              0x08003dd1   Thumb Code    82  _printf_str.o(.text)
    _printf_int_dec                          0x08003e25   Thumb Code   104  _printf_dec.o(.text)
    __printf                                 0x08003e9d   Thumb Code   270  __printf_wp.o(.text)
    __aeabi_assert                           0x08003fad   Thumb Code    86  assert.o(.text)
    __assert                                 0x08003fad   Thumb Code     0  assert.o(.text)
    strcpy                                   0x0800402d   Thumb Code    72  strcpy.o(.text)
    strlen                                   0x08004075   Thumb Code    62  strlen.o(.text)
    __aeabi_memcpy                           0x080040b3   Thumb Code     0  rt_memcpy_v6.o(.text)
    __rt_memcpy                              0x080040b3   Thumb Code   138  rt_memcpy_v6.o(.text)
    _memcpy_lastbytes                        0x08004119   Thumb Code     0  rt_memcpy_v6.o(.text)
    __aeabi_memclr                           0x0800413d   Thumb Code     0  rt_memclr.o(.text)
    __rt_memclr                              0x0800413d   Thumb Code    68  rt_memclr.o(.text)
    _memset                                  0x08004141   Thumb Code     0  rt_memclr.o(.text)
    strcmp                                   0x08004181   Thumb Code   128  strcmpv7m.o(.text)
    __use_two_region_memory                  0x08004201   Thumb Code     2  heapauxi.o(.text)
    __rt_heap_escrow                         0x08004203   Thumb Code     2  heapauxi.o(.text)
    __rt_heap_expand                         0x08004205   Thumb Code     2  heapauxi.o(.text)
    __rt_heap_descriptor                     0x08004209   Thumb Code     8  rt_heap_descriptor_intlibspace.o(.text)
    __use_no_heap                            0x08004211   Thumb Code     2  hguard.o(.text)
    __heap$guard                             0x08004213   Thumb Code     2  hguard.o(.text)
    _terminate_user_alloc                    0x08004215   Thumb Code     2  init_alloc.o(.text)
    _init_user_alloc                         0x08004217   Thumb Code     2  init_alloc.o(.text)
    __Heap_Full                              0x08004219   Thumb Code    34  init_alloc.o(.text)
    __Heap_Broken                            0x0800423b   Thumb Code     6  init_alloc.o(.text)
    _init_alloc                              0x08004241   Thumb Code    94  init_alloc.o(.text)
    __Heap_Initialize                        0x0800429f   Thumb Code    10  h1_init.o(.text)
    __Heap_DescSize                          0x080042a9   Thumb Code     4  h1_init.o(.text)
    __read_errno                             0x080042ad   Thumb Code    10  _rserrno.o(.text)
    __set_errno                              0x080042b7   Thumb Code    12  _rserrno.o(.text)
    _printf_int_common                       0x080042c3   Thumb Code   178  _printf_intcommon.o(.text)
    __lib_sel_fp_printf                      0x08004375   Thumb Code     2  _printf_fp_dec.o(.text)
    _printf_fp_dec_real                      0x08004523   Thumb Code   620  _printf_fp_dec.o(.text)
    _printf_char_common                      0x0800479b   Thumb Code    32  _printf_char_common.o(.text)
    _sputc                                   0x080047c1   Thumb Code    10  _sputc.o(.text)
    _printf_cs_common                        0x080047cb   Thumb Code    20  _printf_char.o(.text)
    _printf_char                             0x080047df   Thumb Code    16  _printf_char.o(.text)
    _printf_string                           0x080047ef   Thumb Code     8  _printf_char.o(.text)
    _printf_char_file                        0x080047f9   Thumb Code    32  _printf_char_file.o(.text)
    abort                                    0x0800481d   Thumb Code    22  abort.o(.text)
    __assert_puts                            0x08004833   Thumb Code    20  assert_puts.o(.text)
    __aeabi_memcpy4                          0x08004847   Thumb Code     0  rt_memcpy_w.o(.text)
    __aeabi_memcpy8                          0x08004847   Thumb Code     0  rt_memcpy_w.o(.text)
    __rt_memcpy_w                            0x08004847   Thumb Code   100  rt_memcpy_w.o(.text)
    _memcpy_lastbytes_aligned                0x0800488f   Thumb Code     0  rt_memcpy_w.o(.text)
    __aeabi_memclr4                          0x080048ab   Thumb Code     0  rt_memclr_w.o(.text)
    __aeabi_memclr8                          0x080048ab   Thumb Code     0  rt_memclr_w.o(.text)
    __rt_memclr_w                            0x080048ab   Thumb Code    78  rt_memclr_w.o(.text)
    _memset_w                                0x080048af   Thumb Code     0  rt_memclr_w.o(.text)
    __user_libspace                          0x080048f9   Thumb Code     8  libspace.o(.text)
    __user_perproc_libspace                  0x080048f9   Thumb Code     0  libspace.o(.text)
    __user_perthread_libspace                0x080048f9   Thumb Code     0  libspace.o(.text)
    __rt_locale                              0x08004901   Thumb Code     8  rt_locale_intlibspace.o(.text)
    __aeabi_errno_addr                       0x08004909   Thumb Code     8  rt_errno_addr_intlibspace.o(.text)
    __errno$intlibspace                      0x08004909   Thumb Code     0  rt_errno_addr_intlibspace.o(.text)
    __rt_errno_addr$intlibspace              0x08004909   Thumb Code     0  rt_errno_addr_intlibspace.o(.text)
    __Heap_ProvideMemory                     0x08004911   Thumb Code    52  h1_extend.o(.text)
    _ll_udiv10                               0x08004945   Thumb Code   138  lludiv10.o(.text)
    _printf_fp_infnan                        0x080049d1   Thumb Code   112  _printf_fp_infnan.o(.text)
    _btod_etento                             0x08004a51   Thumb Code   216  bigflt0.o(.text)
    __rt_SIGABRT                             0x08004b2d   Thumb Code    14  defsig_abrt_outer.o(.text)
    __rt_SIGRTMEM                            0x08004b3b   Thumb Code    14  defsig_rtmem_outer.o(.text)
    __user_setup_stackheap                   0x08004b49   Thumb Code    74  sys_stackheap_outer.o(.text)
    exit                                     0x08004b93   Thumb Code    18  exit.o(.text)
    __sig_exit                               0x08004ba5   Thumb Code    10  defsig_exit.o(.text)
    __rt_SIGABRT_inner                       0x08004bb1   Thumb Code    14  defsig_abrt_inner.o(.text)
    __rt_SIGRTMEM_inner                      0x08004be1   Thumb Code    22  defsig_rtmem_inner.o(.text)
    __default_signal_display                 0x08004c31   Thumb Code    50  defsig_general.o(.text)
    _btod_d2e                                0x08004c63   Thumb Code    62  btod.o(CL$$btod_d2e)
    _d2e_denorm_low                          0x08004ca1   Thumb Code    70  btod.o(CL$$btod_d2e_denorm_low)
    _d2e_norm_op1                            0x08004ce7   Thumb Code    96  btod.o(CL$$btod_d2e_norm_op1)
    __btod_div_common                        0x08004d47   Thumb Code   696  btod.o(CL$$btod_div_common)
    _e2e                                     0x0800507f   Thumb Code   198  btod.o(CL$$btod_e2e)
    _btod_ediv                               0x08005145   Thumb Code    40  btod.o(CL$$btod_ediv)
    _btod_emul                               0x0800516d   Thumb Code    40  btod.o(CL$$btod_emul)
    __btod_mult_common                       0x08005195   Thumb Code   580  btod.o(CL$$btod_mult_common)
    __ARM_fpclassify                         0x080053d9   Thumb Code    48  fpclassify.o(i.__ARM_fpclassify)
    __hardfp_pow                             0x08005409   Thumb Code  3072  pow.o(i.__hardfp_pow)
    __kernel_poly                            0x08006059   Thumb Code   248  poly.o(i.__kernel_poly)
    __mathlib_dbl_divzero                    0x08006151   Thumb Code    28  dunder.o(i.__mathlib_dbl_divzero)
    __mathlib_dbl_infnan2                    0x08006181   Thumb Code    20  dunder.o(i.__mathlib_dbl_infnan2)
    __mathlib_dbl_invalid                    0x08006199   Thumb Code    24  dunder.o(i.__mathlib_dbl_invalid)
    __mathlib_dbl_overflow                   0x080061b9   Thumb Code    24  dunder.o(i.__mathlib_dbl_overflow)
    __mathlib_dbl_underflow                  0x080061d9   Thumb Code    24  dunder.o(i.__mathlib_dbl_underflow)
    _is_digit                                0x080061f9   Thumb Code    14  __printf_wp.o(i._is_digit)
    fabs                                     0x08006207   Thumb Code    24  fabs.o(i.fabs)
    sqrt                                     0x0800621f   Thumb Code   110  sqrt.o(i.sqrt)
    _get_lc_numeric                          0x0800628d   Thumb Code    44  lc_numeric_c.o(locale$$code)
    __aeabi_dneg                             0x080062b9   Thumb Code     0  basic.o(x$fpl$basic)
    _dneg                                    0x080062b9   Thumb Code     6  basic.o(x$fpl$basic)
    __aeabi_fneg                             0x080062bf   Thumb Code     0  basic.o(x$fpl$basic)
    _fneg                                    0x080062bf   Thumb Code     6  basic.o(x$fpl$basic)
    _dabs                                    0x080062c5   Thumb Code     6  basic.o(x$fpl$basic)
    _fabs                                    0x080062cb   Thumb Code     6  basic.o(x$fpl$basic)
    __aeabi_d2f                              0x080062d1   Thumb Code     0  d2f.o(x$fpl$d2f)
    _d2f                                     0x080062d1   Thumb Code    98  d2f.o(x$fpl$d2f)
    __aeabi_dadd                             0x08006335   Thumb Code     0  daddsub_clz.o(x$fpl$dadd)
    _dadd                                    0x08006335   Thumb Code   332  daddsub_clz.o(x$fpl$dadd)
    __fpl_dcheck_NaN1                        0x08006485   Thumb Code    10  dcheck1.o(x$fpl$dcheck1)
    __fpl_dcmp_Inf                           0x08006495   Thumb Code    24  dcmpi.o(x$fpl$dcmpinf)
    __aeabi_ddiv                             0x080064ad   Thumb Code     0  ddiv.o(x$fpl$ddiv)
    _ddiv                                    0x080064ad   Thumb Code   552  ddiv.o(x$fpl$ddiv)
    __aeabi_d2iz                             0x0800675d   Thumb Code     0  dfix.o(x$fpl$dfix)
    _dfix                                    0x0800675d   Thumb Code    94  dfix.o(x$fpl$dfix)
    __aeabi_i2d                              0x080067bb   Thumb Code     0  dflt_clz.o(x$fpl$dflt)
    _dflt                                    0x080067bb   Thumb Code    46  dflt_clz.o(x$fpl$dflt)
    __aeabi_cdcmple                          0x080067e9   Thumb Code     0  dleqf.o(x$fpl$dleqf)
    _dcmple                                  0x080067e9   Thumb Code   120  dleqf.o(x$fpl$dleqf)
    __fpl_dcmple_InfNaN                      0x0800684b   Thumb Code     0  dleqf.o(x$fpl$dleqf)
    __aeabi_dmul                             0x08006861   Thumb Code     0  dmul.o(x$fpl$dmul)
    _dmul                                    0x08006861   Thumb Code   332  dmul.o(x$fpl$dmul)
    __fpl_dnaninf                            0x080069b5   Thumb Code   156  dnaninf.o(x$fpl$dnaninf)
    __fpl_dretinf                            0x08006a51   Thumb Code    12  dretinf.o(x$fpl$dretinf)
    __aeabi_cdrcmple                         0x08006a5d   Thumb Code     0  drleqf.o(x$fpl$drleqf)
    _drcmple                                 0x08006a5d   Thumb Code   108  drleqf.o(x$fpl$drleqf)
    __aeabi_drsub                            0x08006ac9   Thumb Code     0  daddsub_clz.o(x$fpl$drsb)
    _drsb                                    0x08006ac9   Thumb Code    22  daddsub_clz.o(x$fpl$drsb)
    _dsqrt                                   0x08006ae1   Thumb Code   404  dsqrt_umaal.o(x$fpl$dsqrt)
    __aeabi_dsub                             0x08006c79   Thumb Code     0  daddsub_clz.o(x$fpl$dsub)
    _dsub                                    0x08006c79   Thumb Code   464  daddsub_clz.o(x$fpl$dsub)
    __aeabi_f2d                              0x08006e4d   Thumb Code     0  f2d.o(x$fpl$f2d)
    _f2d                                     0x08006e4d   Thumb Code    86  f2d.o(x$fpl$f2d)
    __fpl_fnaninf                            0x08006ea3   Thumb Code   140  fnaninf.o(x$fpl$fnaninf)
    _fp_init                                 0x08006f2f   Thumb Code    10  fpinit.o(x$fpl$fpinit)
    __fplib_config_fpu_vfp                   0x08006f37   Thumb Code     0  fpinit.o(x$fpl$fpinit)
    __fplib_config_pureend_doubles           0x08006f37   Thumb Code     0  fpinit.o(x$fpl$fpinit)
    __fpl_fretinf                            0x08006f39   Thumb Code    10  fretinf.o(x$fpl$fretinf)
    _printf_fp_dec                           0x08006f43   Thumb Code     4  printf1.o(x$fpl$printf1)
    __fpl_return_NaN                         0x08006f47   Thumb Code   100  retnan.o(x$fpl$retnan)
    __ARM_scalbn                             0x08006fab   Thumb Code    92  scalbn.o(x$fpl$scalbn)
    __fpl_cmpreturn                          0x08007007   Thumb Code    48  trapv.o(x$fpl$trapveneer)
    __I$use$fp                               0x08007036   Number         0  usenofp.o(x$fpl$usenofp)
    SWT_mask                                 0x08007038   Data          32  swt.o(.constdata)
    AHBPrescTable                            0x08007058   Data          16  system_stm32f4xx.o(.constdata)
    __mathlib_zero                           0x080070f0   Data           8  qnan.o(.constdata)
    Region$$Table$$Base                      0x08007204   Number         0  anon$$obj.o(Region$$Table)
    Region$$Table$$Limit                     0x08007224   Number         0  anon$$obj.o(Region$$Table)
    ringbuffer                               0x20000000   Data           4  adc_leds.o(.data)
    menuState                                0x20000004   Data           1  adc_leds.o(.data)
    scaleState                               0x20000005   Data           1  adc_leds.o(.data)
    volts                                    0x20000008   Data           4  adc_leds.o(.data)
    amps                                     0x2000000c   Data           4  adc_leds.o(.data)
    resistance                               0x20000010   Data           4  adc_leds.o(.data)
    light                                    0x20000014   Data           4  adc_leds.o(.data)
    signalCache                              0x20000018   Data           4  adc_leds.o(.data)
    sendSignal                               0x2000001c   Data           1  adc_leds.o(.data)
    board_is_reading                         0x2000001d   Data           1  adc_leds.o(.data)
    current_mode                             0x2000001e   Data           1  adc_leds.o(.data)
    startup                                  0x2000001f   Data           1  adc_leds.o(.data)
    set_selection                            0x20000020   Data           1  adc_leds.o(.data)
    menu_confirm_exit                        0x20000021   Data           1  adc_leds.o(.data)
    menuItems                                0x20000024   Data          48  adc_leds.o(.data)
    menuCount                                0x20000054   Data           4  adc_leds.o(.data)
    __stdout                                 0x2000005c   Data           4  retarget.o(.data)
    GPIO_InitStructure                       0x2000007c   Data           8  sig_gen.o(.data)
    sinetable                                0x20000084   Data         512  sig_gen.o(.data)
    pulse_width                              0x20000284   Data           2  sig_gen.o(.data)
    phase_accumulator                        0x20000288   Data           4  sig_gen.o(.data)
    angle                                    0x2000028c   Data           1  sig_gen.o(.data)
    msTicks                                  0x20000290   Data           4  utility.o(.data)
    SystemCoreClock                          0x20000294   Data           4  system_stm32f4xx.o(.data)
    line_buffer                              0x20000298   Data          16  serial.o(.bss)
    unmalloc_buffer                          0x200002b8   Data         512  lcd_buffer.o(.bss)
    lcd_commandBuffer                        0x200004b8   Data          16  lcd_driver.o(.bss)
    USART_InitStructure                      0x200004c8   Data          16  sig_gen.o(.bss)
    TIM_TimeBaseStructure                    0x200004d8   Data          12  sig_gen.o(.bss)
    TIM_OCInitStructure                      0x200004e4   Data          20  sig_gen.o(.bss)
    __libspace_start                         0x200004f8   Data          96  libspace.o(.bss)
    __temporary_stack_top$libspace           0x20000558   Data           0  libspace.o(.bss)



==============================================================================

Memory Map of the image

  Image Entry point : 0x08000189

  Load Region LR_IROM1 (Base: 0x08000000, Size: 0x000074d8, Max: 0x00100000, ABSOLUTE, COMPRESSED[0x00007418])

    Execution Region ER_IROM1 (Base: 0x08000000, Size: 0x00007240, Max: 0x00100000, ABSOLUTE)

    Base Addr    Size         Type   Attr      Idx    E Section Name        Object

    0x08000000   0x00000188   Data   RO          878    RESET               startup_stm32f407xx.o
    0x08000188   0x00000008   Code   RO         1033  * !!!main             c_w.l(__main.o)
    0x08000190   0x00000034   Code   RO         1446    !!!scatter          c_w.l(__scatter.o)
    0x080001c4   0x0000005a   Code   RO         1444    !!dczerorl2         c_w.l(__dczerorl2.o)
    0x0800021e   0x00000002   PAD
    0x08000220   0x0000001c   Code   RO         1448    !!handler_zi        c_w.l(__scatter_zi.o)
    0x0800023c   0x00000000   Code   RO         1018    .ARM.Collect$$_printf_percent$$00000000  c_w.l(_printf_percent.o)
    0x0800023c   0x00000006   Code   RO         1017    .ARM.Collect$$_printf_percent$$00000003  c_w.l(_printf_f.o)
    0x08000242   0x00000006   Code   RO         1016    .ARM.Collect$$_printf_percent$$00000009  c_w.l(_printf_d.o)
    0x08000248   0x00000006   Code   RO         1014    .ARM.Collect$$_printf_percent$$00000013  c_w.l(_printf_c.o)
    0x0800024e   0x00000006   Code   RO         1015    .ARM.Collect$$_printf_percent$$00000014  c_w.l(_printf_s.o)
    0x08000254   0x00000004   Code   RO         1139    .ARM.Collect$$_printf_percent$$00000017  c_w.l(_printf_percent_end.o)
    0x08000258   0x00000002   Code   RO         1385    .ARM.Collect$$libinit$$00000000  c_w.l(libinit.o)
    0x0800025a   0x00000004   Code   RO         1150    .ARM.Collect$$libinit$$00000001  c_w.l(libinit2.o)
    0x0800025e   0x00000000   Code   RO         1153    .ARM.Collect$$libinit$$00000004  c_w.l(libinit2.o)
    0x0800025e   0x00000008   Code   RO         1154    .ARM.Collect$$libinit$$00000005  c_w.l(libinit2.o)
    0x08000266   0x00000000   Code   RO         1156    .ARM.Collect$$libinit$$0000000A  c_w.l(libinit2.o)
    0x08000266   0x00000000   Code   RO         1158    .ARM.Collect$$libinit$$0000000C  c_w.l(libinit2.o)
    0x08000266   0x00000000   Code   RO         1160    .ARM.Collect$$libinit$$0000000E  c_w.l(libinit2.o)
    0x08000266   0x00000006   Code   RO         1161    .ARM.Collect$$libinit$$0000000F  c_w.l(libinit2.o)
    0x0800026c   0x00000000   Code   RO         1163    .ARM.Collect$$libinit$$00000011  c_w.l(libinit2.o)
    0x0800026c   0x00000000   Code   RO         1165    .ARM.Collect$$libinit$$00000013  c_w.l(libinit2.o)
    0x0800026c   0x00000000   Code   RO         1167    .ARM.Collect$$libinit$$00000015  c_w.l(libinit2.o)
    0x0800026c   0x0000000a   Code   RO         1168    .ARM.Collect$$libinit$$00000016  c_w.l(libinit2.o)
    0x08000276   0x00000000   Code   RO         1169    .ARM.Collect$$libinit$$00000017  c_w.l(libinit2.o)
    0x08000276   0x00000000   Code   RO         1171    .ARM.Collect$$libinit$$00000019  c_w.l(libinit2.o)
    0x08000276   0x00000000   Code   RO         1173    .ARM.Collect$$libinit$$0000001B  c_w.l(libinit2.o)
    0x08000276   0x00000000   Code   RO         1175    .ARM.Collect$$libinit$$0000001D  c_w.l(libinit2.o)
    0x08000276   0x00000000   Code   RO         1177    .ARM.Collect$$libinit$$0000001F  c_w.l(libinit2.o)
    0x08000276   0x00000000   Code   RO         1179    .ARM.Collect$$libinit$$00000021  c_w.l(libinit2.o)
    0x08000276   0x00000000   Code   RO         1181    .ARM.Collect$$libinit$$00000023  c_w.l(libinit2.o)
    0x08000276   0x00000000   Code   RO         1183    .ARM.Collect$$libinit$$00000025  c_w.l(libinit2.o)
    0x08000276   0x00000000   Code   RO         1187    .ARM.Collect$$libinit$$0000002C  c_w.l(libinit2.o)
    0x08000276   0x00000000   Code   RO         1189    .ARM.Collect$$libinit$$0000002E  c_w.l(libinit2.o)
    0x08000276   0x00000000   Code   RO         1191    .ARM.Collect$$libinit$$00000030  c_w.l(libinit2.o)
    0x08000276   0x00000000   Code   RO         1193    .ARM.Collect$$libinit$$00000032  c_w.l(libinit2.o)
    0x08000276   0x00000002   Code   RO         1194    .ARM.Collect$$libinit$$00000033  c_w.l(libinit2.o)
    0x08000278   0x00000002   Code   RO         1441    .ARM.Collect$$libshutdown$$00000000  c_w.l(libshutdown.o)
    0x0800027a   0x00000000   Code   RO         1399    .ARM.Collect$$libshutdown$$00000002  c_w.l(libshutdown2.o)
    0x0800027a   0x00000000   Code   RO         1401    .ARM.Collect$$libshutdown$$00000004  c_w.l(libshutdown2.o)
    0x0800027a   0x00000000   Code   RO         1404    .ARM.Collect$$libshutdown$$00000007  c_w.l(libshutdown2.o)
    0x0800027a   0x00000000   Code   RO         1407    .ARM.Collect$$libshutdown$$0000000A  c_w.l(libshutdown2.o)
    0x0800027a   0x00000000   Code   RO         1409    .ARM.Collect$$libshutdown$$0000000C  c_w.l(libshutdown2.o)
    0x0800027a   0x00000000   Code   RO         1412    .ARM.Collect$$libshutdown$$0000000F  c_w.l(libshutdown2.o)
    0x0800027a   0x00000002   Code   RO         1413    .ARM.Collect$$libshutdown$$00000010  c_w.l(libshutdown2.o)
    0x0800027c   0x00000000   Code   RO         1099    .ARM.Collect$$rtentry$$00000000  c_w.l(__rtentry.o)
    0x0800027c   0x00000000   Code   RO         1274    .ARM.Collect$$rtentry$$00000002  c_w.l(__rtentry2.o)
    0x0800027c   0x00000006   Code   RO         1286    .ARM.Collect$$rtentry$$00000004  c_w.l(__rtentry4.o)
    0x08000282   0x00000000   Code   RO         1276    .ARM.Collect$$rtentry$$00000009  c_w.l(__rtentry2.o)
    0x08000282   0x00000004   Code   RO         1277    .ARM.Collect$$rtentry$$0000000A  c_w.l(__rtentry2.o)
    0x08000286   0x00000000   Code   RO         1279    .ARM.Collect$$rtentry$$0000000C  c_w.l(__rtentry2.o)
    0x08000286   0x00000008   Code   RO         1280    .ARM.Collect$$rtentry$$0000000D  c_w.l(__rtentry2.o)
    0x0800028e   0x00000002   Code   RO         1388    .ARM.Collect$$rtexit$$00000000  c_w.l(rtexit.o)
    0x08000290   0x00000000   Code   RO         1417    .ARM.Collect$$rtexit$$00000002  c_w.l(rtexit2.o)
    0x08000290   0x00000004   Code   RO         1418    .ARM.Collect$$rtexit$$00000003  c_w.l(rtexit2.o)
    0x08000294   0x00000006   Code   RO         1419    .ARM.Collect$$rtexit$$00000004  c_w.l(rtexit2.o)
    0x0800029a   0x00000002   PAD
    0x0800029c   0x00000000   Code   RO         1300    .emb_text           c_w.l(maybetermalloc1.o)
    0x0800029c   0x00000034   Code   RO            4    .text               app.o
    0x080002d0   0x00000650   Code   RO          173    .text               adc_leds.o
    0x08000920   0x00000064   Code   RO          239    .text               swt.o
    0x08000984   0x00000200   Code   RO          285    .text               serial.o
    0x08000b84   0x00000044   Code   RO          317    .text               retarget.o
    0x08000bc8   0x000000a8   Code   RO          345    .text               lcd_buffer.o
    0x08000c70   0x000004d0   Code   RO          363    .text               lcd_driver.o
    0x08001140   0x000001ac   Code   RO          401    .text               adc.o
    0x080012ec   0x00000294   Code   RO          425    .text               stm32f4xx_gpio.o
    0x08001580   0x000000e0   Code   RO          449    .text               misc.o
    0x08001660   0x0000065c   Code   RO          473    .text               stm32f4xx_rcc.o
    0x08001cbc   0x00000454   Code   RO          499    .text               stm32f4xx_usart.o
    0x08002110   0x0000029c   Code   RO          523    .text               sig_gen.o
    0x080023ac   0x00000ca2   Code   RO          555    .text               stm32f4xx_tim.o
    0x0800304e   0x00000002   PAD
    0x08003050   0x000000c0   Code   RO          579    .text               utility.o
    0x08003110   0x00000110   Code   RO          606    .text               stm32f4xx_exti.o
    0x08003220   0x00000094   Code   RO          630    .text               stm32f4xx_syscfg.o
    0x080032b4   0x000003c8   Code   RO          654    .text               board_init.o
    0x0800367c   0x00000188   Code   RO          687    .text               ringbuffer.o
    0x08003804   0x0000028c   Code   RO          837    .text               reading.o
    0x08003a90   0x00000040   Code   RO          879    .text               startup_stm32f407xx.o
    0x08003ad0   0x00000210   Code   RO          886    .text               system_stm32f4xx.o
    0x08003ce0   0x00000002   Code   RO          916    .text               c_w.l(use_no_semi.o)
    0x08003ce2   0x0000005e   Code   RO          922    .text               c_w.l(h1_alloc.o)
    0x08003d40   0x0000004e   Code   RO          924    .text               c_w.l(h1_free.o)
    0x08003d8e   0x00000002   PAD
    0x08003d90   0x00000018   Code   RO          984    .text               c_w.l(noretval__2printf.o)
    0x08003da8   0x00000028   Code   RO          986    .text               c_w.l(noretval__2sprintf.o)
    0x08003dd0   0x00000052   Code   RO          990    .text               c_w.l(_printf_str.o)
    0x08003e22   0x00000002   PAD
    0x08003e24   0x00000078   Code   RO          992    .text               c_w.l(_printf_dec.o)
    0x08003e9c   0x0000010e   Code   RO         1002    .text               c_w.l(__printf_wp.o)
    0x08003faa   0x00000002   PAD
    0x08003fac   0x00000080   Code   RO         1019    .text               c_w.l(assert.o)
    0x0800402c   0x00000048   Code   RO         1021    .text               c_w.l(strcpy.o)
    0x08004074   0x0000003e   Code   RO         1023    .text               c_w.l(strlen.o)
    0x080040b2   0x0000008a   Code   RO         1025    .text               c_w.l(rt_memcpy_v6.o)
    0x0800413c   0x00000044   Code   RO         1027    .text               c_w.l(rt_memclr.o)
    0x08004180   0x00000080   Code   RO         1029    .text               c_w.l(strcmpv7m.o)
    0x08004200   0x00000006   Code   RO         1031    .text               c_w.l(heapauxi.o)
    0x08004206   0x00000002   PAD
    0x08004208   0x00000008   Code   RO         1103    .text               c_w.l(rt_heap_descriptor_intlibspace.o)
    0x08004210   0x00000004   Code   RO         1105    .text               c_w.l(hguard.o)
    0x08004214   0x0000008a   Code   RO         1107    .text               c_w.l(init_alloc.o)
    0x0800429e   0x0000000e   Code   RO         1111    .text               c_w.l(h1_init.o)
    0x080042ac   0x00000016   Code   RO         1125    .text               c_w.l(_rserrno.o)
    0x080042c2   0x000000b2   Code   RO         1127    .text               c_w.l(_printf_intcommon.o)
    0x08004374   0x0000041a   Code   RO         1129    .text               c_w.l(_printf_fp_dec.o)
    0x0800478e   0x00000002   PAD
    0x08004790   0x00000030   Code   RO         1131    .text               c_w.l(_printf_char_common.o)
    0x080047c0   0x0000000a   Code   RO         1133    .text               c_w.l(_sputc.o)
    0x080047ca   0x0000002c   Code   RO         1135    .text               c_w.l(_printf_char.o)
    0x080047f6   0x00000002   PAD
    0x080047f8   0x00000024   Code   RO         1137    .text               c_w.l(_printf_char_file.o)
    0x0800481c   0x00000016   Code   RO         1140    .text               c_w.l(abort.o)
    0x08004832   0x00000014   Code   RO         1142    .text               c_w.l(assert_puts.o)
    0x08004846   0x00000064   Code   RO         1144    .text               c_w.l(rt_memcpy_w.o)
    0x080048aa   0x0000004e   Code   RO         1146    .text               c_w.l(rt_memclr_w.o)
    0x080048f8   0x00000008   Code   RO         1270    .text               c_w.l(libspace.o)
    0x08004900   0x00000008   Code   RO         1291    .text               c_w.l(rt_locale_intlibspace.o)
    0x08004908   0x00000008   Code   RO         1296    .text               c_w.l(rt_errno_addr_intlibspace.o)
    0x08004910   0x00000034   Code   RO         1302    .text               c_w.l(h1_extend.o)
    0x08004944   0x0000008a   Code   RO         1306    .text               c_w.l(lludiv10.o)
    0x080049ce   0x00000002   PAD
    0x080049d0   0x00000080   Code   RO         1308    .text               c_w.l(_printf_fp_infnan.o)
    0x08004a50   0x000000dc   Code   RO         1312    .text               c_w.l(bigflt0.o)
    0x08004b2c   0x0000000e   Code   RO         1340    .text               c_w.l(defsig_abrt_outer.o)
    0x08004b3a   0x0000000e   Code   RO         1344    .text               c_w.l(defsig_rtmem_outer.o)
    0x08004b48   0x0000004a   Code   RO         1362    .text               c_w.l(sys_stackheap_outer.o)
    0x08004b92   0x00000012   Code   RO         1368    .text               c_w.l(exit.o)
    0x08004ba4   0x0000000a   Code   RO         1370    .text               c_w.l(defsig_exit.o)
    0x08004bae   0x00000002   PAD
    0x08004bb0   0x00000030   Code   RO         1372    .text               c_w.l(defsig_abrt_inner.o)
    0x08004be0   0x00000050   Code   RO         1374    .text               c_w.l(defsig_rtmem_inner.o)
    0x08004c30   0x00000032   Code   RO         1396    .text               c_w.l(defsig_general.o)
    0x08004c62   0x0000003e   Code   RO         1315    CL$$btod_d2e        c_w.l(btod.o)
    0x08004ca0   0x00000046   Code   RO         1317    CL$$btod_d2e_denorm_low  c_w.l(btod.o)
    0x08004ce6   0x00000060   Code   RO         1316    CL$$btod_d2e_norm_op1  c_w.l(btod.o)
    0x08004d46   0x00000338   Code   RO         1325    CL$$btod_div_common  c_w.l(btod.o)
    0x0800507e   0x000000c6   Code   RO         1322    CL$$btod_e2e        c_w.l(btod.o)
    0x08005144   0x00000028   Code   RO         1319    CL$$btod_ediv       c_w.l(btod.o)
    0x0800516c   0x00000028   Code   RO         1318    CL$$btod_emul       c_w.l(btod.o)
    0x08005194   0x00000244   Code   RO         1324    CL$$btod_mult_common  c_w.l(btod.o)
    0x080053d8   0x00000030   Code   RO         1232    i.__ARM_fpclassify  m_wm.l(fpclassify.o)
    0x08005408   0x00000c50   Code   RO         1071    i.__hardfp_pow      m_wm.l(pow.o)
    0x08006058   0x000000f8   Code   RO         1250    i.__kernel_poly     m_wm.l(poly.o)
    0x08006150   0x00000030   Code   RO         1212    i.__mathlib_dbl_divzero  m_wm.l(dunder.o)
    0x08006180   0x00000014   Code   RO         1214    i.__mathlib_dbl_infnan2  m_wm.l(dunder.o)
    0x08006194   0x00000004   PAD
    0x08006198   0x00000020   Code   RO         1215    i.__mathlib_dbl_invalid  m_wm.l(dunder.o)
    0x080061b8   0x00000020   Code   RO         1216    i.__mathlib_dbl_overflow  m_wm.l(dunder.o)
    0x080061d8   0x00000020   Code   RO         1218    i.__mathlib_dbl_underflow  m_wm.l(dunder.o)
    0x080061f8   0x0000000e   Code   RO         1004    i._is_digit         c_w.l(__printf_wp.o)
    0x08006206   0x00000018   Code   RO         1228    i.fabs              m_wm.l(fabs.o)
    0x0800621e   0x0000006e   Code   RO         1258    i.sqrt              m_wm.l(sqrt.o)
    0x0800628c   0x0000002c   Code   RO         1338    locale$$code        c_w.l(lc_numeric_c.o)
    0x080062b8   0x00000018   Code   RO         1195    x$fpl$basic         fz_wm.l(basic.o)
    0x080062d0   0x00000062   Code   RO         1035    x$fpl$d2f           fz_wm.l(d2f.o)
    0x08006332   0x00000002   PAD
    0x08006334   0x00000150   Code   RO         1037    x$fpl$dadd          fz_wm.l(daddsub_clz.o)
    0x08006484   0x00000010   Code   RO         1353    x$fpl$dcheck1       fz_wm.l(dcheck1.o)
    0x08006494   0x00000018   Code   RO         1197    x$fpl$dcmpinf       fz_wm.l(dcmpi.o)
    0x080064ac   0x000002b0   Code   RO         1044    x$fpl$ddiv          fz_wm.l(ddiv.o)
    0x0800675c   0x0000005e   Code   RO         1049    x$fpl$dfix          fz_wm.l(dfix.o)
    0x080067ba   0x0000002e   Code   RO         1058    x$fpl$dflt          fz_wm.l(dflt_clz.o)
    0x080067e8   0x00000078   Code   RO         1063    x$fpl$dleqf         fz_wm.l(dleqf.o)
    0x08006860   0x00000154   Code   RO         1065    x$fpl$dmul          fz_wm.l(dmul.o)
    0x080069b4   0x0000009c   Code   RO         1199    x$fpl$dnaninf       fz_wm.l(dnaninf.o)
    0x08006a50   0x0000000c   Code   RO         1201    x$fpl$dretinf       fz_wm.l(dretinf.o)
    0x08006a5c   0x0000006c   Code   RO         1203    x$fpl$drleqf        fz_wm.l(drleqf.o)
    0x08006ac8   0x00000016   Code   RO         1038    x$fpl$drsb          fz_wm.l(daddsub_clz.o)
    0x08006ade   0x00000002   PAD
    0x08006ae0   0x00000198   Code   RO         1355    x$fpl$dsqrt         fz_wm.l(dsqrt_umaal.o)
    0x08006c78   0x000001d4   Code   RO         1039    x$fpl$dsub          fz_wm.l(daddsub_clz.o)
    0x08006e4c   0x00000056   Code   RO         1067    x$fpl$f2d           fz_wm.l(f2d.o)
    0x08006ea2   0x0000008c   Code   RO         1205    x$fpl$fnaninf       fz_wm.l(fnaninf.o)
    0x08006f2e   0x0000000a   Code   RO         1357    x$fpl$fpinit        fz_wm.l(fpinit.o)
    0x08006f38   0x0000000a   Code   RO         1207    x$fpl$fretinf       fz_wm.l(fretinf.o)
    0x08006f42   0x00000004   Code   RO         1069    x$fpl$printf1       fz_wm.l(printf1.o)
    0x08006f46   0x00000064   Code   RO         1386    x$fpl$retnan        fz_wm.l(retnan.o)
    0x08006faa   0x0000005c   Code   RO         1209    x$fpl$scalbn        fz_wm.l(scalbn.o)
    0x08007006   0x00000030   Code   RO         1414    x$fpl$trapveneer    fz_wm.l(trapv.o)
    0x08007036   0x00000000   Code   RO         1211    x$fpl$usenofp       fz_wm.l(usenofp.o)
    0x08007036   0x00000002   PAD
    0x08007038   0x00000020   Data   RO          240    .constdata          swt.o
    0x08007058   0x00000010   Data   RO          887    .constdata          system_stm32f4xx.o
    0x08007068   0x00000088   Data   RO         1074    .constdata          m_wm.l(pow.o)
    0x080070f0   0x00000008   Data   RO         1252    .constdata          m_wm.l(qnan.o)
    0x080070f8   0x00000094   Data   RO         1313    .constdata          c_w.l(bigflt0.o)
    0x0800718c   0x00000075   Data   RO          174    .conststring        adc_leds.o
    0x08007201   0x00000003   PAD
    0x08007204   0x00000020   Data   RO         1442    Region$$Table       anon$$obj.o
    0x08007224   0x0000001c   Data   RO         1337    locale$$data        c_w.l(lc_numeric_c.o)


    Execution Region RW_IRAM1 (Base: 0x20000000, Size: 0x00000b58, Max: 0x00020000, ABSOLUTE, COMPRESSED[0x000001d8])

    Base Addr    Size         Type   Attr      Idx    E Section Name        Object

    0x20000000   0x00000058   Data   RW          175    .data               adc_leds.o
    0x20000058   0x00000004   Data   RW          287    .data               serial.o
    0x2000005c   0x00000004   Data   RW          318    .data               retarget.o
    0x20000060   0x00000009   Data   RW          365    .data               lcd_driver.o
    0x20000069   0x00000010   Data   RW          474    .data               stm32f4xx_rcc.o
    0x20000079   0x00000003   PAD
    0x2000007c   0x00000211   Data   RW          525    .data               sig_gen.o
    0x2000028d   0x00000003   PAD
    0x20000290   0x00000004   Data   RW          580    .data               utility.o
    0x20000294   0x00000004   Data   RW          888    .data               system_stm32f4xx.o
    0x20000298   0x0000001f   Zero   RW          286    .bss                serial.o
    0x200002b7   0x00000001   PAD
    0x200002b8   0x00000200   Zero   RW          346    .bss                lcd_buffer.o
    0x200004b8   0x00000010   Zero   RW          364    .bss                lcd_driver.o
    0x200004c8   0x00000030   Zero   RW          524    .bss                sig_gen.o
    0x200004f8   0x00000060   Zero   RW         1271    .bss                c_w.l(libspace.o)
    0x20000558   0x00000200   Zero   RW          877    HEAP                startup_stm32f407xx.o
    0x20000758   0x00000400   Zero   RW          876    STACK               startup_stm32f407xx.o


==============================================================================

Image component sizes


      Code (inc. data)   RO Data    RW Data    ZI Data      Debug   Object Name

       428         20          0          0          0       2173   adc.o
      1616        228        117         88          0       7168   adc_leds.o
        52         14          0          0          0     296291   app.o
       968         94          0          0          0      28321   board_init.o
       168          4          0          0        512       2322   lcd_buffer.o
      1232         70          0          9         16      30093   lcd_driver.o
       224         20          0          0          0       1941   misc.o
       652         72          0          0          0       5095   reading.o
        68          4          0          4          0       3129   retarget.o
       392         70          0          0          0       3775   ringbuffer.o
       512         36          0          4         31       2207   serial.o
       668         50          0        529         48       2674   sig_gen.o
        64         26        392          0       1536        848   startup_stm32f407xx.o
       272         10          0          0          0       2407   stm32f4xx_exti.o
       660         44          0          0          0       4277   stm32f4xx_gpio.o
      1628         52          0         16          0      13232   stm32f4xx_rcc.o
       148         12          0          0          0       1889   stm32f4xx_syscfg.o
      3234         60          0          0          0      23136   stm32f4xx_tim.o
      1108         34          0          0          0       8004   stm32f4xx_usart.o
       100         18         32          0          0       1440   swt.o
       528         46         16          4          0       1835   system_stm32f4xx.o
       192          6          0          4          0       1688   utility.o

    ----------------------------------------------------------------------
     14916        990        592        664       2144     443945   Object Totals
         0          0         32          0          0          0   (incl. Generated)
         2          0          3          6          1          0   (incl. Padding)

    ----------------------------------------------------------------------

      Code (inc. data)   RO Data    RW Data    ZI Data      Debug   Library Member Name

        90          0          0          0          0          0   __dczerorl2.o
         8          0          0          0          0         68   __main.o
       284          0          0          0          0        156   __printf_wp.o
         0          0          0          0          0          0   __rtentry.o
        12          0          0          0          0          0   __rtentry2.o
         6          0          0          0          0          0   __rtentry4.o
        52          8          0          0          0          0   __scatter.o
        28          0          0          0          0          0   __scatter_zi.o
         6          0          0          0          0          0   _printf_c.o
        44          0          0          0          0        108   _printf_char.o
        48          6          0          0          0         96   _printf_char_common.o
        36          4          0          0          0         80   _printf_char_file.o
         6          0          0          0          0          0   _printf_d.o
       120         16          0          0          0         92   _printf_dec.o
         6          0          0          0          0          0   _printf_f.o
      1050          0          0          0          0        216   _printf_fp_dec.o
       128         16          0          0          0         84   _printf_fp_infnan.o
       178          0          0          0          0         88   _printf_intcommon.o
         0          0          0          0          0          0   _printf_percent.o
         4          0          0          0          0          0   _printf_percent_end.o
         6          0          0          0          0          0   _printf_s.o
        82          0          0          0          0         80   _printf_str.o
        22          0          0          0          0        100   _rserrno.o
        10          0          0          0          0         68   _sputc.o
        22          0          0          0          0         80   abort.o
       128         42          0          0          0         76   assert.o
        20          0          0          0          0         76   assert_puts.o
       220          4        148          0          0         96   bigflt0.o
      1910        128          0          0          0        672   btod.o
        48         34          0          0          0         76   defsig_abrt_inner.o
        14          0          0          0          0         80   defsig_abrt_outer.o
        10          0          0          0          0         68   defsig_exit.o
        50          0          0          0          0         88   defsig_general.o
        80         58          0          0          0         76   defsig_rtmem_inner.o
        14          0          0          0          0         80   defsig_rtmem_outer.o
        18          0          0          0          0         80   exit.o
        94          0          0          0          0         80   h1_alloc.o
        52          0          0          0          0         68   h1_extend.o
        78          0          0          0          0         80   h1_free.o
        14          0          0          0          0         84   h1_init.o
         6          0          0          0          0        152   heapauxi.o
         4          0          0          0          0        136   hguard.o
       138          0          0          0          0        168   init_alloc.o
        44         10         28          0          0         76   lc_numeric_c.o
         2          0          0          0          0          0   libinit.o
        30          0          0          0          0          0   libinit2.o
         2          0          0          0          0          0   libshutdown.o
         2          0          0          0          0          0   libshutdown2.o
         8          4          0          0         96         68   libspace.o
       138          0          0          0          0         80   lludiv10.o
         0          0          0          0          0          0   maybetermalloc1.o
        24          4          0          0          0         84   noretval__2printf.o
        40          6          0          0          0         84   noretval__2sprintf.o
         8          4          0          0          0         68   rt_errno_addr_intlibspace.o
         8          4          0          0          0         68   rt_heap_descriptor_intlibspace.o
         8          4          0          0          0         68   rt_locale_intlibspace.o
        68          0          0          0          0         68   rt_memclr.o
        78          0          0          0          0         80   rt_memclr_w.o
       138          0          0          0          0         68   rt_memcpy_v6.o
       100          0          0          0          0         80   rt_memcpy_w.o
         2          0          0          0          0          0   rtexit.o
        10          0          0          0          0          0   rtexit2.o
       128          0          0          0          0         68   strcmpv7m.o
        72          0          0          0          0         80   strcpy.o
        62          0          0          0          0         76   strlen.o
        74          0          0          0          0         80   sys_stackheap_outer.o
         2          0          0          0          0         68   use_no_semi.o
        24          0          0          0          0        164   basic.o
        98          4          0          0          0        140   d2f.o
       826         16          0          0          0        492   daddsub_clz.o
        16          4          0          0          0        116   dcheck1.o
        24          0          0          0          0        116   dcmpi.o
       688        140          0          0          0        256   ddiv.o
        94          4          0          0          0        140   dfix.o
        46          0          0          0          0        116   dflt_clz.o
       120          4          0          0          0        140   dleqf.o
       340         12          0          0          0        152   dmul.o
       156          4          0          0          0        140   dnaninf.o
        12          0          0          0          0        116   dretinf.o
       108          0          0          0          0        128   drleqf.o
       408         56          0          0          0        168   dsqrt_umaal.o
        86          4          0          0          0        132   f2d.o
       140          4          0          0          0        132   fnaninf.o
        10          0          0          0          0        116   fpinit.o
        10          0          0          0          0        116   fretinf.o
         4          0          0          0          0        116   printf1.o
       100          0          0          0          0        116   retnan.o
        92          0          0          0          0        116   scalbn.o
        48          0          0          0          0        116   trapv.o
         0          0          0          0          0          0   usenofp.o
       164         44          0          0          0        620   dunder.o
        24          0          0          0          0        124   fabs.o
        48          0          0          0          0        124   fpclassify.o
       248          0          0          0          0        152   poly.o
      3152        296        136          0          0        352   pow.o
         0          0          8          0          0          0   qnan.o
       110          0          0          0          0        148   sqrt.o

    ----------------------------------------------------------------------
     13420        944        320          0         96       9680   Library Totals
        30          0          0          0          0          0   (incl. Padding)

    ----------------------------------------------------------------------

      Code (inc. data)   RO Data    RW Data    ZI Data      Debug   Library Name

      6194        352        176          0         96       4816   c_w.l
      3450        252          0          0          0       3344   fz_wm.l
      3746        340        144          0          0       1520   m_wm.l

    ----------------------------------------------------------------------
     13420        944        320          0         96       9680   Library Totals

    ----------------------------------------------------------------------

==============================================================================


      Code (inc. data)   RO Data    RW Data    ZI Data      Debug   

     28336       1934        912        664       2240     441717   Grand Totals
     28336       1934        912        472       2240     441717   ELF Image Totals (compressed)
     28336       1934        912        472          0          0   ROM Totals

==============================================================================

    Total RO  Size (Code + RO Data)                29248 (  28.56kB)
    Total RW  Size (RW Data + ZI Data)              2904 (   2.84kB)
    Total ROM Size (Code + RO Data + RW Data)      29720 (  29.02kB)

==============================================================================

