Component: ARM Compiler 5.06 update 4 (build 422) Tool: armlink [4d35d2]

==============================================================================

Section Cross References

    adc_leds.o(.text) refers to _printf_percent.o(.ARM.Collect$$_printf_percent$$00000000) for _printf_percent
    adc_leds.o(.text) refers to _printf_s.o(.ARM.Collect$$_printf_percent$$00000014) for _printf_s
    adc_leds.o(.text) refers to _printf_str.o(.text) for _printf_str
    adc_leds.o(.text) refers to _printf_f.o(.ARM.Collect$$_printf_percent$$00000003) for _printf_f
    adc_leds.o(.text) refers to printf1.o(x$fpl$printf1) for _printf_fp_dec
    adc_leds.o(.text) refers to _printf_i.o(.ARM.Collect$$_printf_percent$$00000008) for _printf_i
    adc_leds.o(.text) refers to _printf_dec.o(.text) for _printf_int_dec
    adc_leds.o(.text) refers to swt.o(.text) for SWT_Check
    adc_leds.o(.text) refers to adc.o(.text) for read_ADC1
    adc_leds.o(.text) refers to f2d.o(x$fpl$f2d) for __aeabi_f2d
    adc_leds.o(.text) refers to utility.o(.text) for scale
    adc_leds.o(.text) refers to d2f.o(x$fpl$d2f) for __aeabi_d2f
    adc_leds.o(.text) refers to reading.o(.text) for reading_set_value
    adc_leds.o(.text) refers to lcd_driver.o(.text) for lcd_write_string
    adc_leds.o(.text) refers to noretval__2printf.o(.text) for __2printf
    adc_leds.o(.text) refers to h1_alloc.o(.text) for malloc
    adc_leds.o(.text) refers to board_init.o(.text) for TOM_lcd_send_string
    adc_leds.o(.text) refers to strcmpv7m.o(.text) for strcmp
    adc_leds.o(.text) refers to noretval__2sprintf.o(.text) for __2sprintf
    adc_leds.o(.text) refers to adc_leds.o(.data) for volts
    swt.o(.text) refers to swt.o(.constdata) for SWT_mask
    serial.o(.text) refers to stm32f4xx_rcc.o(.text) for RCC_APB1PeriphClockCmd
    serial.o(.text) refers to stm32f4xx_gpio.o(.text) for GPIO_Init
    serial.o(.text) refers to stm32f4xx_usart.o(.text) for USART_Init
    serial.o(.text) refers to misc.o(.text) for NVIC_Init
    serial.o(.text) refers to rt_memcpy_v6.o(.text) for __aeabi_memcpy
    serial.o(.text) refers to adc.o(.text) for send_String
    serial.o(.text) refers to adc_leds.o(.text) for check_string_set_mode
    serial.o(.text) refers to board_init.o(.text) for TOM_lcd_send_string
    serial.o(.text) refers to rt_memclr.o(.text) for __aeabi_memclr
    serial.o(.text) refers to ringbuffer.o(.text) for ringbuffer_new
    serial.o(.text) refers to serial.o(.data) for rx_index
    serial.o(.text) refers to serial.o(.bss) for rx_buffer
    serial.o(.text) refers to adc_leds.o(.data) for ringbuffer
    retarget.o(.rev16_text) refers (Special) to use_no_semi.o(.text) for __use_no_semihosting_swi
    retarget.o(.revsh_text) refers (Special) to use_no_semi.o(.text) for __use_no_semihosting_swi
    retarget.o(.rrx_text) refers (Special) to use_no_semi.o(.text) for __use_no_semihosting_swi
    retarget.o(.text) refers (Special) to use_no_semi.o(.text) for __use_no_semihosting_swi
    retarget.o(.data) refers (Special) to use_no_semi.o(.text) for __use_no_semihosting_swi
    lcd_buffer.o(.text) refers to h1_free.o(.text) for free
    lcd_buffer.o(.text) refers to lcd_buffer.o(.bss) for unmalloc_buffer
    lcd_driver.o(.text) refers to lcd_buffer.o(.text) for buffer_empty
    lcd_driver.o(.text) refers to strlen.o(.text) for strlen
    lcd_driver.o(.text) refers to lcd_driver.o(.bss) for lcd_commandBuffer
    lcd_driver.o(.text) refers to lcd_driver.o(.data) for stage
    adc.o(.text) refers to utility.o(.text) for Delay
    stm32f4xx_gpio.o(.text) refers to stm32f4xx_rcc.o(.text) for RCC_AHB1PeriphResetCmd
    stm32f4xx_rcc.o(.text) refers to stm32f4xx_rcc.o(.data) for APBAHBPrescTable
    stm32f4xx_usart.o(.text) refers to stm32f4xx_rcc.o(.text) for RCC_APB2PeriphResetCmd
    sig_gen.o(.text) refers to stm32f4xx_tim.o(.text) for TIM_GetITStatus
    sig_gen.o(.text) refers to stm32f4xx_gpio.o(.text) for GPIO_SetBits
    sig_gen.o(.text) refers to misc.o(.text) for NVIC_Init
    sig_gen.o(.text) refers to stm32f4xx_rcc.o(.text) for RCC_APB1PeriphClockCmd
    sig_gen.o(.text) refers to sig_gen.o(.data) for pulse_width
    sig_gen.o(.text) refers to sig_gen.o(.bss) for TIM_TimeBaseStructure
    stm32f4xx_tim.o(.text) refers to stm32f4xx_rcc.o(.text) for RCC_APB2PeriphResetCmd
    utility.o(.text) refers to daddsub_clz.o(x$fpl$dsub) for __aeabi_dsub
    utility.o(.text) refers to dmul.o(x$fpl$dmul) for __aeabi_dmul
    utility.o(.text) refers to ddiv.o(x$fpl$ddiv) for __aeabi_ddiv
    utility.o(.text) refers to daddsub_clz.o(x$fpl$dadd) for __aeabi_dadd
    utility.o(.text) refers to utility.o(.data) for msTicks
    stm32f4xx_syscfg.o(.text) refers to stm32f4xx_rcc.o(.text) for RCC_APB2PeriphResetCmd
    board_init.o(.text) refers to stm32f4xx_rcc.o(.text) for RCC_APB2PeriphClockCmd
    board_init.o(.text) refers to stm32f4xx_gpio.o(.text) for GPIO_Init
    board_init.o(.text) refers to stm32f4xx_syscfg.o(.text) for SYSCFG_EXTILineConfig
[...]
    __rt_lib_init_lc_numeric_1               0x0800027d   Thumb Code     0  libinit2.o(.ARM.Collect$$libinit$$00000017)
    __rt_lib_init_lc_time_1                  0x0800027d   Thumb Code     0  libinit2.o(.ARM.Collect$$libinit$$00000019)
    __rt_lib_init_return                     0x0800027d   Thumb Code     0  libinit2.o(.ARM.Collect$$libinit$$00000033)
    __rt_lib_init_signal_1                   0x0800027d   Thumb Code     0  libinit2.o(.ARM.Collect$$libinit$$0000001D)
    __rt_lib_init_stdio_1                    0x0800027d   Thumb Code     0  libinit2.o(.ARM.Collect$$libinit$$00000025)
    __rt_lib_shutdown                        0x0800027f   Thumb Code     0  libshutdown.o(.ARM.Collect$$libshutdown$$00000000)
    __rt_lib_shutdown_cpp_1                  0x08000281   Thumb Code     0  libshutdown2.o(.ARM.Collect$$libshutdown$$00000002)
    __rt_lib_shutdown_fp_trap_1              0x08000281   Thumb Code     0  libshutdown2.o(.ARM.Collect$$libshutdown$$00000007)
    __rt_lib_shutdown_heap_1                 0x08000281   Thumb Code     0  libshutdown2.o(.ARM.Collect$$libshutdown$$0000000F)
    __rt_lib_shutdown_return                 0x08000281   Thumb Code     0  libshutdown2.o(.ARM.Collect$$libshutdown$$00000010)
    __rt_lib_shutdown_signal_1               0x08000281   Thumb Code     0  libshutdown2.o(.ARM.Collect$$libshutdown$$0000000A)
    __rt_lib_shutdown_stdio_1                0x08000281   Thumb Code     0  libshutdown2.o(.ARM.Collect$$libshutdown$$00000004)
    __rt_lib_shutdown_user_alloc_1           0x08000281   Thumb Code     0  libshutdown2.o(.ARM.Collect$$libshutdown$$0000000C)
    __rt_entry                               0x08000283   Thumb Code     0  __rtentry.o(.ARM.Collect$$rtentry$$00000000)
    __rt_entry_presh_1                       0x08000283   Thumb Code     0  __rtentry2.o(.ARM.Collect$$rtentry$$00000002)
    __rt_entry_sh                            0x08000283   Thumb Code     0  __rtentry4.o(.ARM.Collect$$rtentry$$00000004)
    __rt_entry_li                            0x08000289   Thumb Code     0  __rtentry2.o(.ARM.Collect$$rtentry$$0000000A)
    __rt_entry_postsh_1                      0x08000289   Thumb Code     0  __rtentry2.o(.ARM.Collect$$rtentry$$00000009)
    __rt_entry_main                          0x0800028d   Thumb Code     0  __rtentry2.o(.ARM.Collect$$rtentry$$0000000D)
    __rt_entry_postli_1                      0x0800028d   Thumb Code     0  __rtentry2.o(.ARM.Collect$$rtentry$$0000000C)
    __rt_exit                                0x08000295   Thumb Code     0  rtexit.o(.ARM.Collect$$rtexit$$00000000)
    __rt_exit_ls                             0x08000297   Thumb Code     0  rtexit2.o(.ARM.Collect$$rtexit$$00000003)
    __rt_exit_prels_1                        0x08000297   Thumb Code     0  rtexit2.o(.ARM.Collect$$rtexit$$00000002)
    __rt_exit_exit                           0x0800029b   Thumb Code     0  rtexit2.o(.ARM.Collect$$rtexit$$00000004)
    BTN_Get                                  0x080002a1   Thumb Code    10  adc_leds.o(.text)
    _maybe_terminate_alloc                   0x080002a1   Thumb Code     0  maybetermalloc1.o(.emb_text)
    check_state_changed                      0x080002ab   Thumb Code    40  adc_leds.o(.text)
    get_units                                0x080002d3   Thumb Code     6  adc_leds.o(.text)
    read_value                               0x080002d9   Thumb Code   184  adc_leds.o(.text)
    lcd_output_value                         0x08000391   Thumb Code    36  adc_leds.o(.text)
    bt_output_value                          0x080003b5   Thumb Code    32  adc_leds.o(.text)
    display_startup_message                  0x080003d5   Thumb Code    58  adc_leds.o(.text)
    auto_scale_hardware                      0x0800040f   Thumb Code     4  adc_leds.o(.text)
    transform_scale_to_hardware_pins         0x08000413   Thumb Code     2  adc_leds.o(.text)
    get_display_lcd_reading                  0x08000415   Thumb Code   114  adc_leds.o(.text)
    outputSine                               0x08000487   Thumb Code   104  adc_leds.o(.text)
    main_loop                                0x080004ef   Thumb Code    94  adc_leds.o(.text)
    check_string_set_mode                    0x0800054d   Thumb Code   252  adc_leds.o(.text)
    set_mode_menu                            0x08000649   Thumb Code    48  adc_leds.o(.text)
    menu                                     0x08000679   Thumb Code   278  adc_leds.o(.text)
    choose_mode                              0x0800078f   Thumb Code    54  adc_leds.o(.text)
    main                                     0x080007c5   Thumb Code    88  adc_leds.o(.text)
    SWT_Init                                 0x08000849   Thumb Code    52  swt.o(.text)
    SWT_Get                                  0x0800087d   Thumb Code     6  swt.o(.text)
    SWT_Check                                0x08000883   Thumb Code    24  swt.o(.text)
    USART3_IRQHandler                        0x080009f7   Thumb Code   132  serial.o(.text)
    serial_init                              0x08000a7b   Thumb Code    34  serial.o(.text)
    sendchar                                 0x08000ac1   Thumb Code    26  retarget.o(.text)
    fputc                                    0x08000adb   Thumb Code    14  retarget.o(.text)
    ferror                                   0x08000ae9   Thumb Code     8  retarget.o(.text)
    _ttywrch                                 0x08000af1   Thumb Code    12  retarget.o(.text)
    _sys_exit                                0x08000afd   Thumb Code     4  retarget.o(.text)
    buffer_init                              0x08000b05   Thumb Code    16  lcd_buffer.o(.text)
    buffer_destroy                           0x08000b15   Thumb Code    12  lcd_buffer.o(.text)
    buffer_full                              0x08000b21   Thumb Code    30  lcd_buffer.o(.text)
    buffer_empty                             0x08000b3f   Thumb Code    18  lcd_buffer.o(.text)
    buffer_put                               0x08000b51   Thumb Code    44  lcd_buffer.o(.text)
    buffer_get                               0x08000b7d   Thumb Code    44  lcd_buffer.o(.text)
    lcd_write                                0x08000bad   Thumb Code    62  lcd_driver.o(.text)
    lcd_move_cursor                          0x08000beb   Thumb Code    36  lcd_driver.o(.text)
    lcd_clear_display                        0x08000c0f   Thumb Code    32  lcd_driver.o(.text)
    lcd_change_settings                      0x08000c2f   Thumb Code    34  lcd_driver.o(.text)
    lcd_setup_timer                          0x08000c51   Thumb Code    54  lcd_driver.o(.text)
    lcd_setup_GPIO                           0x08000c87   Thumb Code   150  lcd_driver.o(.text)
    lcd_init                                 0x08000d1d   Thumb Code   130  lcd_driver.o(.text)
    lcd_write_string                         0x08000d9f   Thumb Code   128  lcd_driver.o(.text)
    lcd_write_center                         0x08000e1f   Thumb Code    54  lcd_driver.o(.text)
    lcd_scrolling                            0x08000e55   Thumb Code    48  lcd_driver.o(.text)
    TIM6_DAC_IRQHandler                      0x08000e85   Thumb Code   480  lcd_driver.o(.text)
    ADC1_init                                0x0800107d   Thumb Code   114  adc.o(.text)
    ADC2_init                                0x080010ef   Thumb Code   126  adc.o(.text)
    read_ADC1                                0x0800116d   Thumb Code    34  adc.o(.text)
    read_ADC2                                0x0800118f   Thumb Code    40  adc.o(.text)
    set_cont_ADC1                            0x080011b7   Thumb Code    24  adc.o(.text)
    read_cont_ADC1                           0x080011cf   Thumb Code    20  adc.o(.text)
    send_Char                                0x080011e3   Thumb Code    16  adc.o(.text)
    send_String                              0x080011f3   Thumb Code    34  adc.o(.text)
    GPIO_DeInit                              0x08001229   Thumb Code   268  stm32f4xx_gpio.o(.text)
    GPIO_Init                                0x08001335   Thumb Code   144  stm32f4xx_gpio.o(.text)
    GPIO_StructInit                          0x080013c5   Thumb Code    18  stm32f4xx_gpio.o(.text)
    GPIO_PinLockConfig                       0x080013d7   Thumb Code    34  stm32f4xx_gpio.o(.text)
    GPIO_ReadInputDataBit                    0x080013f9   Thumb Code    18  stm32f4xx_gpio.o(.text)
    GPIO_ReadInputData                       0x0800140b   Thumb Code     8  stm32f4xx_gpio.o(.text)
    GPIO_ReadOutputDataBit                   0x08001413   Thumb Code    18  stm32f4xx_gpio.o(.text)
    GPIO_ReadOutputData                      0x08001425   Thumb Code     8  stm32f4xx_gpio.o(.text)
    GPIO_SetBits                             0x0800142d   Thumb Code     4  stm32f4xx_gpio.o(.text)
    GPIO_ResetBits                           0x08001431   Thumb Code     4  stm32f4xx_gpio.o(.text)
    GPIO_WriteBit                            0x08001435   Thumb Code    10  stm32f4xx_gpio.o(.text)
    GPIO_Write                               0x0800143f   Thumb Code     4  stm32f4xx_gpio.o(.text)
    GPIO_ToggleBits                          0x08001443   Thumb Code     8  stm32f4xx_gpio.o(.text)
    GPIO_PinAFConfig                         0x0800144b   Thumb Code    70  stm32f4xx_gpio.o(.text)
    NVIC_PriorityGroupConfig                 0x080014bd   Thumb Code    10  misc.o(.text)
    NVIC_Init                                0x080014c7   Thumb Code   106  misc.o(.text)
    NVIC_SetVectorTable                      0x08001531   Thumb Code    14  misc.o(.text)
    NVIC_SystemLPConfig                      0x0800153f   Thumb Code    34  misc.o(.text)
    SysTick_CLKSourceConfig                  0x08001561   Thumb Code    40  misc.o(.text)
    RCC_DeInit                               0x0800159d   Thumb Code    82  stm32f4xx_rcc.o(.text)
    RCC_HSEConfig                            0x080015ef   Thumb Code    14  stm32f4xx_rcc.o(.text)
    RCC_GetFlagStatus                        0x080015fd   Thumb Code    60  stm32f4xx_rcc.o(.text)
    RCC_WaitForHSEStartUp                    0x08001639   Thumb Code    56  stm32f4xx_rcc.o(.text)
    RCC_AdjustHSICalibrationValue            0x08001671   Thumb Code    20  stm32f4xx_rcc.o(.text)
    RCC_HSICmd                               0x08001685   Thumb Code     6  stm32f4xx_rcc.o(.text)
    RCC_LSEConfig                            0x0800168b   Thumb Code    46  stm32f4xx_rcc.o(.text)
    RCC_LSICmd                               0x080016b9   Thumb Code     6  stm32f4xx_rcc.o(.text)
    RCC_PLLConfig                            0x080016bf   Thumb Code    32  stm32f4xx_rcc.o(.text)
    RCC_PLLCmd                               0x080016df   Thumb Code     6  stm32f4xx_rcc.o(.text)
    RCC_PLLI2SConfig                         0x080016e5   Thumb Code    14  stm32f4xx_rcc.o(.text)
    RCC_PLLI2SCmd                            0x080016f3   Thumb Code     6  stm32f4xx_rcc.o(.text)
    RCC_PLLSAIConfig                         0x080016f9   Thumb Code    20  stm32f4xx_rcc.o(.text)
    RCC_PLLSAICmd                            0x0800170d   Thumb Code     6  stm32f4xx_rcc.o(.text)
    RCC_ClockSecuritySystemCmd               0x08001713   Thumb Code     6  stm32f4xx_rcc.o(.text)
    RCC_MCO1Config                           0x08001719   Thumb Code    28  stm32f4xx_rcc.o(.text)
    RCC_MCO2Config                           0x08001735   Thumb Code    28  stm32f4xx_rcc.o(.text)
    RCC_SYSCLKConfig                         0x08001751   Thumb Code    20  stm32f4xx_rcc.o(.text)
    RCC_GetSYSCLKSource                      0x08001765   Thumb Code    12  stm32f4xx_rcc.o(.text)
    RCC_HCLKConfig                           0x08001771   Thumb Code    20  stm32f4xx_rcc.o(.text)
    RCC_PCLK1Config                          0x08001785   Thumb Code    20  stm32f4xx_rcc.o(.text)
    RCC_PCLK2Config                          0x08001799   Thumb Code    22  stm32f4xx_rcc.o(.text)
    RCC_GetClocksFreq                        0x080017af   Thumb Code   222  stm32f4xx_rcc.o(.text)
    RCC_RTCCLKConfig                         0x0800188d   Thumb Code    54  stm32f4xx_rcc.o(.text)
    RCC_RTCCLKCmd                            0x080018c3   Thumb Code     8  stm32f4xx_rcc.o(.text)
    RCC_BackupResetCmd                       0x080018cb   Thumb Code     8  stm32f4xx_rcc.o(.text)
    RCC_I2SCLKConfig                         0x080018d3   Thumb Code     6  stm32f4xx_rcc.o(.text)
    RCC_SAIBlockACLKConfig                   0x080018d9   Thumb Code    20  stm32f4xx_rcc.o(.text)
    RCC_SAIBlockBCLKConfig                   0x080018ed   Thumb Code    20  stm32f4xx_rcc.o(.text)
    RCC_SAIPLLI2SClkDivConfig                0x08001901   Thumb Code    26  stm32f4xx_rcc.o(.text)
    RCC_SAIPLLSAIClkDivConfig                0x0800191b   Thumb Code    28  stm32f4xx_rcc.o(.text)
    RCC_LTDCCLKDivConfig                     0x08001937   Thumb Code    20  stm32f4xx_rcc.o(.text)
    RCC_TIMCLKPresConfig                     0x0800194b   Thumb Code     6  stm32f4xx_rcc.o(.text)
    RCC_AHB1PeriphClockCmd                   0x08001951   Thumb Code    34  stm32f4xx_rcc.o(.text)
    RCC_AHB2PeriphClockCmd                   0x08001973   Thumb Code    78  stm32f4xx_rcc.o(.text)
    RCC_AHB3PeriphClockCmd                   0x080019c1   Thumb Code    34  stm32f4xx_rcc.o(.text)
    RCC_APB1PeriphClockCmd                   0x080019e3   Thumb Code    34  stm32f4xx_rcc.o(.text)
    RCC_APB2PeriphClockCmd                   0x08001a05   Thumb Code    34  stm32f4xx_rcc.o(.text)
    RCC_AHB1PeriphResetCmd                   0x08001a27   Thumb Code    34  stm32f4xx_rcc.o(.text)
    RCC_AHB2PeriphResetCmd                   0x08001a49   Thumb Code    34  stm32f4xx_rcc.o(.text)
    RCC_AHB3PeriphResetCmd                   0x08001a6b   Thumb Code    34  stm32f4xx_rcc.o(.text)
    RCC_APB1PeriphResetCmd                   0x08001a8d   Thumb Code    34  stm32f4xx_rcc.o(.text)
    RCC_APB2PeriphResetCmd                   0x08001aaf   Thumb Code    34  stm32f4xx_rcc.o(.text)
    RCC_AHB1PeriphClockLPModeCmd             0x08001ad1   Thumb Code    34  stm32f4xx_rcc.o(.text)
    RCC_AHB2PeriphClockLPModeCmd             0x08001af3   Thumb Code    34  stm32f4xx_rcc.o(.text)
    RCC_AHB3PeriphClockLPModeCmd             0x08001b15   Thumb Code    34  stm32f4xx_rcc.o(.text)
    RCC_APB1PeriphClockLPModeCmd             0x08001b37   Thumb Code    34  stm32f4xx_rcc.o(.text)
    RCC_APB2PeriphClockLPModeCmd             0x08001b59   Thumb Code    34  stm32f4xx_rcc.o(.text)
    RCC_LSEModeConfig                        0x08001b7b   Thumb Code    40  stm32f4xx_rcc.o(.text)
    RCC_ITConfig                             0x08001ba3   Thumb Code    34  stm32f4xx_rcc.o(.text)
    RCC_ClearFlag                            0x08001bc5   Thumb Code    18  stm32f4xx_rcc.o(.text)
    RCC_GetITStatus                          0x08001bd7   Thumb Code    22  stm32f4xx_rcc.o(.text)
    RCC_ClearITPendingBit                    0x08001bed   Thumb Code     8  stm32f4xx_rcc.o(.text)
    USART_DeInit                             0x08001bf9   Thumb Code   206  stm32f4xx_usart.o(.text)
    USART_Init                               0x08001cc7   Thumb Code   204  stm32f4xx_usart.o(.text)
    USART_StructInit                         0x08001d93   Thumb Code    24  stm32f4xx_usart.o(.text)
    USART_ClockInit                          0x08001dab   Thumb Code    32  stm32f4xx_usart.o(.text)
    USART_ClockStructInit                    0x08001dcb   Thumb Code    12  stm32f4xx_usart.o(.text)
    USART_Cmd                                0x08001dd7   Thumb Code    24  stm32f4xx_usart.o(.text)
    USART_SetPrescaler                       0x08001def   Thumb Code    16  stm32f4xx_usart.o(.text)
    USART_OverSampling8Cmd                   0x08001dff   Thumb Code    22  stm32f4xx_usart.o(.text)
    USART_OneBitMethodCmd                    0x08001e15   Thumb Code    24  stm32f4xx_usart.o(.text)
    USART_SendData                           0x08001e2d   Thumb Code     8  stm32f4xx_usart.o(.text)
    USART_ReceiveData                        0x08001e35   Thumb Code    10  stm32f4xx_usart.o(.text)
    USART_SetAddress                         0x08001e3f   Thumb Code    18  stm32f4xx_usart.o(.text)
    USART_ReceiverWakeUpCmd                  0x08001e51   Thumb Code    24  stm32f4xx_usart.o(.text)
    USART_WakeUpConfig                       0x08001e69   Thumb Code    18  stm32f4xx_usart.o(.text)
    USART_LINBreakDetectLengthConfig         0x08001e7b   Thumb Code    18  stm32f4xx_usart.o(.text)
    USART_LINCmd                             0x08001e8d   Thumb Code    24  stm32f4xx_usart.o(.text)
    USART_SendBreak                          0x08001ea5   Thumb Code    10  stm32f4xx_usart.o(.text)
    USART_HalfDuplexCmd                      0x08001eaf   Thumb Code    24  stm32f4xx_usart.o(.text)
    USART_SetGuardTime                       0x08001ec7   Thumb Code    16  stm32f4xx_usart.o(.text)
    USART_SmartCardCmd                       0x08001ed7   Thumb Code    24  stm32f4xx_usart.o(.text)
    USART_SmartCardNACKCmd                   0x08001eef   Thumb Code    24  stm32f4xx_usart.o(.text)
    USART_IrDAConfig                         0x08001f07   Thumb Code    18  stm32f4xx_usart.o(.text)
    USART_IrDACmd                            0x08001f19   Thumb Code    24  stm32f4xx_usart.o(.text)
    USART_DMACmd                             0x08001f31   Thumb Code    18  stm32f4xx_usart.o(.text)
    USART_ITConfig                           0x08001f43   Thumb Code    74  stm32f4xx_usart.o(.text)
    USART_GetFlagStatus                      0x08001f8d   Thumb Code    26  stm32f4xx_usart.o(.text)
    USART_ClearFlag                          0x08001fa7   Thumb Code    18  stm32f4xx_usart.o(.text)
    USART_GetITStatus                        0x08001fb9   Thumb Code   118  stm32f4xx_usart.o(.text)
    USART_ClearITPendingBit                  0x0800202f   Thumb Code    30  stm32f4xx_usart.o(.text)
    PWM_SetDC                                0x0800204d   Thumb Code    42  sig_gen.o(.text)
    TIM2_IRQHandler                          0x08002077   Thumb Code    86  sig_gen.o(.text)
    INTTIM_Config                            0x080020cd   Thumb Code    82  sig_gen.o(.text)
    PWM_Config                               0x0800211f   Thumb Code   170  sig_gen.o(.text)
    LED_Config                               0x080021c9   Thumb Code    42  sig_gen.o(.text)
    TIM_Config                               0x080021f3   Thumb Code   132  sig_gen.o(.text)
    generate_sine                            0x08002277   Thumb Code    64  sig_gen.o(.text)
    TIM_DeInit                               0x080022e9   Thumb Code   346  stm32f4xx_tim.o(.text)
    TIM_TimeBaseInit                         0x08002443   Thumb Code   104  stm32f4xx_tim.o(.text)
    TIM_TimeBaseStructInit                   0x080024ab   Thumb Code    18  stm32f4xx_tim.o(.text)
    TIM_PrescalerConfig                      0x080024bd   Thumb Code     6  stm32f4xx_tim.o(.text)
    TIM_CounterModeConfig                    0x080024c3   Thumb Code    18  stm32f4xx_tim.o(.text)
    TIM_SetCounter                           0x080024d5   Thumb Code     4  stm32f4xx_tim.o(.text)
    TIM_SetAutoreload                        0x080024d9   Thumb Code     4  stm32f4xx_tim.o(.text)
    TIM_GetCounter                           0x080024dd   Thumb Code     6  stm32f4xx_tim.o(.text)
    TIM_GetPrescaler                         0x080024e3   Thumb Code     6  stm32f4xx_tim.o(.text)
    TIM_UpdateDisableConfig                  0x080024e9   Thumb Code    24  stm32f4xx_tim.o(.text)
    TIM_UpdateRequestConfig                  0x08002501   Thumb Code    24  stm32f4xx_tim.o(.text)
    TIM_ARRPreloadConfig                     0x08002519   Thumb Code    24  stm32f4xx_tim.o(.text)
    TIM_SelectOnePulseMode                   0x08002531   Thumb Code    18  stm32f4xx_tim.o(.text)
    TIM_SetClockDivision                     0x08002543   Thumb Code    18  stm32f4xx_tim.o(.text)
    TIM_Cmd                                  0x08002555   Thumb Code    24  stm32f4xx_tim.o(.text)
    TIM_OC1Init                              0x0800256d   Thumb Code   114  stm32f4xx_tim.o(.text)
    TIM_OC2Init                              0x080025df   Thumb Code   154  stm32f4xx_tim.o(.text)
    TIM_OC3Init                              0x08002679   Thumb Code   204  stm32f4xx_tim.o(.text)
    TIM_OC4Init                              0x08002745   Thumb Code   112  stm32f4xx_tim.o(.text)
    TIM_OCStructInit                         0x080027b5   Thumb Code    20  stm32f4xx_tim.o(.text)
    TIM_SelectOCxM                           0x080027c9   Thumb Code    86  stm32f4xx_tim.o(.text)
    TIM_SetCompare1                          0x0800281f   Thumb Code     4  stm32f4xx_tim.o(.text)
    TIM_SetCompare2                          0x08002823   Thumb Code     4  stm32f4xx_tim.o(.text)
    TIM_SetCompare3                          0x08002827   Thumb Code     4  stm32f4xx_tim.o(.text)
    TIM_SetCompare4                          0x0800282b   Thumb Code     4  stm32f4xx_tim.o(.text)
    TIM_ForcedOC1Config                      0x0800282f   Thumb Code    18  stm32f4xx_tim.o(.text)
    TIM_ForcedOC2Config                      0x08002841   Thumb Code    26  stm32f4xx_tim.o(.text)
    TIM_ForcedOC3Config                      0x0800285b   Thumb Code    18  stm32f4xx_tim.o(.text)
    TIM_ForcedOC4Config                      0x0800286d   Thumb Code    26  stm32f4xx_tim.o(.text)
    TIM_OC1PreloadConfig                     0x08002887   Thumb Code    18  stm32f4xx_tim.o(.text)
    TIM_OC2PreloadConfig                     0x08002899   Thumb Code    26  stm32f4xx_tim.o(.text)
    TIM_OC3PreloadConfig                     0x080028b3   Thumb Code    18  stm32f4xx_tim.o(.text)
    TIM_OC4PreloadConfig                     0x080028c5   Thumb Code    26  stm32f4xx_tim.o(.text)
    TIM_OC1FastConfig                        0x080028df   Thumb Code    18  stm32f4xx_tim.o(.text)
    TIM_OC2FastConfig                        0x080028f1   Thumb Code    26  stm32f4xx_tim.o(.text)
    TIM_OC3FastConfig                        0x0800290b   Thumb Code    18  stm32f4xx_tim.o(.text)
    TIM_OC4FastConfig                        0x0800291d   Thumb Code    26  stm32f4xx_tim.o(.text)
    TIM_ClearOC1Ref                          0x08002937   Thumb Code    18  stm32f4xx_tim.o(.text)
    TIM_ClearOC2Ref                          0x08002949   Thumb Code    24  stm32f4xx_tim.o(.text)
    TIM_ClearOC3Ref                          0x08002961   Thumb Code    18  stm32f4xx_tim.o(.text)
    TIM_ClearOC4Ref                          0x08002973   Thumb Code    24  stm32f4xx_tim.o(.text)
    TIM_OC1PolarityConfig                    0x0800298b   Thumb Code    18  stm32f4xx_tim.o(.text)
    TIM_OC1NPolarityConfig                   0x0800299d   Thumb Code    18  stm32f4xx_tim.o(.text)
    TIM_OC2PolarityConfig                    0x080029af   Thumb Code    26  stm32f4xx_tim.o(.text)
    TIM_OC2NPolarityConfig                   0x080029c9   Thumb Code    26  stm32f4xx_tim.o(.text)
    TIM_OC3PolarityConfig                    0x080029e3   Thumb Code    26  stm32f4xx_tim.o(.text)
    TIM_OC3NPolarityConfig                   0x080029fd   Thumb Code    26  stm32f4xx_tim.o(.text)
    TIM_OC4PolarityConfig                    0x08002a17   Thumb Code    26  stm32f4xx_tim.o(.text)
    TIM_CCxCmd                               0x08002a31   Thumb Code    30  stm32f4xx_tim.o(.text)
    TIM_CCxNCmd                              0x08002a4f   Thumb Code    30  stm32f4xx_tim.o(.text)
    TIM_SetIC4Prescaler                      0x08002a6d   Thumb Code    26  stm32f4xx_tim.o(.text)
    TIM_SetIC3Prescaler                      0x08002ad7   Thumb Code    18  stm32f4xx_tim.o(.text)
    TIM_SetIC2Prescaler                      0x08002b31   Thumb Code    26  stm32f4xx_tim.o(.text)
    TIM_SetIC1Prescaler                      0x08002ba5   Thumb Code    18  stm32f4xx_tim.o(.text)
    TIM_ICInit                               0x08002bf1   Thumb Code   110  stm32f4xx_tim.o(.text)
    TIM_ICStructInit                         0x08002c5f   Thumb Code    18  stm32f4xx_tim.o(.text)
    TIM_PWMIConfig                           0x08002c71   Thumb Code   124  stm32f4xx_tim.o(.text)
    TIM_GetCapture1                          0x08002ced   Thumb Code     6  stm32f4xx_tim.o(.text)
    TIM_GetCapture2                          0x08002cf3   Thumb Code     6  stm32f4xx_tim.o(.text)
    TIM_GetCapture3                          0x08002cf9   Thumb Code     6  stm32f4xx_tim.o(.text)
    TIM_GetCapture4                          0x08002cff   Thumb Code     6  stm32f4xx_tim.o(.text)
    TIM_BDTRConfig                           0x08002d05   Thumb Code    32  stm32f4xx_tim.o(.text)
    TIM_BDTRStructInit                       0x08002d25   Thumb Code    18  stm32f4xx_tim.o(.text)
    TIM_CtrlPWMOutputs                       0x08002d37   Thumb Code    30  stm32f4xx_tim.o(.text)
    TIM_SelectCOM                            0x08002d55   Thumb Code    24  stm32f4xx_tim.o(.text)
    TIM_CCPreloadControl                     0x08002d6d   Thumb Code    24  stm32f4xx_tim.o(.text)
    TIM_ITConfig                             0x08002d85   Thumb Code    18  stm32f4xx_tim.o(.text)
    TIM_GenerateEvent                        0x08002d97   Thumb Code     4  stm32f4xx_tim.o(.text)
    TIM_GetFlagStatus                        0x08002d9b   Thumb Code    18  stm32f4xx_tim.o(.text)
    TIM_ClearFlag                            0x08002dad   Thumb Code     6  stm32f4xx_tim.o(.text)
    TIM_GetITStatus                          0x08002db3   Thumb Code    34  stm32f4xx_tim.o(.text)
    TIM_ClearITPendingBit                    0x08002dd5   Thumb Code     6  stm32f4xx_tim.o(.text)
    TIM_DMAConfig                            0x08002ddb   Thumb Code    10  stm32f4xx_tim.o(.text)
    TIM_DMACmd                               0x08002de5   Thumb Code    18  stm32f4xx_tim.o(.text)
    TIM_SelectCCDMA                          0x08002df7   Thumb Code    24  stm32f4xx_tim.o(.text)
    TIM_InternalClockConfig                  0x08002e0f   Thumb Code    12  stm32f4xx_tim.o(.text)
    TIM_SelectInputTrigger                   0x08002e1b   Thumb Code    18  stm32f4xx_tim.o(.text)
    TIM_ITRxExternalClockConfig              0x08002e2d   Thumb Code    24  stm32f4xx_tim.o(.text)
    TIM_TIxExternalClockConfig               0x08002e45   Thumb Code    62  stm32f4xx_tim.o(.text)
    TIM_ETRConfig                            0x08002e83   Thumb Code    28  stm32f4xx_tim.o(.text)
    TIM_ETRClockMode1Config                  0x08002e9f   Thumb Code    54  stm32f4xx_tim.o(.text)
    TIM_ETRClockMode2Config                  0x08002ed5   Thumb Code    32  stm32f4xx_tim.o(.text)
    TIM_SelectOutputTrigger                  0x08002ef5   Thumb Code    18  stm32f4xx_tim.o(.text)
    TIM_SelectSlaveMode                      0x08002f07   Thumb Code    18  stm32f4xx_tim.o(.text)
    TIM_SelectMasterSlaveMode                0x08002f19   Thumb Code    18  stm32f4xx_tim.o(.text)
    TIM_EncoderInterfaceConfig               0x08002f2b   Thumb Code    66  stm32f4xx_tim.o(.text)
    TIM_SelectHallSensor                     0x08002f6d   Thumb Code    24  stm32f4xx_tim.o(.text)
    TIM_RemapConfig                          0x08002f85   Thumb Code     6  stm32f4xx_tim.o(.text)
    SysTick_Handler                          0x08002f8d   Thumb Code    12  utility.o(.text)
    Delay                                    0x08002f99   Thumb Code    18  utility.o(.text)
    scale                                    0x08002fab   Thumb Code   156  utility.o(.text)
    EXTI_DeInit                              0x0800304d   Thumb Code    28  stm32f4xx_exti.o(.text)
    EXTI_Init                                0x08003069   Thumb Code   142  stm32f4xx_exti.o(.text)
    EXTI_StructInit                          0x080030f7   Thumb Code    16  stm32f4xx_exti.o(.text)
    EXTI_GenerateSWInterrupt                 0x08003107   Thumb Code    16  stm32f4xx_exti.o(.text)
    EXTI_GetFlagStatus                       0x08003117   Thumb Code    22  stm32f4xx_exti.o(.text)
    EXTI_ClearFlag                           0x0800312d   Thumb Code     8  stm32f4xx_exti.o(.text)
    EXTI_GetITStatus                         0x08003135   Thumb Code    22  stm32f4xx_exti.o(.text)
    EXTI_ClearITPendingBit                   0x0800314b   Thumb Code     8  stm32f4xx_exti.o(.text)
    SYSCFG_DeInit                            0x0800315d   Thumb Code    22  stm32f4xx_syscfg.o(.text)
    SYSCFG_MemoryRemapConfig                 0x08003173   Thumb Code     6  stm32f4xx_syscfg.o(.text)
    SYSCFG_MemorySwappingBank                0x08003179   Thumb Code     6  stm32f4xx_syscfg.o(.text)
    SYSCFG_EXTILineConfig                    0x0800317f   Thumb Code    66  stm32f4xx_syscfg.o(.text)
    SYSCFG_ETH_MediaInterfaceConfig          0x080031c1   Thumb Code     8  stm32f4xx_syscfg.o(.text)
    SYSCFG_CompensationCellCmd               0x080031c9   Thumb Code     6  stm32f4xx_syscfg.o(.text)
    SYSCFG_GetCompensationCellStatus         0x080031cf   Thumb Code    22  stm32f4xx_syscfg.o(.text)
    GPIO_init                                0x080031f1   Thumb Code   194  board_init.o(.text)
    EXTI9_5_IRQHandler                       0x080032b3   Thumb Code    70  board_init.o(.text)
    EXTI15_10_IRQHandler                     0x080032f9   Thumb Code   144  board_init.o(.text)
    TOM_lcd_init                             0x08003389   Thumb Code    36  board_init.o(.text)
    TOM_lcd_send_string                      0x080033ad   Thumb Code    48  board_init.o(.text)
    init_leds                                0x080033dd   Thumb Code    14  board_init.o(.text)
    init_board                               0x080033eb   Thumb Code   130  board_init.o(.text)
    ringbuffer_new                           0x080034ad   Thumb Code    76  ringbuffer.o(.text)
    ringbuffer_free                          0x080034f9   Thumb Code    42  ringbuffer.o(.text)
    ringbuffer_size                          0x08003523   Thumb Code     6  ringbuffer.o(.text)
    ringbuffer_head                          0x08003529   Thumb Code     8  ringbuffer.o(.text)
    ringbuffer_tail                          0x08003531   Thumb Code     8  ringbuffer.o(.text)
    ringbuffer_count                         0x08003539   Thumb Code     6  ringbuffer.o(.text)
    ringbuffer_is_full                       0x0800353f   Thumb Code    18  ringbuffer.o(.text)
    ringbuffer_push                          0x08003551   Thumb Code    48  ringbuffer.o(.text)
    ringbuffer_is_empty                      0x08003581   Thumb Code    14  ringbuffer.o(.text)
    ringbuffer_shift                         0x0800358f   Thumb Code    46  ringbuffer.o(.text)
    TimingDelay_Decrement                    0x08003601   Thumb Code   162  tm_stm32f4_delay.o(.text)
    TM_DELAY_Init                            0x080036a3   Thumb Code   110  tm_stm32f4_delay.o(.text)
    TM_DELAY_EnableDelayTimer                0x08003711   Thumb Code    28  tm_stm32f4_delay.o(.text)
    TM_DELAY_DisableDelayTimer               0x0800372d   Thumb Code    18  tm_stm32f4_delay.o(.text)
    TM_DELAY_TimerCreate                     0x0800373f   Thumb Code    90  tm_stm32f4_delay.o(.text)
    TM_DELAY_TimerDelete                     0x08003799   Thumb Code   126  tm_stm32f4_delay.o(.text)
    TM_DELAY_TimerStop                       0x08003817   Thumb Code     6  tm_stm32f4_delay.o(.text)
    TM_DELAY_TimerStart                      0x0800381d   Thumb Code     6  tm_stm32f4_delay.o(.text)
    TM_DELAY_TimerReset                      0x08003823   Thumb Code     6  tm_stm32f4_delay.o(.text)
    TM_DELAY_TimerAutoReload                 0x08003829   Thumb Code     4  tm_stm32f4_delay.o(.text)
    TM_DELAY_TimerAutoReloadValue            0x0800382d   Thumb Code     4  tm_stm32f4_delay.o(.text)
    TM_GPIO_GetPortSource                    0x08003855   Thumb Code    14  tm_stm32f4_gpio.o(.text)
    TM_GPIO_INT_Init                         0x08003863   Thumb Code   170  tm_stm32f4_gpio.o(.text)
    TM_GPIO_INT_EnableClock                  0x0800390d   Thumb Code    28  tm_stm32f4_gpio.o(.text)
    TM_GPIO_Init                             0x08003929   Thumb Code    48  tm_stm32f4_gpio.o(.text)
    TM_GPIO_InitAlternate                    0x08003959   Thumb Code   110  tm_stm32f4_gpio.o(.text)
    TM_GPIO_DeInit                           0x080039c7   Thumb Code    66  tm_stm32f4_gpio.o(.text)
    TM_GPIO_SetPinAsInput                    0x08003a09   Thumb Code    38  tm_stm32f4_gpio.o(.text)
    TM_GPIO_SetPinAsOutput                   0x08003a2f   Thumb Code    46  tm_stm32f4_gpio.o(.text)
    TM_GPIO_SetPinAsAnalog                   0x08003a5d   Thumb Code    38  tm_stm32f4_gpio.o(.text)
    TM_GPIO_SetPinAsAlternate                0x08003a83   Thumb Code    50  tm_stm32f4_gpio.o(.text)
    TM_GPIO_SetPullResistor                  0x08003ab5   Thumb Code    50  tm_stm32f4_gpio.o(.text)
    TM_GPIO_Lock                             0x08003ae7   Thumb Code    16  tm_stm32f4_gpio.o(.text)
    TM_GPIO_GetPinSource                     0x08003af7   Thumb Code    18  tm_stm32f4_gpio.o(.text)
    TM_GPIO_INT_DisableClock                 0x08003b09   Thumb Code    26  tm_stm32f4_gpio.o(.text)
    TM_GPIO_GetUsedPins                      0x08003b23   Thumb Code    18  tm_stm32f4_gpio.o(.text)
    TM_GPIO_GetFreePins                      0x08003b35   Thumb Code    22  tm_stm32f4_gpio.o(.text)
    TM_HD44780_Clear                         0x08003bf9   Thumb Code    18  tm_stm32f4_hd44780.o(.text)
    TM_HD44780_DisplayOn                     0x08003c0b   Thumb Code    26  tm_stm32f4_hd44780.o(.text)
    TM_HD44780_Init                          0x08003cc5   Thumb Code   158  tm_stm32f4_hd44780.o(.text)
    TM_HD44780_Puts                          0x08003dab   Thumb Code   126  tm_stm32f4_hd44780.o(.text)
    TM_HD44780_DisplayOff                    0x08003e29   Thumb Code    26  tm_stm32f4_hd44780.o(.text)
    TM_HD44780_BlinkOn                       0x08003e43   Thumb Code    26  tm_stm32f4_hd44780.o(.text)
    TM_HD44780_BlinkOff                      0x08003e5d   Thumb Code    26  tm_stm32f4_hd44780.o(.text)
    TM_HD44780_CursorOn                      0x08003e77   Thumb Code    26  tm_stm32f4_hd44780.o(.text)
    TM_HD44780_CursorOff                     0x08003e91   Thumb Code    26  tm_stm32f4_hd44780.o(.text)
    TM_HD44780_ScrollLeft                    0x08003eab   Thumb Code    10  tm_stm32f4_hd44780.o(.text)
    TM_HD44780_ScrollRight                   0x08003eb5   Thumb Code    10  tm_stm32f4_hd44780.o(.text)
    TM_HD44780_CreateChar                    0x08003ebf   Thumb Code    40  tm_stm32f4_hd44780.o(.text)
    TM_HD44780_PutCustom                     0x08003ee7   Thumb Code    24  tm_stm32f4_hd44780.o(.text)
    reading_new                              0x08003f29   Thumb Code    54  reading.o(.text)
    reading_get_value                        0x08003f5f   Thumb Code     6  reading.o(.text)
    reading_get_scale                        0x08003f65   Thumb Code     6  reading.o(.text)
    reading_get_unit                         0x08003f6b   Thumb Code     6  reading.o(.text)
    reading_set_value                        0x08003f71   Thumb Code     6  reading.o(.text)
    reading_set_scale                        0x08003f77   Thumb Code     4  reading.o(.text)
    reading_set_reading                      0x08003f7b   Thumb Code     4  reading.o(.text)
    reading_get_scaled_value                 0x08003f7f   Thumb Code    98  reading.o(.text)
    reading_get_normalised_value             0x08003fe1   Thumb Code    42  reading.o(.text)
    reading_get_message_form_from_units      0x0800400b   Thumb Code    54  reading.o(.text)
    reading_get_message_form                 0x08004041   Thumb Code    26  reading.o(.text)
    reading_get_val_prefix                   0x0800405b   Thumb Code   150  reading.o(.text)
    reading_need_scale                       0x080040f1   Thumb Code    60  reading.o(.text)
    reading_get_lcd_string                   0x0800412d   Thumb Code    64  reading.o(.text)
    Reset_Handler                            0x080041b5   Thumb Code     8  startup_stm32f407xx.o(.text)
    NMI_Handler                              0x080041bd   Thumb Code     2  startup_stm32f407xx.o(.text)
    HardFault_Handler                        0x080041bf   Thumb Code     2  startup_stm32f407xx.o(.text)
    MemManage_Handler                        0x080041c1   Thumb Code     2  startup_stm32f407xx.o(.text)
    BusFault_Handler                         0x080041c3   Thumb Code     2  startup_stm32f407xx.o(.text)
    UsageFault_Handler                       0x080041c5   Thumb Code     2  startup_stm32f407xx.o(.text)
    SVC_Handler                              0x080041c7   Thumb Code     2  startup_stm32f407xx.o(.text)
    DebugMon_Handler                         0x080041c9   Thumb Code     2  startup_stm32f407xx.o(.text)
    PendSV_Handler                           0x080041cb   Thumb Code     2  startup_stm32f407xx.o(.text)
    ADC_IRQHandler                           0x080041cf   Thumb Code     0  startup_stm32f407xx.o(.text)
    CAN1_RX0_IRQHandler                      0x080041cf   Thumb Code     0  startup_stm32f407xx.o(.text)
    CAN1_RX1_IRQHandler                      0x080041cf   Thumb Code     0  startup_stm32f407xx.o(.text)
    CAN1_SCE_IRQHandler                      0x080041cf   Thumb Code     0  startup_stm32f407xx.o(.text)
    CAN1_TX_IRQHandler                       0x080041cf   Thumb Code     0  startup_stm32f407xx.o(.text)
    CAN2_RX0_IRQHandler                      0x080041cf   Thumb Code     0  startup_stm32f407xx.o(.text)
    CAN2_RX1_IRQHandler                      0x080041cf   Thumb Code     0  startup_stm32f407xx.o(.text)
    CAN2_SCE_IRQHandler                      0x080041cf   Thumb Code     0  startup_stm32f407xx.o(.text)
    CAN2_TX_IRQHandler                       0x080041cf   Thumb Code     0  startup_stm32f407xx.o(.text)
    DCMI_IRQHandler                          0x080041cf   Thumb Code     0  startup_stm32f407xx.o(.text)
    DMA1_Stream0_IRQHandler                  0x080041cf   Thumb Code     0  startup_stm32f407xx.o(.text)
    DMA1_Stream1_IRQHandler                  0x080041cf   Thumb Code     0  startup_stm32f407xx.o(.text)
    DMA1_Stream2_IRQHandler                  0x080041cf   Thumb Code     0  startup_stm32f407xx.o(.text)
    DMA1_Stream3_IRQHandler                  0x080041cf   Thumb Code     0  startup_stm32f407xx.o(.text)
    DMA1_Stream4_IRQHandler                  0x080041cf   Thumb Code     0  startup_stm32f407xx.o(.text)
    DMA1_Stream5_IRQHandler                  0x080041cf   Thumb Code     0  startup_stm32f407xx.o(.text)
    DMA1_Stream6_IRQHandler                  0x080041cf   Thumb Code     0  startup_stm32f407xx.o(.text)
    DMA1_Stream7_IRQHandler                  0x080041cf   Thumb Code     0  startup_stm32f407xx.o(.text)
    DMA2_Stream0_IRQHandler                  0x080041cf   Thumb Code     0  startup_stm32f407xx.o(.text)
    DMA2_Stream1_IRQHandler                  0x080041cf   Thumb Code     0  startup_stm32f407xx.o(.text)
    DMA2_Stream2_IRQHandler                  0x080041cf   Thumb Code     0  startup_stm32f407xx.o(.text)
    DMA2_Stream3_IRQHandler                  0x080041cf   Thumb Code     0  startup_stm32f407xx.o(.text)
    DMA2_Stream4_IRQHandler                  0x080041cf   Thumb Code     0  startup_stm32f407xx.o(.text)
    DMA2_Stream5_IRQHandler                  0x080041cf   Thumb Code     0  startup_stm32f407xx.o(.text)
    DMA2_Stream6_IRQHandler                  0x080041cf   Thumb Code     0  startup_stm32f407xx.o(.text)
    DMA2_Stream7_IRQHandler                  0x080041cf   Thumb Code     0  startup_stm32f407xx.o(.text)
    ETH_IRQHandler                           0x080041cf   Thumb Code     0  startup_stm32f407xx.o(.text)
    ETH_WKUP_IRQHandler                      0x080041cf   Thumb Code     0  startup_stm32f407xx.o(.text)
    EXTI0_IRQHandler                         0x080041cf   Thumb Code     0  startup_stm32f407xx.o(.text)
    EXTI1_IRQHandler                         0x080041cf   Thumb Code     0  startup_stm32f407xx.o(.text)
    EXTI2_IRQHandler                         0x080041cf   Thumb Code     0  startup_stm32f407xx.o(.text)
    EXTI3_IRQHandler                         0x080041cf   Thumb Code     0  startup_stm32f407xx.o(.text)
    EXTI4_IRQHandler                         0x080041cf   Thumb Code     0  startup_stm32f407xx.o(.text)
    FLASH_IRQHandler                         0x080041cf   Thumb Code     0  startup_stm32f407xx.o(.text)
    FMC_IRQHandler                           0x080041cf   Thumb Code     0  startup_stm32f407xx.o(.text)
    FPU_IRQHandler                           0x080041cf   Thumb Code     0  startup_stm32f407xx.o(.text)
    HASH_RNG_IRQHandler                      0x080041cf   Thumb Code     0  startup_stm32f407xx.o(.text)
    I2C1_ER_IRQHandler                       0x080041cf   Thumb Code     0  startup_stm32f407xx.o(.text)
    I2C1_EV_IRQHandler                       0x080041cf   Thumb Code     0  startup_stm32f407xx.o(.text)
    I2C2_ER_IRQHandler                       0x080041cf   Thumb Code     0  startup_stm32f407xx.o(.text)
    I2C2_EV_IRQHandler                       0x080041cf   Thumb Code     0  startup_stm32f407xx.o(.text)
    I2C3_ER_IRQHandler                       0x080041cf   Thumb Code     0  startup_stm32f407xx.o(.text)
    I2C3_EV_IRQHandler                       0x080041cf   Thumb Code     0  startup_stm32f407xx.o(.text)
    OTG_FS_IRQHandler                        0x080041cf   Thumb Code     0  startup_stm32f407xx.o(.text)
    OTG_FS_WKUP_IRQHandler                   0x080041cf   Thumb Code     0  startup_stm32f407xx.o(.text)
    OTG_HS_EP1_IN_IRQHandler                 0x080041cf   Thumb Code     0  startup_stm32f407xx.o(.text)
    OTG_HS_EP1_OUT_IRQHandler                0x080041cf   Thumb Code     0  startup_stm32f407xx.o(.text)
    OTG_HS_IRQHandler                        0x080041cf   Thumb Code     0  startup_stm32f407xx.o(.text)
    OTG_HS_WKUP_IRQHandler                   0x080041cf   Thumb Code     0  startup_stm32f407xx.o(.text)
    PVD_IRQHandler                           0x080041cf   Thumb Code     0  startup_stm32f407xx.o(.text)
    RCC_IRQHandler                           0x080041cf   Thumb Code     0  startup_stm32f407xx.o(.text)
    RTC_Alarm_IRQHandler                     0x080041cf   Thumb Code     0  startup_stm32f407xx.o(.text)
    RTC_WKUP_IRQHandler                      0x080041cf   Thumb Code     0  startup_stm32f407xx.o(.text)
    SDIO_IRQHandler                          0x080041cf   Thumb Code     0  startup_stm32f407xx.o(.text)
    SPI1_IRQHandler                          0x080041cf   Thumb Code     0  startup_stm32f407xx.o(.text)
    SPI2_IRQHandler                          0x080041cf   Thumb Code     0  startup_stm32f407xx.o(.text)
    SPI3_IRQHandler                          0x080041cf   Thumb Code     0  startup_stm32f407xx.o(.text)
    TAMP_STAMP_IRQHandler                    0x080041cf   Thumb Code     0  startup_stm32f407xx.o(.text)
    TIM1_BRK_TIM9_IRQHandler                 0x080041cf   Thumb Code     0  startup_stm32f407xx.o(.text)
    TIM1_CC_IRQHandler                       0x080041cf   Thumb Code     0  startup_stm32f407xx.o(.text)
    TIM1_TRG_COM_TIM11_IRQHandler            0x080041cf   Thumb Code     0  startup_stm32f407xx.o(.text)
    TIM1_UP_TIM10_IRQHandler                 0x080041cf   Thumb Code     0  startup_stm32f407xx.o(.text)
    TIM3_IRQHandler                          0x080041cf   Thumb Code     0  startup_stm32f407xx.o(.text)
    TIM4_IRQHandler                          0x080041cf   Thumb Code     0  startup_stm32f407xx.o(.text)
    TIM5_IRQHandler                          0x080041cf   Thumb Code     0  startup_stm32f407xx.o(.text)
    TIM7_IRQHandler                          0x080041cf   Thumb Code     0  startup_stm32f407xx.o(.text)
    TIM8_BRK_TIM12_IRQHandler                0x080041cf   Thumb Code     0  startup_stm32f407xx.o(.text)
    TIM8_CC_IRQHandler                       0x080041cf   Thumb Code     0  startup_stm32f407xx.o(.text)
    TIM8_TRG_COM_TIM14_IRQHandler            0x080041cf   Thumb Code     0  startup_stm32f407xx.o(.text)
    TIM8_UP_TIM13_IRQHandler                 0x080041cf   Thumb Code     0  startup_stm32f407xx.o(.text)
    UART4_IRQHandler                         0x080041cf   Thumb Code     0  startup_stm32f407xx.o(.text)
    UART5_IRQHandler                         0x080041cf   Thumb Code     0  startup_stm32f407xx.o(.text)
    USART1_IRQHandler                        0x080041cf   Thumb Code     0  startup_stm32f407xx.o(.text)
    USART2_IRQHandler                        0x080041cf   Thumb Code     0  startup_stm32f407xx.o(.text)
    USART6_IRQHandler                        0x080041cf   Thumb Code     0  startup_stm32f407xx.o(.text)
    WWDG_IRQHandler                          0x080041cf   Thumb Code     0  startup_stm32f407xx.o(.text)
    __user_initial_stackheap                 0x080041d1   Thumb Code     0  startup_stm32f407xx.o(.text)
    SystemInit                               0x080042d1   Thumb Code    88  system_stm32f4xx.o(.text)
    SystemCoreClockUpdate                    0x08004329   Thumb Code   174  system_stm32f4xx.o(.text)
    __I$use$semihosting                      0x08004405   Thumb Code     0  use_no_semi.o(.text)
    __use_no_semihosting_swi                 0x08004405   Thumb Code     2  use_no_semi.o(.text)
    malloc                                   0x08004407   Thumb Code    94  h1_alloc.o(.text)
    free                                     0x08004465   Thumb Code    78  h1_free.o(.text)
    __2printf                                0x080044b5   Thumb Code    20  noretval__2printf.o(.text)
    __2sprintf                               0x080044cd   Thumb Code    34  noretval__2sprintf.o(.text)
    _printf_str                              0x080044f5   Thumb Code    82  _printf_str.o(.text)
    _printf_int_dec                          0x08004549   Thumb Code   104  _printf_dec.o(.text)
    __printf                                 0x080045c1   Thumb Code   270  __printf_wp.o(.text)
    __aeabi_assert                           0x080046d1   Thumb Code    86  assert.o(.text)
    __assert                                 0x080046d1   Thumb Code     0  assert.o(.text)
    strlen                                   0x08004751   Thumb Code    62  strlen.o(.text)
    __aeabi_memcpy                           0x0800478f   Thumb Code     0  rt_memcpy_v6.o(.text)
    __rt_memcpy                              0x0800478f   Thumb Code   138  rt_memcpy_v6.o(.text)
    _memcpy_lastbytes                        0x080047f5   Thumb Code     0  rt_memcpy_v6.o(.text)
    __aeabi_memclr                           0x08004819   Thumb Code     0  rt_memclr.o(.text)
    __rt_memclr                              0x08004819   Thumb Code    68  rt_memclr.o(.text)
    _memset                                  0x0800481d   Thumb Code     0  rt_memclr.o(.text)
    strcmp                                   0x0800485d   Thumb Code   128  strcmpv7m.o(.text)
    __use_two_region_memory                  0x080048dd   Thumb Code     2  heapauxi.o(.text)
    __rt_heap_escrow                         0x080048df   Thumb Code     2  heapauxi.o(.text)
    __rt_heap_expand                         0x080048e1   Thumb Code     2  heapauxi.o(.text)
    __rt_heap_descriptor                     0x080048e5   Thumb Code     8  rt_heap_descriptor_intlibspace.o(.text)
    __use_no_heap                            0x080048ed   Thumb Code     2  hguard.o(.text)
    __heap$guard                             0x080048ef   Thumb Code     2  hguard.o(.text)
    _terminate_user_alloc                    0x080048f1   Thumb Code     2  init_alloc.o(.text)
    _init_user_alloc                         0x080048f3   Thumb Code     2  init_alloc.o(.text)
    __Heap_Full                              0x080048f5   Thumb Code    34  init_alloc.o(.text)
    __Heap_Broken                            0x08004917   Thumb Code     6  init_alloc.o(.text)
    _init_alloc                              0x0800491d   Thumb Code    94  init_alloc.o(.text)
    __Heap_Initialize                        0x0800497b   Thumb Code    10  h1_init.o(.text)
    __Heap_DescSize                          0x08004985   Thumb Code     4  h1_init.o(.text)
    __read_errno                             0x08004989   Thumb Code    10  _rserrno.o(.text)
    __set_errno                              0x08004993   Thumb Code    12  _rserrno.o(.text)
    _printf_int_common                       0x0800499f   Thumb Code   178  _printf_intcommon.o(.text)
    __lib_sel_fp_printf                      0x08004a51   Thumb Code     2  _printf_fp_dec.o(.text)
    _printf_fp_dec_real                      0x08004bff   Thumb Code   620  _printf_fp_dec.o(.text)
    _printf_char_common                      0x08004e77   Thumb Code    32  _printf_char_common.o(.text)
    _sputc                                   0x08004e9d   Thumb Code    10  _sputc.o(.text)
    _printf_cs_common                        0x08004ea7   Thumb Code    20  _printf_char.o(.text)
    _printf_char                             0x08004ebb   Thumb Code    16  _printf_char.o(.text)
    _printf_string                           0x08004ecb   Thumb Code     8  _printf_char.o(.text)
    _printf_char_file                        0x08004ed5   Thumb Code    32  _printf_char_file.o(.text)
    abort                                    0x08004ef9   Thumb Code    22  abort.o(.text)
    __assert_puts                            0x08004f0f   Thumb Code    20  assert_puts.o(.text)
    __aeabi_memcpy4                          0x08004f23   Thumb Code     0  rt_memcpy_w.o(.text)
    __aeabi_memcpy8                          0x08004f23   Thumb Code     0  rt_memcpy_w.o(.text)
    __rt_memcpy_w                            0x08004f23   Thumb Code   100  rt_memcpy_w.o(.text)
    _memcpy_lastbytes_aligned                0x08004f6b   Thumb Code     0  rt_memcpy_w.o(.text)
    __aeabi_memclr4                          0x08004f87   Thumb Code     0  rt_memclr_w.o(.text)
    __aeabi_memclr8                          0x08004f87   Thumb Code     0  rt_memclr_w.o(.text)
    __rt_memclr_w                            0x08004f87   Thumb Code    78  rt_memclr_w.o(.text)
    _memset_w                                0x08004f8b   Thumb Code     0  rt_memclr_w.o(.text)
    __user_libspace                          0x08004fd5   Thumb Code     8  libspace.o(.text)
    __user_perproc_libspace                  0x08004fd5   Thumb Code     0  libspace.o(.text)
    __user_perthread_libspace                0x08004fd5   Thumb Code     0  libspace.o(.text)
    __rt_locale                              0x08004fdd   Thumb Code     8  rt_locale_intlibspace.o(.text)
    __aeabi_errno_addr                       0x08004fe5   Thumb Code     8  rt_errno_addr_intlibspace.o(.text)
    __errno$intlibspace                      0x08004fe5   Thumb Code     0  rt_errno_addr_intlibspace.o(.text)
    __rt_errno_addr$intlibspace              0x08004fe5   Thumb Code     0  rt_errno_addr_intlibspace.o(.text)
    __Heap_ProvideMemory                     0x08004fed   Thumb Code    52  h1_extend.o(.text)
    _ll_udiv10                               0x08005021   Thumb Code   138  lludiv10.o(.text)
    _printf_fp_infnan                        0x080050ad   Thumb Code   112  _printf_fp_infnan.o(.text)
    _btod_etento                             0x0800512d   Thumb Code   216  bigflt0.o(.text)
    __rt_SIGABRT                             0x08005209   Thumb Code    14  defsig_abrt_outer.o(.text)
    __rt_SIGRTMEM                            0x08005217   Thumb Code    14  defsig_rtmem_outer.o(.text)
    __user_setup_stackheap                   0x08005225   Thumb Code    74  sys_stackheap_outer.o(.text)
    exit                                     0x0800526f   Thumb Code    18  exit.o(.text)
    __sig_exit                               0x08005281   Thumb Code    10  defsig_exit.o(.text)
    __rt_SIGABRT_inner                       0x0800528d   Thumb Code    14  defsig_abrt_inner.o(.text)
    __rt_SIGRTMEM_inner                      0x080052bd   Thumb Code    22  defsig_rtmem_inner.o(.text)
    __default_signal_display                 0x0800530d   Thumb Code    50  defsig_general.o(.text)
    _btod_d2e                                0x0800533f   Thumb Code    62  btod.o(CL$$btod_d2e)
    _d2e_denorm_low                          0x0800537d   Thumb Code    70  btod.o(CL$$btod_d2e_denorm_low)
    _d2e_norm_op1                            0x080053c3   Thumb Code    96  btod.o(CL$$btod_d2e_norm_op1)
    __btod_div_common                        0x08005423   Thumb Code   696  btod.o(CL$$btod_div_common)
    _e2e                                     0x0800575b   Thumb Code   198  btod.o(CL$$btod_e2e)
    _btod_ediv                               0x08005821   Thumb Code    40  btod.o(CL$$btod_ediv)
    _btod_emul                               0x08005849   Thumb Code    40  btod.o(CL$$btod_emul)
    __btod_mult_common                       0x08005871   Thumb Code   580  btod.o(CL$$btod_mult_common)
    __ARM_fpclassify                         0x08005ab5   Thumb Code    48  fpclassify.o(i.__ARM_fpclassify)
    __hardfp_pow                             0x08005ae9   Thumb Code  3072  pow.o(i.__hardfp_pow)
    __kernel_poly                            0x08006739   Thumb Code   248  poly.o(i.__kernel_poly)
    __mathlib_dbl_divzero                    0x08006831   Thumb Code    28  dunder.o(i.__mathlib_dbl_divzero)
    __mathlib_dbl_infnan2                    0x08006861   Thumb Code    20  dunder.o(i.__mathlib_dbl_infnan2)
    __mathlib_dbl_invalid                    0x08006879   Thumb Code    24  dunder.o(i.__mathlib_dbl_invalid)
    __mathlib_dbl_overflow                   0x08006899   Thumb Code    24  dunder.o(i.__mathlib_dbl_overflow)
    __mathlib_dbl_underflow                  0x080068b9   Thumb Code    24  dunder.o(i.__mathlib_dbl_underflow)
    _is_digit                                0x080068d9   Thumb Code    14  __printf_wp.o(i._is_digit)
    fabs                                     0x080068e7   Thumb Code    24  fabs.o(i.fabs)
    sqrt                                     0x080068ff   Thumb Code   110  sqrt.o(i.sqrt)
    _get_lc_numeric                          0x0800696d   Thumb Code    44  lc_numeric_c.o(locale$$code)
    __aeabi_dneg                             0x08006999   Thumb Code     0  basic.o(x$fpl$basic)
    _dneg                                    0x08006999   Thumb Code     6  basic.o(x$fpl$basic)
    __aeabi_fneg                             0x0800699f   Thumb Code     0  basic.o(x$fpl$basic)
    _fneg                                    0x0800699f   Thumb Code     6  basic.o(x$fpl$basic)
    _dabs                                    0x080069a5   Thumb Code     6  basic.o(x$fpl$basic)
    _fabs                                    0x080069ab   Thumb Code     6  basic.o(x$fpl$basic)
    __aeabi_d2f                              0x080069b1   Thumb Code     0  d2f.o(x$fpl$d2f)
    _d2f                                     0x080069b1   Thumb Code    98  d2f.o(x$fpl$d2f)
    __aeabi_dadd                             0x08006a15   Thumb Code     0  daddsub_clz.o(x$fpl$dadd)
    _dadd                                    0x08006a15   Thumb Code   332  daddsub_clz.o(x$fpl$dadd)
    __fpl_dcheck_NaN1                        0x08006b65   Thumb Code    10  dcheck1.o(x$fpl$dcheck1)
    __fpl_dcmp_Inf                           0x08006b75   Thumb Code    24  dcmpi.o(x$fpl$dcmpinf)
    __aeabi_ddiv                             0x08006b8d   Thumb Code     0  ddiv.o(x$fpl$ddiv)
    _ddiv                                    0x08006b8d   Thumb Code   552  ddiv.o(x$fpl$ddiv)
    __aeabi_i2d                              0x08006e3d   Thumb Code     0  dflt_clz.o(x$fpl$dflt)
    _dflt                                    0x08006e3d   Thumb Code    46  dflt_clz.o(x$fpl$dflt)
    __aeabi_cdcmple                          0x08006e6d   Thumb Code     0  dleqf.o(x$fpl$dleqf)
    _dcmple                                  0x08006e6d   Thumb Code   120  dleqf.o(x$fpl$dleqf)
    __fpl_dcmple_InfNaN                      0x08006ecf   Thumb Code     0  dleqf.o(x$fpl$dleqf)
    __aeabi_dmul                             0x08006ee5   Thumb Code     0  dmul.o(x$fpl$dmul)
    _dmul                                    0x08006ee5   Thumb Code   332  dmul.o(x$fpl$dmul)
    __fpl_dnaninf                            0x08007039   Thumb Code   156  dnaninf.o(x$fpl$dnaninf)
    __fpl_dretinf                            0x080070d5   Thumb Code    12  dretinf.o(x$fpl$dretinf)
    __aeabi_cdrcmple                         0x080070e1   Thumb Code     0  drleqf.o(x$fpl$drleqf)
    _drcmple                                 0x080070e1   Thumb Code   108  drleqf.o(x$fpl$drleqf)
    __aeabi_drsub                            0x0800714d   Thumb Code     0  daddsub_clz.o(x$fpl$drsb)
    _drsb                                    0x0800714d   Thumb Code    22  daddsub_clz.o(x$fpl$drsb)
    _dsqrt                                   0x08007165   Thumb Code   404  dsqrt_umaal.o(x$fpl$dsqrt)
    __aeabi_dsub                             0x080072fd   Thumb Code     0  daddsub_clz.o(x$fpl$dsub)
    _dsub                                    0x080072fd   Thumb Code   464  daddsub_clz.o(x$fpl$dsub)
    __aeabi_f2d                              0x080074d1   Thumb Code     0  f2d.o(x$fpl$f2d)
    _f2d                                     0x080074d1   Thumb Code    86  f2d.o(x$fpl$f2d)
    __fpl_fnaninf                            0x08007527   Thumb Code   140  fnaninf.o(x$fpl$fnaninf)
    _fp_init                                 0x080075b3   Thumb Code    10  fpinit.o(x$fpl$fpinit)
    __fplib_config_fpu_vfp                   0x080075bb   Thumb Code     0  fpinit.o(x$fpl$fpinit)
    __fplib_config_pureend_doubles           0x080075bb   Thumb Code     0  fpinit.o(x$fpl$fpinit)
    __fpl_fretinf                            0x080075bd   Thumb Code    10  fretinf.o(x$fpl$fretinf)
    _printf_fp_dec                           0x080075c7   Thumb Code     4  printf1.o(x$fpl$printf1)
    __fpl_return_NaN                         0x080075cb   Thumb Code   100  retnan.o(x$fpl$retnan)
    __ARM_scalbn                             0x0800762f   Thumb Code    92  scalbn.o(x$fpl$scalbn)
    __fpl_cmpreturn                          0x0800768b   Thumb Code    48  trapv.o(x$fpl$trapveneer)
    __I$use$fp                               0x080076ba   Number         0  usenofp.o(x$fpl$usenofp)
    SWT_mask                                 0x080076bc   Data          32  swt.o(.constdata)
    AHBPrescTable                            0x080076dc   Data          16  system_stm32f4xx.o(.constdata)
    __mathlib_zero                           0x08007778   Data           8  qnan.o(.constdata)
    Region$$Table$$Base                      0x08007814   Number         0  anon$$obj.o(Region$$Table)
    Region$$Table$$Limit                     0x08007834   Number         0  anon$$obj.o(Region$$Table)
    ringbuffer                               0x20000000   Data           4  adc_leds.o(.data)
    state                                    0x20000004   Data           4  adc_leds.o(.data)
    scaleState                               0x20000008   Data           4  adc_leds.o(.data)
    volts                                    0x2000000c   Data           4  adc_leds.o(.data)
    amps                                     0x20000010   Data           4  adc_leds.o(.data)
    resistance                               0x20000014   Data           4  adc_leds.o(.data)
    signalCache                              0x20000018   Data           4  adc_leds.o(.data)
    sendSignal                               0x2000001c   Data           4  adc_leds.o(.data)
    board_is_reading                         0x20000020   Data           4  adc_leds.o(.data)
    current_mode                             0x20000024   Data           4  adc_leds.o(.data)
    startup                                  0x20000028   Data           4  adc_leds.o(.data)
    set_selection                            0x2000002c   Data           4  adc_leds.o(.data)
    menu_confirm_exit                        0x20000030   Data           4  adc_leds.o(.data)
    __stdout                                 0x20000038   Data           4  retarget.o(.data)
    GPIO_InitStructure                       0x20000058   Data           8  sig_gen.o(.data)
    sinetable                                0x20000060   Data         512  sig_gen.o(.data)
    pulse_width                              0x20000260   Data           2  sig_gen.o(.data)
    phase_accumulator                        0x20000264   Data           4  sig_gen.o(.data)
    angle                                    0x20000268   Data           1  sig_gen.o(.data)
    msTicks                                  0x2000026c   Data           4  utility.o(.data)
    TM_TimingDelay                           0x20000270   Data           4  tm_stm32f4_delay.o(.data)
    TM_Time                                  0x20000274   Data           4  tm_stm32f4_delay.o(.data)
    TM_Time2                                 0x20000278   Data           4  tm_stm32f4_delay.o(.data)
    mult                                     0x2000027c   Data           4  tm_stm32f4_delay.o(.data)
    TM_DELAY_Initialized                     0x20000280   Data           1  tm_stm32f4_delay.o(.data)
    SystemCoreClock                          0x20000288   Data           4  system_stm32f4xx.o(.data)
    line_buffer                              0x2000028c   Data          16  serial.o(.bss)
    unmalloc_buffer                          0x200002ac   Data         512  lcd_buffer.o(.bss)
    lcd_commandBuffer                        0x200004ac   Data          16  lcd_driver.o(.bss)
    USART_InitStructure                      0x200004bc   Data          16  sig_gen.o(.bss)
    TIM_TimeBaseStructure                    0x200004cc   Data          12  sig_gen.o(.bss)
    TIM_OCInitStructure                      0x200004d8   Data          20  sig_gen.o(.bss)
    __libspace_start                         0x2000051c   Data          96  libspace.o(.bss)
    __temporary_stack_top$libspace           0x2000057c   Data           0  libspace.o(.bss)



==============================================================================

Memory Map of the image

  Image Entry point : 0x08000189

  Load Region LR_IROM1 (Base: 0x08000000, Size: 0x00007adc, Max: 0x00100000, ABSOLUTE, COMPRESSED[0x00007a04])

    Execution Region ER_IROM1 (Base: 0x08000000, Size: 0x00007850, Max: 0x00100000, ABSOLUTE)

    Base Addr    Size         Type   Attr      Idx    E Section Name        Object

    0x08000000   0x00000188   Data   RO          859    RESET               startup_stm32f407xx.o
    0x08000188   0x00000008   Code   RO         1013  * !!!main             c_w.l(__main.o)
    0x08000190   0x00000034   Code   RO         1422    !!!scatter          c_w.l(__scatter.o)
    0x080001c4   0x0000005a   Code   RO         1420    !!dczerorl2         c_w.l(__dczerorl2.o)
    0x0800021e   0x00000002   PAD
    0x08000220   0x0000001c   Code   RO         1424    !!handler_zi        c_w.l(__scatter_zi.o)
    0x0800023c   0x00000000   Code   RO         1000    .ARM.Collect$$_printf_percent$$00000000  c_w.l(_printf_percent.o)
    0x0800023c   0x00000006   Code   RO          999    .ARM.Collect$$_printf_percent$$00000003  c_w.l(_printf_f.o)
    0x08000242   0x00000006   Code   RO          997    .ARM.Collect$$_printf_percent$$00000008  c_w.l(_printf_i.o)
    0x08000248   0x00000006   Code   RO          998    .ARM.Collect$$_printf_percent$$00000009  c_w.l(_printf_d.o)
    0x0800024e   0x00000006   Code   RO          995    .ARM.Collect$$_printf_percent$$00000013  c_w.l(_printf_c.o)
    0x08000254   0x00000006   Code   RO          996    .ARM.Collect$$_printf_percent$$00000014  c_w.l(_printf_s.o)
    0x0800025a   0x00000004   Code   RO         1115    .ARM.Collect$$_printf_percent$$00000017  c_w.l(_printf_percent_end.o)
    0x0800025e   0x00000002   Code   RO         1361    .ARM.Collect$$libinit$$00000000  c_w.l(libinit.o)
    0x08000260   0x00000004   Code   RO         1126    .ARM.Collect$$libinit$$00000001  c_w.l(libinit2.o)
    0x08000264   0x00000000   Code   RO         1129    .ARM.Collect$$libinit$$00000004  c_w.l(libinit2.o)
    0x08000264   0x00000008   Code   RO         1130    .ARM.Collect$$libinit$$00000005  c_w.l(libinit2.o)
    0x0800026c   0x00000000   Code   RO         1132    .ARM.Collect$$libinit$$0000000A  c_w.l(libinit2.o)
    0x0800026c   0x00000000   Code   RO         1134    .ARM.Collect$$libinit$$0000000C  c_w.l(libinit2.o)
    0x0800026c   0x00000000   Code   RO         1136    .ARM.Collect$$libinit$$0000000E  c_w.l(libinit2.o)
    0x0800026c   0x00000006   Code   RO         1137    .ARM.Collect$$libinit$$0000000F  c_w.l(libinit2.o)
    0x08000272   0x00000000   Code   RO         1139    .ARM.Collect$$libinit$$00000011  c_w.l(libinit2.o)
    0x08000272   0x00000000   Code   RO         1141    .ARM.Collect$$libinit$$00000013  c_w.l(libinit2.o)
    0x08000272   0x00000000   Code   RO         1143    .ARM.Collect$$libinit$$00000015  c_w.l(libinit2.o)
    0x08000272   0x0000000a   Code   RO         1144    .ARM.Collect$$libinit$$00000016  c_w.l(libinit2.o)
    0x0800027c   0x00000000   Code   RO         1145    .ARM.Collect$$libinit$$00000017  c_w.l(libinit2.o)
    0x0800027c   0x00000000   Code   RO         1147    .ARM.Collect$$libinit$$00000019  c_w.l(libinit2.o)
    0x0800027c   0x00000000   Code   RO         1149    .ARM.Collect$$libinit$$0000001B  c_w.l(libinit2.o)
    0x0800027c   0x00000000   Code   RO         1151    .ARM.Collect$$libinit$$0000001D  c_w.l(libinit2.o)
    0x0800027c   0x00000000   Code   RO         1153    .ARM.Collect$$libinit$$0000001F  c_w.l(libinit2.o)
    0x0800027c   0x00000000   Code   RO         1155    .ARM.Collect$$libinit$$00000021  c_w.l(libinit2.o)
    0x0800027c   0x00000000   Code   RO         1157    .ARM.Collect$$libinit$$00000023  c_w.l(libinit2.o)
    0x0800027c   0x00000000   Code   RO         1159    .ARM.Collect$$libinit$$00000025  c_w.l(libinit2.o)
    0x0800027c   0x00000000   Code   RO         1163    .ARM.Collect$$libinit$$0000002C  c_w.l(libinit2.o)
    0x0800027c   0x00000000   Code   RO         1165    .ARM.Collect$$libinit$$0000002E  c_w.l(libinit2.o)
    0x0800027c   0x00000000   Code   RO         1167    .ARM.Collect$$libinit$$00000030  c_w.l(libinit2.o)
    0x0800027c   0x00000000   Code   RO         1169    .ARM.Collect$$libinit$$00000032  c_w.l(libinit2.o)
    0x0800027c   0x00000002   Code   RO         1170    .ARM.Collect$$libinit$$00000033  c_w.l(libinit2.o)
    0x0800027e   0x00000002   Code   RO         1417    .ARM.Collect$$libshutdown$$00000000  c_w.l(libshutdown.o)
    0x08000280   0x00000000   Code   RO         1375    .ARM.Collect$$libshutdown$$00000002  c_w.l(libshutdown2.o)
    0x08000280   0x00000000   Code   RO         1377    .ARM.Collect$$libshutdown$$00000004  c_w.l(libshutdown2.o)
    0x08000280   0x00000000   Code   RO         1380    .ARM.Collect$$libshutdown$$00000007  c_w.l(libshutdown2.o)
    0x08000280   0x00000000   Code   RO         1383    .ARM.Collect$$libshutdown$$0000000A  c_w.l(libshutdown2.o)
    0x08000280   0x00000000   Code   RO         1385    .ARM.Collect$$libshutdown$$0000000C  c_w.l(libshutdown2.o)
    0x08000280   0x00000000   Code   RO         1388    .ARM.Collect$$libshutdown$$0000000F  c_w.l(libshutdown2.o)
    0x08000280   0x00000002   Code   RO         1389    .ARM.Collect$$libshutdown$$00000010  c_w.l(libshutdown2.o)
    0x08000282   0x00000000   Code   RO         1075    .ARM.Collect$$rtentry$$00000000  c_w.l(__rtentry.o)
    0x08000282   0x00000000   Code   RO         1250    .ARM.Collect$$rtentry$$00000002  c_w.l(__rtentry2.o)
    0x08000282   0x00000006   Code   RO         1262    .ARM.Collect$$rtentry$$00000004  c_w.l(__rtentry4.o)
    0x08000288   0x00000000   Code   RO         1252    .ARM.Collect$$rtentry$$00000009  c_w.l(__rtentry2.o)
    0x08000288   0x00000004   Code   RO         1253    .ARM.Collect$$rtentry$$0000000A  c_w.l(__rtentry2.o)
    0x0800028c   0x00000000   Code   RO         1255    .ARM.Collect$$rtentry$$0000000C  c_w.l(__rtentry2.o)
    0x0800028c   0x00000008   Code   RO         1256    .ARM.Collect$$rtentry$$0000000D  c_w.l(__rtentry2.o)
    0x08000294   0x00000002   Code   RO         1364    .ARM.Collect$$rtexit$$00000000  c_w.l(rtexit.o)
    0x08000296   0x00000000   Code   RO         1393    .ARM.Collect$$rtexit$$00000002  c_w.l(rtexit2.o)
    0x08000296   0x00000004   Code   RO         1394    .ARM.Collect$$rtexit$$00000003  c_w.l(rtexit2.o)
    0x0800029a   0x00000006   Code   RO         1395    .ARM.Collect$$rtexit$$00000004  c_w.l(rtexit2.o)
    0x080002a0   0x00000000   Code   RO         1276    .emb_text           c_w.l(maybetermalloc1.o)
    0x080002a0   0x000005a8   Code   RO            4    .text               adc_leds.o
    0x08000848   0x00000064   Code   RO          198    .text               swt.o
    0x080008ac   0x00000214   Code   RO          244    .text               serial.o
    0x08000ac0   0x00000044   Code   RO          279    .text               retarget.o
    0x08000b04   0x000000a8   Code   RO          307    .text               lcd_buffer.o
    0x08000bac   0x000004d0   Code   RO          325    .text               lcd_driver.o
    0x0800107c   0x000001ac   Code   RO          363    .text               adc.o
    0x08001228   0x00000294   Code   RO          387    .text               stm32f4xx_gpio.o
    0x080014bc   0x000000e0   Code   RO          411    .text               misc.o
    0x0800159c   0x0000065c   Code   RO          435    .text               stm32f4xx_rcc.o
    0x08001bf8   0x00000454   Code   RO          461    .text               stm32f4xx_usart.o
    0x0800204c   0x0000029c   Code   RO          485    .text               sig_gen.o
    0x080022e8   0x00000ca2   Code   RO          517    .text               stm32f4xx_tim.o
    0x08002f8a   0x00000002   PAD
    0x08002f8c   0x000000c0   Code   RO          541    .text               utility.o
    0x0800304c   0x00000110   Code   RO          568    .text               stm32f4xx_exti.o
    0x0800315c   0x00000094   Code   RO          592    .text               stm32f4xx_syscfg.o
    0x080031f0   0x000002bc   Code   RO          616    .text               board_init.o
    0x080034ac   0x00000154   Code   RO          668    .text               ringbuffer.o
    0x08003600   0x00000254   Code   RO          689    .text               tm_stm32f4_delay.o
    0x08003854   0x00000300   Code   RO          729    .text               tm_stm32f4_gpio.o
    0x08003b54   0x000003d4   Code   RO          758    .text               tm_stm32f4_hd44780.o
    0x08003f28   0x0000028c   Code   RO          818    .text               reading.o
    0x080041b4   0x00000040   Code   RO          860    .text               startup_stm32f407xx.o
    0x080041f4   0x00000210   Code   RO          867    .text               system_stm32f4xx.o
    0x08004404   0x00000002   Code   RO          897    .text               c_w.l(use_no_semi.o)
    0x08004406   0x0000005e   Code   RO          903    .text               c_w.l(h1_alloc.o)
    0x08004464   0x0000004e   Code   RO          905    .text               c_w.l(h1_free.o)
    0x080044b2   0x00000002   PAD
    0x080044b4   0x00000018   Code   RO          965    .text               c_w.l(noretval__2printf.o)
    0x080044cc   0x00000028   Code   RO          967    .text               c_w.l(noretval__2sprintf.o)
    0x080044f4   0x00000052   Code   RO          971    .text               c_w.l(_printf_str.o)
    0x08004546   0x00000002   PAD
    0x08004548   0x00000078   Code   RO          973    .text               c_w.l(_printf_dec.o)
    0x080045c0   0x0000010e   Code   RO          983    .text               c_w.l(__printf_wp.o)
    0x080046ce   0x00000002   PAD
    0x080046d0   0x00000080   Code   RO         1001    .text               c_w.l(assert.o)
    0x08004750   0x0000003e   Code   RO         1003    .text               c_w.l(strlen.o)
    0x0800478e   0x0000008a   Code   RO         1005    .text               c_w.l(rt_memcpy_v6.o)
    0x08004818   0x00000044   Code   RO         1007    .text               c_w.l(rt_memclr.o)
    0x0800485c   0x00000080   Code   RO         1009    .text               c_w.l(strcmpv7m.o)
    0x080048dc   0x00000006   Code   RO         1011    .text               c_w.l(heapauxi.o)
    0x080048e2   0x00000002   PAD
    0x080048e4   0x00000008   Code   RO         1079    .text               c_w.l(rt_heap_descriptor_intlibspace.o)
    0x080048ec   0x00000004   Code   RO         1081    .text               c_w.l(hguard.o)
    0x080048f0   0x0000008a   Code   RO         1083    .text               c_w.l(init_alloc.o)
    0x0800497a   0x0000000e   Code   RO         1087    .text               c_w.l(h1_init.o)
    0x08004988   0x00000016   Code   RO         1101    .text               c_w.l(_rserrno.o)
    0x0800499e   0x000000b2   Code   RO         1103    .text               c_w.l(_printf_intcommon.o)
    0x08004a50   0x0000041a   Code   RO         1105    .text               c_w.l(_printf_fp_dec.o)
    0x08004e6a   0x00000002   PAD
    0x08004e6c   0x00000030   Code   RO         1107    .text               c_w.l(_printf_char_common.o)
    0x08004e9c   0x0000000a   Code   RO         1109    .text               c_w.l(_sputc.o)
    0x08004ea6   0x0000002c   Code   RO         1111    .text               c_w.l(_printf_char.o)
    0x08004ed2   0x00000002   PAD
    0x08004ed4   0x00000024   Code   RO         1113    .text               c_w.l(_printf_char_file.o)
    0x08004ef8   0x00000016   Code   RO         1116    .text               c_w.l(abort.o)
    0x08004f0e   0x00000014   Code   RO         1118    .text               c_w.l(assert_puts.o)
    0x08004f22   0x00000064   Code   RO         1120    .text               c_w.l(rt_memcpy_w.o)
    0x08004f86   0x0000004e   Code   RO         1122    .text               c_w.l(rt_memclr_w.o)
    0x08004fd4   0x00000008   Code   RO         1246    .text               c_w.l(libspace.o)
    0x08004fdc   0x00000008   Code   RO         1267    .text               c_w.l(rt_locale_intlibspace.o)
    0x08004fe4   0x00000008   Code   RO         1272    .text               c_w.l(rt_errno_addr_intlibspace.o)
    0x08004fec   0x00000034   Code   RO         1278    .text               c_w.l(h1_extend.o)
    0x08005020   0x0000008a   Code   RO         1282    .text               c_w.l(lludiv10.o)
    0x080050aa   0x00000002   PAD
    0x080050ac   0x00000080   Code   RO         1284    .text               c_w.l(_printf_fp_infnan.o)
    0x0800512c   0x000000dc   Code   RO         1288    .text               c_w.l(bigflt0.o)
    0x08005208   0x0000000e   Code   RO         1316    .text               c_w.l(defsig_abrt_outer.o)
    0x08005216   0x0000000e   Code   RO         1320    .text               c_w.l(defsig_rtmem_outer.o)
    0x08005224   0x0000004a   Code   RO         1338    .text               c_w.l(sys_stackheap_outer.o)
    0x0800526e   0x00000012   Code   RO         1344    .text               c_w.l(exit.o)
    0x08005280   0x0000000a   Code   RO         1346    .text               c_w.l(defsig_exit.o)
    0x0800528a   0x00000002   PAD
    0x0800528c   0x00000030   Code   RO         1348    .text               c_w.l(defsig_abrt_inner.o)
    0x080052bc   0x00000050   Code   RO         1350    .text               c_w.l(defsig_rtmem_inner.o)
    0x0800530c   0x00000032   Code   RO         1372    .text               c_w.l(defsig_general.o)
    0x0800533e   0x0000003e   Code   RO         1291    CL$$btod_d2e        c_w.l(btod.o)
    0x0800537c   0x00000046   Code   RO         1293    CL$$btod_d2e_denorm_low  c_w.l(btod.o)
    0x080053c2   0x00000060   Code   RO         1292    CL$$btod_d2e_norm_op1  c_w.l(btod.o)
    0x08005422   0x00000338   Code   RO         1301    CL$$btod_div_common  c_w.l(btod.o)
    0x0800575a   0x000000c6   Code   RO         1298    CL$$btod_e2e        c_w.l(btod.o)
    0x08005820   0x00000028   Code   RO         1295    CL$$btod_ediv       c_w.l(btod.o)
    0x08005848   0x00000028   Code   RO         1294    CL$$btod_emul       c_w.l(btod.o)
    0x08005870   0x00000244   Code   RO         1300    CL$$btod_mult_common  c_w.l(btod.o)
    0x08005ab4   0x00000030   Code   RO         1208    i.__ARM_fpclassify  m_wm.l(fpclassify.o)
    0x08005ae4   0x00000004   PAD
    0x08005ae8   0x00000c50   Code   RO         1047    i.__hardfp_pow      m_wm.l(pow.o)
    0x08006738   0x000000f8   Code   RO         1226    i.__kernel_poly     m_wm.l(poly.o)
    0x08006830   0x00000030   Code   RO         1188    i.__mathlib_dbl_divzero  m_wm.l(dunder.o)
    0x08006860   0x00000014   Code   RO         1190    i.__mathlib_dbl_infnan2  m_wm.l(dunder.o)
    0x08006874   0x00000004   PAD
    0x08006878   0x00000020   Code   RO         1191    i.__mathlib_dbl_invalid  m_wm.l(dunder.o)
    0x08006898   0x00000020   Code   RO         1192    i.__mathlib_dbl_overflow  m_wm.l(dunder.o)
    0x080068b8   0x00000020   Code   RO         1194    i.__mathlib_dbl_underflow  m_wm.l(dunder.o)
    0x080068d8   0x0000000e   Code   RO          985    i._is_digit         c_w.l(__printf_wp.o)
    0x080068e6   0x00000018   Code   RO         1204    i.fabs              m_wm.l(fabs.o)
    0x080068fe   0x0000006e   Code   RO         1234    i.sqrt              m_wm.l(sqrt.o)
    0x0800696c   0x0000002c   Code   RO         1314    locale$$code        c_w.l(lc_numeric_c.o)
    0x08006998   0x00000018   Code   RO         1171    x$fpl$basic         fz_wm.l(basic.o)
    0x080069b0   0x00000062   Code   RO         1015    x$fpl$d2f           fz_wm.l(d2f.o)
    0x08006a12   0x00000002   PAD
    0x08006a14   0x00000150   Code   RO         1017    x$fpl$dadd          fz_wm.l(daddsub_clz.o)
    0x08006b64   0x00000010   Code   RO         1329    x$fpl$dcheck1       fz_wm.l(dcheck1.o)
    0x08006b74   0x00000018   Code   RO         1173    x$fpl$dcmpinf       fz_wm.l(dcmpi.o)
    0x08006b8c   0x000002b0   Code   RO         1024    x$fpl$ddiv          fz_wm.l(ddiv.o)
    0x08006e3c   0x0000002e   Code   RO         1034    x$fpl$dflt          fz_wm.l(dflt_clz.o)
    0x08006e6a   0x00000002   PAD
    0x08006e6c   0x00000078   Code   RO         1039    x$fpl$dleqf         fz_wm.l(dleqf.o)
    0x08006ee4   0x00000154   Code   RO         1041    x$fpl$dmul          fz_wm.l(dmul.o)
    0x08007038   0x0000009c   Code   RO         1175    x$fpl$dnaninf       fz_wm.l(dnaninf.o)
    0x080070d4   0x0000000c   Code   RO         1177    x$fpl$dretinf       fz_wm.l(dretinf.o)
    0x080070e0   0x0000006c   Code   RO         1179    x$fpl$drleqf        fz_wm.l(drleqf.o)
    0x0800714c   0x00000016   Code   RO         1018    x$fpl$drsb          fz_wm.l(daddsub_clz.o)
    0x08007162   0x00000002   PAD
    0x08007164   0x00000198   Code   RO         1331    x$fpl$dsqrt         fz_wm.l(dsqrt_umaal.o)
    0x080072fc   0x000001d4   Code   RO         1019    x$fpl$dsub          fz_wm.l(daddsub_clz.o)
    0x080074d0   0x00000056   Code   RO         1043    x$fpl$f2d           fz_wm.l(f2d.o)
    0x08007526   0x0000008c   Code   RO         1181    x$fpl$fnaninf       fz_wm.l(fnaninf.o)
    0x080075b2   0x0000000a   Code   RO         1333    x$fpl$fpinit        fz_wm.l(fpinit.o)
    0x080075bc   0x0000000a   Code   RO         1183    x$fpl$fretinf       fz_wm.l(fretinf.o)
    0x080075c6   0x00000004   Code   RO         1045    x$fpl$printf1       fz_wm.l(printf1.o)
    0x080075ca   0x00000064   Code   RO         1362    x$fpl$retnan        fz_wm.l(retnan.o)
    0x0800762e   0x0000005c   Code   RO         1185    x$fpl$scalbn        fz_wm.l(scalbn.o)
    0x0800768a   0x00000030   Code   RO         1390    x$fpl$trapveneer    fz_wm.l(trapv.o)
    0x080076ba   0x00000000   Code   RO         1187    x$fpl$usenofp       fz_wm.l(usenofp.o)
    0x080076ba   0x00000002   PAD
    0x080076bc   0x00000020   Data   RO          199    .constdata          swt.o
    0x080076dc   0x00000010   Data   RO          868    .constdata          system_stm32f4xx.o
    0x080076ec   0x00000004   PAD
    0x080076f0   0x00000088   Data   RO         1050    .constdata          m_wm.l(pow.o)
    0x08007778   0x00000008   Data   RO         1228    .constdata          m_wm.l(qnan.o)
    0x08007780   0x00000094   Data   RO         1289    .constdata          c_w.l(bigflt0.o)
    0x08007814   0x00000020   Data   RO         1418    Region$$Table       anon$$obj.o
    0x08007834   0x0000001c   Data   RO         1313    locale$$data        c_w.l(lc_numeric_c.o)


    Execution Region RW_IRAM1 (Base: 0x20000000, Size: 0x00000b80, Max: 0x00020000, ABSOLUTE, COMPRESSED[0x000001b4])

    Base Addr    Size         Type   Attr      Idx    E Section Name        Object

    0x20000000   0x00000034   Data   RW            5    .data               adc_leds.o
    0x20000034   0x00000004   Data   RW          246    .data               serial.o
    0x20000038   0x00000004   Data   RW          280    .data               retarget.o
    0x2000003c   0x00000009   Data   RW          327    .data               lcd_driver.o
    0x20000045   0x00000010   Data   RW          436    .data               stm32f4xx_rcc.o
    0x20000055   0x00000003   PAD
    0x20000058   0x00000211   Data   RW          487    .data               sig_gen.o
    0x20000269   0x00000003   PAD
    0x2000026c   0x00000004   Data   RW          542    .data               utility.o
    0x20000270   0x00000011   Data   RW          691    .data               tm_stm32f4_delay.o
    0x20000281   0x00000007   Data   RW          759    .data               tm_stm32f4_hd44780.o
    0x20000288   0x00000004   Data   RW          869    .data               system_stm32f4xx.o
    0x2000028c   0x0000001f   Zero   RW          245    .bss                serial.o
    0x200002ab   0x00000001   PAD
    0x200002ac   0x00000200   Zero   RW          308    .bss                lcd_buffer.o
    0x200004ac   0x00000010   Zero   RW          326    .bss                lcd_driver.o
    0x200004bc   0x00000030   Zero   RW          486    .bss                sig_gen.o
    0x200004ec   0x00000018   Zero   RW          690    .bss                tm_stm32f4_delay.o
    0x20000504   0x00000016   Zero   RW          730    .bss                tm_stm32f4_gpio.o
    0x2000051a   0x00000002   PAD
    0x2000051c   0x00000060   Zero   RW         1247    .bss                c_w.l(libspace.o)
    0x2000057c   0x00000004   PAD
    0x20000580   0x00000200   Zero   RW          858    HEAP                startup_stm32f407xx.o
    0x20000780   0x00000400   Zero   RW          857    STACK               startup_stm32f407xx.o


==============================================================================

Image component sizes


      Code (inc. data)   RO Data    RW Data    ZI Data      Debug   Object Name

       428         20          0          0          0       2173   adc.o
      1448        268          0         52          0     300109   adc_leds.o
       700         64          0          0          0      29381   board_init.o
       168          4          0          0        512       2322   lcd_buffer.o
      1232         70          0          9         16      30093   lcd_driver.o
       224         20          0          0          0       1941   misc.o
       652         72          0          0          0       5095   reading.o
        68          4          0          4          0       3129   retarget.o
       340         68          0          0          0       3506   ringbuffer.o
       532         36          0          4         31       3687   serial.o
       668         50          0        529         48       2674   sig_gen.o
        64         26        392          0       1536        848   startup_stm32f407xx.o
       272         10          0          0          0       2407   stm32f4xx_exti.o
       660         44          0          0          0       4277   stm32f4xx_gpio.o
      1628         52          0         16          0      13232   stm32f4xx_rcc.o
       148         12          0          0          0       1889   stm32f4xx_syscfg.o
      3234         60          0          0          0      23136   stm32f4xx_tim.o
      1108         34          0          0          0       8004   stm32f4xx_usart.o
       100         18         32          0          0       1440   swt.o
       528         46         16          4          0       1835   system_stm32f4xx.o
       596         36          0         17         24       6659   tm_stm32f4_delay.o
       768         10          0          0         22       7624   tm_stm32f4_gpio.o
       980         22          0          7          0       6710   tm_stm32f4_hd44780.o
       192          6          0          4          0       1688   utility.o

    ----------------------------------------------------------------------
     16740       1052        476        652       2192     463859   Object Totals
         0          0         32          0          0          0   (incl. Generated)
         2          0          4          6          3          0   (incl. Padding)

    ----------------------------------------------------------------------

      Code (inc. data)   RO Data    RW Data    ZI Data      Debug   Library Member Name

        90          0          0          0          0          0   __dczerorl2.o
         8          0          0          0          0         68   __main.o
       284          0          0          0          0        156   __printf_wp.o
         0          0          0          0          0          0   __rtentry.o
        12          0          0          0          0          0   __rtentry2.o
         6          0          0          0          0          0   __rtentry4.o
        52          8          0          0          0          0   __scatter.o
        28          0          0          0          0          0   __scatter_zi.o
         6          0          0          0          0          0   _printf_c.o
        44          0          0          0          0        108   _printf_char.o
        48          6          0          0          0         96   _printf_char_common.o
        36          4          0          0          0         80   _printf_char_file.o
         6          0          0          0          0          0   _printf_d.o
       120         16          0          0          0         92   _printf_dec.o
         6          0          0          0          0          0   _printf_f.o
      1050          0          0          0          0        216   _printf_fp_dec.o
       128         16          0          0          0         84   _printf_fp_infnan.o
         6          0          0          0          0          0   _printf_i.o
       178          0          0          0          0         88   _printf_intcommon.o
         0          0          0          0          0          0   _printf_percent.o
         4          0          0          0          0          0   _printf_percent_end.o
         6          0          0          0          0          0   _printf_s.o
        82          0          0          0          0         80   _printf_str.o
        22          0          0          0          0        100   _rserrno.o
        10          0          0          0          0         68   _sputc.o
        22          0          0          0          0         80   abort.o
       128         42          0          0          0         76   assert.o
        20          0          0          0          0         76   assert_puts.o
       220          4        148          0          0         96   bigflt0.o
      1910        128          0          0          0        672   btod.o
        48         34          0          0          0         76   defsig_abrt_inner.o
        14          0          0          0          0         80   defsig_abrt_outer.o
        10          0          0          0          0         68   defsig_exit.o
        50          0          0          0          0         88   defsig_general.o
        80         58          0          0          0         76   defsig_rtmem_inner.o
        14          0          0          0          0         80   defsig_rtmem_outer.o
        18          0          0          0          0         80   exit.o
        94          0          0          0          0         80   h1_alloc.o
        52          0          0          0          0         68   h1_extend.o
        78          0          0          0          0         80   h1_free.o
        14          0          0          0          0         84   h1_init.o
         6          0          0          0          0        152   heapauxi.o
         4          0          0          0          0        136   hguard.o
       138          0          0          0          0        168   init_alloc.o
        44         10         28          0          0         76   lc_numeric_c.o
         2          0          0          0          0          0   libinit.o
        30          0          0          0          0          0   libinit2.o
         2          0          0          0          0          0   libshutdown.o
         2          0          0          0          0          0   libshutdown2.o
         8          4          0          0         96         68   libspace.o
       138          0          0          0          0         80   lludiv10.o
         0          0          0          0          0          0   maybetermalloc1.o
        24          4          0          0          0         84   noretval__2printf.o
        40          6          0          0          0         84   noretval__2sprintf.o
         8          4          0          0          0         68   rt_errno_addr_intlibspace.o
         8          4          0          0          0         68   rt_heap_descriptor_intlibspace.o
         8          4          0          0          0         68   rt_locale_intlibspace.o
        68          0          0          0          0         68   rt_memclr.o
        78          0          0          0          0         80   rt_memclr_w.o
       138          0          0          0          0         68   rt_memcpy_v6.o
       100          0          0          0          0         80   rt_memcpy_w.o
         2          0          0          0          0          0   rtexit.o
        10          0          0          0          0          0   rtexit2.o
       128          0          0          0          0         68   strcmpv7m.o
        62          0          0          0          0         76   strlen.o
        74          0          0          0          0         80   sys_stackheap_outer.o
         2          0          0          0          0         68   use_no_semi.o
        24          0          0          0          0        164   basic.o
        98          4          0          0          0        140   d2f.o
       826         16          0          0          0        492   daddsub_clz.o
        16          4          0          0          0        116   dcheck1.o
        24          0          0          0          0        116   dcmpi.o
       688        140          0          0          0        256   ddiv.o
        46          0          0          0          0        116   dflt_clz.o
       120          4          0          0          0        140   dleqf.o
       340         12          0          0          0        152   dmul.o
       156          4          0          0          0        140   dnaninf.o
        12          0          0          0          0        116   dretinf.o
       108          0          0          0          0        128   drleqf.o
       408         56          0          0          0        168   dsqrt_umaal.o
        86          4          0          0          0        132   f2d.o
       140          4          0          0          0        132   fnaninf.o
        10          0          0          0          0        116   fpinit.o
        10          0          0          0          0        116   fretinf.o
         4          0          0          0          0        116   printf1.o
       100          0          0          0          0        116   retnan.o
        92          0          0          0          0        116   scalbn.o
        48          0          0          0          0        116   trapv.o
         0          0          0          0          0          0   usenofp.o
       164         44          0          0          0        620   dunder.o
        24          0          0          0          0        124   fabs.o
        48          0          0          0          0        124   fpclassify.o
       248          0          0          0          0        152   poly.o
      3152        296        136          0          0        352   pow.o
         0          0          8          0          0          0   qnan.o
       110          0          0          0          0        148   sqrt.o

    ----------------------------------------------------------------------
     13264        940        320          0        100       9460   Library Totals
        34          0          0          0          4          0   (incl. Padding)

    ----------------------------------------------------------------------

      Code (inc. data)   RO Data    RW Data    ZI Data      Debug   Library Name

      6128        352        176          0         96       4736   c_w.l
      3356        248          0          0          0       3204   fz_wm.l
      3746        340        144          0          0       1520   m_wm.l

    ----------------------------------------------------------------------
     13264        940        320          0        100       9460   Library Totals

    ----------------------------------------------------------------------

==============================================================================


      Code (inc. data)   RO Data    RW Data    ZI Data      Debug   

     30004       1992        796        652       2292     460963   Grand Totals
     30004       1992        796        436       2292     460963   ELF Image Totals (compressed)
     30004       1992        796        436          0          0   ROM Totals

==============================================================================

    Total RO  Size (Code + RO Data)                30800 (  30.08kB)
    Total RW  Size (RW Data + ZI Data)              2944 (   2.88kB)
    Total ROM Size (Code + RO Data + RW Data)      31236 (  30.50kB)

==============================================================================

