Component: ARM Compiler 5.06 update 4 (build 422) Tool: armlink [4d35d2]

==============================================================================

Section Cross References

    adc_leds.o(.text) refers to _printf_percent.o(.ARM.Collect$$_printf_percent$$00000000) for _printf_percent
    adc_leds.o(.text) refers to _printf_f.o(.ARM.Collect$$_printf_percent$$00000003) for _printf_f
    adc_leds.o(.text) refers to printf1.o(x$fpl$printf1) for _printf_fp_dec
    adc_leds.o(.text) refers to _printf_s.o(.ARM.Collect$$_printf_percent$$00000014) for _printf_s
    adc_leds.o(.text) refers to _printf_str.o(.text) for _printf_str
    adc_leds.o(.text) refers to swt.o(.text) for SWT_Check
    adc_leds.o(.text) refers to adc.o(.text) for read_ADC1
    adc_leds.o(.text) refers to f2d.o(x$fpl$f2d) for __aeabi_f2d
    adc_leds.o(.text) refers to noretval__2sprintf.o(.text) for __2sprintf
    adc_leds.o(.text) refers to lcd_driver.o(.text) for lcd_write_string
    adc_leds.o(.text) refers to h1_alloc.o(.text) for malloc
    adc_leds.o(.text) refers to utility.o(.text) for scale
    adc_leds.o(.text) refers to d2f.o(x$fpl$d2f) for __aeabi_d2f
    adc_leds.o(.text) refers to board_init.o(.text) for init_board
    swt.o(.text) refers to swt.o(.constdata) for SWT_mask
    serial.o(.text) refers to stm32f4xx_usart.o(.text) for USART_ReceiveData
    serial.o(.text) refers to ringbuffer.o(.text) for ringbuffer_push
    serial.o(.text) refers to stm32f4xx_rcc.o(.text) for RCC_APB1PeriphClockCmd
    serial.o(.text) refers to stm32f4xx_gpio.o(.text) for GPIO_Init
    serial.o(.text) refers to misc.o(.text) for NVIC_Init
    serial.o(.text) refers to lcd_driver.o(.text) for lcd_clear_display
    serial.o(.text) refers to utility.o(.text) for Delay
    serial.o(.text) refers to adc_leds.o(.data) for ringbuffer
    retarget.o(.rev16_text) refers (Special) to use_no_semi.o(.text) for __use_no_semihosting_swi
    retarget.o(.revsh_text) refers (Special) to use_no_semi.o(.text) for __use_no_semihosting_swi
    retarget.o(.rrx_text) refers (Special) to use_no_semi.o(.text) for __use_no_semihosting_swi
    retarget.o(.text) refers (Special) to use_no_semi.o(.text) for __use_no_semihosting_swi
    retarget.o(.data) refers (Special) to use_no_semi.o(.text) for __use_no_semihosting_swi
    lcd_buffer.o(.text) refers to h1_free.o(.text) for free
    lcd_buffer.o(.text) refers to lcd_buffer.o(.bss) for unmalloc_buffer
    lcd_driver.o(.text) refers to lcd_buffer.o(.text) for buffer_empty
    lcd_driver.o(.text) refers to strlen.o(.text) for strlen
    lcd_driver.o(.text) refers to lcd_driver.o(.bss) for lcd_commandBuffer
    lcd_driver.o(.text) refers to lcd_driver.o(.data) for stage
    adc.o(.text) refers to utility.o(.text) for Delay
    stm32f4xx_gpio.o(.text) refers to stm32f4xx_rcc.o(.text) for RCC_AHB1PeriphResetCmd
    stm32f4xx_rcc.o(.text) refers to stm32f4xx_rcc.o(.data) for APBAHBPrescTable
    stm32f4xx_usart.o(.text) refers to stm32f4xx_rcc.o(.text) for RCC_APB2PeriphResetCmd
    sig_gen.o(.text) refers to stm32f4xx_tim.o(.text) for TIM_GetITStatus
    sig_gen.o(.text) refers to stm32f4xx_gpio.o(.text) for GPIO_SetBits
    sig_gen.o(.text) refers to misc.o(.text) for NVIC_Init
    sig_gen.o(.text) refers to stm32f4xx_rcc.o(.text) for RCC_APB1PeriphClockCmd
    sig_gen.o(.text) refers to sig_gen.o(.data) for pulse_width
    sig_gen.o(.text) refers to sig_gen.o(.bss) for TIM_TimeBaseStructure
    stm32f4xx_tim.o(.text) refers to stm32f4xx_rcc.o(.text) for RCC_APB2PeriphResetCmd
    utility.o(.text) refers to daddsub_clz.o(x$fpl$dsub) for __aeabi_dsub
    utility.o(.text) refers to dmul.o(x$fpl$dmul) for __aeabi_dmul
    utility.o(.text) refers to ddiv.o(x$fpl$ddiv) for __aeabi_ddiv
    utility.o(.text) refers to daddsub_clz.o(x$fpl$dadd) for __aeabi_dadd
    utility.o(.text) refers to utility.o(.data) for msTicks
    stm32f4xx_syscfg.o(.text) refers to stm32f4xx_rcc.o(.text) for RCC_APB2PeriphResetCmd
    board_init.o(.text) refers to stm32f4xx_rcc.o(.text) for RCC_APB2PeriphClockCmd
    board_init.o(.text) refers to stm32f4xx_gpio.o(.text) for GPIO_Init
    board_init.o(.text) refers to stm32f4xx_syscfg.o(.text) for SYSCFG_EXTILineConfig
    board_init.o(.text) refers to stm32f4xx_exti.o(.text) for EXTI_Init
    board_init.o(.text) refers to misc.o(.text) for NVIC_Init
    board_init.o(.text) refers to adc.o(.text) for send_String
    board_init.o(.text) refers to system_stm32f4xx.o(.text) for SystemCoreClockUpdate
    board_init.o(.text) refers to ringbuffer.o(.text) for ringbuffer_new
    board_init.o(.text) refers to swt.o(.text) for SWT_Init
    board_init.o(.text) refers to lcd_driver.o(.text) for lcd_init
    board_init.o(.text) refers to serial.o(.text) for serial_init
    board_init.o(.text) refers to system_stm32f4xx.o(.data) for SystemCoreClock
    board_init.o(.text) refers to adc_leds.o(.data) for ringbuffer
    ringbuffer.o(.text) refers to h1_alloc.o(.text) for malloc
[...]
    .ARM.Collect$$rtentry$$0000000C          0x0800027a   Section        0  __rtentry2.o(.ARM.Collect$$rtentry$$0000000C)
    .ARM.Collect$$rtentry$$0000000D          0x0800027a   Section        8  __rtentry2.o(.ARM.Collect$$rtentry$$0000000D)
    .ARM.Collect$$rtexit$$00000000           0x08000282   Section        2  rtexit.o(.ARM.Collect$$rtexit$$00000000)
    .ARM.Collect$$rtexit$$00000002           0x08000284   Section        0  rtexit2.o(.ARM.Collect$$rtexit$$00000002)
    .ARM.Collect$$rtexit$$00000003           0x08000284   Section        4  rtexit2.o(.ARM.Collect$$rtexit$$00000003)
    .ARM.Collect$$rtexit$$00000004           0x08000288   Section        6  rtexit2.o(.ARM.Collect$$rtexit$$00000004)
    .emb_text                                0x08000290   Section        0  maybetermalloc1.o(.emb_text)
    .text                                    0x08000290   Section        0  adc_leds.o(.text)
    .text                                    0x08000500   Section        0  swt.o(.text)
    .text                                    0x08000564   Section        0  serial.o(.text)
    _configUSART3                            0x0800058b   Thumb Code   166  serial.o(.text)
    .text                                    0x080006a4   Section        0  retarget.o(.text)
    .text                                    0x080006e8   Section        0  lcd_buffer.o(.text)
    .text                                    0x08000790   Section        0  lcd_driver.o(.text)
    .text                                    0x08000c60   Section        0  adc.o(.text)
    .text                                    0x08000e0c   Section        0  stm32f4xx_gpio.o(.text)
    .text                                    0x080010a0   Section        0  misc.o(.text)
    .text                                    0x08001180   Section        0  stm32f4xx_rcc.o(.text)
    .text                                    0x080017dc   Section        0  stm32f4xx_usart.o(.text)
    .text                                    0x08001c30   Section        0  sig_gen.o(.text)
    .text                                    0x08001ecc   Section        0  stm32f4xx_tim.o(.text)
    TI4_Config                               0x0800266b   Thumb Code    80  stm32f4xx_tim.o(.text)
    TI3_Config                               0x080026cd   Thumb Code    72  stm32f4xx_tim.o(.text)
    TI2_Config                               0x0800272f   Thumb Code    90  stm32f4xx_tim.o(.text)
    TI1_Config                               0x0800279b   Thumb Code    58  stm32f4xx_tim.o(.text)
    .text                                    0x08002b70   Section        0  utility.o(.text)
    .text                                    0x08002c30   Section        0  stm32f4xx_exti.o(.text)
    .text                                    0x08002d40   Section        0  stm32f4xx_syscfg.o(.text)
    .text                                    0x08002dd4   Section        0  board_init.o(.text)
    .text                                    0x0800305c   Section        0  ringbuffer.o(.text)
    .text                                    0x080031b0   Section       64  startup_stm32f407xx.o(.text)
    $v0                                      0x080031b0   Number         0  startup_stm32f407xx.o(.text)
    .text                                    0x080031f0   Section        0  system_stm32f4xx.o(.text)
    SetSysClock                              0x080031f1   Thumb Code   220  system_stm32f4xx.o(.text)
    .text                                    0x08003400   Section        2  use_no_semi.o(.text)
    .text                                    0x08003402   Section        0  h1_alloc.o(.text)
    .text                                    0x08003460   Section        0  h1_free.o(.text)
    .text                                    0x080034b0   Section        0  noretval__2sprintf.o(.text)
    .text                                    0x080034d8   Section        0  _printf_str.o(.text)
    .text                                    0x0800352a   Section        0  __printf_wp.o(.text)
    .text                                    0x08003638   Section        0  assert.o(.text)
    .text                                    0x080036b8   Section        0  strlen.o(.text)
    .text                                    0x080036f6   Section        0  heapauxi.o(.text)
    .text                                    0x080036fc   Section        8  rt_heap_descriptor_intlibspace.o(.text)
    .text                                    0x08003704   Section        0  hguard.o(.text)
    .text                                    0x08003708   Section        0  init_alloc.o(.text)
    .text                                    0x08003792   Section        0  h1_init.o(.text)
    .text                                    0x080037a0   Section        0  _printf_fp_dec.o(.text)
    _fp_digits                               0x080037a3   Thumb Code   428  _printf_fp_dec.o(.text)
    .text                                    0x08003bbc   Section        0  _printf_char_common.o(.text)
    _printf_input_char                       0x08003bbd   Thumb Code    10  _printf_char_common.o(.text)
    .text                                    0x08003bec   Section        0  _sputc.o(.text)
    .text                                    0x08003bf6   Section        0  _printf_char.o(.text)
    .text                                    0x08003c22   Section        0  abort.o(.text)
    .text                                    0x08003c38   Section        0  assert_puts.o(.text)
    .text                                    0x08003c4c   Section        8  libspace.o(.text)
    .text                                    0x08003c54   Section        8  rt_locale_intlibspace.o(.text)
    .text                                    0x08003c5c   Section        0  h1_extend.o(.text)
    .text                                    0x08003c90   Section      138  lludiv10.o(.text)
    .text                                    0x08003d1c   Section        0  _printf_fp_infnan.o(.text)
    .text                                    0x08003d9c   Section        0  bigflt0.o(.text)
    .text                                    0x08003e78   Section        0  defsig_abrt_outer.o(.text)
    .text                                    0x08003e86   Section        0  defsig_rtmem_outer.o(.text)
    .text                                    0x08003e94   Section       74  sys_stackheap_outer.o(.text)
    .text                                    0x08003ede   Section        0  exit.o(.text)
    .text                                    0x08003ef0   Section        0  defsig_exit.o(.text)
    .text                                    0x08003efc   Section        0  defsig_abrt_inner.o(.text)
    .text                                    0x08003f2c   Section        0  defsig_rtmem_inner.o(.text)
    .text                                    0x08003f7c   Section      128  strcmpv7m.o(.text)
    .text                                    0x08003ffc   Section        0  defsig_general.o(.text)
    CL$$btod_d2e                             0x0800402e   Section       62  btod.o(CL$$btod_d2e)
    CL$$btod_d2e_denorm_low                  0x0800406c   Section       70  btod.o(CL$$btod_d2e_denorm_low)
    CL$$btod_d2e_norm_op1                    0x080040b2   Section       96  btod.o(CL$$btod_d2e_norm_op1)
    CL$$btod_div_common                      0x08004112   Section      824  btod.o(CL$$btod_div_common)
    CL$$btod_e2e                             0x0800444a   Section      198  btod.o(CL$$btod_e2e)
    CL$$btod_ediv                            0x08004510   Section       40  btod.o(CL$$btod_ediv)
    CL$$btod_emul                            0x08004538   Section       40  btod.o(CL$$btod_emul)
    CL$$btod_mult_common                     0x08004560   Section      580  btod.o(CL$$btod_mult_common)
    i.__ARM_fpclassify                       0x080047a4   Section        0  fpclassify.o(i.__ARM_fpclassify)
    i._is_digit                              0x080047d4   Section        0  __printf_wp.o(i._is_digit)
    locale$$code                             0x080047e4   Section       44  lc_numeric_c.o(locale$$code)
    x$fpl$d2f                                0x08004810   Section       98  d2f.o(x$fpl$d2f)
    $v0                                      0x08004810   Number         0  d2f.o(x$fpl$d2f)
    x$fpl$dadd                               0x08004874   Section      336  daddsub_clz.o(x$fpl$dadd)
    $v0                                      0x08004874   Number         0  daddsub_clz.o(x$fpl$dadd)
    _dadd1                                   0x08004885   Thumb Code     0  daddsub_clz.o(x$fpl$dadd)
    x$fpl$ddiv                               0x080049c4   Section      688  ddiv.o(x$fpl$ddiv)
    $v0                                      0x080049c4   Number         0  ddiv.o(x$fpl$ddiv)
    ddiv_entry                               0x080049cb   Thumb Code     0  ddiv.o(x$fpl$ddiv)
    x$fpl$dmul                               0x08004c74   Section      340  dmul.o(x$fpl$dmul)
    $v0                                      0x08004c74   Number         0  dmul.o(x$fpl$dmul)
    x$fpl$dnaninf                            0x08004dc8   Section      156  dnaninf.o(x$fpl$dnaninf)
    $v0                                      0x08004dc8   Number         0  dnaninf.o(x$fpl$dnaninf)
    x$fpl$dretinf                            0x08004e64   Section       12  dretinf.o(x$fpl$dretinf)
    $v0                                      0x08004e64   Number         0  dretinf.o(x$fpl$dretinf)
    x$fpl$dsub                               0x08004e70   Section      468  daddsub_clz.o(x$fpl$dsub)
    $v0                                      0x08004e70   Number         0  daddsub_clz.o(x$fpl$dsub)
    _dsub1                                   0x08004e81   Thumb Code     0  daddsub_clz.o(x$fpl$dsub)
    x$fpl$f2d                                0x08005044   Section       86  f2d.o(x$fpl$f2d)
    $v0                                      0x08005044   Number         0  f2d.o(x$fpl$f2d)
    x$fpl$fnaninf                            0x0800509a   Section      140  fnaninf.o(x$fpl$fnaninf)
    $v0                                      0x0800509a   Number         0  fnaninf.o(x$fpl$fnaninf)
    x$fpl$fpinit                             0x08005126   Section       10  fpinit.o(x$fpl$fpinit)
    $v0                                      0x08005126   Number         0  fpinit.o(x$fpl$fpinit)
    x$fpl$fretinf                            0x08005130   Section       10  fretinf.o(x$fpl$fretinf)
    $v0                                      0x08005130   Number         0  fretinf.o(x$fpl$fretinf)
    x$fpl$printf1                            0x0800513a   Section        4  printf1.o(x$fpl$printf1)
    $v0                                      0x0800513a   Number         0  printf1.o(x$fpl$printf1)
    x$fpl$usenofp                            0x0800513e   Section        0  usenofp.o(x$fpl$usenofp)
    .constdata                               0x08005140   Section       32  swt.o(.constdata)
    .constdata                               0x08005160   Section       16  system_stm32f4xx.o(.constdata)
    .constdata                               0x08005170   Section      148  bigflt0.o(.constdata)
    tenpwrs_x                                0x08005170   Data          60  bigflt0.o(.constdata)
    tenpwrs_i                                0x080051ac   Data          64  bigflt0.o(.constdata)
    locale$$data                             0x08005224   Section       28  lc_numeric_c.o(locale$$data)
    __lcnum_c_name                           0x08005228   Data           2  lc_numeric_c.o(locale$$data)
    __lcnum_c_start                          0x08005230   Data           0  lc_numeric_c.o(locale$$data)
    __lcnum_c_point                          0x0800523c   Data           0  lc_numeric_c.o(locale$$data)
    __lcnum_c_thousands                      0x0800523e   Data           0  lc_numeric_c.o(locale$$data)
    __lcnum_c_grouping                       0x0800523f   Data           0  lc_numeric_c.o(locale$$data)
    __lcnum_c_end                            0x08005240   Data           0  lc_numeric_c.o(locale$$data)
    .data                                    0x20000000   Section        4  adc_leds.o(.data)
    .data                                    0x20000004   Section        9  lcd_driver.o(.data)
    stage                                    0x20000004   Data           4  lcd_driver.o(.data)
    buffer_data                              0x20000008   Data           4  lcd_driver.o(.data)
    scrolling                                0x2000000c   Data           1  lcd_driver.o(.data)
    .data                                    0x2000000d   Section       16  stm32f4xx_rcc.o(.data)
    APBAHBPrescTable                         0x2000000d   Data          16  stm32f4xx_rcc.o(.data)
    .data                                    0x20000020   Section      529  sig_gen.o(.data)
    .data                                    0x20000234   Section        4  utility.o(.data)
    .data                                    0x20000238   Section        4  system_stm32f4xx.o(.data)
    .bss                                     0x2000023c   Section      512  lcd_buffer.o(.bss)
    .bss                                     0x2000043c   Section       16  lcd_driver.o(.bss)
    .bss                                     0x2000044c   Section       48  sig_gen.o(.bss)
    .bss                                     0x2000047c   Section       96  libspace.o(.bss)
    HEAP                                     0x200004e0   Section      512  startup_stm32f407xx.o(HEAP)
    Heap_Mem                                 0x200004e0   Data         512  startup_stm32f407xx.o(HEAP)
    STACK                                    0x200006e0   Section     1024  startup_stm32f407xx.o(STACK)
    Stack_Mem                                0x200006e0   Data        1024  startup_stm32f407xx.o(STACK)
    __initial_sp                             0x20000ae0   Data           0  startup_stm32f407xx.o(STACK)

    Global Symbols

    Symbol Name                              Value     Ov Type        Size  Object(Section)

    BuildAttributes$$THM_ISAv4$E$P$D$K$B$S$7EM$VFPi3$EXTD16$VFPS$VFMA$PE$A:L22UL41UL21$X:L11$S22US41US21$IEEE1$IW$USESV6$~STKCKD$USESV7$~SHL$OTIME$ROPI$IEEEJ$EBA8$UX$STANDARDLIB$REQ8$PRES8$EABIv2 0x00000000   Number         0  anon$$obj.o ABSOLUTE
    __ARM_use_no_argv                        0x00000000   Number         0  adc_leds.o ABSOLUTE
    _printf_flags                            0x00000000   Number         0  printf_stubs.o ABSOLUTE
    _printf_return_value                     0x00000000   Number         0  printf_stubs.o ABSOLUTE
    _printf_sizespec                         0x00000000   Number         0  printf_stubs.o ABSOLUTE
    _printf_widthprec                        0x00000000   Number         0  printf_stubs.o ABSOLUTE
    __ARM_exceptions_init                     - Undefined Weak Reference
    __alloca_initialize                       - Undefined Weak Reference
    __arm_preinit_                            - Undefined Weak Reference
    __cpp_initialize__aeabi_                  - Undefined Weak Reference
    __cxa_finalize                            - Undefined Weak Reference
    __sigvec_lookup                           - Undefined Weak Reference
    __user_heap_extent                        - Undefined Weak Reference
    _atexit_init                              - Undefined Weak Reference
    _call_atexit_fns                          - Undefined Weak Reference
    _clock_init                               - Undefined Weak Reference
    _fp_trap_init                             - Undefined Weak Reference
    _fp_trap_shutdown                         - Undefined Weak Reference
    _get_lc_collate                           - Undefined Weak Reference
    _get_lc_ctype                             - Undefined Weak Reference
    _get_lc_monetary                          - Undefined Weak Reference
    _get_lc_time                              - Undefined Weak Reference
    _getenv_init                              - Undefined Weak Reference
    _handle_redirection                       - Undefined Weak Reference
    _initio                                   - Undefined Weak Reference
    _mutex_acquire                            - Undefined Weak Reference
    _mutex_free                               - Undefined Weak Reference
    _mutex_release                            - Undefined Weak Reference
    _printf_mbtowc                            - Undefined Weak Reference
    _printf_post_padding                      - Undefined Weak Reference
    _printf_pre_padding                       - Undefined Weak Reference
    _rand_init                                - Undefined Weak Reference
    _signal_finish                            - Undefined Weak Reference
    _signal_init                              - Undefined Weak Reference
    _terminateio                              - Undefined Weak Reference
    __Vectors_Size                           0x00000188   Number         0  startup_stm32f407xx.o ABSOLUTE
    __Vectors                                0x08000000   Data           4  startup_stm32f407xx.o(RESET)
    __Vectors_End                            0x08000188   Data           0  startup_stm32f407xx.o(RESET)
    __main                                   0x08000189   Thumb Code     8  __main.o(!!!main)
    __scatterload                            0x08000191   Thumb Code     0  __scatter.o(!!!scatter)
    __scatterload_rt2                        0x08000191   Thumb Code    44  __scatter.o(!!!scatter)
    __scatterload_rt2_thumb_only             0x08000191   Thumb Code     0  __scatter.o(!!!scatter)
    __scatterload_null                       0x0800019f   Thumb Code     0  __scatter.o(!!!scatter)
    __decompress                             0x080001c5   Thumb Code    90  __dczerorl2.o(!!dczerorl2)
    __decompress1                            0x080001c5   Thumb Code     0  __dczerorl2.o(!!dczerorl2)
    __scatterload_zeroinit                   0x08000221   Thumb Code    28  __scatter_zi.o(!!handler_zi)
    _printf_f                                0x0800023d   Thumb Code     0  _printf_f.o(.ARM.Collect$$_printf_percent$$00000003)
    _printf_percent                          0x0800023d   Thumb Code     0  _printf_percent.o(.ARM.Collect$$_printf_percent$$00000000)
    _printf_s                                0x08000243   Thumb Code     0  _printf_s.o(.ARM.Collect$$_printf_percent$$00000014)
    _printf_percent_end                      0x08000249   Thumb Code     0  _printf_percent_end.o(.ARM.Collect$$_printf_percent$$00000017)
    __rt_lib_init                            0x0800024d   Thumb Code     0  libinit.o(.ARM.Collect$$libinit$$00000000)
    __rt_lib_init_fp_1                       0x0800024f   Thumb Code     0  libinit2.o(.ARM.Collect$$libinit$$00000001)
    __rt_lib_init_heap_2                     0x08000253   Thumb Code     0  libinit2.o(.ARM.Collect$$libinit$$00000005)
    __rt_lib_init_preinit_1                  0x08000253   Thumb Code     0  libinit2.o(.ARM.Collect$$libinit$$00000004)
    __rt_lib_init_heap_1                     0x0800025b   Thumb Code     0  libinit2.o(.ARM.Collect$$libinit$$0000000A)
    __rt_lib_init_lc_common                  0x0800025b   Thumb Code     0  libinit2.o(.ARM.Collect$$libinit$$0000000F)
    __rt_lib_init_rand_1                     0x0800025b   Thumb Code     0  libinit2.o(.ARM.Collect$$libinit$$0000000E)
    __rt_lib_init_user_alloc_1               0x0800025b   Thumb Code     0  libinit2.o(.ARM.Collect$$libinit$$0000000C)
    __rt_lib_init_lc_collate_1               0x08000261   Thumb Code     0  libinit2.o(.ARM.Collect$$libinit$$00000011)
    __rt_lib_init_lc_ctype_1                 0x08000261   Thumb Code     0  libinit2.o(.ARM.Collect$$libinit$$00000013)
    __rt_lib_init_lc_monetary_1              0x08000261   Thumb Code     0  libinit2.o(.ARM.Collect$$libinit$$00000015)
    __rt_lib_init_lc_numeric_2               0x08000261   Thumb Code     0  libinit2.o(.ARM.Collect$$libinit$$00000016)
    __rt_lib_init_alloca_1                   0x0800026b   Thumb Code     0  libinit2.o(.ARM.Collect$$libinit$$0000002E)
    __rt_lib_init_argv_1                     0x0800026b   Thumb Code     0  libinit2.o(.ARM.Collect$$libinit$$0000002C)
    __rt_lib_init_atexit_1                   0x0800026b   Thumb Code     0  libinit2.o(.ARM.Collect$$libinit$$0000001B)
    __rt_lib_init_clock_1                    0x0800026b   Thumb Code     0  libinit2.o(.ARM.Collect$$libinit$$00000021)
    __rt_lib_init_cpp_1                      0x0800026b   Thumb Code     0  libinit2.o(.ARM.Collect$$libinit$$00000032)
    __rt_lib_init_exceptions_1               0x0800026b   Thumb Code     0  libinit2.o(.ARM.Collect$$libinit$$00000030)
    __rt_lib_init_fp_trap_1                  0x0800026b   Thumb Code     0  libinit2.o(.ARM.Collect$$libinit$$0000001F)
    __rt_lib_init_getenv_1                   0x0800026b   Thumb Code     0  libinit2.o(.ARM.Collect$$libinit$$00000023)
    __rt_lib_init_lc_numeric_1               0x0800026b   Thumb Code     0  libinit2.o(.ARM.Collect$$libinit$$00000017)
    __rt_lib_init_lc_time_1                  0x0800026b   Thumb Code     0  libinit2.o(.ARM.Collect$$libinit$$00000019)
    __rt_lib_init_return                     0x0800026b   Thumb Code     0  libinit2.o(.ARM.Collect$$libinit$$00000033)
    __rt_lib_init_signal_1                   0x0800026b   Thumb Code     0  libinit2.o(.ARM.Collect$$libinit$$0000001D)
    __rt_lib_init_stdio_1                    0x0800026b   Thumb Code     0  libinit2.o(.ARM.Collect$$libinit$$00000025)
    __rt_lib_shutdown                        0x0800026d   Thumb Code     0  libshutdown.o(.ARM.Collect$$libshutdown$$00000000)
    __rt_lib_shutdown_cpp_1                  0x0800026f   Thumb Code     0  libshutdown2.o(.ARM.Collect$$libshutdown$$00000002)
    __rt_lib_shutdown_fp_trap_1              0x0800026f   Thumb Code     0  libshutdown2.o(.ARM.Collect$$libshutdown$$00000007)
    __rt_lib_shutdown_heap_1                 0x0800026f   Thumb Code     0  libshutdown2.o(.ARM.Collect$$libshutdown$$0000000F)
    __rt_lib_shutdown_return                 0x0800026f   Thumb Code     0  libshutdown2.o(.ARM.Collect$$libshutdown$$00000010)
    __rt_lib_shutdown_signal_1               0x0800026f   Thumb Code     0  libshutdown2.o(.ARM.Collect$$libshutdown$$0000000A)
    __rt_lib_shutdown_stdio_1                0x0800026f   Thumb Code     0  libshutdown2.o(.ARM.Collect$$libshutdown$$00000004)
    __rt_lib_shutdown_user_alloc_1           0x0800026f   Thumb Code     0  libshutdown2.o(.ARM.Collect$$libshutdown$$0000000C)
    __rt_entry                               0x08000271   Thumb Code     0  __rtentry.o(.ARM.Collect$$rtentry$$00000000)
    __rt_entry_presh_1                       0x08000271   Thumb Code     0  __rtentry2.o(.ARM.Collect$$rtentry$$00000002)
    __rt_entry_sh                            0x08000271   Thumb Code     0  __rtentry4.o(.ARM.Collect$$rtentry$$00000004)
    __rt_entry_li                            0x08000277   Thumb Code     0  __rtentry2.o(.ARM.Collect$$rtentry$$0000000A)
    __rt_entry_postsh_1                      0x08000277   Thumb Code     0  __rtentry2.o(.ARM.Collect$$rtentry$$00000009)
    __rt_entry_main                          0x0800027b   Thumb Code     0  __rtentry2.o(.ARM.Collect$$rtentry$$0000000D)
    __rt_entry_postli_1                      0x0800027b   Thumb Code     0  __rtentry2.o(.ARM.Collect$$rtentry$$0000000C)
    __rt_exit                                0x08000283   Thumb Code     0  rtexit.o(.ARM.Collect$$rtexit$$00000000)
    __rt_exit_ls                             0x08000285   Thumb Code     0  rtexit2.o(.ARM.Collect$$rtexit$$00000003)
    __rt_exit_prels_1                        0x08000285   Thumb Code     0  rtexit2.o(.ARM.Collect$$rtexit$$00000002)
    __rt_exit_exit                           0x08000289   Thumb Code     0  rtexit2.o(.ARM.Collect$$rtexit$$00000004)
    BTN_Get                                  0x08000291   Thumb Code    10  adc_leds.o(.text)
    _maybe_terminate_alloc                   0x08000291   Thumb Code     0  maybetermalloc1.o(.emb_text)
    check_state_changed                      0x0800029b   Thumb Code    40  adc_leds.o(.text)
    get_units                                0x080002c3   Thumb Code    32  adc_leds.o(.text)
    read_value                               0x080002e3   Thumb Code    90  adc_leds.o(.text)
    lcd_output_value                         0x0800033d   Thumb Code    76  adc_leds.o(.text)
    bt_output_value                          0x08000389   Thumb Code    40  adc_leds.o(.text)
    main_loop                                0x080003b1   Thumb Code   166  adc_leds.o(.text)
    display_startup_message                  0x08000457   Thumb Code    50  adc_leds.o(.text)
    main                                     0x08000489   Thumb Code    12  adc_leds.o(.text)
    SWT_Init                                 0x08000501   Thumb Code    52  swt.o(.text)
    SWT_Get                                  0x08000535   Thumb Code     6  swt.o(.text)
    SWT_Check                                0x0800053b   Thumb Code    24  swt.o(.text)
    handle_interrupt                         0x08000565   Thumb Code    38  serial.o(.text)
    USART3_IRQHandler                        0x08000631   Thumb Code    58  serial.o(.text)
    serial_init                              0x0800066b   Thumb Code    24  serial.o(.text)
    sendchar                                 0x080006a5   Thumb Code    26  retarget.o(.text)
    fputc                                    0x080006bf   Thumb Code    14  retarget.o(.text)
    ferror                                   0x080006cd   Thumb Code     8  retarget.o(.text)
    _ttywrch                                 0x080006d5   Thumb Code    12  retarget.o(.text)
    _sys_exit                                0x080006e1   Thumb Code     4  retarget.o(.text)
    buffer_init                              0x080006e9   Thumb Code    16  lcd_buffer.o(.text)
    buffer_destroy                           0x080006f9   Thumb Code    12  lcd_buffer.o(.text)
    buffer_full                              0x08000705   Thumb Code    30  lcd_buffer.o(.text)
    buffer_empty                             0x08000723   Thumb Code    18  lcd_buffer.o(.text)
    buffer_put                               0x08000735   Thumb Code    44  lcd_buffer.o(.text)
    buffer_get                               0x08000761   Thumb Code    44  lcd_buffer.o(.text)
    lcd_write                                0x08000791   Thumb Code    62  lcd_driver.o(.text)
    lcd_move_cursor                          0x080007cf   Thumb Code    36  lcd_driver.o(.text)
    lcd_clear_display                        0x080007f3   Thumb Code    32  lcd_driver.o(.text)
    lcd_change_settings                      0x08000813   Thumb Code    34  lcd_driver.o(.text)
    lcd_setup_timer                          0x08000835   Thumb Code    54  lcd_driver.o(.text)
    lcd_setup_GPIO                           0x0800086b   Thumb Code   150  lcd_driver.o(.text)
    lcd_init                                 0x08000901   Thumb Code   130  lcd_driver.o(.text)
    lcd_write_string                         0x08000983   Thumb Code   128  lcd_driver.o(.text)
    lcd_write_center                         0x08000a03   Thumb Code    54  lcd_driver.o(.text)
    lcd_scrolling                            0x08000a39   Thumb Code    48  lcd_driver.o(.text)
    TIM6_DAC_IRQHandler                      0x08000a69   Thumb Code   480  lcd_driver.o(.text)
    ADC1_init                                0x08000c61   Thumb Code   114  adc.o(.text)
    ADC2_init                                0x08000cd3   Thumb Code   126  adc.o(.text)
    read_ADC1                                0x08000d51   Thumb Code    34  adc.o(.text)
    read_ADC2                                0x08000d73   Thumb Code    40  adc.o(.text)
    set_cont_ADC1                            0x08000d9b   Thumb Code    24  adc.o(.text)
    read_cont_ADC1                           0x08000db3   Thumb Code    20  adc.o(.text)
    send_Char                                0x08000dc7   Thumb Code    16  adc.o(.text)
    send_String                              0x08000dd7   Thumb Code    34  adc.o(.text)
    GPIO_DeInit                              0x08000e0d   Thumb Code   268  stm32f4xx_gpio.o(.text)
    GPIO_Init                                0x08000f19   Thumb Code   144  stm32f4xx_gpio.o(.text)
    GPIO_StructInit                          0x08000fa9   Thumb Code    18  stm32f4xx_gpio.o(.text)
    GPIO_PinLockConfig                       0x08000fbb   Thumb Code    34  stm32f4xx_gpio.o(.text)
    GPIO_ReadInputDataBit                    0x08000fdd   Thumb Code    18  stm32f4xx_gpio.o(.text)
    GPIO_ReadInputData                       0x08000fef   Thumb Code     8  stm32f4xx_gpio.o(.text)
    GPIO_ReadOutputDataBit                   0x08000ff7   Thumb Code    18  stm32f4xx_gpio.o(.text)
    GPIO_ReadOutputData                      0x08001009   Thumb Code     8  stm32f4xx_gpio.o(.text)
    GPIO_SetBits                             0x08001011   Thumb Code     4  stm32f4xx_gpio.o(.text)
    GPIO_ResetBits                           0x08001015   Thumb Code     4  stm32f4xx_gpio.o(.text)
    GPIO_WriteBit                            0x08001019   Thumb Code    10  stm32f4xx_gpio.o(.text)
    GPIO_Write                               0x08001023   Thumb Code     4  stm32f4xx_gpio.o(.text)
    GPIO_ToggleBits                          0x08001027   Thumb Code     8  stm32f4xx_gpio.o(.text)
    GPIO_PinAFConfig                         0x0800102f   Thumb Code    70  stm32f4xx_gpio.o(.text)
    NVIC_PriorityGroupConfig                 0x080010a1   Thumb Code    10  misc.o(.text)
    NVIC_Init                                0x080010ab   Thumb Code   106  misc.o(.text)
    NVIC_SetVectorTable                      0x08001115   Thumb Code    14  misc.o(.text)
    NVIC_SystemLPConfig                      0x08001123   Thumb Code    34  misc.o(.text)
    SysTick_CLKSourceConfig                  0x08001145   Thumb Code    40  misc.o(.text)
    RCC_DeInit                               0x08001181   Thumb Code    82  stm32f4xx_rcc.o(.text)
    RCC_HSEConfig                            0x080011d3   Thumb Code    14  stm32f4xx_rcc.o(.text)
    RCC_GetFlagStatus                        0x080011e1   Thumb Code    60  stm32f4xx_rcc.o(.text)
    RCC_WaitForHSEStartUp                    0x0800121d   Thumb Code    56  stm32f4xx_rcc.o(.text)
    RCC_AdjustHSICalibrationValue            0x08001255   Thumb Code    20  stm32f4xx_rcc.o(.text)
    RCC_HSICmd                               0x08001269   Thumb Code     6  stm32f4xx_rcc.o(.text)
    RCC_LSEConfig                            0x0800126f   Thumb Code    46  stm32f4xx_rcc.o(.text)
    RCC_LSICmd                               0x0800129d   Thumb Code     6  stm32f4xx_rcc.o(.text)
    RCC_PLLConfig                            0x080012a3   Thumb Code    32  stm32f4xx_rcc.o(.text)
    RCC_PLLCmd                               0x080012c3   Thumb Code     6  stm32f4xx_rcc.o(.text)
    RCC_PLLI2SConfig                         0x080012c9   Thumb Code    14  stm32f4xx_rcc.o(.text)
    RCC_PLLI2SCmd                            0x080012d7   Thumb Code     6  stm32f4xx_rcc.o(.text)
    RCC_PLLSAIConfig                         0x080012dd   Thumb Code    20  stm32f4xx_rcc.o(.text)
    RCC_PLLSAICmd                            0x080012f1   Thumb Code     6  stm32f4xx_rcc.o(.text)
    RCC_ClockSecuritySystemCmd               0x080012f7   Thumb Code     6  stm32f4xx_rcc.o(.text)
    RCC_MCO1Config                           0x080012fd   Thumb Code    28  stm32f4xx_rcc.o(.text)
    RCC_MCO2Config                           0x08001319   Thumb Code    28  stm32f4xx_rcc.o(.text)
    RCC_SYSCLKConfig                         0x08001335   Thumb Code    20  stm32f4xx_rcc.o(.text)
    RCC_GetSYSCLKSource                      0x08001349   Thumb Code    12  stm32f4xx_rcc.o(.text)
    RCC_HCLKConfig                           0x08001355   Thumb Code    20  stm32f4xx_rcc.o(.text)
    RCC_PCLK1Config                          0x08001369   Thumb Code    20  stm32f4xx_rcc.o(.text)
    RCC_PCLK2Config                          0x0800137d   Thumb Code    22  stm32f4xx_rcc.o(.text)
    RCC_GetClocksFreq                        0x08001393   Thumb Code   222  stm32f4xx_rcc.o(.text)
    RCC_RTCCLKConfig                         0x08001471   Thumb Code    54  stm32f4xx_rcc.o(.text)
    RCC_RTCCLKCmd                            0x080014a7   Thumb Code     8  stm32f4xx_rcc.o(.text)
    RCC_BackupResetCmd                       0x080014af   Thumb Code     8  stm32f4xx_rcc.o(.text)
    RCC_I2SCLKConfig                         0x080014b7   Thumb Code     6  stm32f4xx_rcc.o(.text)
    RCC_SAIBlockACLKConfig                   0x080014bd   Thumb Code    20  stm32f4xx_rcc.o(.text)
    RCC_SAIBlockBCLKConfig                   0x080014d1   Thumb Code    20  stm32f4xx_rcc.o(.text)
    RCC_SAIPLLI2SClkDivConfig                0x080014e5   Thumb Code    26  stm32f4xx_rcc.o(.text)
    RCC_SAIPLLSAIClkDivConfig                0x080014ff   Thumb Code    28  stm32f4xx_rcc.o(.text)
    RCC_LTDCCLKDivConfig                     0x0800151b   Thumb Code    20  stm32f4xx_rcc.o(.text)
    RCC_TIMCLKPresConfig                     0x0800152f   Thumb Code     6  stm32f4xx_rcc.o(.text)
    RCC_AHB1PeriphClockCmd                   0x08001535   Thumb Code    34  stm32f4xx_rcc.o(.text)
    RCC_AHB2PeriphClockCmd                   0x08001557   Thumb Code    78  stm32f4xx_rcc.o(.text)
    RCC_AHB3PeriphClockCmd                   0x080015a5   Thumb Code    34  stm32f4xx_rcc.o(.text)
    RCC_APB1PeriphClockCmd                   0x080015c7   Thumb Code    34  stm32f4xx_rcc.o(.text)
    RCC_APB2PeriphClockCmd                   0x080015e9   Thumb Code    34  stm32f4xx_rcc.o(.text)
    RCC_AHB1PeriphResetCmd                   0x0800160b   Thumb Code    34  stm32f4xx_rcc.o(.text)
    RCC_AHB2PeriphResetCmd                   0x0800162d   Thumb Code    34  stm32f4xx_rcc.o(.text)
    RCC_AHB3PeriphResetCmd                   0x0800164f   Thumb Code    34  stm32f4xx_rcc.o(.text)
    RCC_APB1PeriphResetCmd                   0x08001671   Thumb Code    34  stm32f4xx_rcc.o(.text)
    RCC_APB2PeriphResetCmd                   0x08001693   Thumb Code    34  stm32f4xx_rcc.o(.text)
    RCC_AHB1PeriphClockLPModeCmd             0x080016b5   Thumb Code    34  stm32f4xx_rcc.o(.text)
    RCC_AHB2PeriphClockLPModeCmd             0x080016d7   Thumb Code    34  stm32f4xx_rcc.o(.text)
    RCC_AHB3PeriphClockLPModeCmd             0x080016f9   Thumb Code    34  stm32f4xx_rcc.o(.text)
    RCC_APB1PeriphClockLPModeCmd             0x0800171b   Thumb Code    34  stm32f4xx_rcc.o(.text)
    RCC_APB2PeriphClockLPModeCmd             0x0800173d   Thumb Code    34  stm32f4xx_rcc.o(.text)
    RCC_LSEModeConfig                        0x0800175f   Thumb Code    40  stm32f4xx_rcc.o(.text)
    RCC_ITConfig                             0x08001787   Thumb Code    34  stm32f4xx_rcc.o(.text)
    RCC_ClearFlag                            0x080017a9   Thumb Code    18  stm32f4xx_rcc.o(.text)
    RCC_GetITStatus                          0x080017bb   Thumb Code    22  stm32f4xx_rcc.o(.text)
    RCC_ClearITPendingBit                    0x080017d1   Thumb Code     8  stm32f4xx_rcc.o(.text)
    USART_DeInit                             0x080017dd   Thumb Code   206  stm32f4xx_usart.o(.text)
    USART_Init                               0x080018ab   Thumb Code   204  stm32f4xx_usart.o(.text)
    USART_StructInit                         0x08001977   Thumb Code    24  stm32f4xx_usart.o(.text)
    USART_ClockInit                          0x0800198f   Thumb Code    32  stm32f4xx_usart.o(.text)
    USART_ClockStructInit                    0x080019af   Thumb Code    12  stm32f4xx_usart.o(.text)
    USART_Cmd                                0x080019bb   Thumb Code    24  stm32f4xx_usart.o(.text)
    USART_SetPrescaler                       0x080019d3   Thumb Code    16  stm32f4xx_usart.o(.text)
    USART_OverSampling8Cmd                   0x080019e3   Thumb Code    22  stm32f4xx_usart.o(.text)
    USART_OneBitMethodCmd                    0x080019f9   Thumb Code    24  stm32f4xx_usart.o(.text)
    USART_SendData                           0x08001a11   Thumb Code     8  stm32f4xx_usart.o(.text)
    USART_ReceiveData                        0x08001a19   Thumb Code    10  stm32f4xx_usart.o(.text)
    USART_SetAddress                         0x08001a23   Thumb Code    18  stm32f4xx_usart.o(.text)
    USART_ReceiverWakeUpCmd                  0x08001a35   Thumb Code    24  stm32f4xx_usart.o(.text)
    USART_WakeUpConfig                       0x08001a4d   Thumb Code    18  stm32f4xx_usart.o(.text)
    USART_LINBreakDetectLengthConfig         0x08001a5f   Thumb Code    18  stm32f4xx_usart.o(.text)
    USART_LINCmd                             0x08001a71   Thumb Code    24  stm32f4xx_usart.o(.text)
    USART_SendBreak                          0x08001a89   Thumb Code    10  stm32f4xx_usart.o(.text)
    USART_HalfDuplexCmd                      0x08001a93   Thumb Code    24  stm32f4xx_usart.o(.text)
    USART_SetGuardTime                       0x08001aab   Thumb Code    16  stm32f4xx_usart.o(.text)
    USART_SmartCardCmd                       0x08001abb   Thumb Code    24  stm32f4xx_usart.o(.text)
    USART_SmartCardNACKCmd                   0x08001ad3   Thumb Code    24  stm32f4xx_usart.o(.text)
    USART_IrDAConfig                         0x08001aeb   Thumb Code    18  stm32f4xx_usart.o(.text)
    USART_IrDACmd                            0x08001afd   Thumb Code    24  stm32f4xx_usart.o(.text)
    USART_DMACmd                             0x08001b15   Thumb Code    18  stm32f4xx_usart.o(.text)
    USART_ITConfig                           0x08001b27   Thumb Code    74  stm32f4xx_usart.o(.text)
    USART_GetFlagStatus                      0x08001b71   Thumb Code    26  stm32f4xx_usart.o(.text)
    USART_ClearFlag                          0x08001b8b   Thumb Code    18  stm32f4xx_usart.o(.text)
    USART_GetITStatus                        0x08001b9d   Thumb Code   118  stm32f4xx_usart.o(.text)
    USART_ClearITPendingBit                  0x08001c13   Thumb Code    30  stm32f4xx_usart.o(.text)
    PWM_SetDC                                0x08001c31   Thumb Code    42  sig_gen.o(.text)
    TIM2_IRQHandler                          0x08001c5b   Thumb Code    86  sig_gen.o(.text)
    INTTIM_Config                            0x08001cb1   Thumb Code    82  sig_gen.o(.text)
    PWM_Config                               0x08001d03   Thumb Code   170  sig_gen.o(.text)
    LED_Config                               0x08001dad   Thumb Code    42  sig_gen.o(.text)
    TIM_Config                               0x08001dd7   Thumb Code   132  sig_gen.o(.text)
    generate_sine                            0x08001e5b   Thumb Code    64  sig_gen.o(.text)
    TIM_DeInit                               0x08001ecd   Thumb Code   346  stm32f4xx_tim.o(.text)
    TIM_TimeBaseInit                         0x08002027   Thumb Code   104  stm32f4xx_tim.o(.text)
    TIM_TimeBaseStructInit                   0x0800208f   Thumb Code    18  stm32f4xx_tim.o(.text)
    TIM_PrescalerConfig                      0x080020a1   Thumb Code     6  stm32f4xx_tim.o(.text)
    TIM_CounterModeConfig                    0x080020a7   Thumb Code    18  stm32f4xx_tim.o(.text)
    TIM_SetCounter                           0x080020b9   Thumb Code     4  stm32f4xx_tim.o(.text)
    TIM_SetAutoreload                        0x080020bd   Thumb Code     4  stm32f4xx_tim.o(.text)
    TIM_GetCounter                           0x080020c1   Thumb Code     6  stm32f4xx_tim.o(.text)
    TIM_GetPrescaler                         0x080020c7   Thumb Code     6  stm32f4xx_tim.o(.text)
    TIM_UpdateDisableConfig                  0x080020cd   Thumb Code    24  stm32f4xx_tim.o(.text)
    TIM_UpdateRequestConfig                  0x080020e5   Thumb Code    24  stm32f4xx_tim.o(.text)
    TIM_ARRPreloadConfig                     0x080020fd   Thumb Code    24  stm32f4xx_tim.o(.text)
    TIM_SelectOnePulseMode                   0x08002115   Thumb Code    18  stm32f4xx_tim.o(.text)
    TIM_SetClockDivision                     0x08002127   Thumb Code    18  stm32f4xx_tim.o(.text)
    TIM_Cmd                                  0x08002139   Thumb Code    24  stm32f4xx_tim.o(.text)
    TIM_OC1Init                              0x08002151   Thumb Code   114  stm32f4xx_tim.o(.text)
    TIM_OC2Init                              0x080021c3   Thumb Code   154  stm32f4xx_tim.o(.text)
    TIM_OC3Init                              0x0800225d   Thumb Code   204  stm32f4xx_tim.o(.text)
    TIM_OC4Init                              0x08002329   Thumb Code   112  stm32f4xx_tim.o(.text)
    TIM_OCStructInit                         0x08002399   Thumb Code    20  stm32f4xx_tim.o(.text)
    TIM_SelectOCxM                           0x080023ad   Thumb Code    86  stm32f4xx_tim.o(.text)
    TIM_SetCompare1                          0x08002403   Thumb Code     4  stm32f4xx_tim.o(.text)
    TIM_SetCompare2                          0x08002407   Thumb Code     4  stm32f4xx_tim.o(.text)
    TIM_SetCompare3                          0x0800240b   Thumb Code     4  stm32f4xx_tim.o(.text)
    TIM_SetCompare4                          0x0800240f   Thumb Code     4  stm32f4xx_tim.o(.text)
    TIM_ForcedOC1Config                      0x08002413   Thumb Code    18  stm32f4xx_tim.o(.text)
    TIM_ForcedOC2Config                      0x08002425   Thumb Code    26  stm32f4xx_tim.o(.text)
    TIM_ForcedOC3Config                      0x0800243f   Thumb Code    18  stm32f4xx_tim.o(.text)
    TIM_ForcedOC4Config                      0x08002451   Thumb Code    26  stm32f4xx_tim.o(.text)
    TIM_OC1PreloadConfig                     0x0800246b   Thumb Code    18  stm32f4xx_tim.o(.text)
    TIM_OC2PreloadConfig                     0x0800247d   Thumb Code    26  stm32f4xx_tim.o(.text)
    TIM_OC3PreloadConfig                     0x08002497   Thumb Code    18  stm32f4xx_tim.o(.text)
    TIM_OC4PreloadConfig                     0x080024a9   Thumb Code    26  stm32f4xx_tim.o(.text)
    TIM_OC1FastConfig                        0x080024c3   Thumb Code    18  stm32f4xx_tim.o(.text)
    TIM_OC2FastConfig                        0x080024d5   Thumb Code    26  stm32f4xx_tim.o(.text)
    TIM_OC3FastConfig                        0x080024ef   Thumb Code    18  stm32f4xx_tim.o(.text)
    TIM_OC4FastConfig                        0x08002501   Thumb Code    26  stm32f4xx_tim.o(.text)
    TIM_ClearOC1Ref                          0x0800251b   Thumb Code    18  stm32f4xx_tim.o(.text)
    TIM_ClearOC2Ref                          0x0800252d   Thumb Code    24  stm32f4xx_tim.o(.text)
    TIM_ClearOC3Ref                          0x08002545   Thumb Code    18  stm32f4xx_tim.o(.text)
    TIM_ClearOC4Ref                          0x08002557   Thumb Code    24  stm32f4xx_tim.o(.text)
    TIM_OC1PolarityConfig                    0x0800256f   Thumb Code    18  stm32f4xx_tim.o(.text)
    TIM_OC1NPolarityConfig                   0x08002581   Thumb Code    18  stm32f4xx_tim.o(.text)
    TIM_OC2PolarityConfig                    0x08002593   Thumb Code    26  stm32f4xx_tim.o(.text)
    TIM_OC2NPolarityConfig                   0x080025ad   Thumb Code    26  stm32f4xx_tim.o(.text)
    TIM_OC3PolarityConfig                    0x080025c7   Thumb Code    26  stm32f4xx_tim.o(.text)
    TIM_OC3NPolarityConfig                   0x080025e1   Thumb Code    26  stm32f4xx_tim.o(.text)
    TIM_OC4PolarityConfig                    0x080025fb   Thumb Code    26  stm32f4xx_tim.o(.text)
    TIM_CCxCmd                               0x08002615   Thumb Code    30  stm32f4xx_tim.o(.text)
    TIM_CCxNCmd                              0x08002633   Thumb Code    30  stm32f4xx_tim.o(.text)
    TIM_SetIC4Prescaler                      0x08002651   Thumb Code    26  stm32f4xx_tim.o(.text)
    TIM_SetIC3Prescaler                      0x080026bb   Thumb Code    18  stm32f4xx_tim.o(.text)
    TIM_SetIC2Prescaler                      0x08002715   Thumb Code    26  stm32f4xx_tim.o(.text)
    TIM_SetIC1Prescaler                      0x08002789   Thumb Code    18  stm32f4xx_tim.o(.text)
    TIM_ICInit                               0x080027d5   Thumb Code   110  stm32f4xx_tim.o(.text)
    TIM_ICStructInit                         0x08002843   Thumb Code    18  stm32f4xx_tim.o(.text)
    TIM_PWMIConfig                           0x08002855   Thumb Code   124  stm32f4xx_tim.o(.text)
    TIM_GetCapture1                          0x080028d1   Thumb Code     6  stm32f4xx_tim.o(.text)
    TIM_GetCapture2                          0x080028d7   Thumb Code     6  stm32f4xx_tim.o(.text)
    TIM_GetCapture3                          0x080028dd   Thumb Code     6  stm32f4xx_tim.o(.text)
    TIM_GetCapture4                          0x080028e3   Thumb Code     6  stm32f4xx_tim.o(.text)
    TIM_BDTRConfig                           0x080028e9   Thumb Code    32  stm32f4xx_tim.o(.text)
    TIM_BDTRStructInit                       0x08002909   Thumb Code    18  stm32f4xx_tim.o(.text)
    TIM_CtrlPWMOutputs                       0x0800291b   Thumb Code    30  stm32f4xx_tim.o(.text)
    TIM_SelectCOM                            0x08002939   Thumb Code    24  stm32f4xx_tim.o(.text)
    TIM_CCPreloadControl                     0x08002951   Thumb Code    24  stm32f4xx_tim.o(.text)
    TIM_ITConfig                             0x08002969   Thumb Code    18  stm32f4xx_tim.o(.text)
    TIM_GenerateEvent                        0x0800297b   Thumb Code     4  stm32f4xx_tim.o(.text)
    TIM_GetFlagStatus                        0x0800297f   Thumb Code    18  stm32f4xx_tim.o(.text)
    TIM_ClearFlag                            0x08002991   Thumb Code     6  stm32f4xx_tim.o(.text)
    TIM_GetITStatus                          0x08002997   Thumb Code    34  stm32f4xx_tim.o(.text)
    TIM_ClearITPendingBit                    0x080029b9   Thumb Code     6  stm32f4xx_tim.o(.text)
    TIM_DMAConfig                            0x080029bf   Thumb Code    10  stm32f4xx_tim.o(.text)
    TIM_DMACmd                               0x080029c9   Thumb Code    18  stm32f4xx_tim.o(.text)
    TIM_SelectCCDMA                          0x080029db   Thumb Code    24  stm32f4xx_tim.o(.text)
    TIM_InternalClockConfig                  0x080029f3   Thumb Code    12  stm32f4xx_tim.o(.text)
    TIM_SelectInputTrigger                   0x080029ff   Thumb Code    18  stm32f4xx_tim.o(.text)
    TIM_ITRxExternalClockConfig              0x08002a11   Thumb Code    24  stm32f4xx_tim.o(.text)
    TIM_TIxExternalClockConfig               0x08002a29   Thumb Code    62  stm32f4xx_tim.o(.text)
    TIM_ETRConfig                            0x08002a67   Thumb Code    28  stm32f4xx_tim.o(.text)
    TIM_ETRClockMode1Config                  0x08002a83   Thumb Code    54  stm32f4xx_tim.o(.text)
    TIM_ETRClockMode2Config                  0x08002ab9   Thumb Code    32  stm32f4xx_tim.o(.text)
    TIM_SelectOutputTrigger                  0x08002ad9   Thumb Code    18  stm32f4xx_tim.o(.text)
    TIM_SelectSlaveMode                      0x08002aeb   Thumb Code    18  stm32f4xx_tim.o(.text)
    TIM_SelectMasterSlaveMode                0x08002afd   Thumb Code    18  stm32f4xx_tim.o(.text)
    TIM_EncoderInterfaceConfig               0x08002b0f   Thumb Code    66  stm32f4xx_tim.o(.text)
    TIM_SelectHallSensor                     0x08002b51   Thumb Code    24  stm32f4xx_tim.o(.text)
    TIM_RemapConfig                          0x08002b69   Thumb Code     6  stm32f4xx_tim.o(.text)
    SysTick_Handler                          0x08002b71   Thumb Code    12  utility.o(.text)
    Delay                                    0x08002b7d   Thumb Code    18  utility.o(.text)
    scale                                    0x08002b8f   Thumb Code   156  utility.o(.text)
    EXTI_DeInit                              0x08002c31   Thumb Code    28  stm32f4xx_exti.o(.text)
    EXTI_Init                                0x08002c4d   Thumb Code   142  stm32f4xx_exti.o(.text)
    EXTI_StructInit                          0x08002cdb   Thumb Code    16  stm32f4xx_exti.o(.text)
    EXTI_GenerateSWInterrupt                 0x08002ceb   Thumb Code    16  stm32f4xx_exti.o(.text)
    EXTI_GetFlagStatus                       0x08002cfb   Thumb Code    22  stm32f4xx_exti.o(.text)
    EXTI_ClearFlag                           0x08002d11   Thumb Code     8  stm32f4xx_exti.o(.text)
    EXTI_GetITStatus                         0x08002d19   Thumb Code    22  stm32f4xx_exti.o(.text)
    EXTI_ClearITPendingBit                   0x08002d2f   Thumb Code     8  stm32f4xx_exti.o(.text)
    SYSCFG_DeInit                            0x08002d41   Thumb Code    22  stm32f4xx_syscfg.o(.text)
    SYSCFG_MemoryRemapConfig                 0x08002d57   Thumb Code     6  stm32f4xx_syscfg.o(.text)
    SYSCFG_MemorySwappingBank                0x08002d5d   Thumb Code     6  stm32f4xx_syscfg.o(.text)
    SYSCFG_EXTILineConfig                    0x08002d63   Thumb Code    66  stm32f4xx_syscfg.o(.text)
    SYSCFG_ETH_MediaInterfaceConfig          0x08002da5   Thumb Code     8  stm32f4xx_syscfg.o(.text)
    SYSCFG_CompensationCellCmd               0x08002dad   Thumb Code     6  stm32f4xx_syscfg.o(.text)
    SYSCFG_GetCompensationCellStatus         0x08002db3   Thumb Code    22  stm32f4xx_syscfg.o(.text)
    GPIO_init                                0x08002dd5   Thumb Code   194  board_init.o(.text)
    EXTI9_5_IRQHandler                       0x08002e97   Thumb Code    58  board_init.o(.text)
    EXTI15_10_IRQHandler                     0x08002ed1   Thumb Code   170  board_init.o(.text)
    init_board                               0x08002f7b   Thumb Code   136  board_init.o(.text)
    ringbuffer_new                           0x0800305d   Thumb Code    76  ringbuffer.o(.text)
    ringbuffer_free                          0x080030a9   Thumb Code    42  ringbuffer.o(.text)
    ringbuffer_size                          0x080030d3   Thumb Code     6  ringbuffer.o(.text)
    ringbuffer_head                          0x080030d9   Thumb Code     8  ringbuffer.o(.text)
    ringbuffer_tail                          0x080030e1   Thumb Code     8  ringbuffer.o(.text)
    ringbuffer_count                         0x080030e9   Thumb Code     6  ringbuffer.o(.text)
    ringbuffer_is_full                       0x080030ef   Thumb Code    18  ringbuffer.o(.text)
    ringbuffer_push                          0x08003101   Thumb Code    48  ringbuffer.o(.text)
    ringbuffer_is_empty                      0x08003131   Thumb Code    14  ringbuffer.o(.text)
    ringbuffer_shift                         0x0800313f   Thumb Code    46  ringbuffer.o(.text)
    Reset_Handler                            0x080031b1   Thumb Code     8  startup_stm32f407xx.o(.text)
    NMI_Handler                              0x080031b9   Thumb Code     2  startup_stm32f407xx.o(.text)
    HardFault_Handler                        0x080031bb   Thumb Code     2  startup_stm32f407xx.o(.text)
    MemManage_Handler                        0x080031bd   Thumb Code     2  startup_stm32f407xx.o(.text)
    BusFault_Handler                         0x080031bf   Thumb Code     2  startup_stm32f407xx.o(.text)
    UsageFault_Handler                       0x080031c1   Thumb Code     2  startup_stm32f407xx.o(.text)
    SVC_Handler                              0x080031c3   Thumb Code     2  startup_stm32f407xx.o(.text)
    DebugMon_Handler                         0x080031c5   Thumb Code     2  startup_stm32f407xx.o(.text)
    PendSV_Handler                           0x080031c7   Thumb Code     2  startup_stm32f407xx.o(.text)
    ADC_IRQHandler                           0x080031cb   Thumb Code     0  startup_stm32f407xx.o(.text)
    CAN1_RX0_IRQHandler                      0x080031cb   Thumb Code     0  startup_stm32f407xx.o(.text)
    CAN1_RX1_IRQHandler                      0x080031cb   Thumb Code     0  startup_stm32f407xx.o(.text)
    CAN1_SCE_IRQHandler                      0x080031cb   Thumb Code     0  startup_stm32f407xx.o(.text)
    CAN1_TX_IRQHandler                       0x080031cb   Thumb Code     0  startup_stm32f407xx.o(.text)
    CAN2_RX0_IRQHandler                      0x080031cb   Thumb Code     0  startup_stm32f407xx.o(.text)
    CAN2_RX1_IRQHandler                      0x080031cb   Thumb Code     0  startup_stm32f407xx.o(.text)
    CAN2_SCE_IRQHandler                      0x080031cb   Thumb Code     0  startup_stm32f407xx.o(.text)
    CAN2_TX_IRQHandler                       0x080031cb   Thumb Code     0  startup_stm32f407xx.o(.text)
    DCMI_IRQHandler                          0x080031cb   Thumb Code     0  startup_stm32f407xx.o(.text)
    DMA1_Stream0_IRQHandler                  0x080031cb   Thumb Code     0  startup_stm32f407xx.o(.text)
    DMA1_Stream1_IRQHandler                  0x080031cb   Thumb Code     0  startup_stm32f407xx.o(.text)
    DMA1_Stream2_IRQHandler                  0x080031cb   Thumb Code     0  startup_stm32f407xx.o(.text)
    DMA1_Stream3_IRQHandler                  0x080031cb   Thumb Code     0  startup_stm32f407xx.o(.text)
    DMA1_Stream4_IRQHandler                  0x080031cb   Thumb Code     0  startup_stm32f407xx.o(.text)
    DMA1_Stream5_IRQHandler                  0x080031cb   Thumb Code     0  startup_stm32f407xx.o(.text)
    DMA1_Stream6_IRQHandler                  0x080031cb   Thumb Code     0  startup_stm32f407xx.o(.text)
    DMA1_Stream7_IRQHandler                  0x080031cb   Thumb Code     0  startup_stm32f407xx.o(.text)
    DMA2_Stream0_IRQHandler                  0x080031cb   Thumb Code     0  startup_stm32f407xx.o(.text)
    DMA2_Stream1_IRQHandler                  0x080031cb   Thumb Code     0  startup_stm32f407xx.o(.text)
    DMA2_Stream2_IRQHandler                  0x080031cb   Thumb Code     0  startup_stm32f407xx.o(.text)
    DMA2_Stream3_IRQHandler                  0x080031cb   Thumb Code     0  startup_stm32f407xx.o(.text)
    DMA2_Stream4_IRQHandler                  0x080031cb   Thumb Code     0  startup_stm32f407xx.o(.text)
    DMA2_Stream5_IRQHandler                  0x080031cb   Thumb Code     0  startup_stm32f407xx.o(.text)
    DMA2_Stream6_IRQHandler                  0x080031cb   Thumb Code     0  startup_stm32f407xx.o(.text)
    DMA2_Stream7_IRQHandler                  0x080031cb   Thumb Code     0  startup_stm32f407xx.o(.text)
    ETH_IRQHandler                           0x080031cb   Thumb Code     0  startup_stm32f407xx.o(.text)
    ETH_WKUP_IRQHandler                      0x080031cb   Thumb Code     0  startup_stm32f407xx.o(.text)
    EXTI0_IRQHandler                         0x080031cb   Thumb Code     0  startup_stm32f407xx.o(.text)
    EXTI1_IRQHandler                         0x080031cb   Thumb Code     0  startup_stm32f407xx.o(.text)
    EXTI2_IRQHandler                         0x080031cb   Thumb Code     0  startup_stm32f407xx.o(.text)
    EXTI3_IRQHandler                         0x080031cb   Thumb Code     0  startup_stm32f407xx.o(.text)
    EXTI4_IRQHandler                         0x080031cb   Thumb Code     0  startup_stm32f407xx.o(.text)
    FLASH_IRQHandler                         0x080031cb   Thumb Code     0  startup_stm32f407xx.o(.text)
    FMC_IRQHandler                           0x080031cb   Thumb Code     0  startup_stm32f407xx.o(.text)
    FPU_IRQHandler                           0x080031cb   Thumb Code     0  startup_stm32f407xx.o(.text)
    HASH_RNG_IRQHandler                      0x080031cb   Thumb Code     0  startup_stm32f407xx.o(.text)
    I2C1_ER_IRQHandler                       0x080031cb   Thumb Code     0  startup_stm32f407xx.o(.text)
    I2C1_EV_IRQHandler                       0x080031cb   Thumb Code     0  startup_stm32f407xx.o(.text)
    I2C2_ER_IRQHandler                       0x080031cb   Thumb Code     0  startup_stm32f407xx.o(.text)
    I2C2_EV_IRQHandler                       0x080031cb   Thumb Code     0  startup_stm32f407xx.o(.text)
    I2C3_ER_IRQHandler                       0x080031cb   Thumb Code     0  startup_stm32f407xx.o(.text)
    I2C3_EV_IRQHandler                       0x080031cb   Thumb Code     0  startup_stm32f407xx.o(.text)
    OTG_FS_IRQHandler                        0x080031cb   Thumb Code     0  startup_stm32f407xx.o(.text)
    OTG_FS_WKUP_IRQHandler                   0x080031cb   Thumb Code     0  startup_stm32f407xx.o(.text)
    OTG_HS_EP1_IN_IRQHandler                 0x080031cb   Thumb Code     0  startup_stm32f407xx.o(.text)
    OTG_HS_EP1_OUT_IRQHandler                0x080031cb   Thumb Code     0  startup_stm32f407xx.o(.text)
    OTG_HS_IRQHandler                        0x080031cb   Thumb Code     0  startup_stm32f407xx.o(.text)
    OTG_HS_WKUP_IRQHandler                   0x080031cb   Thumb Code     0  startup_stm32f407xx.o(.text)
    PVD_IRQHandler                           0x080031cb   Thumb Code     0  startup_stm32f407xx.o(.text)
    RCC_IRQHandler                           0x080031cb   Thumb Code     0  startup_stm32f407xx.o(.text)
    RTC_Alarm_IRQHandler                     0x080031cb   Thumb Code     0  startup_stm32f407xx.o(.text)
    RTC_WKUP_IRQHandler                      0x080031cb   Thumb Code     0  startup_stm32f407xx.o(.text)
    SDIO_IRQHandler                          0x080031cb   Thumb Code     0  startup_stm32f407xx.o(.text)
    SPI1_IRQHandler                          0x080031cb   Thumb Code     0  startup_stm32f407xx.o(.text)
    SPI2_IRQHandler                          0x080031cb   Thumb Code     0  startup_stm32f407xx.o(.text)
    SPI3_IRQHandler                          0x080031cb   Thumb Code     0  startup_stm32f407xx.o(.text)
    TAMP_STAMP_IRQHandler                    0x080031cb   Thumb Code     0  startup_stm32f407xx.o(.text)
    TIM1_BRK_TIM9_IRQHandler                 0x080031cb   Thumb Code     0  startup_stm32f407xx.o(.text)
    TIM1_CC_IRQHandler                       0x080031cb   Thumb Code     0  startup_stm32f407xx.o(.text)
    TIM1_TRG_COM_TIM11_IRQHandler            0x080031cb   Thumb Code     0  startup_stm32f407xx.o(.text)
    TIM1_UP_TIM10_IRQHandler                 0x080031cb   Thumb Code     0  startup_stm32f407xx.o(.text)
    TIM3_IRQHandler                          0x080031cb   Thumb Code     0  startup_stm32f407xx.o(.text)
    TIM4_IRQHandler                          0x080031cb   Thumb Code     0  startup_stm32f407xx.o(.text)
    TIM5_IRQHandler                          0x080031cb   Thumb Code     0  startup_stm32f407xx.o(.text)
    TIM7_IRQHandler                          0x080031cb   Thumb Code     0  startup_stm32f407xx.o(.text)
    TIM8_BRK_TIM12_IRQHandler                0x080031cb   Thumb Code     0  startup_stm32f407xx.o(.text)
    TIM8_CC_IRQHandler                       0x080031cb   Thumb Code     0  startup_stm32f407xx.o(.text)
    TIM8_TRG_COM_TIM14_IRQHandler            0x080031cb   Thumb Code     0  startup_stm32f407xx.o(.text)
    TIM8_UP_TIM13_IRQHandler                 0x080031cb   Thumb Code     0  startup_stm32f407xx.o(.text)
    UART4_IRQHandler                         0x080031cb   Thumb Code     0  startup_stm32f407xx.o(.text)
    UART5_IRQHandler                         0x080031cb   Thumb Code     0  startup_stm32f407xx.o(.text)
    USART1_IRQHandler                        0x080031cb   Thumb Code     0  startup_stm32f407xx.o(.text)
    USART2_IRQHandler                        0x080031cb   Thumb Code     0  startup_stm32f407xx.o(.text)
    USART6_IRQHandler                        0x080031cb   Thumb Code     0  startup_stm32f407xx.o(.text)
    WWDG_IRQHandler                          0x080031cb   Thumb Code     0  startup_stm32f407xx.o(.text)
    __user_initial_stackheap                 0x080031cd   Thumb Code     0  startup_stm32f407xx.o(.text)
    SystemInit                               0x080032cd   Thumb Code    88  system_stm32f4xx.o(.text)
    SystemCoreClockUpdate                    0x08003325   Thumb Code   174  system_stm32f4xx.o(.text)
    __I$use$semihosting                      0x08003401   Thumb Code     0  use_no_semi.o(.text)
    __use_no_semihosting_swi                 0x08003401   Thumb Code     2  use_no_semi.o(.text)
    malloc                                   0x08003403   Thumb Code    94  h1_alloc.o(.text)
    free                                     0x08003461   Thumb Code    78  h1_free.o(.text)
    __2sprintf                               0x080034b1   Thumb Code    34  noretval__2sprintf.o(.text)
    _printf_str                              0x080034d9   Thumb Code    82  _printf_str.o(.text)
    __printf                                 0x0800352b   Thumb Code   270  __printf_wp.o(.text)
    __aeabi_assert                           0x08003639   Thumb Code    86  assert.o(.text)
    __assert                                 0x08003639   Thumb Code     0  assert.o(.text)
    strlen                                   0x080036b9   Thumb Code    62  strlen.o(.text)
    __use_two_region_memory                  0x080036f7   Thumb Code     2  heapauxi.o(.text)
    __rt_heap_escrow                         0x080036f9   Thumb Code     2  heapauxi.o(.text)
    __rt_heap_expand                         0x080036fb   Thumb Code     2  heapauxi.o(.text)
    __rt_heap_descriptor                     0x080036fd   Thumb Code     8  rt_heap_descriptor_intlibspace.o(.text)
    __use_no_heap                            0x08003705   Thumb Code     2  hguard.o(.text)
    __heap$guard                             0x08003707   Thumb Code     2  hguard.o(.text)
    _terminate_user_alloc                    0x08003709   Thumb Code     2  init_alloc.o(.text)
    _init_user_alloc                         0x0800370b   Thumb Code     2  init_alloc.o(.text)
    __Heap_Full                              0x0800370d   Thumb Code    34  init_alloc.o(.text)
    __Heap_Broken                            0x0800372f   Thumb Code     6  init_alloc.o(.text)
    _init_alloc                              0x08003735   Thumb Code    94  init_alloc.o(.text)
    __Heap_Initialize                        0x08003793   Thumb Code    10  h1_init.o(.text)
    __Heap_DescSize                          0x0800379d   Thumb Code     4  h1_init.o(.text)
    __lib_sel_fp_printf                      0x080037a1   Thumb Code     2  _printf_fp_dec.o(.text)
    _printf_fp_dec_real                      0x0800394f   Thumb Code   620  _printf_fp_dec.o(.text)
    _printf_char_common                      0x08003bc7   Thumb Code    32  _printf_char_common.o(.text)
    _sputc                                   0x08003bed   Thumb Code    10  _sputc.o(.text)
    _printf_cs_common                        0x08003bf7   Thumb Code    20  _printf_char.o(.text)
    _printf_char                             0x08003c0b   Thumb Code    16  _printf_char.o(.text)
    _printf_string                           0x08003c1b   Thumb Code     8  _printf_char.o(.text)
    abort                                    0x08003c23   Thumb Code    22  abort.o(.text)
    __assert_puts                            0x08003c39   Thumb Code    20  assert_puts.o(.text)
    __user_libspace                          0x08003c4d   Thumb Code     8  libspace.o(.text)
    __user_perproc_libspace                  0x08003c4d   Thumb Code     0  libspace.o(.text)
    __user_perthread_libspace                0x08003c4d   Thumb Code     0  libspace.o(.text)
    __rt_locale                              0x08003c55   Thumb Code     8  rt_locale_intlibspace.o(.text)
    __Heap_ProvideMemory                     0x08003c5d   Thumb Code    52  h1_extend.o(.text)
    _ll_udiv10                               0x08003c91   Thumb Code   138  lludiv10.o(.text)
    _printf_fp_infnan                        0x08003d1d   Thumb Code   112  _printf_fp_infnan.o(.text)
    _btod_etento                             0x08003d9d   Thumb Code   216  bigflt0.o(.text)
    __rt_SIGABRT                             0x08003e79   Thumb Code    14  defsig_abrt_outer.o(.text)
    __rt_SIGRTMEM                            0x08003e87   Thumb Code    14  defsig_rtmem_outer.o(.text)
    __user_setup_stackheap                   0x08003e95   Thumb Code    74  sys_stackheap_outer.o(.text)
    exit                                     0x08003edf   Thumb Code    18  exit.o(.text)
    __sig_exit                               0x08003ef1   Thumb Code    10  defsig_exit.o(.text)
    __rt_SIGABRT_inner                       0x08003efd   Thumb Code    14  defsig_abrt_inner.o(.text)
    __rt_SIGRTMEM_inner                      0x08003f2d   Thumb Code    22  defsig_rtmem_inner.o(.text)
    strcmp                                   0x08003f7d   Thumb Code   128  strcmpv7m.o(.text)
    __default_signal_display                 0x08003ffd   Thumb Code    50  defsig_general.o(.text)
    _btod_d2e                                0x0800402f   Thumb Code    62  btod.o(CL$$btod_d2e)
    _d2e_denorm_low                          0x0800406d   Thumb Code    70  btod.o(CL$$btod_d2e_denorm_low)
    _d2e_norm_op1                            0x080040b3   Thumb Code    96  btod.o(CL$$btod_d2e_norm_op1)
    __btod_div_common                        0x08004113   Thumb Code   696  btod.o(CL$$btod_div_common)
    _e2e                                     0x0800444b   Thumb Code   198  btod.o(CL$$btod_e2e)
    _btod_ediv                               0x08004511   Thumb Code    40  btod.o(CL$$btod_ediv)
    _btod_emul                               0x08004539   Thumb Code    40  btod.o(CL$$btod_emul)
    __btod_mult_common                       0x08004561   Thumb Code   580  btod.o(CL$$btod_mult_common)
    __ARM_fpclassify                         0x080047a5   Thumb Code    48  fpclassify.o(i.__ARM_fpclassify)
    _is_digit                                0x080047d5   Thumb Code    14  __printf_wp.o(i._is_digit)
    _get_lc_numeric                          0x080047e5   Thumb Code    44  lc_numeric_c.o(locale$$code)
    __aeabi_d2f                              0x08004811   Thumb Code     0  d2f.o(x$fpl$d2f)
    _d2f                                     0x08004811   Thumb Code    98  d2f.o(x$fpl$d2f)
    __aeabi_dadd                             0x08004875   Thumb Code     0  daddsub_clz.o(x$fpl$dadd)
    _dadd                                    0x08004875   Thumb Code   332  daddsub_clz.o(x$fpl$dadd)
    __aeabi_ddiv                             0x080049c5   Thumb Code     0  ddiv.o(x$fpl$ddiv)
    _ddiv                                    0x080049c5   Thumb Code   552  ddiv.o(x$fpl$ddiv)
    __aeabi_dmul                             0x08004c75   Thumb Code     0  dmul.o(x$fpl$dmul)
    _dmul                                    0x08004c75   Thumb Code   332  dmul.o(x$fpl$dmul)
    __fpl_dnaninf                            0x08004dc9   Thumb Code   156  dnaninf.o(x$fpl$dnaninf)
    __fpl_dretinf                            0x08004e65   Thumb Code    12  dretinf.o(x$fpl$dretinf)
    __aeabi_dsub                             0x08004e71   Thumb Code     0  daddsub_clz.o(x$fpl$dsub)
    _dsub                                    0x08004e71   Thumb Code   464  daddsub_clz.o(x$fpl$dsub)
    __aeabi_f2d                              0x08005045   Thumb Code     0  f2d.o(x$fpl$f2d)
    _f2d                                     0x08005045   Thumb Code    86  f2d.o(x$fpl$f2d)
    __fpl_fnaninf                            0x0800509b   Thumb Code   140  fnaninf.o(x$fpl$fnaninf)
    _fp_init                                 0x08005127   Thumb Code    10  fpinit.o(x$fpl$fpinit)
    __fplib_config_fpu_vfp                   0x0800512f   Thumb Code     0  fpinit.o(x$fpl$fpinit)
    __fplib_config_pureend_doubles           0x0800512f   Thumb Code     0  fpinit.o(x$fpl$fpinit)
    __fpl_fretinf                            0x08005131   Thumb Code    10  fretinf.o(x$fpl$fretinf)
    _printf_fp_dec                           0x0800513b   Thumb Code     4  printf1.o(x$fpl$printf1)
    __I$use$fp                               0x0800513e   Number         0  usenofp.o(x$fpl$usenofp)
    SWT_mask                                 0x08005140   Data          32  swt.o(.constdata)
    AHBPrescTable                            0x08005160   Data          16  system_stm32f4xx.o(.constdata)
    Region$$Table$$Base                      0x08005204   Number         0  anon$$obj.o(Region$$Table)
    Region$$Table$$Limit                     0x08005224   Number         0  anon$$obj.o(Region$$Table)
    ringbuffer                               0x20000000   Data           4  adc_leds.o(.data)
    GPIO_InitStructure                       0x20000020   Data           8  sig_gen.o(.data)
    sinetable                                0x20000028   Data         512  sig_gen.o(.data)
    pulse_width                              0x20000228   Data           2  sig_gen.o(.data)
    phase_accumulator                        0x2000022c   Data           4  sig_gen.o(.data)
    angle                                    0x20000230   Data           1  sig_gen.o(.data)
    msTicks                                  0x20000234   Data           4  utility.o(.data)
    SystemCoreClock                          0x20000238   Data           4  system_stm32f4xx.o(.data)
    unmalloc_buffer                          0x2000023c   Data         512  lcd_buffer.o(.bss)
    lcd_commandBuffer                        0x2000043c   Data          16  lcd_driver.o(.bss)
    USART_InitStructure                      0x2000044c   Data          16  sig_gen.o(.bss)
    TIM_TimeBaseStructure                    0x2000045c   Data          12  sig_gen.o(.bss)
    TIM_OCInitStructure                      0x20000468   Data          20  sig_gen.o(.bss)
    __libspace_start                         0x2000047c   Data          96  libspace.o(.bss)
    __temporary_stack_top$libspace           0x200004dc   Data           0  libspace.o(.bss)



==============================================================================

Memory Map of the image

  Image Entry point : 0x08000189

  Load Region LR_IROM1 (Base: 0x08000000, Size: 0x0000547c, Max: 0x00100000, ABSOLUTE, COMPRESSED[0x000053f0])

    Execution Region ER_IROM1 (Base: 0x08000000, Size: 0x00005240, Max: 0x00100000, ABSOLUTE)

    Base Addr    Size         Type   Attr      Idx    E Section Name        Object

    0x08000000   0x00000188   Data   RO          646    RESET               startup_stm32f407xx.o
    0x08000188   0x00000008   Code   RO          785  * !!!main             c_w.l(__main.o)
    0x08000190   0x00000034   Code   RO         1073    !!!scatter          c_w.l(__scatter.o)
    0x080001c4   0x0000005a   Code   RO         1071    !!dczerorl2         c_w.l(__dczerorl2.o)
    0x0800021e   0x00000002   PAD
    0x08000220   0x0000001c   Code   RO         1075    !!handler_zi        c_w.l(__scatter_zi.o)
    0x0800023c   0x00000000   Code   RO          778    .ARM.Collect$$_printf_percent$$00000000  c_w.l(_printf_percent.o)
    0x0800023c   0x00000006   Code   RO          777    .ARM.Collect$$_printf_percent$$00000003  c_w.l(_printf_f.o)
    0x08000242   0x00000006   Code   RO          776    .ARM.Collect$$_printf_percent$$00000014  c_w.l(_printf_s.o)
    0x08000248   0x00000004   Code   RO          841    .ARM.Collect$$_printf_percent$$00000017  c_w.l(_printf_percent_end.o)
    0x0800024c   0x00000002   Code   RO         1016    .ARM.Collect$$libinit$$00000000  c_w.l(libinit.o)
    0x0800024e   0x00000004   Code   RO          850    .ARM.Collect$$libinit$$00000001  c_w.l(libinit2.o)
    0x08000252   0x00000000   Code   RO          853    .ARM.Collect$$libinit$$00000004  c_w.l(libinit2.o)
    0x08000252   0x00000008   Code   RO          854    .ARM.Collect$$libinit$$00000005  c_w.l(libinit2.o)
    0x0800025a   0x00000000   Code   RO          856    .ARM.Collect$$libinit$$0000000A  c_w.l(libinit2.o)
    0x0800025a   0x00000000   Code   RO          858    .ARM.Collect$$libinit$$0000000C  c_w.l(libinit2.o)
    0x0800025a   0x00000000   Code   RO          860    .ARM.Collect$$libinit$$0000000E  c_w.l(libinit2.o)
    0x0800025a   0x00000006   Code   RO          861    .ARM.Collect$$libinit$$0000000F  c_w.l(libinit2.o)
    0x08000260   0x00000000   Code   RO          863    .ARM.Collect$$libinit$$00000011  c_w.l(libinit2.o)
    0x08000260   0x00000000   Code   RO          865    .ARM.Collect$$libinit$$00000013  c_w.l(libinit2.o)
    0x08000260   0x00000000   Code   RO          867    .ARM.Collect$$libinit$$00000015  c_w.l(libinit2.o)
    0x08000260   0x0000000a   Code   RO          868    .ARM.Collect$$libinit$$00000016  c_w.l(libinit2.o)
    0x0800026a   0x00000000   Code   RO          869    .ARM.Collect$$libinit$$00000017  c_w.l(libinit2.o)
    0x0800026a   0x00000000   Code   RO          871    .ARM.Collect$$libinit$$00000019  c_w.l(libinit2.o)
    0x0800026a   0x00000000   Code   RO          873    .ARM.Collect$$libinit$$0000001B  c_w.l(libinit2.o)
    0x0800026a   0x00000000   Code   RO          875    .ARM.Collect$$libinit$$0000001D  c_w.l(libinit2.o)
    0x0800026a   0x00000000   Code   RO          877    .ARM.Collect$$libinit$$0000001F  c_w.l(libinit2.o)
    0x0800026a   0x00000000   Code   RO          879    .ARM.Collect$$libinit$$00000021  c_w.l(libinit2.o)
    0x0800026a   0x00000000   Code   RO          881    .ARM.Collect$$libinit$$00000023  c_w.l(libinit2.o)
    0x0800026a   0x00000000   Code   RO          883    .ARM.Collect$$libinit$$00000025  c_w.l(libinit2.o)
    0x0800026a   0x00000000   Code   RO          887    .ARM.Collect$$libinit$$0000002C  c_w.l(libinit2.o)
    0x0800026a   0x00000000   Code   RO          889    .ARM.Collect$$libinit$$0000002E  c_w.l(libinit2.o)
    0x0800026a   0x00000000   Code   RO          891    .ARM.Collect$$libinit$$00000030  c_w.l(libinit2.o)
    0x0800026a   0x00000000   Code   RO          893    .ARM.Collect$$libinit$$00000032  c_w.l(libinit2.o)
    0x0800026a   0x00000002   Code   RO          894    .ARM.Collect$$libinit$$00000033  c_w.l(libinit2.o)
    0x0800026c   0x00000002   Code   RO         1068    .ARM.Collect$$libshutdown$$00000000  c_w.l(libshutdown.o)
    0x0800026e   0x00000000   Code   RO         1028    .ARM.Collect$$libshutdown$$00000002  c_w.l(libshutdown2.o)
    0x0800026e   0x00000000   Code   RO         1030    .ARM.Collect$$libshutdown$$00000004  c_w.l(libshutdown2.o)
    0x0800026e   0x00000000   Code   RO         1033    .ARM.Collect$$libshutdown$$00000007  c_w.l(libshutdown2.o)
    0x0800026e   0x00000000   Code   RO         1036    .ARM.Collect$$libshutdown$$0000000A  c_w.l(libshutdown2.o)
    0x0800026e   0x00000000   Code   RO         1038    .ARM.Collect$$libshutdown$$0000000C  c_w.l(libshutdown2.o)
    0x0800026e   0x00000000   Code   RO         1041    .ARM.Collect$$libshutdown$$0000000F  c_w.l(libshutdown2.o)
    0x0800026e   0x00000002   Code   RO         1042    .ARM.Collect$$libshutdown$$00000010  c_w.l(libshutdown2.o)
    0x08000270   0x00000000   Code   RO          807    .ARM.Collect$$rtentry$$00000000  c_w.l(__rtentry.o)
    0x08000270   0x00000000   Code   RO          910    .ARM.Collect$$rtentry$$00000002  c_w.l(__rtentry2.o)
    0x08000270   0x00000006   Code   RO          922    .ARM.Collect$$rtentry$$00000004  c_w.l(__rtentry4.o)
    0x08000276   0x00000000   Code   RO          912    .ARM.Collect$$rtentry$$00000009  c_w.l(__rtentry2.o)
    0x08000276   0x00000004   Code   RO          913    .ARM.Collect$$rtentry$$0000000A  c_w.l(__rtentry2.o)
    0x0800027a   0x00000000   Code   RO          915    .ARM.Collect$$rtentry$$0000000C  c_w.l(__rtentry2.o)
    0x0800027a   0x00000008   Code   RO          916    .ARM.Collect$$rtentry$$0000000D  c_w.l(__rtentry2.o)
    0x08000282   0x00000002   Code   RO         1017    .ARM.Collect$$rtexit$$00000000  c_w.l(rtexit.o)
    0x08000284   0x00000000   Code   RO         1044    .ARM.Collect$$rtexit$$00000002  c_w.l(rtexit2.o)
    0x08000284   0x00000004   Code   RO         1045    .ARM.Collect$$rtexit$$00000003  c_w.l(rtexit2.o)
    0x08000288   0x00000006   Code   RO         1046    .ARM.Collect$$rtexit$$00000004  c_w.l(rtexit2.o)
    0x0800028e   0x00000002   PAD
    0x08000290   0x00000000   Code   RO          931    .emb_text           c_w.l(maybetermalloc1.o)
    0x08000290   0x00000270   Code   RO            4    .text               adc_leds.o
    0x08000500   0x00000064   Code   RO          182    .text               swt.o
    0x08000564   0x00000140   Code   RO          228    .text               serial.o
    0x080006a4   0x00000044   Code   RO          260    .text               retarget.o
    0x080006e8   0x000000a8   Code   RO          288    .text               lcd_buffer.o
    0x08000790   0x000004d0   Code   RO          306    .text               lcd_driver.o
    0x08000c60   0x000001ac   Code   RO          344    .text               adc.o
    0x08000e0c   0x00000294   Code   RO          368    .text               stm32f4xx_gpio.o
    0x080010a0   0x000000e0   Code   RO          392    .text               misc.o
    0x08001180   0x0000065c   Code   RO          416    .text               stm32f4xx_rcc.o
    0x080017dc   0x00000454   Code   RO          442    .text               stm32f4xx_usart.o
    0x08001c30   0x0000029c   Code   RO          466    .text               sig_gen.o
    0x08001ecc   0x00000ca2   Code   RO          498    .text               stm32f4xx_tim.o
    0x08002b6e   0x00000002   PAD
    0x08002b70   0x000000c0   Code   RO          522    .text               utility.o
    0x08002c30   0x00000110   Code   RO          549    .text               stm32f4xx_exti.o
    0x08002d40   0x00000094   Code   RO          573    .text               stm32f4xx_syscfg.o
    0x08002dd4   0x00000288   Code   RO          597    .text               board_init.o
    0x0800305c   0x00000154   Code   RO          626    .text               ringbuffer.o
    0x080031b0   0x00000040   Code   RO          647    .text               startup_stm32f407xx.o
    0x080031f0   0x00000210   Code   RO          654    .text               system_stm32f4xx.o
    0x08003400   0x00000002   Code   RO          684    .text               c_w.l(use_no_semi.o)
    0x08003402   0x0000005e   Code   RO          690    .text               c_w.l(h1_alloc.o)
    0x08003460   0x0000004e   Code   RO          692    .text               c_w.l(h1_free.o)
    0x080034ae   0x00000002   PAD
    0x080034b0   0x00000028   Code   RO          750    .text               c_w.l(noretval__2sprintf.o)
    0x080034d8   0x00000052   Code   RO          754    .text               c_w.l(_printf_str.o)
    0x0800352a   0x0000010e   Code   RO          764    .text               c_w.l(__printf_wp.o)
    0x08003638   0x00000080   Code   RO          779    .text               c_w.l(assert.o)
    0x080036b8   0x0000003e   Code   RO          781    .text               c_w.l(strlen.o)
    0x080036f6   0x00000006   Code   RO          783    .text               c_w.l(heapauxi.o)
    0x080036fc   0x00000008   Code   RO          811    .text               c_w.l(rt_heap_descriptor_intlibspace.o)
    0x08003704   0x00000004   Code   RO          813    .text               c_w.l(hguard.o)
    0x08003708   0x0000008a   Code   RO          815    .text               c_w.l(init_alloc.o)
    0x08003792   0x0000000e   Code   RO          819    .text               c_w.l(h1_init.o)
    0x080037a0   0x0000041a   Code   RO          833    .text               c_w.l(_printf_fp_dec.o)
    0x08003bba   0x00000002   PAD
    0x08003bbc   0x00000030   Code   RO          835    .text               c_w.l(_printf_char_common.o)
    0x08003bec   0x0000000a   Code   RO          837    .text               c_w.l(_sputc.o)
    0x08003bf6   0x0000002c   Code   RO          839    .text               c_w.l(_printf_char.o)
    0x08003c22   0x00000016   Code   RO          842    .text               c_w.l(abort.o)
    0x08003c38   0x00000014   Code   RO          844    .text               c_w.l(assert_puts.o)
    0x08003c4c   0x00000008   Code   RO          906    .text               c_w.l(libspace.o)
    0x08003c54   0x00000008   Code   RO          927    .text               c_w.l(rt_locale_intlibspace.o)
    0x08003c5c   0x00000034   Code   RO          933    .text               c_w.l(h1_extend.o)
    0x08003c90   0x0000008a   Code   RO          937    .text               c_w.l(lludiv10.o)
    0x08003d1a   0x00000002   PAD
    0x08003d1c   0x00000080   Code   RO          939    .text               c_w.l(_printf_fp_infnan.o)
    0x08003d9c   0x000000dc   Code   RO          943    .text               c_w.l(bigflt0.o)
    0x08003e78   0x0000000e   Code   RO          971    .text               c_w.l(defsig_abrt_outer.o)
    0x08003e86   0x0000000e   Code   RO          975    .text               c_w.l(defsig_rtmem_outer.o)
    0x08003e94   0x0000004a   Code   RO          991    .text               c_w.l(sys_stackheap_outer.o)
    0x08003ede   0x00000012   Code   RO          997    .text               c_w.l(exit.o)
    0x08003ef0   0x0000000a   Code   RO          999    .text               c_w.l(defsig_exit.o)
    0x08003efa   0x00000002   PAD
    0x08003efc   0x00000030   Code   RO         1001    .text               c_w.l(defsig_abrt_inner.o)
    0x08003f2c   0x00000050   Code   RO         1003    .text               c_w.l(defsig_rtmem_inner.o)
    0x08003f7c   0x00000080   Code   RO         1005    .text               c_w.l(strcmpv7m.o)
    0x08003ffc   0x00000032   Code   RO         1025    .text               c_w.l(defsig_general.o)
    0x0800402e   0x0000003e   Code   RO          946    CL$$btod_d2e        c_w.l(btod.o)
    0x0800406c   0x00000046   Code   RO          948    CL$$btod_d2e_denorm_low  c_w.l(btod.o)
    0x080040b2   0x00000060   Code   RO          947    CL$$btod_d2e_norm_op1  c_w.l(btod.o)
    0x08004112   0x00000338   Code   RO          956    CL$$btod_div_common  c_w.l(btod.o)
    0x0800444a   0x000000c6   Code   RO          953    CL$$btod_e2e        c_w.l(btod.o)
    0x08004510   0x00000028   Code   RO          950    CL$$btod_ediv       c_w.l(btod.o)
    0x08004538   0x00000028   Code   RO          949    CL$$btod_emul       c_w.l(btod.o)
    0x08004560   0x00000244   Code   RO          955    CL$$btod_mult_common  c_w.l(btod.o)
    0x080047a4   0x00000030   Code   RO          988    i.__ARM_fpclassify  m_wm.l(fpclassify.o)
    0x080047d4   0x0000000e   Code   RO          766    i._is_digit         c_w.l(__printf_wp.o)
    0x080047e2   0x00000002   PAD
    0x080047e4   0x0000002c   Code   RO          969    locale$$code        c_w.l(lc_numeric_c.o)
    0x08004810   0x00000062   Code   RO          787    x$fpl$d2f           fz_wm.l(d2f.o)
    0x08004872   0x00000002   PAD
    0x08004874   0x00000150   Code   RO          789    x$fpl$dadd          fz_wm.l(daddsub_clz.o)
    0x080049c4   0x000002b0   Code   RO          796    x$fpl$ddiv          fz_wm.l(ddiv.o)
    0x08004c74   0x00000154   Code   RO          799    x$fpl$dmul          fz_wm.l(dmul.o)
    0x08004dc8   0x0000009c   Code   RO          895    x$fpl$dnaninf       fz_wm.l(dnaninf.o)
    0x08004e64   0x0000000c   Code   RO          897    x$fpl$dretinf       fz_wm.l(dretinf.o)
    0x08004e70   0x000001d4   Code   RO          791    x$fpl$dsub          fz_wm.l(daddsub_clz.o)
    0x08005044   0x00000056   Code   RO          801    x$fpl$f2d           fz_wm.l(f2d.o)
    0x0800509a   0x0000008c   Code   RO          899    x$fpl$fnaninf       fz_wm.l(fnaninf.o)
    0x08005126   0x0000000a   Code   RO          984    x$fpl$fpinit        fz_wm.l(fpinit.o)
    0x08005130   0x0000000a   Code   RO          901    x$fpl$fretinf       fz_wm.l(fretinf.o)
    0x0800513a   0x00000004   Code   RO          803    x$fpl$printf1       fz_wm.l(printf1.o)
    0x0800513e   0x00000000   Code   RO          903    x$fpl$usenofp       fz_wm.l(usenofp.o)
    0x0800513e   0x00000002   PAD
    0x08005140   0x00000020   Data   RO          183    .constdata          swt.o
    0x08005160   0x00000010   Data   RO          655    .constdata          system_stm32f4xx.o
    0x08005170   0x00000094   Data   RO          944    .constdata          c_w.l(bigflt0.o)
    0x08005204   0x00000020   Data   RO         1069    Region$$Table       anon$$obj.o
    0x08005224   0x0000001c   Data   RO          968    locale$$data        c_w.l(lc_numeric_c.o)


    Execution Region RW_IRAM1 (Base: 0x20000000, Size: 0x00000ae0, Max: 0x00020000, ABSOLUTE, COMPRESSED[0x000001b0])

    Base Addr    Size         Type   Attr      Idx    E Section Name        Object

    0x20000000   0x00000004   Data   RW            5    .data               adc_leds.o
    0x20000004   0x00000009   Data   RW          308    .data               lcd_driver.o
    0x2000000d   0x00000010   Data   RW          417    .data               stm32f4xx_rcc.o
    0x2000001d   0x00000003   PAD
    0x20000020   0x00000211   Data   RW          468    .data               sig_gen.o
    0x20000231   0x00000003   PAD
    0x20000234   0x00000004   Data   RW          523    .data               utility.o
    0x20000238   0x00000004   Data   RW          656    .data               system_stm32f4xx.o
    0x2000023c   0x00000200   Zero   RW          289    .bss                lcd_buffer.o
    0x2000043c   0x00000010   Zero   RW          307    .bss                lcd_driver.o
    0x2000044c   0x00000030   Zero   RW          467    .bss                sig_gen.o
    0x2000047c   0x00000060   Zero   RW          907    .bss                c_w.l(libspace.o)
    0x200004dc   0x00000004   PAD
    0x200004e0   0x00000200   Zero   RW          645    HEAP                startup_stm32f407xx.o
    0x200006e0   0x00000400   Zero   RW          644    STACK               startup_stm32f407xx.o


==============================================================================

Image component sizes


      Code (inc. data)   RO Data    RW Data    ZI Data      Debug   Object Name

       428         20          0          0          0       2137   adc.o
       624        108          0          4          0     297544   adc_leds.o
       648         90          0          0          0      27578   board_init.o
       168          4          0          0        512       2278   lcd_buffer.o
      1232         70          0          9         16      30053   lcd_driver.o
       224         20          0          0          0       1909   misc.o
        68          4          0          0          0       2910   retarget.o
       340         68          0          0          0       3462   ringbuffer.o
       320         34          0          0          0       2677   serial.o
       668         50          0        529         48       2634   sig_gen.o
        64         26        392          0       1536        836   startup_stm32f407xx.o
       272         10          0          0          0       2379   stm32f4xx_exti.o
       660         44          0          0          0       4245   stm32f4xx_gpio.o
      1628         52          0         16          0      13184   stm32f4xx_rcc.o
       148         12          0          0          0       1873   stm32f4xx_syscfg.o
      3234         60          0          0          0      23108   stm32f4xx_tim.o
      1108         34          0          0          0       7976   stm32f4xx_usart.o
       100         18         32          0          0       1392   swt.o
       528         46         16          4          0       1791   system_stm32f4xx.o
       192          6          0          4          0       1640   utility.o

    ----------------------------------------------------------------------
     12656        776        472        572       2112     431606   Object Totals
         0          0         32          0          0          0   (incl. Generated)
         2          0          0          6          0          0   (incl. Padding)

    ----------------------------------------------------------------------

      Code (inc. data)   RO Data    RW Data    ZI Data      Debug   Library Member Name

        90          0          0          0          0          0   __dczerorl2.o
         8          0          0          0          0         68   __main.o
       284          0          0          0          0        156   __printf_wp.o
         0          0          0          0          0          0   __rtentry.o
        12          0          0          0          0          0   __rtentry2.o
         6          0          0          0          0          0   __rtentry4.o
        52          8          0          0          0          0   __scatter.o
        28          0          0          0          0          0   __scatter_zi.o
        44          0          0          0          0        108   _printf_char.o
        48          6          0          0          0         96   _printf_char_common.o
         6          0          0          0          0          0   _printf_f.o
      1050          0          0          0          0        216   _printf_fp_dec.o
       128         16          0          0          0         84   _printf_fp_infnan.o
         0          0          0          0          0          0   _printf_percent.o
         4          0          0          0          0          0   _printf_percent_end.o
         6          0          0          0          0          0   _printf_s.o
        82          0          0          0          0         80   _printf_str.o
        10          0          0          0          0         68   _sputc.o
        22          0          0          0          0         80   abort.o
       128         42          0          0          0         76   assert.o
        20          0          0          0          0         76   assert_puts.o
       220          4        148          0          0         96   bigflt0.o
      1910        128          0          0          0        672   btod.o
        48         34          0          0          0         76   defsig_abrt_inner.o
        14          0          0          0          0         80   defsig_abrt_outer.o
        10          0          0          0          0         68   defsig_exit.o
        50          0          0          0          0         88   defsig_general.o
        80         58          0          0          0         76   defsig_rtmem_inner.o
        14          0          0          0          0         80   defsig_rtmem_outer.o
        18          0          0          0          0         80   exit.o
        94          0          0          0          0         80   h1_alloc.o
        52          0          0          0          0         68   h1_extend.o
        78          0          0          0          0         80   h1_free.o
        14          0          0          0          0         84   h1_init.o
         6          0          0          0          0        152   heapauxi.o
         4          0          0          0          0        136   hguard.o
       138          0          0          0          0        168   init_alloc.o
        44         10         28          0          0         76   lc_numeric_c.o
         2          0          0          0          0          0   libinit.o
        30          0          0          0          0          0   libinit2.o
         2          0          0          0          0          0   libshutdown.o
         2          0          0          0          0          0   libshutdown2.o
         8          4          0          0         96         68   libspace.o
       138          0          0          0          0         80   lludiv10.o
         0          0          0          0          0          0   maybetermalloc1.o
        40          6          0          0          0         84   noretval__2sprintf.o
         8          4          0          0          0         68   rt_heap_descriptor_intlibspace.o
         8          4          0          0          0         68   rt_locale_intlibspace.o
         2          0          0          0          0          0   rtexit.o
        10          0          0          0          0          0   rtexit2.o
       128          0          0          0          0         68   strcmpv7m.o
        62          0          0          0          0         76   strlen.o
        74          0          0          0          0         80   sys_stackheap_outer.o
         2          0          0          0          0         68   use_no_semi.o
        98          4          0          0          0        140   d2f.o
       804         16          0          0          0        368   daddsub_clz.o
       688        140          0          0          0        256   ddiv.o
       340         12          0          0          0        152   dmul.o
       156          4          0          0          0        140   dnaninf.o
        12          0          0          0          0        116   dretinf.o
        86          4          0          0          0        132   f2d.o
       140          4          0          0          0        132   fnaninf.o
        10          0          0          0          0        116   fpinit.o
        10          0          0          0          0        116   fretinf.o
         4          0          0          0          0        116   printf1.o
         0          0          0          0          0          0   usenofp.o
        48          0          0          0          0        124   fpclassify.o

    ----------------------------------------------------------------------
      7752        508        176          0        100       5836   Library Totals
        18          0          0          0          4          0   (incl. Padding)

    ----------------------------------------------------------------------

      Code (inc. data)   RO Data    RW Data    ZI Data      Debug   Library Name

      5338        324        176          0         96       3928   c_w.l
      2348        184          0          0          0       1784   fz_wm.l
        48          0          0          0          0        124   m_wm.l

    ----------------------------------------------------------------------
      7752        508        176          0        100       5836   Library Totals

    ----------------------------------------------------------------------

==============================================================================


      Code (inc. data)   RO Data    RW Data    ZI Data      Debug   

     20408       1284        648        572       2212     428706   Grand Totals
     20408       1284        648        432       2212     428706   ELF Image Totals (compressed)
     20408       1284        648        432          0          0   ROM Totals

==============================================================================

    Total RO  Size (Code + RO Data)                21056 (  20.56kB)
    Total RW  Size (RW Data + ZI Data)              2784 (   2.72kB)
    Total ROM Size (Code + RO Data + RW Data)      21488 (  20.98kB)

==============================================================================

