Component: ARM Compiler 5.06 update 2 (build 183) Tool: armlink [4d35b7]

==============================================================================

Section Cross References

    adc_leds.o(.text) refers to _printf_percent.o(.ARM.Collect$$_printf_percent$$00000000) for _printf_percent
    adc_leds.o(.text) refers to _printf_f.o(.ARM.Collect$$_printf_percent$$00000003) for _printf_f
    adc_leds.o(.text) refers to printf1.o(x$fpl$printf1) for _printf_fp_dec
    adc_leds.o(.text) refers to _printf_s.o(.ARM.Collect$$_printf_percent$$00000014) for _printf_s
    adc_leds.o(.text) refers to _printf_str.o(.text) for _printf_str
    adc_leds.o(.text) refers to swt.o(.text) for SWT_Check
    adc_leds.o(.text) refers to adc.o(.text) for read_ADC1
    adc_leds.o(.text) refers to f2d.o(x$fpl$f2d) for __aeabi_f2d
    adc_leds.o(.text) refers to noretval__2sprintf.o(.text) for __2sprintf
    adc_leds.o(.text) refers to lcd_driver.o(.text) for lcd_write_string
    adc_leds.o(.text) refers to h1_alloc.o(.text) for malloc
    adc_leds.o(.text) refers to utility.o(.text) for scale
    adc_leds.o(.text) refers to d2f.o(x$fpl$d2f) for __aeabi_d2f
    adc_leds.o(.text) refers to board_init.o(.text) for init_board
    swt.o(.text) refers to swt.o(.constdata) for SWT_mask
    serial.o(.text) refers to stm32f4xx_rcc.o(.text) for RCC_APB1PeriphClockCmd
    serial.o(.text) refers to stm32f4xx_gpio.o(.text) for GPIO_Init
    serial.o(.text) refers to stm32f4xx_usart.o(.text) for USART_Init
    serial.o(.text) refers to misc.o(.text) for NVIC_Init
    serial.o(.text) refers to lcd_driver.o(.text) for lcd_clear_display
    serial.o(.text) refers to utility.o(.text) for Delay
    retarget.o(.rev16_text) refers (Special) to use_no_semi.o(.text) for __use_no_semihosting_swi
    retarget.o(.revsh_text) refers (Special) to use_no_semi.o(.text) for __use_no_semihosting_swi
    retarget.o(.rrx_text) refers (Special) to use_no_semi.o(.text) for __use_no_semihosting_swi
    retarget.o(.text) refers (Special) to use_no_semi.o(.text) for __use_no_semihosting_swi
    retarget.o(.data) refers (Special) to use_no_semi.o(.text) for __use_no_semihosting_swi
    lcd_buffer.o(.text) refers to h1_free.o(.text) for free
    lcd_buffer.o(.text) refers to lcd_buffer.o(.bss) for unmalloc_buffer
    lcd_driver.o(.text) refers to lcd_buffer.o(.text) for buffer_empty
    lcd_driver.o(.text) refers to strlen.o(.text) for strlen
    lcd_driver.o(.text) refers to lcd_driver.o(.bss) for lcd_commandBuffer
    lcd_driver.o(.text) refers to lcd_driver.o(.data) for stage
    adc.o(.text) refers to utility.o(.text) for Delay
    stm32f4xx_gpio.o(.text) refers to stm32f4xx_rcc.o(.text) for RCC_AHB1PeriphResetCmd
    stm32f4xx_rcc.o(.text) refers to stm32f4xx_rcc.o(.data) for APBAHBPrescTable
    stm32f4xx_usart.o(.text) refers to stm32f4xx_rcc.o(.text) for RCC_APB2PeriphResetCmd
    sig_gen.o(.text) refers to stm32f4xx_tim.o(.text) for TIM_GetITStatus
    sig_gen.o(.text) refers to stm32f4xx_gpio.o(.text) for GPIO_SetBits
    sig_gen.o(.text) refers to misc.o(.text) for NVIC_Init
    sig_gen.o(.text) refers to stm32f4xx_rcc.o(.text) for RCC_APB1PeriphClockCmd
    sig_gen.o(.text) refers to sig_gen.o(.data) for pulse_width
    sig_gen.o(.text) refers to sig_gen.o(.bss) for TIM_TimeBaseStructure
    stm32f4xx_tim.o(.text) refers to stm32f4xx_rcc.o(.text) for RCC_APB2PeriphResetCmd
    utility.o(.text) refers to daddsub_clz.o(x$fpl$dsub) for __aeabi_dsub
    utility.o(.text) refers to dmul.o(x$fpl$dmul) for __aeabi_dmul
    utility.o(.text) refers to ddiv.o(x$fpl$ddiv) for __aeabi_ddiv
    utility.o(.text) refers to daddsub_clz.o(x$fpl$dadd) for __aeabi_dadd
    utility.o(.text) refers to utility.o(.data) for msTicks
    stm32f4xx_syscfg.o(.text) refers to stm32f4xx_rcc.o(.text) for RCC_APB2PeriphResetCmd
    board_init.o(.text) refers to stm32f4xx_rcc.o(.text) for RCC_APB2PeriphClockCmd
    board_init.o(.text) refers to stm32f4xx_gpio.o(.text) for GPIO_Init
    board_init.o(.text) refers to stm32f4xx_syscfg.o(.text) for SYSCFG_EXTILineConfig
    board_init.o(.text) refers to stm32f4xx_exti.o(.text) for EXTI_Init
    board_init.o(.text) refers to misc.o(.text) for NVIC_Init
    board_init.o(.text) refers to adc.o(.text) for send_String
    board_init.o(.text) refers to system_stm32f4xx.o(.text) for SystemCoreClockUpdate
    board_init.o(.text) refers to swt.o(.text) for SWT_Init
    board_init.o(.text) refers to lcd_driver.o(.text) for lcd_init
    board_init.o(.text) refers to serial.o(.text) for serial_init
    board_init.o(.text) refers to system_stm32f4xx.o(.data) for SystemCoreClock
    startup_stm32f407xx.o(STACK) refers (Special) to heapauxi.o(.text) for __use_two_region_memory
    startup_stm32f407xx.o(HEAP) refers (Special) to heapauxi.o(.text) for __use_two_region_memory
    startup_stm32f407xx.o(RESET) refers (Special) to heapauxi.o(.text) for __use_two_region_memory
    startup_stm32f407xx.o(RESET) refers to startup_stm32f407xx.o(STACK) for __initial_sp
[...]
    .ARM.Collect$$libinit$$00000013          0x08000260   Section        0  libinit2.o(.ARM.Collect$$libinit$$00000013)
    .ARM.Collect$$libinit$$00000015          0x08000260   Section        0  libinit2.o(.ARM.Collect$$libinit$$00000015)
    .ARM.Collect$$libinit$$00000016          0x08000260   Section       10  libinit2.o(.ARM.Collect$$libinit$$00000016)
    .ARM.Collect$$libinit$$00000017          0x0800026a   Section        0  libinit2.o(.ARM.Collect$$libinit$$00000017)
    .ARM.Collect$$libinit$$00000019          0x0800026a   Section        0  libinit2.o(.ARM.Collect$$libinit$$00000019)
    .ARM.Collect$$libinit$$0000001B          0x0800026a   Section        0  libinit2.o(.ARM.Collect$$libinit$$0000001B)
    .ARM.Collect$$libinit$$0000001D          0x0800026a   Section        0  libinit2.o(.ARM.Collect$$libinit$$0000001D)
    .ARM.Collect$$libinit$$0000001F          0x0800026a   Section        0  libinit2.o(.ARM.Collect$$libinit$$0000001F)
    .ARM.Collect$$libinit$$00000021          0x0800026a   Section        0  libinit2.o(.ARM.Collect$$libinit$$00000021)
    .ARM.Collect$$libinit$$00000023          0x0800026a   Section        0  libinit2.o(.ARM.Collect$$libinit$$00000023)
    .ARM.Collect$$libinit$$00000025          0x0800026a   Section        0  libinit2.o(.ARM.Collect$$libinit$$00000025)
    .ARM.Collect$$libinit$$0000002C          0x0800026a   Section        0  libinit2.o(.ARM.Collect$$libinit$$0000002C)
    .ARM.Collect$$libinit$$0000002E          0x0800026a   Section        0  libinit2.o(.ARM.Collect$$libinit$$0000002E)
    .ARM.Collect$$libinit$$00000030          0x0800026a   Section        0  libinit2.o(.ARM.Collect$$libinit$$00000030)
    .ARM.Collect$$libinit$$00000032          0x0800026a   Section        0  libinit2.o(.ARM.Collect$$libinit$$00000032)
    .ARM.Collect$$libinit$$00000033          0x0800026a   Section        2  libinit2.o(.ARM.Collect$$libinit$$00000033)
    .ARM.Collect$$libshutdown$$00000000      0x0800026c   Section        2  libshutdown.o(.ARM.Collect$$libshutdown$$00000000)
    .ARM.Collect$$libshutdown$$00000002      0x0800026e   Section        0  libshutdown2.o(.ARM.Collect$$libshutdown$$00000002)
    .ARM.Collect$$libshutdown$$00000004      0x0800026e   Section        0  libshutdown2.o(.ARM.Collect$$libshutdown$$00000004)
    .ARM.Collect$$libshutdown$$00000007      0x0800026e   Section        0  libshutdown2.o(.ARM.Collect$$libshutdown$$00000007)
    .ARM.Collect$$libshutdown$$0000000A      0x0800026e   Section        0  libshutdown2.o(.ARM.Collect$$libshutdown$$0000000A)
    .ARM.Collect$$libshutdown$$0000000C      0x0800026e   Section        0  libshutdown2.o(.ARM.Collect$$libshutdown$$0000000C)
    .ARM.Collect$$libshutdown$$0000000F      0x0800026e   Section        0  libshutdown2.o(.ARM.Collect$$libshutdown$$0000000F)
    .ARM.Collect$$libshutdown$$00000010      0x0800026e   Section        2  libshutdown2.o(.ARM.Collect$$libshutdown$$00000010)
    .ARM.Collect$$rtentry$$00000000          0x08000270   Section        0  __rtentry.o(.ARM.Collect$$rtentry$$00000000)
    .ARM.Collect$$rtentry$$00000002          0x08000270   Section        0  __rtentry2.o(.ARM.Collect$$rtentry$$00000002)
    .ARM.Collect$$rtentry$$00000004          0x08000270   Section        6  __rtentry4.o(.ARM.Collect$$rtentry$$00000004)
    .ARM.Collect$$rtentry$$00000009          0x08000276   Section        0  __rtentry2.o(.ARM.Collect$$rtentry$$00000009)
    .ARM.Collect$$rtentry$$0000000A          0x08000276   Section        4  __rtentry2.o(.ARM.Collect$$rtentry$$0000000A)
    .ARM.Collect$$rtentry$$0000000C          0x0800027a   Section        0  __rtentry2.o(.ARM.Collect$$rtentry$$0000000C)
    .ARM.Collect$$rtentry$$0000000D          0x0800027a   Section        8  __rtentry2.o(.ARM.Collect$$rtentry$$0000000D)
    .ARM.Collect$$rtexit$$00000000           0x08000282   Section        2  rtexit.o(.ARM.Collect$$rtexit$$00000000)
    .ARM.Collect$$rtexit$$00000002           0x08000284   Section        0  rtexit2.o(.ARM.Collect$$rtexit$$00000002)
    .ARM.Collect$$rtexit$$00000003           0x08000284   Section        4  rtexit2.o(.ARM.Collect$$rtexit$$00000003)
    .ARM.Collect$$rtexit$$00000004           0x08000288   Section        6  rtexit2.o(.ARM.Collect$$rtexit$$00000004)
    .emb_text                                0x08000290   Section        0  maybetermalloc1.o(.emb_text)
    .text                                    0x08000290   Section        0  adc_leds.o(.text)
    .text                                    0x08000500   Section        0  swt.o(.text)
    .text                                    0x08000564   Section        0  serial.o(.text)
    _configUSART3                            0x08000565   Thumb Code   166  serial.o(.text)
    .text                                    0x08000668   Section        0  retarget.o(.text)
    .text                                    0x080006ac   Section        0  lcd_buffer.o(.text)
    .text                                    0x08000754   Section        0  lcd_driver.o(.text)
    .text                                    0x08000c24   Section        0  adc.o(.text)
    .text                                    0x08000dd0   Section        0  stm32f4xx_gpio.o(.text)
    .text                                    0x08001064   Section        0  misc.o(.text)
    .text                                    0x08001144   Section        0  stm32f4xx_rcc.o(.text)
    .text                                    0x080017a0   Section        0  stm32f4xx_usart.o(.text)
    .text                                    0x08001bf4   Section        0  sig_gen.o(.text)
    .text                                    0x08001e90   Section        0  stm32f4xx_tim.o(.text)
    TI4_Config                               0x0800262f   Thumb Code    80  stm32f4xx_tim.o(.text)
    TI3_Config                               0x08002691   Thumb Code    72  stm32f4xx_tim.o(.text)
    TI2_Config                               0x080026f3   Thumb Code    90  stm32f4xx_tim.o(.text)
    TI1_Config                               0x0800275f   Thumb Code    58  stm32f4xx_tim.o(.text)
    .text                                    0x08002b34   Section        0  utility.o(.text)
    .text                                    0x08002bf4   Section        0  stm32f4xx_exti.o(.text)
    .text                                    0x08002d04   Section        0  stm32f4xx_syscfg.o(.text)
    .text                                    0x08002d98   Section        0  board_init.o(.text)
    .text                                    0x08003010   Section       64  startup_stm32f407xx.o(.text)
    $v0                                      0x08003010   Number         0  startup_stm32f407xx.o(.text)
    .text                                    0x08003050   Section        0  system_stm32f4xx.o(.text)
    SetSysClock                              0x08003051   Thumb Code   220  system_stm32f4xx.o(.text)
    .text                                    0x08003260   Section        2  use_no_semi.o(.text)
    .text                                    0x08003262   Section        0  h1_alloc.o(.text)
    .text                                    0x080032c0   Section        0  h1_free.o(.text)
    .text                                    0x08003310   Section        0  noretval__2sprintf.o(.text)
    .text                                    0x08003338   Section        0  _printf_str.o(.text)
    .text                                    0x0800338a   Section        0  __printf_wp.o(.text)
    .text                                    0x08003498   Section        0  strlen.o(.text)
    .text                                    0x080034d6   Section        0  heapauxi.o(.text)
    .text                                    0x080034dc   Section        8  rt_heap_descriptor_intlibspace.o(.text)
    .text                                    0x080034e4   Section        0  hguard.o(.text)
    .text                                    0x080034e8   Section        0  init_alloc.o(.text)
    .text                                    0x08003572   Section        0  h1_init.o(.text)
    .text                                    0x08003580   Section        0  _printf_fp_dec.o(.text)
    _fp_digits                               0x08003583   Thumb Code   428  _printf_fp_dec.o(.text)
    .text                                    0x0800399c   Section        0  _printf_char_common.o(.text)
    _printf_input_char                       0x0800399d   Thumb Code    10  _printf_char_common.o(.text)
    .text                                    0x080039cc   Section        0  _sputc.o(.text)
    .text                                    0x080039d6   Section        0  _printf_char.o(.text)
    .text                                    0x08003a04   Section        8  libspace.o(.text)
    .text                                    0x08003a0c   Section        8  rt_locale_intlibspace.o(.text)
    .text                                    0x08003a14   Section        0  h1_extend.o(.text)
    .text                                    0x08003a48   Section      138  lludiv10.o(.text)
    .text                                    0x08003ad4   Section        0  _printf_fp_infnan.o(.text)
    .text                                    0x08003b54   Section        0  bigflt0.o(.text)
    .text                                    0x08003c30   Section        0  defsig_rtmem_outer.o(.text)
    .text                                    0x08003c3e   Section       74  sys_stackheap_outer.o(.text)
    .text                                    0x08003c88   Section        0  exit.o(.text)
    .text                                    0x08003c9a   Section        0  defsig_exit.o(.text)
    .text                                    0x08003ca4   Section        0  defsig_rtmem_inner.o(.text)
    .text                                    0x08003cf4   Section      128  strcmpv7m.o(.text)
    .text                                    0x08003d74   Section        0  defsig_general.o(.text)
    CL$$btod_d2e                             0x08003da6   Section       62  btod.o(CL$$btod_d2e)
    CL$$btod_d2e_denorm_low                  0x08003de4   Section       70  btod.o(CL$$btod_d2e_denorm_low)
    CL$$btod_d2e_norm_op1                    0x08003e2a   Section       96  btod.o(CL$$btod_d2e_norm_op1)
    CL$$btod_div_common                      0x08003e8a   Section      824  btod.o(CL$$btod_div_common)
    CL$$btod_e2e                             0x080041c2   Section      198  btod.o(CL$$btod_e2e)
    CL$$btod_ediv                            0x08004288   Section       40  btod.o(CL$$btod_ediv)
    CL$$btod_emul                            0x080042b0   Section       40  btod.o(CL$$btod_emul)
    CL$$btod_mult_common                     0x080042d8   Section      580  btod.o(CL$$btod_mult_common)
    i.__ARM_fpclassify                       0x0800451c   Section        0  fpclassify.o(i.__ARM_fpclassify)
    i._is_digit                              0x0800454c   Section        0  __printf_wp.o(i._is_digit)
    locale$$code                             0x0800455c   Section       44  lc_numeric_c.o(locale$$code)
    x$fpl$d2f                                0x08004588   Section       98  d2f.o(x$fpl$d2f)
    $v0                                      0x08004588   Number         0  d2f.o(x$fpl$d2f)
    x$fpl$dadd                               0x080045ec   Section      336  daddsub_clz.o(x$fpl$dadd)
    $v0                                      0x080045ec   Number         0  daddsub_clz.o(x$fpl$dadd)
    _dadd1                                   0x080045fd   Thumb Code     0  daddsub_clz.o(x$fpl$dadd)
    x$fpl$ddiv                               0x0800473c   Section      688  ddiv.o(x$fpl$ddiv)
    $v0                                      0x0800473c   Number         0  ddiv.o(x$fpl$ddiv)
    ddiv_entry                               0x08004743   Thumb Code     0  ddiv.o(x$fpl$ddiv)
    x$fpl$dmul                               0x080049ec   Section      340  dmul.o(x$fpl$dmul)
    $v0                                      0x080049ec   Number         0  dmul.o(x$fpl$dmul)
    x$fpl$dnaninf                            0x08004b40   Section      156  dnaninf.o(x$fpl$dnaninf)
    $v0                                      0x08004b40   Number         0  dnaninf.o(x$fpl$dnaninf)
    x$fpl$dretinf                            0x08004bdc   Section       12  dretinf.o(x$fpl$dretinf)
    $v0                                      0x08004bdc   Number         0  dretinf.o(x$fpl$dretinf)
    x$fpl$dsub                               0x08004be8   Section      468  daddsub_clz.o(x$fpl$dsub)
    $v0                                      0x08004be8   Number         0  daddsub_clz.o(x$fpl$dsub)
    _dsub1                                   0x08004bf9   Thumb Code     0  daddsub_clz.o(x$fpl$dsub)
    x$fpl$f2d                                0x08004dbc   Section       86  f2d.o(x$fpl$f2d)
    $v0                                      0x08004dbc   Number         0  f2d.o(x$fpl$f2d)
    x$fpl$fnaninf                            0x08004e12   Section      140  fnaninf.o(x$fpl$fnaninf)
    $v0                                      0x08004e12   Number         0  fnaninf.o(x$fpl$fnaninf)
    x$fpl$fpinit                             0x08004e9e   Section       10  fpinit.o(x$fpl$fpinit)
    $v0                                      0x08004e9e   Number         0  fpinit.o(x$fpl$fpinit)
    x$fpl$fretinf                            0x08004ea8   Section       10  fretinf.o(x$fpl$fretinf)
    $v0                                      0x08004ea8   Number         0  fretinf.o(x$fpl$fretinf)
    x$fpl$printf1                            0x08004eb2   Section        4  printf1.o(x$fpl$printf1)
    $v0                                      0x08004eb2   Number         0  printf1.o(x$fpl$printf1)
    x$fpl$usenofp                            0x08004eb6   Section        0  usenofp.o(x$fpl$usenofp)
    .constdata                               0x08004eb8   Section       32  swt.o(.constdata)
    .constdata                               0x08004ed8   Section       16  system_stm32f4xx.o(.constdata)
    .constdata                               0x08004ee8   Section      148  bigflt0.o(.constdata)
    tenpwrs_x                                0x08004ee8   Data          60  bigflt0.o(.constdata)
    tenpwrs_i                                0x08004f24   Data          64  bigflt0.o(.constdata)
    locale$$data                             0x08004f9c   Section       28  lc_numeric_c.o(locale$$data)
    __lcnum_c_name                           0x08004fa0   Data           2  lc_numeric_c.o(locale$$data)
    __lcnum_c_start                          0x08004fa8   Data           0  lc_numeric_c.o(locale$$data)
    __lcnum_c_point                          0x08004fb4   Data           0  lc_numeric_c.o(locale$$data)
    __lcnum_c_thousands                      0x08004fb6   Data           0  lc_numeric_c.o(locale$$data)
    __lcnum_c_grouping                       0x08004fb7   Data           0  lc_numeric_c.o(locale$$data)
    __lcnum_c_end                            0x08004fb8   Data           0  lc_numeric_c.o(locale$$data)
    .data                                    0x20000000   Section        9  lcd_driver.o(.data)
    stage                                    0x20000000   Data           4  lcd_driver.o(.data)
    buffer_data                              0x20000004   Data           4  lcd_driver.o(.data)
    scrolling                                0x20000008   Data           1  lcd_driver.o(.data)
    .data                                    0x20000009   Section       16  stm32f4xx_rcc.o(.data)
    APBAHBPrescTable                         0x20000009   Data          16  stm32f4xx_rcc.o(.data)
    .data                                    0x2000001c   Section      529  sig_gen.o(.data)
    .data                                    0x20000230   Section        4  utility.o(.data)
    .data                                    0x20000234   Section        4  system_stm32f4xx.o(.data)
    .bss                                     0x20000238   Section      512  lcd_buffer.o(.bss)
    .bss                                     0x20000438   Section       16  lcd_driver.o(.bss)
    .bss                                     0x20000448   Section       48  sig_gen.o(.bss)
    .bss                                     0x20000478   Section       96  libspace.o(.bss)
    HEAP                                     0x200004d8   Section      512  startup_stm32f407xx.o(HEAP)
    Heap_Mem                                 0x200004d8   Data         512  startup_stm32f407xx.o(HEAP)
    STACK                                    0x200006d8   Section     1024  startup_stm32f407xx.o(STACK)
    Stack_Mem                                0x200006d8   Data        1024  startup_stm32f407xx.o(STACK)
    __initial_sp                             0x20000ad8   Data           0  startup_stm32f407xx.o(STACK)

    Global Symbols

    Symbol Name                              Value     Ov Type        Size  Object(Section)

    BuildAttributes$$THM_ISAv4$E$P$D$K$B$S$7EM$VFPi3$EXTD16$VFPS$VFMA$PE$A:L22UL41UL21$X:L11$S22US41US21$IEEE1$IW$USESV6$~STKCKD$USESV7$~SHL$OTIME$ROPI$IEEEJ$EBA8$UX$STANDARDLIB$REQ8$PRES8$EABIv2 0x00000000   Number         0  anon$$obj.o ABSOLUTE
    __ARM_use_no_argv                        0x00000000   Number         0  adc_leds.o ABSOLUTE
    _printf_flags                            0x00000000   Number         0  printf_stubs.o ABSOLUTE
    _printf_return_value                     0x00000000   Number         0  printf_stubs.o ABSOLUTE
    _printf_sizespec                         0x00000000   Number         0  printf_stubs.o ABSOLUTE
    _printf_widthprec                        0x00000000   Number         0  printf_stubs.o ABSOLUTE
    __ARM_exceptions_init                     - Undefined Weak Reference
    __alloca_initialize                       - Undefined Weak Reference
    __arm_preinit_                            - Undefined Weak Reference
    __cpp_initialize__aeabi_                  - Undefined Weak Reference
    __cxa_finalize                            - Undefined Weak Reference
    __sigvec_lookup                           - Undefined Weak Reference
    __user_heap_extent                        - Undefined Weak Reference
    _atexit_init                              - Undefined Weak Reference
    _call_atexit_fns                          - Undefined Weak Reference
    _clock_init                               - Undefined Weak Reference
    _fp_trap_init                             - Undefined Weak Reference
    _fp_trap_shutdown                         - Undefined Weak Reference
    _get_lc_collate                           - Undefined Weak Reference
    _get_lc_ctype                             - Undefined Weak Reference
    _get_lc_monetary                          - Undefined Weak Reference
    _get_lc_time                              - Undefined Weak Reference
    _getenv_init                              - Undefined Weak Reference
    _handle_redirection                       - Undefined Weak Reference
    _initio                                   - Undefined Weak Reference
    _mutex_acquire                            - Undefined Weak Reference
    _mutex_free                               - Undefined Weak Reference
    _mutex_release                            - Undefined Weak Reference
    _printf_mbtowc                            - Undefined Weak Reference
    _printf_post_padding                      - Undefined Weak Reference
    _printf_pre_padding                       - Undefined Weak Reference
    _rand_init                                - Undefined Weak Reference
    _signal_finish                            - Undefined Weak Reference
    _signal_init                              - Undefined Weak Reference
    _terminateio                              - Undefined Weak Reference
    __Vectors_Size                           0x00000188   Number         0  startup_stm32f407xx.o ABSOLUTE
    __Vectors                                0x08000000   Data           4  startup_stm32f407xx.o(RESET)
    __Vectors_End                            0x08000188   Data           0  startup_stm32f407xx.o(RESET)
    __main                                   0x08000189   Thumb Code     8  __main.o(!!!main)
    __scatterload                            0x08000191   Thumb Code     0  __scatter.o(!!!scatter)
    __scatterload_rt2                        0x08000191   Thumb Code    44  __scatter.o(!!!scatter)
    __scatterload_rt2_thumb_only             0x08000191   Thumb Code     0  __scatter.o(!!!scatter)
    __scatterload_null                       0x0800019f   Thumb Code     0  __scatter.o(!!!scatter)
    __decompress                             0x080001c5   Thumb Code    90  __dczerorl2.o(!!dczerorl2)
    __decompress1                            0x080001c5   Thumb Code     0  __dczerorl2.o(!!dczerorl2)
    __scatterload_zeroinit                   0x08000221   Thumb Code    28  __scatter_zi.o(!!handler_zi)
    _printf_f                                0x0800023d   Thumb Code     0  _printf_f.o(.ARM.Collect$$_printf_percent$$00000003)
    _printf_percent                          0x0800023d   Thumb Code     0  _printf_percent.o(.ARM.Collect$$_printf_percent$$00000000)
    _printf_s                                0x08000243   Thumb Code     0  _printf_s.o(.ARM.Collect$$_printf_percent$$00000014)
    _printf_percent_end                      0x08000249   Thumb Code     0  _printf_percent_end.o(.ARM.Collect$$_printf_percent$$00000017)
    __rt_lib_init                            0x0800024d   Thumb Code     0  libinit.o(.ARM.Collect$$libinit$$00000000)
    __rt_lib_init_fp_1                       0x0800024f   Thumb Code     0  libinit2.o(.ARM.Collect$$libinit$$00000001)
    __rt_lib_init_heap_2                     0x08000253   Thumb Code     0  libinit2.o(.ARM.Collect$$libinit$$00000005)
    __rt_lib_init_preinit_1                  0x08000253   Thumb Code     0  libinit2.o(.ARM.Collect$$libinit$$00000004)
    __rt_lib_init_heap_1                     0x0800025b   Thumb Code     0  libinit2.o(.ARM.Collect$$libinit$$0000000A)
    __rt_lib_init_lc_common                  0x0800025b   Thumb Code     0  libinit2.o(.ARM.Collect$$libinit$$0000000F)
    __rt_lib_init_rand_1                     0x0800025b   Thumb Code     0  libinit2.o(.ARM.Collect$$libinit$$0000000E)
    __rt_lib_init_user_alloc_1               0x0800025b   Thumb Code     0  libinit2.o(.ARM.Collect$$libinit$$0000000C)
    __rt_lib_init_lc_collate_1               0x08000261   Thumb Code     0  libinit2.o(.ARM.Collect$$libinit$$00000011)
    __rt_lib_init_lc_ctype_1                 0x08000261   Thumb Code     0  libinit2.o(.ARM.Collect$$libinit$$00000013)
    __rt_lib_init_lc_monetary_1              0x08000261   Thumb Code     0  libinit2.o(.ARM.Collect$$libinit$$00000015)
    __rt_lib_init_lc_numeric_2               0x08000261   Thumb Code     0  libinit2.o(.ARM.Collect$$libinit$$00000016)
    __rt_lib_init_alloca_1                   0x0800026b   Thumb Code     0  libinit2.o(.ARM.Collect$$libinit$$0000002E)
    __rt_lib_init_argv_1                     0x0800026b   Thumb Code     0  libinit2.o(.ARM.Collect$$libinit$$0000002C)
    __rt_lib_init_atexit_1                   0x0800026b   Thumb Code     0  libinit2.o(.ARM.Collect$$libinit$$0000001B)
    __rt_lib_init_clock_1                    0x0800026b   Thumb Code     0  libinit2.o(.ARM.Collect$$libinit$$00000021)
    __rt_lib_init_cpp_1                      0x0800026b   Thumb Code     0  libinit2.o(.ARM.Collect$$libinit$$00000032)
    __rt_lib_init_exceptions_1               0x0800026b   Thumb Code     0  libinit2.o(.ARM.Collect$$libinit$$00000030)
    __rt_lib_init_fp_trap_1                  0x0800026b   Thumb Code     0  libinit2.o(.ARM.Collect$$libinit$$0000001F)
    __rt_lib_init_getenv_1                   0x0800026b   Thumb Code     0  libinit2.o(.ARM.Collect$$libinit$$00000023)
    __rt_lib_init_lc_numeric_1               0x0800026b   Thumb Code     0  libinit2.o(.ARM.Collect$$libinit$$00000017)
    __rt_lib_init_lc_time_1                  0x0800026b   Thumb Code     0  libinit2.o(.ARM.Collect$$libinit$$00000019)
    __rt_lib_init_return                     0x0800026b   Thumb Code     0  libinit2.o(.ARM.Collect$$libinit$$00000033)
    __rt_lib_init_signal_1                   0x0800026b   Thumb Code     0  libinit2.o(.ARM.Collect$$libinit$$0000001D)
    __rt_lib_init_stdio_1                    0x0800026b   Thumb Code     0  libinit2.o(.ARM.Collect$$libinit$$00000025)
    __rt_lib_shutdown                        0x0800026d   Thumb Code     0  libshutdown.o(.ARM.Collect$$libshutdown$$00000000)
    __rt_lib_shutdown_cpp_1                  0x0800026f   Thumb Code     0  libshutdown2.o(.ARM.Collect$$libshutdown$$00000002)
    __rt_lib_shutdown_fp_trap_1              0x0800026f   Thumb Code     0  libshutdown2.o(.ARM.Collect$$libshutdown$$00000007)
    __rt_lib_shutdown_heap_1                 0x0800026f   Thumb Code     0  libshutdown2.o(.ARM.Collect$$libshutdown$$0000000F)
    __rt_lib_shutdown_return                 0x0800026f   Thumb Code     0  libshutdown2.o(.ARM.Collect$$libshutdown$$00000010)
    __rt_lib_shutdown_signal_1               0x0800026f   Thumb Code     0  libshutdown2.o(.ARM.Collect$$libshutdown$$0000000A)
    __rt_lib_shutdown_stdio_1                0x0800026f   Thumb Code     0  libshutdown2.o(.ARM.Collect$$libshutdown$$00000004)
    __rt_lib_shutdown_user_alloc_1           0x0800026f   Thumb Code     0  libshutdown2.o(.ARM.Collect$$libshutdown$$0000000C)
    __rt_entry                               0x08000271   Thumb Code     0  __rtentry.o(.ARM.Collect$$rtentry$$00000000)
    __rt_entry_presh_1                       0x08000271   Thumb Code     0  __rtentry2.o(.ARM.Collect$$rtentry$$00000002)
    __rt_entry_sh                            0x08000271   Thumb Code     0  __rtentry4.o(.ARM.Collect$$rtentry$$00000004)
    __rt_entry_li                            0x08000277   Thumb Code     0  __rtentry2.o(.ARM.Collect$$rtentry$$0000000A)
    __rt_entry_postsh_1                      0x08000277   Thumb Code     0  __rtentry2.o(.ARM.Collect$$rtentry$$00000009)
    __rt_entry_main                          0x0800027b   Thumb Code     0  __rtentry2.o(.ARM.Collect$$rtentry$$0000000D)
    __rt_entry_postli_1                      0x0800027b   Thumb Code     0  __rtentry2.o(.ARM.Collect$$rtentry$$0000000C)
    __rt_exit                                0x08000283   Thumb Code     0  rtexit.o(.ARM.Collect$$rtexit$$00000000)
    __rt_exit_ls                             0x08000285   Thumb Code     0  rtexit2.o(.ARM.Collect$$rtexit$$00000003)
    __rt_exit_prels_1                        0x08000285   Thumb Code     0  rtexit2.o(.ARM.Collect$$rtexit$$00000002)
    __rt_exit_exit                           0x08000289   Thumb Code     0  rtexit2.o(.ARM.Collect$$rtexit$$00000004)
    BTN_Get                                  0x08000291   Thumb Code    10  adc_leds.o(.text)
    _maybe_terminate_alloc                   0x08000291   Thumb Code     0  maybetermalloc1.o(.emb_text)
    check_state_changed                      0x0800029b   Thumb Code    40  adc_leds.o(.text)
    get_units                                0x080002c3   Thumb Code    32  adc_leds.o(.text)
    read_value                               0x080002e3   Thumb Code    90  adc_leds.o(.text)
    lcd_output_value                         0x0800033d   Thumb Code    76  adc_leds.o(.text)
    bt_output_value                          0x08000389   Thumb Code    40  adc_leds.o(.text)
    main_loop                                0x080003b1   Thumb Code   166  adc_leds.o(.text)
    display_startup_message                  0x08000457   Thumb Code    50  adc_leds.o(.text)
    main                                     0x08000489   Thumb Code    12  adc_leds.o(.text)
    SWT_Init                                 0x08000501   Thumb Code    52  swt.o(.text)
    SWT_Get                                  0x08000535   Thumb Code     6  swt.o(.text)
    SWT_Check                                0x0800053b   Thumb Code    24  swt.o(.text)
    USART3_IRQHandler                        0x0800060b   Thumb Code    50  serial.o(.text)
    serial_init                              0x0800063d   Thumb Code    14  serial.o(.text)
    sendchar                                 0x08000669   Thumb Code    26  retarget.o(.text)
    fputc                                    0x08000683   Thumb Code    14  retarget.o(.text)
    ferror                                   0x08000691   Thumb Code     8  retarget.o(.text)
    _ttywrch                                 0x08000699   Thumb Code    12  retarget.o(.text)
    _sys_exit                                0x080006a5   Thumb Code     4  retarget.o(.text)
    buffer_init                              0x080006ad   Thumb Code    16  lcd_buffer.o(.text)
    buffer_destroy                           0x080006bd   Thumb Code    12  lcd_buffer.o(.text)
    buffer_full                              0x080006c9   Thumb Code    30  lcd_buffer.o(.text)
    buffer_empty                             0x080006e7   Thumb Code    18  lcd_buffer.o(.text)
    buffer_put                               0x080006f9   Thumb Code    44  lcd_buffer.o(.text)
    buffer_get                               0x08000725   Thumb Code    44  lcd_buffer.o(.text)
    lcd_write                                0x08000755   Thumb Code    62  lcd_driver.o(.text)
    lcd_move_cursor                          0x08000793   Thumb Code    36  lcd_driver.o(.text)
    lcd_clear_display                        0x080007b7   Thumb Code    32  lcd_driver.o(.text)
    lcd_change_settings                      0x080007d7   Thumb Code    34  lcd_driver.o(.text)
    lcd_setup_timer                          0x080007f9   Thumb Code    54  lcd_driver.o(.text)
    lcd_setup_GPIO                           0x0800082f   Thumb Code   150  lcd_driver.o(.text)
    lcd_init                                 0x080008c5   Thumb Code   130  lcd_driver.o(.text)
    lcd_write_string                         0x08000947   Thumb Code   128  lcd_driver.o(.text)
    lcd_write_center                         0x080009c7   Thumb Code    54  lcd_driver.o(.text)
    lcd_scrolling                            0x080009fd   Thumb Code    48  lcd_driver.o(.text)
    TIM6_DAC_IRQHandler                      0x08000a2d   Thumb Code   480  lcd_driver.o(.text)
    ADC1_init                                0x08000c25   Thumb Code   114  adc.o(.text)
    ADC2_init                                0x08000c97   Thumb Code   126  adc.o(.text)
    read_ADC1                                0x08000d15   Thumb Code    34  adc.o(.text)
    read_ADC2                                0x08000d37   Thumb Code    40  adc.o(.text)
    set_cont_ADC1                            0x08000d5f   Thumb Code    24  adc.o(.text)
    read_cont_ADC1                           0x08000d77   Thumb Code    20  adc.o(.text)
    send_Char                                0x08000d8b   Thumb Code    16  adc.o(.text)
    send_String                              0x08000d9b   Thumb Code    34  adc.o(.text)
    GPIO_DeInit                              0x08000dd1   Thumb Code   268  stm32f4xx_gpio.o(.text)
    GPIO_Init                                0x08000edd   Thumb Code   144  stm32f4xx_gpio.o(.text)
    GPIO_StructInit                          0x08000f6d   Thumb Code    18  stm32f4xx_gpio.o(.text)
    GPIO_PinLockConfig                       0x08000f7f   Thumb Code    34  stm32f4xx_gpio.o(.text)
    GPIO_ReadInputDataBit                    0x08000fa1   Thumb Code    18  stm32f4xx_gpio.o(.text)
    GPIO_ReadInputData                       0x08000fb3   Thumb Code     8  stm32f4xx_gpio.o(.text)
    GPIO_ReadOutputDataBit                   0x08000fbb   Thumb Code    18  stm32f4xx_gpio.o(.text)
    GPIO_ReadOutputData                      0x08000fcd   Thumb Code     8  stm32f4xx_gpio.o(.text)
    GPIO_SetBits                             0x08000fd5   Thumb Code     4  stm32f4xx_gpio.o(.text)
    GPIO_ResetBits                           0x08000fd9   Thumb Code     4  stm32f4xx_gpio.o(.text)
    GPIO_WriteBit                            0x08000fdd   Thumb Code    10  stm32f4xx_gpio.o(.text)
    GPIO_Write                               0x08000fe7   Thumb Code     4  stm32f4xx_gpio.o(.text)
    GPIO_ToggleBits                          0x08000feb   Thumb Code     8  stm32f4xx_gpio.o(.text)
    GPIO_PinAFConfig                         0x08000ff3   Thumb Code    70  stm32f4xx_gpio.o(.text)
    NVIC_PriorityGroupConfig                 0x08001065   Thumb Code    10  misc.o(.text)
    NVIC_Init                                0x0800106f   Thumb Code   106  misc.o(.text)
    NVIC_SetVectorTable                      0x080010d9   Thumb Code    14  misc.o(.text)
    NVIC_SystemLPConfig                      0x080010e7   Thumb Code    34  misc.o(.text)
    SysTick_CLKSourceConfig                  0x08001109   Thumb Code    40  misc.o(.text)
    RCC_DeInit                               0x08001145   Thumb Code    82  stm32f4xx_rcc.o(.text)
    RCC_HSEConfig                            0x08001197   Thumb Code    14  stm32f4xx_rcc.o(.text)
    RCC_GetFlagStatus                        0x080011a5   Thumb Code    60  stm32f4xx_rcc.o(.text)
    RCC_WaitForHSEStartUp                    0x080011e1   Thumb Code    56  stm32f4xx_rcc.o(.text)
    RCC_AdjustHSICalibrationValue            0x08001219   Thumb Code    20  stm32f4xx_rcc.o(.text)
    RCC_HSICmd                               0x0800122d   Thumb Code     6  stm32f4xx_rcc.o(.text)
    RCC_LSEConfig                            0x08001233   Thumb Code    46  stm32f4xx_rcc.o(.text)
    RCC_LSICmd                               0x08001261   Thumb Code     6  stm32f4xx_rcc.o(.text)
    RCC_PLLConfig                            0x08001267   Thumb Code    32  stm32f4xx_rcc.o(.text)
    RCC_PLLCmd                               0x08001287   Thumb Code     6  stm32f4xx_rcc.o(.text)
    RCC_PLLI2SConfig                         0x0800128d   Thumb Code    14  stm32f4xx_rcc.o(.text)
    RCC_PLLI2SCmd                            0x0800129b   Thumb Code     6  stm32f4xx_rcc.o(.text)
    RCC_PLLSAIConfig                         0x080012a1   Thumb Code    20  stm32f4xx_rcc.o(.text)
    RCC_PLLSAICmd                            0x080012b5   Thumb Code     6  stm32f4xx_rcc.o(.text)
    RCC_ClockSecuritySystemCmd               0x080012bb   Thumb Code     6  stm32f4xx_rcc.o(.text)
    RCC_MCO1Config                           0x080012c1   Thumb Code    28  stm32f4xx_rcc.o(.text)
    RCC_MCO2Config                           0x080012dd   Thumb Code    28  stm32f4xx_rcc.o(.text)
    RCC_SYSCLKConfig                         0x080012f9   Thumb Code    20  stm32f4xx_rcc.o(.text)
    RCC_GetSYSCLKSource                      0x0800130d   Thumb Code    12  stm32f4xx_rcc.o(.text)
    RCC_HCLKConfig                           0x08001319   Thumb Code    20  stm32f4xx_rcc.o(.text)
    RCC_PCLK1Config                          0x0800132d   Thumb Code    20  stm32f4xx_rcc.o(.text)
    RCC_PCLK2Config                          0x08001341   Thumb Code    22  stm32f4xx_rcc.o(.text)
    RCC_GetClocksFreq                        0x08001357   Thumb Code   222  stm32f4xx_rcc.o(.text)
    RCC_RTCCLKConfig                         0x08001435   Thumb Code    54  stm32f4xx_rcc.o(.text)
    RCC_RTCCLKCmd                            0x0800146b   Thumb Code     8  stm32f4xx_rcc.o(.text)
    RCC_BackupResetCmd                       0x08001473   Thumb Code     8  stm32f4xx_rcc.o(.text)
    RCC_I2SCLKConfig                         0x0800147b   Thumb Code     6  stm32f4xx_rcc.o(.text)
    RCC_SAIBlockACLKConfig                   0x08001481   Thumb Code    20  stm32f4xx_rcc.o(.text)
    RCC_SAIBlockBCLKConfig                   0x08001495   Thumb Code    20  stm32f4xx_rcc.o(.text)
    RCC_SAIPLLI2SClkDivConfig                0x080014a9   Thumb Code    26  stm32f4xx_rcc.o(.text)
    RCC_SAIPLLSAIClkDivConfig                0x080014c3   Thumb Code    28  stm32f4xx_rcc.o(.text)
    RCC_LTDCCLKDivConfig                     0x080014df   Thumb Code    20  stm32f4xx_rcc.o(.text)
    RCC_TIMCLKPresConfig                     0x080014f3   Thumb Code     6  stm32f4xx_rcc.o(.text)
    RCC_AHB1PeriphClockCmd                   0x080014f9   Thumb Code    34  stm32f4xx_rcc.o(.text)
    RCC_AHB2PeriphClockCmd                   0x0800151b   Thumb Code    78  stm32f4xx_rcc.o(.text)
    RCC_AHB3PeriphClockCmd                   0x08001569   Thumb Code    34  stm32f4xx_rcc.o(.text)
    RCC_APB1PeriphClockCmd                   0x0800158b   Thumb Code    34  stm32f4xx_rcc.o(.text)
    RCC_APB2PeriphClockCmd                   0x080015ad   Thumb Code    34  stm32f4xx_rcc.o(.text)
    RCC_AHB1PeriphResetCmd                   0x080015cf   Thumb Code    34  stm32f4xx_rcc.o(.text)
    RCC_AHB2PeriphResetCmd                   0x080015f1   Thumb Code    34  stm32f4xx_rcc.o(.text)
    RCC_AHB3PeriphResetCmd                   0x08001613   Thumb Code    34  stm32f4xx_rcc.o(.text)
    RCC_APB1PeriphResetCmd                   0x08001635   Thumb Code    34  stm32f4xx_rcc.o(.text)
    RCC_APB2PeriphResetCmd                   0x08001657   Thumb Code    34  stm32f4xx_rcc.o(.text)
    RCC_AHB1PeriphClockLPModeCmd             0x08001679   Thumb Code    34  stm32f4xx_rcc.o(.text)
    RCC_AHB2PeriphClockLPModeCmd             0x0800169b   Thumb Code    34  stm32f4xx_rcc.o(.text)
    RCC_AHB3PeriphClockLPModeCmd             0x080016bd   Thumb Code    34  stm32f4xx_rcc.o(.text)
    RCC_APB1PeriphClockLPModeCmd             0x080016df   Thumb Code    34  stm32f4xx_rcc.o(.text)
    RCC_APB2PeriphClockLPModeCmd             0x08001701   Thumb Code    34  stm32f4xx_rcc.o(.text)
    RCC_LSEModeConfig                        0x08001723   Thumb Code    40  stm32f4xx_rcc.o(.text)
    RCC_ITConfig                             0x0800174b   Thumb Code    34  stm32f4xx_rcc.o(.text)
    RCC_ClearFlag                            0x0800176d   Thumb Code    18  stm32f4xx_rcc.o(.text)
    RCC_GetITStatus                          0x0800177f   Thumb Code    22  stm32f4xx_rcc.o(.text)
    RCC_ClearITPendingBit                    0x08001795   Thumb Code     8  stm32f4xx_rcc.o(.text)
    USART_DeInit                             0x080017a1   Thumb Code   206  stm32f4xx_usart.o(.text)
    USART_Init                               0x0800186f   Thumb Code   204  stm32f4xx_usart.o(.text)
    USART_StructInit                         0x0800193b   Thumb Code    24  stm32f4xx_usart.o(.text)
    USART_ClockInit                          0x08001953   Thumb Code    32  stm32f4xx_usart.o(.text)
    USART_ClockStructInit                    0x08001973   Thumb Code    12  stm32f4xx_usart.o(.text)
    USART_Cmd                                0x0800197f   Thumb Code    24  stm32f4xx_usart.o(.text)
    USART_SetPrescaler                       0x08001997   Thumb Code    16  stm32f4xx_usart.o(.text)
    USART_OverSampling8Cmd                   0x080019a7   Thumb Code    22  stm32f4xx_usart.o(.text)
    USART_OneBitMethodCmd                    0x080019bd   Thumb Code    24  stm32f4xx_usart.o(.text)
    USART_SendData                           0x080019d5   Thumb Code     8  stm32f4xx_usart.o(.text)
    USART_ReceiveData                        0x080019dd   Thumb Code    10  stm32f4xx_usart.o(.text)
    USART_SetAddress                         0x080019e7   Thumb Code    18  stm32f4xx_usart.o(.text)
    USART_ReceiverWakeUpCmd                  0x080019f9   Thumb Code    24  stm32f4xx_usart.o(.text)
    USART_WakeUpConfig                       0x08001a11   Thumb Code    18  stm32f4xx_usart.o(.text)
    USART_LINBreakDetectLengthConfig         0x08001a23   Thumb Code    18  stm32f4xx_usart.o(.text)
    USART_LINCmd                             0x08001a35   Thumb Code    24  stm32f4xx_usart.o(.text)
    USART_SendBreak                          0x08001a4d   Thumb Code    10  stm32f4xx_usart.o(.text)
    USART_HalfDuplexCmd                      0x08001a57   Thumb Code    24  stm32f4xx_usart.o(.text)
    USART_SetGuardTime                       0x08001a6f   Thumb Code    16  stm32f4xx_usart.o(.text)
    USART_SmartCardCmd                       0x08001a7f   Thumb Code    24  stm32f4xx_usart.o(.text)
    USART_SmartCardNACKCmd                   0x08001a97   Thumb Code    24  stm32f4xx_usart.o(.text)
    USART_IrDAConfig                         0x08001aaf   Thumb Code    18  stm32f4xx_usart.o(.text)
    USART_IrDACmd                            0x08001ac1   Thumb Code    24  stm32f4xx_usart.o(.text)
    USART_DMACmd                             0x08001ad9   Thumb Code    18  stm32f4xx_usart.o(.text)
    USART_ITConfig                           0x08001aeb   Thumb Code    74  stm32f4xx_usart.o(.text)
    USART_GetFlagStatus                      0x08001b35   Thumb Code    26  stm32f4xx_usart.o(.text)
    USART_ClearFlag                          0x08001b4f   Thumb Code    18  stm32f4xx_usart.o(.text)
    USART_GetITStatus                        0x08001b61   Thumb Code   118  stm32f4xx_usart.o(.text)
    USART_ClearITPendingBit                  0x08001bd7   Thumb Code    30  stm32f4xx_usart.o(.text)
    PWM_SetDC                                0x08001bf5   Thumb Code    42  sig_gen.o(.text)
    TIM2_IRQHandler                          0x08001c1f   Thumb Code    86  sig_gen.o(.text)
    INTTIM_Config                            0x08001c75   Thumb Code    82  sig_gen.o(.text)
    PWM_Config                               0x08001cc7   Thumb Code   170  sig_gen.o(.text)
    LED_Config                               0x08001d71   Thumb Code    42  sig_gen.o(.text)
    TIM_Config                               0x08001d9b   Thumb Code   132  sig_gen.o(.text)
    generate_sine                            0x08001e1f   Thumb Code    64  sig_gen.o(.text)
    TIM_DeInit                               0x08001e91   Thumb Code   346  stm32f4xx_tim.o(.text)
    TIM_TimeBaseInit                         0x08001feb   Thumb Code   104  stm32f4xx_tim.o(.text)
    TIM_TimeBaseStructInit                   0x08002053   Thumb Code    18  stm32f4xx_tim.o(.text)
    TIM_PrescalerConfig                      0x08002065   Thumb Code     6  stm32f4xx_tim.o(.text)
    TIM_CounterModeConfig                    0x0800206b   Thumb Code    18  stm32f4xx_tim.o(.text)
    TIM_SetCounter                           0x0800207d   Thumb Code     4  stm32f4xx_tim.o(.text)
    TIM_SetAutoreload                        0x08002081   Thumb Code     4  stm32f4xx_tim.o(.text)
    TIM_GetCounter                           0x08002085   Thumb Code     6  stm32f4xx_tim.o(.text)
    TIM_GetPrescaler                         0x0800208b   Thumb Code     6  stm32f4xx_tim.o(.text)
    TIM_UpdateDisableConfig                  0x08002091   Thumb Code    24  stm32f4xx_tim.o(.text)
    TIM_UpdateRequestConfig                  0x080020a9   Thumb Code    24  stm32f4xx_tim.o(.text)
    TIM_ARRPreloadConfig                     0x080020c1   Thumb Code    24  stm32f4xx_tim.o(.text)
    TIM_SelectOnePulseMode                   0x080020d9   Thumb Code    18  stm32f4xx_tim.o(.text)
    TIM_SetClockDivision                     0x080020eb   Thumb Code    18  stm32f4xx_tim.o(.text)
    TIM_Cmd                                  0x080020fd   Thumb Code    24  stm32f4xx_tim.o(.text)
    TIM_OC1Init                              0x08002115   Thumb Code   114  stm32f4xx_tim.o(.text)
    TIM_OC2Init                              0x08002187   Thumb Code   154  stm32f4xx_tim.o(.text)
    TIM_OC3Init                              0x08002221   Thumb Code   204  stm32f4xx_tim.o(.text)
    TIM_OC4Init                              0x080022ed   Thumb Code   112  stm32f4xx_tim.o(.text)
    TIM_OCStructInit                         0x0800235d   Thumb Code    20  stm32f4xx_tim.o(.text)
    TIM_SelectOCxM                           0x08002371   Thumb Code    86  stm32f4xx_tim.o(.text)
    TIM_SetCompare1                          0x080023c7   Thumb Code     4  stm32f4xx_tim.o(.text)
    TIM_SetCompare2                          0x080023cb   Thumb Code     4  stm32f4xx_tim.o(.text)
    TIM_SetCompare3                          0x080023cf   Thumb Code     4  stm32f4xx_tim.o(.text)
    TIM_SetCompare4                          0x080023d3   Thumb Code     4  stm32f4xx_tim.o(.text)
    TIM_ForcedOC1Config                      0x080023d7   Thumb Code    18  stm32f4xx_tim.o(.text)
    TIM_ForcedOC2Config                      0x080023e9   Thumb Code    26  stm32f4xx_tim.o(.text)
    TIM_ForcedOC3Config                      0x08002403   Thumb Code    18  stm32f4xx_tim.o(.text)
    TIM_ForcedOC4Config                      0x08002415   Thumb Code    26  stm32f4xx_tim.o(.text)
    TIM_OC1PreloadConfig                     0x0800242f   Thumb Code    18  stm32f4xx_tim.o(.text)
    TIM_OC2PreloadConfig                     0x08002441   Thumb Code    26  stm32f4xx_tim.o(.text)
    TIM_OC3PreloadConfig                     0x0800245b   Thumb Code    18  stm32f4xx_tim.o(.text)
    TIM_OC4PreloadConfig                     0x0800246d   Thumb Code    26  stm32f4xx_tim.o(.text)
    TIM_OC1FastConfig                        0x08002487   Thumb Code    18  stm32f4xx_tim.o(.text)
    TIM_OC2FastConfig                        0x08002499   Thumb Code    26  stm32f4xx_tim.o(.text)
    TIM_OC3FastConfig                        0x080024b3   Thumb Code    18  stm32f4xx_tim.o(.text)
    TIM_OC4FastConfig                        0x080024c5   Thumb Code    26  stm32f4xx_tim.o(.text)
    TIM_ClearOC1Ref                          0x080024df   Thumb Code    18  stm32f4xx_tim.o(.text)
    TIM_ClearOC2Ref                          0x080024f1   Thumb Code    24  stm32f4xx_tim.o(.text)
    TIM_ClearOC3Ref                          0x08002509   Thumb Code    18  stm32f4xx_tim.o(.text)
    TIM_ClearOC4Ref                          0x0800251b   Thumb Code    24  stm32f4xx_tim.o(.text)
    TIM_OC1PolarityConfig                    0x08002533   Thumb Code    18  stm32f4xx_tim.o(.text)
    TIM_OC1NPolarityConfig                   0x08002545   Thumb Code    18  stm32f4xx_tim.o(.text)
    TIM_OC2PolarityConfig                    0x08002557   Thumb Code    26  stm32f4xx_tim.o(.text)
    TIM_OC2NPolarityConfig                   0x08002571   Thumb Code    26  stm32f4xx_tim.o(.text)
    TIM_OC3PolarityConfig                    0x0800258b   Thumb Code    26  stm32f4xx_tim.o(.text)
    TIM_OC3NPolarityConfig                   0x080025a5   Thumb Code    26  stm32f4xx_tim.o(.text)
    TIM_OC4PolarityConfig                    0x080025bf   Thumb Code    26  stm32f4xx_tim.o(.text)
    TIM_CCxCmd                               0x080025d9   Thumb Code    30  stm32f4xx_tim.o(.text)
    TIM_CCxNCmd                              0x080025f7   Thumb Code    30  stm32f4xx_tim.o(.text)
    TIM_SetIC4Prescaler                      0x08002615   Thumb Code    26  stm32f4xx_tim.o(.text)
    TIM_SetIC3Prescaler                      0x0800267f   Thumb Code    18  stm32f4xx_tim.o(.text)
    TIM_SetIC2Prescaler                      0x080026d9   Thumb Code    26  stm32f4xx_tim.o(.text)
    TIM_SetIC1Prescaler                      0x0800274d   Thumb Code    18  stm32f4xx_tim.o(.text)
    TIM_ICInit                               0x08002799   Thumb Code   110  stm32f4xx_tim.o(.text)
    TIM_ICStructInit                         0x08002807   Thumb Code    18  stm32f4xx_tim.o(.text)
    TIM_PWMIConfig                           0x08002819   Thumb Code   124  stm32f4xx_tim.o(.text)
    TIM_GetCapture1                          0x08002895   Thumb Code     6  stm32f4xx_tim.o(.text)
    TIM_GetCapture2                          0x0800289b   Thumb Code     6  stm32f4xx_tim.o(.text)
    TIM_GetCapture3                          0x080028a1   Thumb Code     6  stm32f4xx_tim.o(.text)
    TIM_GetCapture4                          0x080028a7   Thumb Code     6  stm32f4xx_tim.o(.text)
    TIM_BDTRConfig                           0x080028ad   Thumb Code    32  stm32f4xx_tim.o(.text)
    TIM_BDTRStructInit                       0x080028cd   Thumb Code    18  stm32f4xx_tim.o(.text)
    TIM_CtrlPWMOutputs                       0x080028df   Thumb Code    30  stm32f4xx_tim.o(.text)
    TIM_SelectCOM                            0x080028fd   Thumb Code    24  stm32f4xx_tim.o(.text)
    TIM_CCPreloadControl                     0x08002915   Thumb Code    24  stm32f4xx_tim.o(.text)
    TIM_ITConfig                             0x0800292d   Thumb Code    18  stm32f4xx_tim.o(.text)
    TIM_GenerateEvent                        0x0800293f   Thumb Code     4  stm32f4xx_tim.o(.text)
    TIM_GetFlagStatus                        0x08002943   Thumb Code    18  stm32f4xx_tim.o(.text)
    TIM_ClearFlag                            0x08002955   Thumb Code     6  stm32f4xx_tim.o(.text)
    TIM_GetITStatus                          0x0800295b   Thumb Code    34  stm32f4xx_tim.o(.text)
    TIM_ClearITPendingBit                    0x0800297d   Thumb Code     6  stm32f4xx_tim.o(.text)
    TIM_DMAConfig                            0x08002983   Thumb Code    10  stm32f4xx_tim.o(.text)
    TIM_DMACmd                               0x0800298d   Thumb Code    18  stm32f4xx_tim.o(.text)
    TIM_SelectCCDMA                          0x0800299f   Thumb Code    24  stm32f4xx_tim.o(.text)
    TIM_InternalClockConfig                  0x080029b7   Thumb Code    12  stm32f4xx_tim.o(.text)
    TIM_SelectInputTrigger                   0x080029c3   Thumb Code    18  stm32f4xx_tim.o(.text)
    TIM_ITRxExternalClockConfig              0x080029d5   Thumb Code    24  stm32f4xx_tim.o(.text)
    TIM_TIxExternalClockConfig               0x080029ed   Thumb Code    62  stm32f4xx_tim.o(.text)
    TIM_ETRConfig                            0x08002a2b   Thumb Code    28  stm32f4xx_tim.o(.text)
    TIM_ETRClockMode1Config                  0x08002a47   Thumb Code    54  stm32f4xx_tim.o(.text)
    TIM_ETRClockMode2Config                  0x08002a7d   Thumb Code    32  stm32f4xx_tim.o(.text)
    TIM_SelectOutputTrigger                  0x08002a9d   Thumb Code    18  stm32f4xx_tim.o(.text)
    TIM_SelectSlaveMode                      0x08002aaf   Thumb Code    18  stm32f4xx_tim.o(.text)
    TIM_SelectMasterSlaveMode                0x08002ac1   Thumb Code    18  stm32f4xx_tim.o(.text)
    TIM_EncoderInterfaceConfig               0x08002ad3   Thumb Code    66  stm32f4xx_tim.o(.text)
    TIM_SelectHallSensor                     0x08002b15   Thumb Code    24  stm32f4xx_tim.o(.text)
    TIM_RemapConfig                          0x08002b2d   Thumb Code     6  stm32f4xx_tim.o(.text)
    SysTick_Handler                          0x08002b35   Thumb Code    12  utility.o(.text)
    Delay                                    0x08002b41   Thumb Code    18  utility.o(.text)
    scale                                    0x08002b53   Thumb Code   156  utility.o(.text)
    EXTI_DeInit                              0x08002bf5   Thumb Code    28  stm32f4xx_exti.o(.text)
    EXTI_Init                                0x08002c11   Thumb Code   142  stm32f4xx_exti.o(.text)
    EXTI_StructInit                          0x08002c9f   Thumb Code    16  stm32f4xx_exti.o(.text)
    EXTI_GenerateSWInterrupt                 0x08002caf   Thumb Code    16  stm32f4xx_exti.o(.text)
    EXTI_GetFlagStatus                       0x08002cbf   Thumb Code    22  stm32f4xx_exti.o(.text)
    EXTI_ClearFlag                           0x08002cd5   Thumb Code     8  stm32f4xx_exti.o(.text)
    EXTI_GetITStatus                         0x08002cdd   Thumb Code    22  stm32f4xx_exti.o(.text)
    EXTI_ClearITPendingBit                   0x08002cf3   Thumb Code     8  stm32f4xx_exti.o(.text)
    SYSCFG_DeInit                            0x08002d05   Thumb Code    22  stm32f4xx_syscfg.o(.text)
    SYSCFG_MemoryRemapConfig                 0x08002d1b   Thumb Code     6  stm32f4xx_syscfg.o(.text)
    SYSCFG_MemorySwappingBank                0x08002d21   Thumb Code     6  stm32f4xx_syscfg.o(.text)
    SYSCFG_EXTILineConfig                    0x08002d27   Thumb Code    66  stm32f4xx_syscfg.o(.text)
    SYSCFG_ETH_MediaInterfaceConfig          0x08002d69   Thumb Code     8  stm32f4xx_syscfg.o(.text)
    SYSCFG_CompensationCellCmd               0x08002d71   Thumb Code     6  stm32f4xx_syscfg.o(.text)
    SYSCFG_GetCompensationCellStatus         0x08002d77   Thumb Code    22  stm32f4xx_syscfg.o(.text)
    GPIO_init                                0x08002d99   Thumb Code   194  board_init.o(.text)
    EXTI9_5_IRQHandler                       0x08002e5b   Thumb Code    58  board_init.o(.text)
    EXTI15_10_IRQHandler                     0x08002e95   Thumb Code   170  board_init.o(.text)
    init_board                               0x08002f3f   Thumb Code   126  board_init.o(.text)
    Reset_Handler                            0x08003011   Thumb Code     8  startup_stm32f407xx.o(.text)
    NMI_Handler                              0x08003019   Thumb Code     2  startup_stm32f407xx.o(.text)
    HardFault_Handler                        0x0800301b   Thumb Code     2  startup_stm32f407xx.o(.text)
    MemManage_Handler                        0x0800301d   Thumb Code     2  startup_stm32f407xx.o(.text)
    BusFault_Handler                         0x0800301f   Thumb Code     2  startup_stm32f407xx.o(.text)
    UsageFault_Handler                       0x08003021   Thumb Code     2  startup_stm32f407xx.o(.text)
    SVC_Handler                              0x08003023   Thumb Code     2  startup_stm32f407xx.o(.text)
    DebugMon_Handler                         0x08003025   Thumb Code     2  startup_stm32f407xx.o(.text)
    PendSV_Handler                           0x08003027   Thumb Code     2  startup_stm32f407xx.o(.text)
    ADC_IRQHandler                           0x0800302b   Thumb Code     0  startup_stm32f407xx.o(.text)
    CAN1_RX0_IRQHandler                      0x0800302b   Thumb Code     0  startup_stm32f407xx.o(.text)
    CAN1_RX1_IRQHandler                      0x0800302b   Thumb Code     0  startup_stm32f407xx.o(.text)
    CAN1_SCE_IRQHandler                      0x0800302b   Thumb Code     0  startup_stm32f407xx.o(.text)
    CAN1_TX_IRQHandler                       0x0800302b   Thumb Code     0  startup_stm32f407xx.o(.text)
    CAN2_RX0_IRQHandler                      0x0800302b   Thumb Code     0  startup_stm32f407xx.o(.text)
    CAN2_RX1_IRQHandler                      0x0800302b   Thumb Code     0  startup_stm32f407xx.o(.text)
    CAN2_SCE_IRQHandler                      0x0800302b   Thumb Code     0  startup_stm32f407xx.o(.text)
    CAN2_TX_IRQHandler                       0x0800302b   Thumb Code     0  startup_stm32f407xx.o(.text)
    DCMI_IRQHandler                          0x0800302b   Thumb Code     0  startup_stm32f407xx.o(.text)
    DMA1_Stream0_IRQHandler                  0x0800302b   Thumb Code     0  startup_stm32f407xx.o(.text)
    DMA1_Stream1_IRQHandler                  0x0800302b   Thumb Code     0  startup_stm32f407xx.o(.text)
    DMA1_Stream2_IRQHandler                  0x0800302b   Thumb Code     0  startup_stm32f407xx.o(.text)
    DMA1_Stream3_IRQHandler                  0x0800302b   Thumb Code     0  startup_stm32f407xx.o(.text)
    DMA1_Stream4_IRQHandler                  0x0800302b   Thumb Code     0  startup_stm32f407xx.o(.text)
    DMA1_Stream5_IRQHandler                  0x0800302b   Thumb Code     0  startup_stm32f407xx.o(.text)
    DMA1_Stream6_IRQHandler                  0x0800302b   Thumb Code     0  startup_stm32f407xx.o(.text)
    DMA1_Stream7_IRQHandler                  0x0800302b   Thumb Code     0  startup_stm32f407xx.o(.text)
    DMA2_Stream0_IRQHandler                  0x0800302b   Thumb Code     0  startup_stm32f407xx.o(.text)
    DMA2_Stream1_IRQHandler                  0x0800302b   Thumb Code     0  startup_stm32f407xx.o(.text)
    DMA2_Stream2_IRQHandler                  0x0800302b   Thumb Code     0  startup_stm32f407xx.o(.text)
    DMA2_Stream3_IRQHandler                  0x0800302b   Thumb Code     0  startup_stm32f407xx.o(.text)
    DMA2_Stream4_IRQHandler                  0x0800302b   Thumb Code     0  startup_stm32f407xx.o(.text)
    DMA2_Stream5_IRQHandler                  0x0800302b   Thumb Code     0  startup_stm32f407xx.o(.text)
    DMA2_Stream6_IRQHandler                  0x0800302b   Thumb Code     0  startup_stm32f407xx.o(.text)
    DMA2_Stream7_IRQHandler                  0x0800302b   Thumb Code     0  startup_stm32f407xx.o(.text)
    ETH_IRQHandler                           0x0800302b   Thumb Code     0  startup_stm32f407xx.o(.text)
    ETH_WKUP_IRQHandler                      0x0800302b   Thumb Code     0  startup_stm32f407xx.o(.text)
    EXTI0_IRQHandler                         0x0800302b   Thumb Code     0  startup_stm32f407xx.o(.text)
    EXTI1_IRQHandler                         0x0800302b   Thumb Code     0  startup_stm32f407xx.o(.text)
    EXTI2_IRQHandler                         0x0800302b   Thumb Code     0  startup_stm32f407xx.o(.text)
    EXTI3_IRQHandler                         0x0800302b   Thumb Code     0  startup_stm32f407xx.o(.text)
    EXTI4_IRQHandler                         0x0800302b   Thumb Code     0  startup_stm32f407xx.o(.text)
    FLASH_IRQHandler                         0x0800302b   Thumb Code     0  startup_stm32f407xx.o(.text)
    FMC_IRQHandler                           0x0800302b   Thumb Code     0  startup_stm32f407xx.o(.text)
    FPU_IRQHandler                           0x0800302b   Thumb Code     0  startup_stm32f407xx.o(.text)
    HASH_RNG_IRQHandler                      0x0800302b   Thumb Code     0  startup_stm32f407xx.o(.text)
    I2C1_ER_IRQHandler                       0x0800302b   Thumb Code     0  startup_stm32f407xx.o(.text)
    I2C1_EV_IRQHandler                       0x0800302b   Thumb Code     0  startup_stm32f407xx.o(.text)
    I2C2_ER_IRQHandler                       0x0800302b   Thumb Code     0  startup_stm32f407xx.o(.text)
    I2C2_EV_IRQHandler                       0x0800302b   Thumb Code     0  startup_stm32f407xx.o(.text)
    I2C3_ER_IRQHandler                       0x0800302b   Thumb Code     0  startup_stm32f407xx.o(.text)
    I2C3_EV_IRQHandler                       0x0800302b   Thumb Code     0  startup_stm32f407xx.o(.text)
    OTG_FS_IRQHandler                        0x0800302b   Thumb Code     0  startup_stm32f407xx.o(.text)
    OTG_FS_WKUP_IRQHandler                   0x0800302b   Thumb Code     0  startup_stm32f407xx.o(.text)
    OTG_HS_EP1_IN_IRQHandler                 0x0800302b   Thumb Code     0  startup_stm32f407xx.o(.text)
    OTG_HS_EP1_OUT_IRQHandler                0x0800302b   Thumb Code     0  startup_stm32f407xx.o(.text)
    OTG_HS_IRQHandler                        0x0800302b   Thumb Code     0  startup_stm32f407xx.o(.text)
    OTG_HS_WKUP_IRQHandler                   0x0800302b   Thumb Code     0  startup_stm32f407xx.o(.text)
    PVD_IRQHandler                           0x0800302b   Thumb Code     0  startup_stm32f407xx.o(.text)
    RCC_IRQHandler                           0x0800302b   Thumb Code     0  startup_stm32f407xx.o(.text)
    RTC_Alarm_IRQHandler                     0x0800302b   Thumb Code     0  startup_stm32f407xx.o(.text)
    RTC_WKUP_IRQHandler                      0x0800302b   Thumb Code     0  startup_stm32f407xx.o(.text)
    SDIO_IRQHandler                          0x0800302b   Thumb Code     0  startup_stm32f407xx.o(.text)
    SPI1_IRQHandler                          0x0800302b   Thumb Code     0  startup_stm32f407xx.o(.text)
    SPI2_IRQHandler                          0x0800302b   Thumb Code     0  startup_stm32f407xx.o(.text)
    SPI3_IRQHandler                          0x0800302b   Thumb Code     0  startup_stm32f407xx.o(.text)
    TAMP_STAMP_IRQHandler                    0x0800302b   Thumb Code     0  startup_stm32f407xx.o(.text)
    TIM1_BRK_TIM9_IRQHandler                 0x0800302b   Thumb Code     0  startup_stm32f407xx.o(.text)
    TIM1_CC_IRQHandler                       0x0800302b   Thumb Code     0  startup_stm32f407xx.o(.text)
    TIM1_TRG_COM_TIM11_IRQHandler            0x0800302b   Thumb Code     0  startup_stm32f407xx.o(.text)
    TIM1_UP_TIM10_IRQHandler                 0x0800302b   Thumb Code     0  startup_stm32f407xx.o(.text)
    TIM3_IRQHandler                          0x0800302b   Thumb Code     0  startup_stm32f407xx.o(.text)
    TIM4_IRQHandler                          0x0800302b   Thumb Code     0  startup_stm32f407xx.o(.text)
    TIM5_IRQHandler                          0x0800302b   Thumb Code     0  startup_stm32f407xx.o(.text)
    TIM7_IRQHandler                          0x0800302b   Thumb Code     0  startup_stm32f407xx.o(.text)
    TIM8_BRK_TIM12_IRQHandler                0x0800302b   Thumb Code     0  startup_stm32f407xx.o(.text)
    TIM8_CC_IRQHandler                       0x0800302b   Thumb Code     0  startup_stm32f407xx.o(.text)
    TIM8_TRG_COM_TIM14_IRQHandler            0x0800302b   Thumb Code     0  startup_stm32f407xx.o(.text)
    TIM8_UP_TIM13_IRQHandler                 0x0800302b   Thumb Code     0  startup_stm32f407xx.o(.text)
    UART4_IRQHandler                         0x0800302b   Thumb Code     0  startup_stm32f407xx.o(.text)
    UART5_IRQHandler                         0x0800302b   Thumb Code     0  startup_stm32f407xx.o(.text)
    USART1_IRQHandler                        0x0800302b   Thumb Code     0  startup_stm32f407xx.o(.text)
    USART2_IRQHandler                        0x0800302b   Thumb Code     0  startup_stm32f407xx.o(.text)
    USART6_IRQHandler                        0x0800302b   Thumb Code     0  startup_stm32f407xx.o(.text)
    WWDG_IRQHandler                          0x0800302b   Thumb Code     0  startup_stm32f407xx.o(.text)
    __user_initial_stackheap                 0x0800302d   Thumb Code     0  startup_stm32f407xx.o(.text)
    SystemInit                               0x0800312d   Thumb Code    88  system_stm32f4xx.o(.text)
    SystemCoreClockUpdate                    0x08003185   Thumb Code   174  system_stm32f4xx.o(.text)
    __I$use$semihosting                      0x08003261   Thumb Code     0  use_no_semi.o(.text)
    __use_no_semihosting_swi                 0x08003261   Thumb Code     2  use_no_semi.o(.text)
    malloc                                   0x08003263   Thumb Code    94  h1_alloc.o(.text)
    free                                     0x080032c1   Thumb Code    78  h1_free.o(.text)
    __2sprintf                               0x08003311   Thumb Code    34  noretval__2sprintf.o(.text)
    _printf_str                              0x08003339   Thumb Code    82  _printf_str.o(.text)
    __printf                                 0x0800338b   Thumb Code   270  __printf_wp.o(.text)
    strlen                                   0x08003499   Thumb Code    62  strlen.o(.text)
    __use_two_region_memory                  0x080034d7   Thumb Code     2  heapauxi.o(.text)
    __rt_heap_escrow                         0x080034d9   Thumb Code     2  heapauxi.o(.text)
    __rt_heap_expand                         0x080034db   Thumb Code     2  heapauxi.o(.text)
    __rt_heap_descriptor                     0x080034dd   Thumb Code     8  rt_heap_descriptor_intlibspace.o(.text)
    __use_no_heap                            0x080034e5   Thumb Code     2  hguard.o(.text)
    __heap$guard                             0x080034e7   Thumb Code     2  hguard.o(.text)
    _terminate_user_alloc                    0x080034e9   Thumb Code     2  init_alloc.o(.text)
    _init_user_alloc                         0x080034eb   Thumb Code     2  init_alloc.o(.text)
    __Heap_Full                              0x080034ed   Thumb Code    34  init_alloc.o(.text)
    __Heap_Broken                            0x0800350f   Thumb Code     6  init_alloc.o(.text)
    _init_alloc                              0x08003515   Thumb Code    94  init_alloc.o(.text)
    __Heap_Initialize                        0x08003573   Thumb Code    10  h1_init.o(.text)
    __Heap_DescSize                          0x0800357d   Thumb Code     4  h1_init.o(.text)
    __lib_sel_fp_printf                      0x08003581   Thumb Code     2  _printf_fp_dec.o(.text)
    _printf_fp_dec_real                      0x0800372f   Thumb Code   620  _printf_fp_dec.o(.text)
    _printf_char_common                      0x080039a7   Thumb Code    32  _printf_char_common.o(.text)
    _sputc                                   0x080039cd   Thumb Code    10  _sputc.o(.text)
    _printf_cs_common                        0x080039d7   Thumb Code    20  _printf_char.o(.text)
    _printf_char                             0x080039eb   Thumb Code    16  _printf_char.o(.text)
    _printf_string                           0x080039fb   Thumb Code     8  _printf_char.o(.text)
    __user_libspace                          0x08003a05   Thumb Code     8  libspace.o(.text)
    __user_perproc_libspace                  0x08003a05   Thumb Code     0  libspace.o(.text)
    __user_perthread_libspace                0x08003a05   Thumb Code     0  libspace.o(.text)
    __rt_locale                              0x08003a0d   Thumb Code     8  rt_locale_intlibspace.o(.text)
    __Heap_ProvideMemory                     0x08003a15   Thumb Code    52  h1_extend.o(.text)
    _ll_udiv10                               0x08003a49   Thumb Code   138  lludiv10.o(.text)
    _printf_fp_infnan                        0x08003ad5   Thumb Code   112  _printf_fp_infnan.o(.text)
    _btod_etento                             0x08003b55   Thumb Code   216  bigflt0.o(.text)
    __rt_SIGRTMEM                            0x08003c31   Thumb Code    14  defsig_rtmem_outer.o(.text)
    __user_setup_stackheap                   0x08003c3f   Thumb Code    74  sys_stackheap_outer.o(.text)
    exit                                     0x08003c89   Thumb Code    18  exit.o(.text)
    __sig_exit                               0x08003c9b   Thumb Code    10  defsig_exit.o(.text)
    __rt_SIGRTMEM_inner                      0x08003ca5   Thumb Code    22  defsig_rtmem_inner.o(.text)
    strcmp                                   0x08003cf5   Thumb Code   128  strcmpv7m.o(.text)
    __default_signal_display                 0x08003d75   Thumb Code    50  defsig_general.o(.text)
    _btod_d2e                                0x08003da7   Thumb Code    62  btod.o(CL$$btod_d2e)
    _d2e_denorm_low                          0x08003de5   Thumb Code    70  btod.o(CL$$btod_d2e_denorm_low)
    _d2e_norm_op1                            0x08003e2b   Thumb Code    96  btod.o(CL$$btod_d2e_norm_op1)
    __btod_div_common                        0x08003e8b   Thumb Code   696  btod.o(CL$$btod_div_common)
    _e2e                                     0x080041c3   Thumb Code   198  btod.o(CL$$btod_e2e)
    _btod_ediv                               0x08004289   Thumb Code    40  btod.o(CL$$btod_ediv)
    _btod_emul                               0x080042b1   Thumb Code    40  btod.o(CL$$btod_emul)
    __btod_mult_common                       0x080042d9   Thumb Code   580  btod.o(CL$$btod_mult_common)
    __ARM_fpclassify                         0x0800451d   Thumb Code    48  fpclassify.o(i.__ARM_fpclassify)
    _is_digit                                0x0800454d   Thumb Code    14  __printf_wp.o(i._is_digit)
    _get_lc_numeric                          0x0800455d   Thumb Code    44  lc_numeric_c.o(locale$$code)
    __aeabi_d2f                              0x08004589   Thumb Code     0  d2f.o(x$fpl$d2f)
    _d2f                                     0x08004589   Thumb Code    98  d2f.o(x$fpl$d2f)
    __aeabi_dadd                             0x080045ed   Thumb Code     0  daddsub_clz.o(x$fpl$dadd)
    _dadd                                    0x080045ed   Thumb Code   332  daddsub_clz.o(x$fpl$dadd)
    __aeabi_ddiv                             0x0800473d   Thumb Code     0  ddiv.o(x$fpl$ddiv)
    _ddiv                                    0x0800473d   Thumb Code   552  ddiv.o(x$fpl$ddiv)
    __aeabi_dmul                             0x080049ed   Thumb Code     0  dmul.o(x$fpl$dmul)
    _dmul                                    0x080049ed   Thumb Code   332  dmul.o(x$fpl$dmul)
    __fpl_dnaninf                            0x08004b41   Thumb Code   156  dnaninf.o(x$fpl$dnaninf)
    __fpl_dretinf                            0x08004bdd   Thumb Code    12  dretinf.o(x$fpl$dretinf)
    __aeabi_dsub                             0x08004be9   Thumb Code     0  daddsub_clz.o(x$fpl$dsub)
    _dsub                                    0x08004be9   Thumb Code   464  daddsub_clz.o(x$fpl$dsub)
    __aeabi_f2d                              0x08004dbd   Thumb Code     0  f2d.o(x$fpl$f2d)
    _f2d                                     0x08004dbd   Thumb Code    86  f2d.o(x$fpl$f2d)
    __fpl_fnaninf                            0x08004e13   Thumb Code   140  fnaninf.o(x$fpl$fnaninf)
    _fp_init                                 0x08004e9f   Thumb Code    10  fpinit.o(x$fpl$fpinit)
    __fplib_config_fpu_vfp                   0x08004ea7   Thumb Code     0  fpinit.o(x$fpl$fpinit)
    __fplib_config_pureend_doubles           0x08004ea7   Thumb Code     0  fpinit.o(x$fpl$fpinit)
    __fpl_fretinf                            0x08004ea9   Thumb Code    10  fretinf.o(x$fpl$fretinf)
    _printf_fp_dec                           0x08004eb3   Thumb Code     4  printf1.o(x$fpl$printf1)
    __I$use$fp                               0x08004eb6   Number         0  usenofp.o(x$fpl$usenofp)
    SWT_mask                                 0x08004eb8   Data          32  swt.o(.constdata)
    AHBPrescTable                            0x08004ed8   Data          16  system_stm32f4xx.o(.constdata)
    Region$$Table$$Base                      0x08004f7c   Number         0  anon$$obj.o(Region$$Table)
    Region$$Table$$Limit                     0x08004f9c   Number         0  anon$$obj.o(Region$$Table)
    GPIO_InitStructure                       0x2000001c   Data           8  sig_gen.o(.data)
    sinetable                                0x20000024   Data         512  sig_gen.o(.data)
    pulse_width                              0x20000224   Data           2  sig_gen.o(.data)
    phase_accumulator                        0x20000228   Data           4  sig_gen.o(.data)
    angle                                    0x2000022c   Data           1  sig_gen.o(.data)
    msTicks                                  0x20000230   Data           4  utility.o(.data)
    SystemCoreClock                          0x20000234   Data           4  system_stm32f4xx.o(.data)
    unmalloc_buffer                          0x20000238   Data         512  lcd_buffer.o(.bss)
    lcd_commandBuffer                        0x20000438   Data          16  lcd_driver.o(.bss)
    USART_InitStructure                      0x20000448   Data          16  sig_gen.o(.bss)
    TIM_TimeBaseStructure                    0x20000458   Data          12  sig_gen.o(.bss)
    TIM_OCInitStructure                      0x20000464   Data          20  sig_gen.o(.bss)
    __libspace_start                         0x20000478   Data          96  libspace.o(.bss)
    __temporary_stack_top$libspace           0x200004d8   Data           0  libspace.o(.bss)



==============================================================================

Memory Map of the image

  Image Entry point : 0x08000189

  Load Region LR_IROM1 (Base: 0x08000000, Size: 0x000051f0, Max: 0x00100000, ABSOLUTE, COMPRESSED[0x00005164])

    Execution Region ER_IROM1 (Base: 0x08000000, Size: 0x00004fb8, Max: 0x00100000, ABSOLUTE)

    Base Addr    Size         Type   Attr      Idx    E Section Name        Object

    0x08000000   0x00000188   Data   RO          617    RESET               startup_stm32f407xx.o
    0x08000188   0x00000008   Code   RO          754  * !!!main             c_w.l(__main.o)
    0x08000190   0x00000034   Code   RO         1034    !!!scatter          c_w.l(__scatter.o)
    0x080001c4   0x0000005a   Code   RO         1032    !!dczerorl2         c_w.l(__dczerorl2.o)
    0x0800021e   0x00000002   PAD
    0x08000220   0x0000001c   Code   RO         1036    !!handler_zi        c_w.l(__scatter_zi.o)
    0x0800023c   0x00000000   Code   RO          749    .ARM.Collect$$_printf_percent$$00000000  c_w.l(_printf_percent.o)
    0x0800023c   0x00000006   Code   RO          748    .ARM.Collect$$_printf_percent$$00000003  c_w.l(_printf_f.o)
    0x08000242   0x00000006   Code   RO          747    .ARM.Collect$$_printf_percent$$00000014  c_w.l(_printf_s.o)
    0x08000248   0x00000004   Code   RO          810    .ARM.Collect$$_printf_percent$$00000017  c_w.l(_printf_percent_end.o)
    0x0800024c   0x00000002   Code   RO          975    .ARM.Collect$$libinit$$00000000  c_w.l(libinit.o)
    0x0800024e   0x00000004   Code   RO          815    .ARM.Collect$$libinit$$00000001  c_w.l(libinit2.o)
    0x08000252   0x00000000   Code   RO          818    .ARM.Collect$$libinit$$00000004  c_w.l(libinit2.o)
    0x08000252   0x00000008   Code   RO          819    .ARM.Collect$$libinit$$00000005  c_w.l(libinit2.o)
    0x0800025a   0x00000000   Code   RO          821    .ARM.Collect$$libinit$$0000000A  c_w.l(libinit2.o)
    0x0800025a   0x00000000   Code   RO          823    .ARM.Collect$$libinit$$0000000C  c_w.l(libinit2.o)
    0x0800025a   0x00000000   Code   RO          825    .ARM.Collect$$libinit$$0000000E  c_w.l(libinit2.o)
    0x0800025a   0x00000006   Code   RO          826    .ARM.Collect$$libinit$$0000000F  c_w.l(libinit2.o)
    0x08000260   0x00000000   Code   RO          828    .ARM.Collect$$libinit$$00000011  c_w.l(libinit2.o)
    0x08000260   0x00000000   Code   RO          830    .ARM.Collect$$libinit$$00000013  c_w.l(libinit2.o)
    0x08000260   0x00000000   Code   RO          832    .ARM.Collect$$libinit$$00000015  c_w.l(libinit2.o)
    0x08000260   0x0000000a   Code   RO          833    .ARM.Collect$$libinit$$00000016  c_w.l(libinit2.o)
    0x0800026a   0x00000000   Code   RO          834    .ARM.Collect$$libinit$$00000017  c_w.l(libinit2.o)
    0x0800026a   0x00000000   Code   RO          836    .ARM.Collect$$libinit$$00000019  c_w.l(libinit2.o)
    0x0800026a   0x00000000   Code   RO          838    .ARM.Collect$$libinit$$0000001B  c_w.l(libinit2.o)
    0x0800026a   0x00000000   Code   RO          840    .ARM.Collect$$libinit$$0000001D  c_w.l(libinit2.o)
    0x0800026a   0x00000000   Code   RO          842    .ARM.Collect$$libinit$$0000001F  c_w.l(libinit2.o)
    0x0800026a   0x00000000   Code   RO          844    .ARM.Collect$$libinit$$00000021  c_w.l(libinit2.o)
    0x0800026a   0x00000000   Code   RO          846    .ARM.Collect$$libinit$$00000023  c_w.l(libinit2.o)
    0x0800026a   0x00000000   Code   RO          848    .ARM.Collect$$libinit$$00000025  c_w.l(libinit2.o)
    0x0800026a   0x00000000   Code   RO          852    .ARM.Collect$$libinit$$0000002C  c_w.l(libinit2.o)
    0x0800026a   0x00000000   Code   RO          854    .ARM.Collect$$libinit$$0000002E  c_w.l(libinit2.o)
    0x0800026a   0x00000000   Code   RO          856    .ARM.Collect$$libinit$$00000030  c_w.l(libinit2.o)
    0x0800026a   0x00000000   Code   RO          858    .ARM.Collect$$libinit$$00000032  c_w.l(libinit2.o)
    0x0800026a   0x00000002   Code   RO          859    .ARM.Collect$$libinit$$00000033  c_w.l(libinit2.o)
    0x0800026c   0x00000002   Code   RO         1029    .ARM.Collect$$libshutdown$$00000000  c_w.l(libshutdown.o)
    0x0800026e   0x00000000   Code   RO          987    .ARM.Collect$$libshutdown$$00000002  c_w.l(libshutdown2.o)
    0x0800026e   0x00000000   Code   RO          989    .ARM.Collect$$libshutdown$$00000004  c_w.l(libshutdown2.o)
    0x0800026e   0x00000000   Code   RO          992    .ARM.Collect$$libshutdown$$00000007  c_w.l(libshutdown2.o)
    0x0800026e   0x00000000   Code   RO          995    .ARM.Collect$$libshutdown$$0000000A  c_w.l(libshutdown2.o)
    0x0800026e   0x00000000   Code   RO          997    .ARM.Collect$$libshutdown$$0000000C  c_w.l(libshutdown2.o)
    0x0800026e   0x00000000   Code   RO         1000    .ARM.Collect$$libshutdown$$0000000F  c_w.l(libshutdown2.o)
    0x0800026e   0x00000002   Code   RO         1001    .ARM.Collect$$libshutdown$$00000010  c_w.l(libshutdown2.o)
    0x08000270   0x00000000   Code   RO          776    .ARM.Collect$$rtentry$$00000000  c_w.l(__rtentry.o)
    0x08000270   0x00000000   Code   RO          875    .ARM.Collect$$rtentry$$00000002  c_w.l(__rtentry2.o)
    0x08000270   0x00000006   Code   RO          887    .ARM.Collect$$rtentry$$00000004  c_w.l(__rtentry4.o)
    0x08000276   0x00000000   Code   RO          877    .ARM.Collect$$rtentry$$00000009  c_w.l(__rtentry2.o)
    0x08000276   0x00000004   Code   RO          878    .ARM.Collect$$rtentry$$0000000A  c_w.l(__rtentry2.o)
    0x0800027a   0x00000000   Code   RO          880    .ARM.Collect$$rtentry$$0000000C  c_w.l(__rtentry2.o)
    0x0800027a   0x00000008   Code   RO          881    .ARM.Collect$$rtentry$$0000000D  c_w.l(__rtentry2.o)
    0x08000282   0x00000002   Code   RO          976    .ARM.Collect$$rtexit$$00000000  c_w.l(rtexit.o)
    0x08000284   0x00000000   Code   RO         1003    .ARM.Collect$$rtexit$$00000002  c_w.l(rtexit2.o)
    0x08000284   0x00000004   Code   RO         1004    .ARM.Collect$$rtexit$$00000003  c_w.l(rtexit2.o)
    0x08000288   0x00000006   Code   RO         1005    .ARM.Collect$$rtexit$$00000004  c_w.l(rtexit2.o)
    0x0800028e   0x00000002   PAD
    0x08000290   0x00000000   Code   RO          896    .emb_text           c_w.l(maybetermalloc1.o)
    0x08000290   0x00000270   Code   RO            4    .text               adc_leds.o
    0x08000500   0x00000064   Code   RO          173    .text               swt.o
    0x08000564   0x00000104   Code   RO          219    .text               serial.o
    0x08000668   0x00000044   Code   RO          247    .text               retarget.o
    0x080006ac   0x000000a8   Code   RO          275    .text               lcd_buffer.o
    0x08000754   0x000004d0   Code   RO          296    .text               lcd_driver.o
    0x08000c24   0x000001ac   Code   RO          334    .text               adc.o
    0x08000dd0   0x00000294   Code   RO          358    .text               stm32f4xx_gpio.o
    0x08001064   0x000000e0   Code   RO          382    .text               misc.o
    0x08001144   0x0000065c   Code   RO          406    .text               stm32f4xx_rcc.o
    0x080017a0   0x00000454   Code   RO          432    .text               stm32f4xx_usart.o
    0x08001bf4   0x0000029c   Code   RO          456    .text               sig_gen.o
    0x08001e90   0x00000ca2   Code   RO          488    .text               stm32f4xx_tim.o
    0x08002b32   0x00000002   PAD
    0x08002b34   0x000000c0   Code   RO          512    .text               utility.o
    0x08002bf4   0x00000110   Code   RO          539    .text               stm32f4xx_exti.o
    0x08002d04   0x00000094   Code   RO          563    .text               stm32f4xx_syscfg.o
    0x08002d98   0x00000278   Code   RO          587    .text               board_init.o
    0x08003010   0x00000040   Code   RO          618    .text               startup_stm32f407xx.o
    0x08003050   0x00000210   Code   RO          625    .text               system_stm32f4xx.o
    0x08003260   0x00000002   Code   RO          655    .text               c_w.l(use_no_semi.o)
    0x08003262   0x0000005e   Code   RO          661    .text               c_w.l(h1_alloc.o)
    0x080032c0   0x0000004e   Code   RO          663    .text               c_w.l(h1_free.o)
    0x0800330e   0x00000002   PAD
    0x08003310   0x00000028   Code   RO          721    .text               c_w.l(noretval__2sprintf.o)
    0x08003338   0x00000052   Code   RO          725    .text               c_w.l(_printf_str.o)
    0x0800338a   0x0000010e   Code   RO          735    .text               c_w.l(__printf_wp.o)
    0x08003498   0x0000003e   Code   RO          750    .text               c_w.l(strlen.o)
    0x080034d6   0x00000006   Code   RO          752    .text               c_w.l(heapauxi.o)
    0x080034dc   0x00000008   Code   RO          780    .text               c_w.l(rt_heap_descriptor_intlibspace.o)
    0x080034e4   0x00000004   Code   RO          782    .text               c_w.l(hguard.o)
    0x080034e8   0x0000008a   Code   RO          784    .text               c_w.l(init_alloc.o)
    0x08003572   0x0000000e   Code   RO          788    .text               c_w.l(h1_init.o)
    0x08003580   0x0000041a   Code   RO          802    .text               c_w.l(_printf_fp_dec.o)
    0x0800399a   0x00000002   PAD
    0x0800399c   0x00000030   Code   RO          804    .text               c_w.l(_printf_char_common.o)
    0x080039cc   0x0000000a   Code   RO          806    .text               c_w.l(_sputc.o)
    0x080039d6   0x0000002c   Code   RO          808    .text               c_w.l(_printf_char.o)
    0x08003a02   0x00000002   PAD
    0x08003a04   0x00000008   Code   RO          871    .text               c_w.l(libspace.o)
    0x08003a0c   0x00000008   Code   RO          892    .text               c_w.l(rt_locale_intlibspace.o)
    0x08003a14   0x00000034   Code   RO          898    .text               c_w.l(h1_extend.o)
    0x08003a48   0x0000008a   Code   RO          902    .text               c_w.l(lludiv10.o)
    0x08003ad2   0x00000002   PAD
    0x08003ad4   0x00000080   Code   RO          904    .text               c_w.l(_printf_fp_infnan.o)
    0x08003b54   0x000000dc   Code   RO          908    .text               c_w.l(bigflt0.o)
    0x08003c30   0x0000000e   Code   RO          936    .text               c_w.l(defsig_rtmem_outer.o)
    0x08003c3e   0x0000004a   Code   RO          952    .text               c_w.l(sys_stackheap_outer.o)
    0x08003c88   0x00000012   Code   RO          958    .text               c_w.l(exit.o)
    0x08003c9a   0x0000000a   Code   RO          960    .text               c_w.l(defsig_exit.o)
    0x08003ca4   0x00000050   Code   RO          962    .text               c_w.l(defsig_rtmem_inner.o)
    0x08003cf4   0x00000080   Code   RO          964    .text               c_w.l(strcmpv7m.o)
    0x08003d74   0x00000032   Code   RO          984    .text               c_w.l(defsig_general.o)
    0x08003da6   0x0000003e   Code   RO          911    CL$$btod_d2e        c_w.l(btod.o)
    0x08003de4   0x00000046   Code   RO          913    CL$$btod_d2e_denorm_low  c_w.l(btod.o)
    0x08003e2a   0x00000060   Code   RO          912    CL$$btod_d2e_norm_op1  c_w.l(btod.o)
    0x08003e8a   0x00000338   Code   RO          921    CL$$btod_div_common  c_w.l(btod.o)
    0x080041c2   0x000000c6   Code   RO          918    CL$$btod_e2e        c_w.l(btod.o)
    0x08004288   0x00000028   Code   RO          915    CL$$btod_ediv       c_w.l(btod.o)
    0x080042b0   0x00000028   Code   RO          914    CL$$btod_emul       c_w.l(btod.o)
    0x080042d8   0x00000244   Code   RO          920    CL$$btod_mult_common  c_w.l(btod.o)
    0x0800451c   0x00000030   Code   RO          949    i.__ARM_fpclassify  m_wm.l(fpclassify.o)
    0x0800454c   0x0000000e   Code   RO          737    i._is_digit         c_w.l(__printf_wp.o)
    0x0800455a   0x00000002   PAD
    0x0800455c   0x0000002c   Code   RO          934    locale$$code        c_w.l(lc_numeric_c.o)
    0x08004588   0x00000062   Code   RO          756    x$fpl$d2f           fz_wm.l(d2f.o)
    0x080045ea   0x00000002   PAD
    0x080045ec   0x00000150   Code   RO          758    x$fpl$dadd          fz_wm.l(daddsub_clz.o)
    0x0800473c   0x000002b0   Code   RO          765    x$fpl$ddiv          fz_wm.l(ddiv.o)
    0x080049ec   0x00000154   Code   RO          768    x$fpl$dmul          fz_wm.l(dmul.o)
    0x08004b40   0x0000009c   Code   RO          860    x$fpl$dnaninf       fz_wm.l(dnaninf.o)
    0x08004bdc   0x0000000c   Code   RO          862    x$fpl$dretinf       fz_wm.l(dretinf.o)
    0x08004be8   0x000001d4   Code   RO          760    x$fpl$dsub          fz_wm.l(daddsub_clz.o)
    0x08004dbc   0x00000056   Code   RO          770    x$fpl$f2d           fz_wm.l(f2d.o)
    0x08004e12   0x0000008c   Code   RO          864    x$fpl$fnaninf       fz_wm.l(fnaninf.o)
    0x08004e9e   0x0000000a   Code   RO          945    x$fpl$fpinit        fz_wm.l(fpinit.o)
    0x08004ea8   0x0000000a   Code   RO          866    x$fpl$fretinf       fz_wm.l(fretinf.o)
    0x08004eb2   0x00000004   Code   RO          772    x$fpl$printf1       fz_wm.l(printf1.o)
    0x08004eb6   0x00000000   Code   RO          868    x$fpl$usenofp       fz_wm.l(usenofp.o)
    0x08004eb6   0x00000002   PAD
    0x08004eb8   0x00000020   Data   RO          174    .constdata          swt.o
    0x08004ed8   0x00000010   Data   RO          626    .constdata          system_stm32f4xx.o
    0x08004ee8   0x00000094   Data   RO          909    .constdata          c_w.l(bigflt0.o)
    0x08004f7c   0x00000020   Data   RO         1030    Region$$Table       anon$$obj.o
    0x08004f9c   0x0000001c   Data   RO          933    locale$$data        c_w.l(lc_numeric_c.o)


    Execution Region RW_IRAM1 (Base: 0x20000000, Size: 0x00000ad8, Max: 0x00020000, ABSOLUTE, COMPRESSED[0x000001ac])

    Base Addr    Size         Type   Attr      Idx    E Section Name        Object

    0x20000000   0x00000009   Data   RW          298    .data               lcd_driver.o
    0x20000009   0x00000010   Data   RW          407    .data               stm32f4xx_rcc.o
    0x20000019   0x00000003   PAD
    0x2000001c   0x00000211   Data   RW          458    .data               sig_gen.o
    0x2000022d   0x00000003   PAD
    0x20000230   0x00000004   Data   RW          513    .data               utility.o
    0x20000234   0x00000004   Data   RW          627    .data               system_stm32f4xx.o
    0x20000238   0x00000200   Zero   RW          276    .bss                lcd_buffer.o
    0x20000438   0x00000010   Zero   RW          297    .bss                lcd_driver.o
    0x20000448   0x00000030   Zero   RW          457    .bss                sig_gen.o
    0x20000478   0x00000060   Zero   RW          872    .bss                c_w.l(libspace.o)
    0x200004d8   0x00000200   Zero   RW          616    HEAP                startup_stm32f407xx.o
    0x200006d8   0x00000400   Zero   RW          615    STACK               startup_stm32f407xx.o


==============================================================================

Image component sizes


      Code (inc. data)   RO Data    RW Data    ZI Data      Debug   Object Name

       428         20          0          0          0       2141   adc.o
       624        108          0          0          0     297043   adc_leds.o
       632         84          0          0          0      27578   board_init.o
       168          4          0          0        512       2278   lcd_buffer.o
      1232         70          0          9         16      30057   lcd_driver.o
       224         20          0          0          0       1913   misc.o
        68          4          0          0          0       2910   retarget.o
       260         30          0          0          0        964   serial.o
       668         50          0        529         48       2638   sig_gen.o
        64         26        392          0       1536        836   startup_stm32f407xx.o
       272         10          0          0          0       2383   stm32f4xx_exti.o
       660         44          0          0          0       4249   stm32f4xx_gpio.o
      1628         52          0         16          0      13188   stm32f4xx_rcc.o
       148         12          0          0          0       1877   stm32f4xx_syscfg.o
      3234         60          0          0          0      23108   stm32f4xx_tim.o
      1108         34          0          0          0       7976   stm32f4xx_usart.o
       100         18         32          0          0       1396   swt.o
       528         46         16          4          0       1791   system_stm32f4xx.o
       192          6          0          4          0       1644   utility.o

    ----------------------------------------------------------------------
     12240        698        472        568       2112     425970   Object Totals
         0          0         32          0          0          0   (incl. Generated)
         2          0          0          6          0          0   (incl. Padding)

    ----------------------------------------------------------------------

      Code (inc. data)   RO Data    RW Data    ZI Data      Debug   Library Member Name

        90          0          0          0          0          0   __dczerorl2.o
         8          0          0          0          0         68   __main.o
       284          0          0          0          0        156   __printf_wp.o
         0          0          0          0          0          0   __rtentry.o
        12          0          0          0          0          0   __rtentry2.o
         6          0          0          0          0          0   __rtentry4.o
        52          8          0          0          0          0   __scatter.o
        28          0          0          0          0          0   __scatter_zi.o
        44          0          0          0          0        108   _printf_char.o
        48          6          0          0          0         96   _printf_char_common.o
         6          0          0          0          0          0   _printf_f.o
      1050          0          0          0          0        216   _printf_fp_dec.o
       128         16          0          0          0         84   _printf_fp_infnan.o
         0          0          0          0          0          0   _printf_percent.o
         4          0          0          0          0          0   _printf_percent_end.o
         6          0          0          0          0          0   _printf_s.o
        82          0          0          0          0         80   _printf_str.o
        10          0          0          0          0         68   _sputc.o
       220          4        148          0          0         96   bigflt0.o
      1910        128          0          0          0        672   btod.o
        10          0          0          0          0         68   defsig_exit.o
        50          0          0          0          0         88   defsig_general.o
        80         58          0          0          0         76   defsig_rtmem_inner.o
        14          0          0          0          0         80   defsig_rtmem_outer.o
        18          0          0          0          0         80   exit.o
        94          0          0          0          0         80   h1_alloc.o
        52          0          0          0          0         68   h1_extend.o
        78          0          0          0          0         80   h1_free.o
        14          0          0          0          0         84   h1_init.o
         6          0          0          0          0        152   heapauxi.o
         4          0          0          0          0        136   hguard.o
       138          0          0          0          0        168   init_alloc.o
        44         10         28          0          0         76   lc_numeric_c.o
         2          0          0          0          0          0   libinit.o
        30          0          0          0          0          0   libinit2.o
         2          0          0          0          0          0   libshutdown.o
         2          0          0          0          0          0   libshutdown2.o
         8          4          0          0         96         68   libspace.o
       138          0          0          0          0         80   lludiv10.o
         0          0          0          0          0          0   maybetermalloc1.o
        40          6          0          0          0         84   noretval__2sprintf.o
         8          4          0          0          0         68   rt_heap_descriptor_intlibspace.o
         8          4          0          0          0         68   rt_locale_intlibspace.o
         2          0          0          0          0          0   rtexit.o
        10          0          0          0          0          0   rtexit2.o
       128          0          0          0          0         68   strcmpv7m.o
        62          0          0          0          0         76   strlen.o
        74          0          0          0          0         80   sys_stackheap_outer.o
         2          0          0          0          0         68   use_no_semi.o
        98          4          0          0          0        140   d2f.o
       804         16          0          0          0        368   daddsub_clz.o
       688        140          0          0          0        256   ddiv.o
       340         12          0          0          0        152   dmul.o
       156          4          0          0          0        140   dnaninf.o
        12          0          0          0          0        116   dretinf.o
        86          4          0          0          0        132   f2d.o
       140          4          0          0          0        132   fnaninf.o
        10          0          0          0          0        116   fpinit.o
        10          0          0          0          0        116   fretinf.o
         4          0          0          0          0        116   printf1.o
         0          0          0          0          0          0   usenofp.o
        48          0          0          0          0        124   fpclassify.o

    ----------------------------------------------------------------------
      7520        432        176          0         96       5448   Library Totals
        18          0          0          0          0          0   (incl. Padding)

    ----------------------------------------------------------------------

      Code (inc. data)   RO Data    RW Data    ZI Data      Debug   Library Name

      5106        248        176          0         96       3540   c_w.l
      2348        184          0          0          0       1784   fz_wm.l
        48          0          0          0          0        124   m_wm.l

    ----------------------------------------------------------------------
      7520        432        176          0         96       5448   Library Totals

    ----------------------------------------------------------------------

==============================================================================


      Code (inc. data)   RO Data    RW Data    ZI Data      Debug   

     19760       1130        648        568       2208     423342   Grand Totals
     19760       1130        648        428       2208     423342   ELF Image Totals (compressed)
     19760       1130        648        428          0          0   ROM Totals

==============================================================================

    Total RO  Size (Code + RO Data)                20408 (  19.93kB)
    Total RW  Size (RW Data + ZI Data)              2776 (   2.71kB)
    Total ROM Size (Code + RO Data + RW Data)      20836 (  20.35kB)

==============================================================================

