Component: ARM Compiler 5.06 update 4 (build 422) Tool: armlink [4d35d2]

==============================================================================

Section Cross References

    adc_leds.o(.text) refers to _printf_percent.o(.ARM.Collect$$_printf_percent$$00000000) for _printf_percent
    adc_leds.o(.text) refers to _printf_s.o(.ARM.Collect$$_printf_percent$$00000014) for _printf_s
    adc_leds.o(.text) refers to _printf_str.o(.text) for _printf_str
    adc_leds.o(.text) refers to _printf_f.o(.ARM.Collect$$_printf_percent$$00000003) for _printf_f
    adc_leds.o(.text) refers to printf1.o(x$fpl$printf1) for _printf_fp_dec
    adc_leds.o(.text) refers to _printf_i.o(.ARM.Collect$$_printf_percent$$00000008) for _printf_i
    adc_leds.o(.text) refers to _printf_dec.o(.text) for _printf_int_dec
    adc_leds.o(.text) refers to swt.o(.text) for SWT_Check
    adc_leds.o(.text) refers to adc.o(.text) for read_ADC1
    adc_leds.o(.text) refers to f2d.o(x$fpl$f2d) for __aeabi_f2d
    adc_leds.o(.text) refers to utility.o(.text) for scale
    adc_leds.o(.text) refers to d2f.o(x$fpl$d2f) for __aeabi_d2f
    adc_leds.o(.text) refers to reading.o(.text) for reading_set_value
    adc_leds.o(.text) refers to lcd_driver.o(.text) for lcd_write_string
    adc_leds.o(.text) refers to noretval__2printf.o(.text) for __2printf
    adc_leds.o(.text) refers to h1_alloc.o(.text) for malloc
    adc_leds.o(.text) refers to board_init.o(.text) for TOM_lcd_send_string
    adc_leds.o(.text) refers to strcmpv7m.o(.text) for strcmp
    adc_leds.o(.text) refers to noretval__2sprintf.o(.text) for __2sprintf
    adc_leds.o(.text) refers to adc_leds.o(.data) for volts
    adc_leds.o(.text) refers to h1_free.o(.text) for free
    adc_leds.o(.data) refers to adc_leds.o(.conststring) for .conststring
    swt.o(.text) refers to swt.o(.constdata) for SWT_mask
    serial.o(.text) refers to stm32f4xx_rcc.o(.text) for RCC_APB1PeriphClockCmd
    serial.o(.text) refers to stm32f4xx_gpio.o(.text) for GPIO_Init
    serial.o(.text) refers to stm32f4xx_usart.o(.text) for USART_Init
    serial.o(.text) refers to misc.o(.text) for NVIC_Init
    serial.o(.text) refers to rt_memcpy_v6.o(.text) for __aeabi_memcpy
    serial.o(.text) refers to adc.o(.text) for send_String
    serial.o(.text) refers to adc_leds.o(.text) for check_string_set_mode
    serial.o(.text) refers to board_init.o(.text) for TOM_lcd_send_string
    serial.o(.text) refers to rt_memclr.o(.text) for __aeabi_memclr
    serial.o(.text) refers to ringbuffer.o(.text) for ringbuffer_new
    serial.o(.text) refers to serial.o(.data) for rx_index
    serial.o(.text) refers to serial.o(.bss) for rx_buffer
    serial.o(.text) refers to adc_leds.o(.data) for ringbuffer
    retarget.o(.rev16_text) refers (Special) to use_no_semi.o(.text) for __use_no_semihosting_swi
    retarget.o(.revsh_text) refers (Special) to use_no_semi.o(.text) for __use_no_semihosting_swi
    retarget.o(.rrx_text) refers (Special) to use_no_semi.o(.text) for __use_no_semihosting_swi
    retarget.o(.text) refers (Special) to use_no_semi.o(.text) for __use_no_semihosting_swi
    retarget.o(.data) refers (Special) to use_no_semi.o(.text) for __use_no_semihosting_swi
    lcd_buffer.o(.text) refers to h1_free.o(.text) for free
    lcd_buffer.o(.text) refers to lcd_buffer.o(.bss) for unmalloc_buffer
    lcd_driver.o(.text) refers to lcd_buffer.o(.text) for buffer_empty
    lcd_driver.o(.text) refers to strlen.o(.text) for strlen
    lcd_driver.o(.text) refers to lcd_driver.o(.bss) for lcd_commandBuffer
    lcd_driver.o(.text) refers to lcd_driver.o(.data) for stage
    adc.o(.text) refers to utility.o(.text) for Delay
    stm32f4xx_gpio.o(.text) refers to stm32f4xx_rcc.o(.text) for RCC_AHB1PeriphResetCmd
    stm32f4xx_rcc.o(.text) refers to stm32f4xx_rcc.o(.data) for APBAHBPrescTable
    stm32f4xx_usart.o(.text) refers to stm32f4xx_rcc.o(.text) for RCC_APB2PeriphResetCmd
    sig_gen.o(.text) refers to stm32f4xx_tim.o(.text) for TIM_GetITStatus
    sig_gen.o(.text) refers to stm32f4xx_gpio.o(.text) for GPIO_SetBits
    sig_gen.o(.text) refers to misc.o(.text) for NVIC_Init
    sig_gen.o(.text) refers to stm32f4xx_rcc.o(.text) for RCC_APB1PeriphClockCmd
    sig_gen.o(.text) refers to sig_gen.o(.data) for pulse_width
    sig_gen.o(.text) refers to sig_gen.o(.bss) for TIM_TimeBaseStructure
    stm32f4xx_tim.o(.text) refers to stm32f4xx_rcc.o(.text) for RCC_APB2PeriphResetCmd
    utility.o(.text) refers to daddsub_clz.o(x$fpl$dsub) for __aeabi_dsub
    utility.o(.text) refers to dmul.o(x$fpl$dmul) for __aeabi_dmul
    utility.o(.text) refers to ddiv.o(x$fpl$ddiv) for __aeabi_ddiv
    utility.o(.text) refers to daddsub_clz.o(x$fpl$dadd) for __aeabi_dadd
    utility.o(.text) refers to utility.o(.data) for msTicks
    stm32f4xx_syscfg.o(.text) refers to stm32f4xx_rcc.o(.text) for RCC_APB2PeriphResetCmd
    board_init.o(.text) refers to stm32f4xx_rcc.o(.text) for RCC_APB2PeriphClockCmd
[...]
    __rt_lib_init_signal_1                   0x0800027d   Thumb Code     0  libinit2.o(.ARM.Collect$$libinit$$0000001D)
    __rt_lib_init_stdio_1                    0x0800027d   Thumb Code     0  libinit2.o(.ARM.Collect$$libinit$$00000025)
    __rt_lib_shutdown                        0x0800027f   Thumb Code     0  libshutdown.o(.ARM.Collect$$libshutdown$$00000000)
    __rt_lib_shutdown_cpp_1                  0x08000281   Thumb Code     0  libshutdown2.o(.ARM.Collect$$libshutdown$$00000002)
    __rt_lib_shutdown_fp_trap_1              0x08000281   Thumb Code     0  libshutdown2.o(.ARM.Collect$$libshutdown$$00000007)
    __rt_lib_shutdown_heap_1                 0x08000281   Thumb Code     0  libshutdown2.o(.ARM.Collect$$libshutdown$$0000000F)
    __rt_lib_shutdown_return                 0x08000281   Thumb Code     0  libshutdown2.o(.ARM.Collect$$libshutdown$$00000010)
    __rt_lib_shutdown_signal_1               0x08000281   Thumb Code     0  libshutdown2.o(.ARM.Collect$$libshutdown$$0000000A)
    __rt_lib_shutdown_stdio_1                0x08000281   Thumb Code     0  libshutdown2.o(.ARM.Collect$$libshutdown$$00000004)
    __rt_lib_shutdown_user_alloc_1           0x08000281   Thumb Code     0  libshutdown2.o(.ARM.Collect$$libshutdown$$0000000C)
    __rt_entry                               0x08000283   Thumb Code     0  __rtentry.o(.ARM.Collect$$rtentry$$00000000)
    __rt_entry_presh_1                       0x08000283   Thumb Code     0  __rtentry2.o(.ARM.Collect$$rtentry$$00000002)
    __rt_entry_sh                            0x08000283   Thumb Code     0  __rtentry4.o(.ARM.Collect$$rtentry$$00000004)
    __rt_entry_li                            0x08000289   Thumb Code     0  __rtentry2.o(.ARM.Collect$$rtentry$$0000000A)
    __rt_entry_postsh_1                      0x08000289   Thumb Code     0  __rtentry2.o(.ARM.Collect$$rtentry$$00000009)
    __rt_entry_main                          0x0800028d   Thumb Code     0  __rtentry2.o(.ARM.Collect$$rtentry$$0000000D)
    __rt_entry_postli_1                      0x0800028d   Thumb Code     0  __rtentry2.o(.ARM.Collect$$rtentry$$0000000C)
    __rt_exit                                0x08000295   Thumb Code     0  rtexit.o(.ARM.Collect$$rtexit$$00000000)
    __rt_exit_ls                             0x08000297   Thumb Code     0  rtexit2.o(.ARM.Collect$$rtexit$$00000003)
    __rt_exit_prels_1                        0x08000297   Thumb Code     0  rtexit2.o(.ARM.Collect$$rtexit$$00000002)
    __rt_exit_exit                           0x0800029b   Thumb Code     0  rtexit2.o(.ARM.Collect$$rtexit$$00000004)
    BTN_Get                                  0x080002a1   Thumb Code    10  adc_leds.o(.text)
    _maybe_terminate_alloc                   0x080002a1   Thumb Code     0  maybetermalloc1.o(.emb_text)
    check_state_changed                      0x080002ab   Thumb Code    40  adc_leds.o(.text)
    get_units                                0x080002d3   Thumb Code     6  adc_leds.o(.text)
    read_value                               0x080002d9   Thumb Code   184  adc_leds.o(.text)
    lcd_output_value                         0x08000391   Thumb Code    36  adc_leds.o(.text)
    bt_output_value                          0x080003b5   Thumb Code    32  adc_leds.o(.text)
    display_startup_message                  0x080003d5   Thumb Code    58  adc_leds.o(.text)
    auto_scale_hardware                      0x0800040f   Thumb Code     4  adc_leds.o(.text)
    transform_scale_to_hardware_pins         0x08000413   Thumb Code     2  adc_leds.o(.text)
    get_display_lcd_reading                  0x08000415   Thumb Code   114  adc_leds.o(.text)
    outputSine                               0x08000487   Thumb Code   104  adc_leds.o(.text)
    main_loop                                0x080004ef   Thumb Code    94  adc_leds.o(.text)
    check_string_set_mode                    0x0800054d   Thumb Code   252  adc_leds.o(.text)
    adc_reading                              0x08000649   Thumb Code   320  adc_leds.o(.text)
    set_mode_menu                            0x08000789   Thumb Code    96  adc_leds.o(.text)
    choose_mode                              0x080007e9   Thumb Code    54  adc_leds.o(.text)
    main                                     0x0800081f   Thumb Code    68  adc_leds.o(.text)
    SWT_Init                                 0x0800089d   Thumb Code    52  swt.o(.text)
    SWT_Get                                  0x080008d1   Thumb Code     6  swt.o(.text)
    SWT_Check                                0x080008d7   Thumb Code    24  swt.o(.text)
    USART3_IRQHandler                        0x08000a4b   Thumb Code   132  serial.o(.text)
    serial_init                              0x08000acf   Thumb Code    34  serial.o(.text)
    sendchar                                 0x08000b15   Thumb Code    26  retarget.o(.text)
    fputc                                    0x08000b2f   Thumb Code    14  retarget.o(.text)
    ferror                                   0x08000b3d   Thumb Code     8  retarget.o(.text)
    _ttywrch                                 0x08000b45   Thumb Code    12  retarget.o(.text)
    _sys_exit                                0x08000b51   Thumb Code     4  retarget.o(.text)
    buffer_init                              0x08000b59   Thumb Code    16  lcd_buffer.o(.text)
    buffer_destroy                           0x08000b69   Thumb Code    12  lcd_buffer.o(.text)
    buffer_full                              0x08000b75   Thumb Code    30  lcd_buffer.o(.text)
    buffer_empty                             0x08000b93   Thumb Code    18  lcd_buffer.o(.text)
    buffer_put                               0x08000ba5   Thumb Code    44  lcd_buffer.o(.text)
    buffer_get                               0x08000bd1   Thumb Code    44  lcd_buffer.o(.text)
    lcd_write                                0x08000c01   Thumb Code    62  lcd_driver.o(.text)
    lcd_move_cursor                          0x08000c3f   Thumb Code    36  lcd_driver.o(.text)
    lcd_clear_display                        0x08000c63   Thumb Code    32  lcd_driver.o(.text)
    lcd_change_settings                      0x08000c83   Thumb Code    34  lcd_driver.o(.text)
    lcd_setup_timer                          0x08000ca5   Thumb Code    54  lcd_driver.o(.text)
    lcd_setup_GPIO                           0x08000cdb   Thumb Code   150  lcd_driver.o(.text)
    lcd_init                                 0x08000d71   Thumb Code   130  lcd_driver.o(.text)
    lcd_write_string                         0x08000df3   Thumb Code   128  lcd_driver.o(.text)
    lcd_write_center                         0x08000e73   Thumb Code    54  lcd_driver.o(.text)
    lcd_scrolling                            0x08000ea9   Thumb Code    48  lcd_driver.o(.text)
    TIM6_DAC_IRQHandler                      0x08000ed9   Thumb Code   480  lcd_driver.o(.text)
    ADC1_init                                0x080010d1   Thumb Code   114  adc.o(.text)
    ADC2_init                                0x08001143   Thumb Code   126  adc.o(.text)
    read_ADC1                                0x080011c1   Thumb Code    34  adc.o(.text)
    read_ADC2                                0x080011e3   Thumb Code    40  adc.o(.text)
    set_cont_ADC1                            0x0800120b   Thumb Code    24  adc.o(.text)
    read_cont_ADC1                           0x08001223   Thumb Code    20  adc.o(.text)
    send_Char                                0x08001237   Thumb Code    16  adc.o(.text)
    send_String                              0x08001247   Thumb Code    34  adc.o(.text)
    GPIO_DeInit                              0x0800127d   Thumb Code   268  stm32f4xx_gpio.o(.text)
    GPIO_Init                                0x08001389   Thumb Code   144  stm32f4xx_gpio.o(.text)
    GPIO_StructInit                          0x08001419   Thumb Code    18  stm32f4xx_gpio.o(.text)
    GPIO_PinLockConfig                       0x0800142b   Thumb Code    34  stm32f4xx_gpio.o(.text)
    GPIO_ReadInputDataBit                    0x0800144d   Thumb Code    18  stm32f4xx_gpio.o(.text)
    GPIO_ReadInputData                       0x0800145f   Thumb Code     8  stm32f4xx_gpio.o(.text)
    GPIO_ReadOutputDataBit                   0x08001467   Thumb Code    18  stm32f4xx_gpio.o(.text)
    GPIO_ReadOutputData                      0x08001479   Thumb Code     8  stm32f4xx_gpio.o(.text)
    GPIO_SetBits                             0x08001481   Thumb Code     4  stm32f4xx_gpio.o(.text)
    GPIO_ResetBits                           0x08001485   Thumb Code     4  stm32f4xx_gpio.o(.text)
    GPIO_WriteBit                            0x08001489   Thumb Code    10  stm32f4xx_gpio.o(.text)
    GPIO_Write                               0x08001493   Thumb Code     4  stm32f4xx_gpio.o(.text)
    GPIO_ToggleBits                          0x08001497   Thumb Code     8  stm32f4xx_gpio.o(.text)
    GPIO_PinAFConfig                         0x0800149f   Thumb Code    70  stm32f4xx_gpio.o(.text)
    NVIC_PriorityGroupConfig                 0x08001511   Thumb Code    10  misc.o(.text)
    NVIC_Init                                0x0800151b   Thumb Code   106  misc.o(.text)
    NVIC_SetVectorTable                      0x08001585   Thumb Code    14  misc.o(.text)
    NVIC_SystemLPConfig                      0x08001593   Thumb Code    34  misc.o(.text)
    SysTick_CLKSourceConfig                  0x080015b5   Thumb Code    40  misc.o(.text)
    RCC_DeInit                               0x080015f1   Thumb Code    82  stm32f4xx_rcc.o(.text)
    RCC_HSEConfig                            0x08001643   Thumb Code    14  stm32f4xx_rcc.o(.text)
    RCC_GetFlagStatus                        0x08001651   Thumb Code    60  stm32f4xx_rcc.o(.text)
    RCC_WaitForHSEStartUp                    0x0800168d   Thumb Code    56  stm32f4xx_rcc.o(.text)
    RCC_AdjustHSICalibrationValue            0x080016c5   Thumb Code    20  stm32f4xx_rcc.o(.text)
    RCC_HSICmd                               0x080016d9   Thumb Code     6  stm32f4xx_rcc.o(.text)
    RCC_LSEConfig                            0x080016df   Thumb Code    46  stm32f4xx_rcc.o(.text)
    RCC_LSICmd                               0x0800170d   Thumb Code     6  stm32f4xx_rcc.o(.text)
    RCC_PLLConfig                            0x08001713   Thumb Code    32  stm32f4xx_rcc.o(.text)
    RCC_PLLCmd                               0x08001733   Thumb Code     6  stm32f4xx_rcc.o(.text)
    RCC_PLLI2SConfig                         0x08001739   Thumb Code    14  stm32f4xx_rcc.o(.text)
    RCC_PLLI2SCmd                            0x08001747   Thumb Code     6  stm32f4xx_rcc.o(.text)
    RCC_PLLSAIConfig                         0x0800174d   Thumb Code    20  stm32f4xx_rcc.o(.text)
    RCC_PLLSAICmd                            0x08001761   Thumb Code     6  stm32f4xx_rcc.o(.text)
    RCC_ClockSecuritySystemCmd               0x08001767   Thumb Code     6  stm32f4xx_rcc.o(.text)
    RCC_MCO1Config                           0x0800176d   Thumb Code    28  stm32f4xx_rcc.o(.text)
    RCC_MCO2Config                           0x08001789   Thumb Code    28  stm32f4xx_rcc.o(.text)
    RCC_SYSCLKConfig                         0x080017a5   Thumb Code    20  stm32f4xx_rcc.o(.text)
    RCC_GetSYSCLKSource                      0x080017b9   Thumb Code    12  stm32f4xx_rcc.o(.text)
    RCC_HCLKConfig                           0x080017c5   Thumb Code    20  stm32f4xx_rcc.o(.text)
    RCC_PCLK1Config                          0x080017d9   Thumb Code    20  stm32f4xx_rcc.o(.text)
    RCC_PCLK2Config                          0x080017ed   Thumb Code    22  stm32f4xx_rcc.o(.text)
    RCC_GetClocksFreq                        0x08001803   Thumb Code   222  stm32f4xx_rcc.o(.text)
    RCC_RTCCLKConfig                         0x080018e1   Thumb Code    54  stm32f4xx_rcc.o(.text)
    RCC_RTCCLKCmd                            0x08001917   Thumb Code     8  stm32f4xx_rcc.o(.text)
    RCC_BackupResetCmd                       0x0800191f   Thumb Code     8  stm32f4xx_rcc.o(.text)
    RCC_I2SCLKConfig                         0x08001927   Thumb Code     6  stm32f4xx_rcc.o(.text)
    RCC_SAIBlockACLKConfig                   0x0800192d   Thumb Code    20  stm32f4xx_rcc.o(.text)
    RCC_SAIBlockBCLKConfig                   0x08001941   Thumb Code    20  stm32f4xx_rcc.o(.text)
    RCC_SAIPLLI2SClkDivConfig                0x08001955   Thumb Code    26  stm32f4xx_rcc.o(.text)
    RCC_SAIPLLSAIClkDivConfig                0x0800196f   Thumb Code    28  stm32f4xx_rcc.o(.text)
    RCC_LTDCCLKDivConfig                     0x0800198b   Thumb Code    20  stm32f4xx_rcc.o(.text)
    RCC_TIMCLKPresConfig                     0x0800199f   Thumb Code     6  stm32f4xx_rcc.o(.text)
    RCC_AHB1PeriphClockCmd                   0x080019a5   Thumb Code    34  stm32f4xx_rcc.o(.text)
    RCC_AHB2PeriphClockCmd                   0x080019c7   Thumb Code    78  stm32f4xx_rcc.o(.text)
    RCC_AHB3PeriphClockCmd                   0x08001a15   Thumb Code    34  stm32f4xx_rcc.o(.text)
    RCC_APB1PeriphClockCmd                   0x08001a37   Thumb Code    34  stm32f4xx_rcc.o(.text)
    RCC_APB2PeriphClockCmd                   0x08001a59   Thumb Code    34  stm32f4xx_rcc.o(.text)
    RCC_AHB1PeriphResetCmd                   0x08001a7b   Thumb Code    34  stm32f4xx_rcc.o(.text)
    RCC_AHB2PeriphResetCmd                   0x08001a9d   Thumb Code    34  stm32f4xx_rcc.o(.text)
    RCC_AHB3PeriphResetCmd                   0x08001abf   Thumb Code    34  stm32f4xx_rcc.o(.text)
    RCC_APB1PeriphResetCmd                   0x08001ae1   Thumb Code    34  stm32f4xx_rcc.o(.text)
    RCC_APB2PeriphResetCmd                   0x08001b03   Thumb Code    34  stm32f4xx_rcc.o(.text)
    RCC_AHB1PeriphClockLPModeCmd             0x08001b25   Thumb Code    34  stm32f4xx_rcc.o(.text)
    RCC_AHB2PeriphClockLPModeCmd             0x08001b47   Thumb Code    34  stm32f4xx_rcc.o(.text)
    RCC_AHB3PeriphClockLPModeCmd             0x08001b69   Thumb Code    34  stm32f4xx_rcc.o(.text)
    RCC_APB1PeriphClockLPModeCmd             0x08001b8b   Thumb Code    34  stm32f4xx_rcc.o(.text)
    RCC_APB2PeriphClockLPModeCmd             0x08001bad   Thumb Code    34  stm32f4xx_rcc.o(.text)
    RCC_LSEModeConfig                        0x08001bcf   Thumb Code    40  stm32f4xx_rcc.o(.text)
    RCC_ITConfig                             0x08001bf7   Thumb Code    34  stm32f4xx_rcc.o(.text)
    RCC_ClearFlag                            0x08001c19   Thumb Code    18  stm32f4xx_rcc.o(.text)
    RCC_GetITStatus                          0x08001c2b   Thumb Code    22  stm32f4xx_rcc.o(.text)
    RCC_ClearITPendingBit                    0x08001c41   Thumb Code     8  stm32f4xx_rcc.o(.text)
    USART_DeInit                             0x08001c4d   Thumb Code   206  stm32f4xx_usart.o(.text)
    USART_Init                               0x08001d1b   Thumb Code   204  stm32f4xx_usart.o(.text)
    USART_StructInit                         0x08001de7   Thumb Code    24  stm32f4xx_usart.o(.text)
    USART_ClockInit                          0x08001dff   Thumb Code    32  stm32f4xx_usart.o(.text)
    USART_ClockStructInit                    0x08001e1f   Thumb Code    12  stm32f4xx_usart.o(.text)
    USART_Cmd                                0x08001e2b   Thumb Code    24  stm32f4xx_usart.o(.text)
    USART_SetPrescaler                       0x08001e43   Thumb Code    16  stm32f4xx_usart.o(.text)
    USART_OverSampling8Cmd                   0x08001e53   Thumb Code    22  stm32f4xx_usart.o(.text)
    USART_OneBitMethodCmd                    0x08001e69   Thumb Code    24  stm32f4xx_usart.o(.text)
    USART_SendData                           0x08001e81   Thumb Code     8  stm32f4xx_usart.o(.text)
    USART_ReceiveData                        0x08001e89   Thumb Code    10  stm32f4xx_usart.o(.text)
    USART_SetAddress                         0x08001e93   Thumb Code    18  stm32f4xx_usart.o(.text)
    USART_ReceiverWakeUpCmd                  0x08001ea5   Thumb Code    24  stm32f4xx_usart.o(.text)
    USART_WakeUpConfig                       0x08001ebd   Thumb Code    18  stm32f4xx_usart.o(.text)
    USART_LINBreakDetectLengthConfig         0x08001ecf   Thumb Code    18  stm32f4xx_usart.o(.text)
    USART_LINCmd                             0x08001ee1   Thumb Code    24  stm32f4xx_usart.o(.text)
    USART_SendBreak                          0x08001ef9   Thumb Code    10  stm32f4xx_usart.o(.text)
    USART_HalfDuplexCmd                      0x08001f03   Thumb Code    24  stm32f4xx_usart.o(.text)
    USART_SetGuardTime                       0x08001f1b   Thumb Code    16  stm32f4xx_usart.o(.text)
    USART_SmartCardCmd                       0x08001f2b   Thumb Code    24  stm32f4xx_usart.o(.text)
    USART_SmartCardNACKCmd                   0x08001f43   Thumb Code    24  stm32f4xx_usart.o(.text)
    USART_IrDAConfig                         0x08001f5b   Thumb Code    18  stm32f4xx_usart.o(.text)
    USART_IrDACmd                            0x08001f6d   Thumb Code    24  stm32f4xx_usart.o(.text)
    USART_DMACmd                             0x08001f85   Thumb Code    18  stm32f4xx_usart.o(.text)
    USART_ITConfig                           0x08001f97   Thumb Code    74  stm32f4xx_usart.o(.text)
    USART_GetFlagStatus                      0x08001fe1   Thumb Code    26  stm32f4xx_usart.o(.text)
    USART_ClearFlag                          0x08001ffb   Thumb Code    18  stm32f4xx_usart.o(.text)
    USART_GetITStatus                        0x0800200d   Thumb Code   118  stm32f4xx_usart.o(.text)
    USART_ClearITPendingBit                  0x08002083   Thumb Code    30  stm32f4xx_usart.o(.text)
    PWM_SetDC                                0x080020a1   Thumb Code    42  sig_gen.o(.text)
    TIM2_IRQHandler                          0x080020cb   Thumb Code    86  sig_gen.o(.text)
    INTTIM_Config                            0x08002121   Thumb Code    82  sig_gen.o(.text)
    PWM_Config                               0x08002173   Thumb Code   170  sig_gen.o(.text)
    LED_Config                               0x0800221d   Thumb Code    42  sig_gen.o(.text)
    TIM_Config                               0x08002247   Thumb Code   132  sig_gen.o(.text)
    generate_sine                            0x080022cb   Thumb Code    64  sig_gen.o(.text)
    TIM_DeInit                               0x0800233d   Thumb Code   346  stm32f4xx_tim.o(.text)
    TIM_TimeBaseInit                         0x08002497   Thumb Code   104  stm32f4xx_tim.o(.text)
    TIM_TimeBaseStructInit                   0x080024ff   Thumb Code    18  stm32f4xx_tim.o(.text)
    TIM_PrescalerConfig                      0x08002511   Thumb Code     6  stm32f4xx_tim.o(.text)
    TIM_CounterModeConfig                    0x08002517   Thumb Code    18  stm32f4xx_tim.o(.text)
    TIM_SetCounter                           0x08002529   Thumb Code     4  stm32f4xx_tim.o(.text)
    TIM_SetAutoreload                        0x0800252d   Thumb Code     4  stm32f4xx_tim.o(.text)
    TIM_GetCounter                           0x08002531   Thumb Code     6  stm32f4xx_tim.o(.text)
    TIM_GetPrescaler                         0x08002537   Thumb Code     6  stm32f4xx_tim.o(.text)
    TIM_UpdateDisableConfig                  0x0800253d   Thumb Code    24  stm32f4xx_tim.o(.text)
    TIM_UpdateRequestConfig                  0x08002555   Thumb Code    24  stm32f4xx_tim.o(.text)
    TIM_ARRPreloadConfig                     0x0800256d   Thumb Code    24  stm32f4xx_tim.o(.text)
    TIM_SelectOnePulseMode                   0x08002585   Thumb Code    18  stm32f4xx_tim.o(.text)
    TIM_SetClockDivision                     0x08002597   Thumb Code    18  stm32f4xx_tim.o(.text)
    TIM_Cmd                                  0x080025a9   Thumb Code    24  stm32f4xx_tim.o(.text)
    TIM_OC1Init                              0x080025c1   Thumb Code   114  stm32f4xx_tim.o(.text)
    TIM_OC2Init                              0x08002633   Thumb Code   154  stm32f4xx_tim.o(.text)
    TIM_OC3Init                              0x080026cd   Thumb Code   204  stm32f4xx_tim.o(.text)
    TIM_OC4Init                              0x08002799   Thumb Code   112  stm32f4xx_tim.o(.text)
    TIM_OCStructInit                         0x08002809   Thumb Code    20  stm32f4xx_tim.o(.text)
    TIM_SelectOCxM                           0x0800281d   Thumb Code    86  stm32f4xx_tim.o(.text)
    TIM_SetCompare1                          0x08002873   Thumb Code     4  stm32f4xx_tim.o(.text)
    TIM_SetCompare2                          0x08002877   Thumb Code     4  stm32f4xx_tim.o(.text)
    TIM_SetCompare3                          0x0800287b   Thumb Code     4  stm32f4xx_tim.o(.text)
    TIM_SetCompare4                          0x0800287f   Thumb Code     4  stm32f4xx_tim.o(.text)
    TIM_ForcedOC1Config                      0x08002883   Thumb Code    18  stm32f4xx_tim.o(.text)
    TIM_ForcedOC2Config                      0x08002895   Thumb Code    26  stm32f4xx_tim.o(.text)
    TIM_ForcedOC3Config                      0x080028af   Thumb Code    18  stm32f4xx_tim.o(.text)
    TIM_ForcedOC4Config                      0x080028c1   Thumb Code    26  stm32f4xx_tim.o(.text)
    TIM_OC1PreloadConfig                     0x080028db   Thumb Code    18  stm32f4xx_tim.o(.text)
    TIM_OC2PreloadConfig                     0x080028ed   Thumb Code    26  stm32f4xx_tim.o(.text)
    TIM_OC3PreloadConfig                     0x08002907   Thumb Code    18  stm32f4xx_tim.o(.text)
    TIM_OC4PreloadConfig                     0x08002919   Thumb Code    26  stm32f4xx_tim.o(.text)
    TIM_OC1FastConfig                        0x08002933   Thumb Code    18  stm32f4xx_tim.o(.text)
    TIM_OC2FastConfig                        0x08002945   Thumb Code    26  stm32f4xx_tim.o(.text)
    TIM_OC3FastConfig                        0x0800295f   Thumb Code    18  stm32f4xx_tim.o(.text)
    TIM_OC4FastConfig                        0x08002971   Thumb Code    26  stm32f4xx_tim.o(.text)
    TIM_ClearOC1Ref                          0x0800298b   Thumb Code    18  stm32f4xx_tim.o(.text)
    TIM_ClearOC2Ref                          0x0800299d   Thumb Code    24  stm32f4xx_tim.o(.text)
    TIM_ClearOC3Ref                          0x080029b5   Thumb Code    18  stm32f4xx_tim.o(.text)
    TIM_ClearOC4Ref                          0x080029c7   Thumb Code    24  stm32f4xx_tim.o(.text)
    TIM_OC1PolarityConfig                    0x080029df   Thumb Code    18  stm32f4xx_tim.o(.text)
    TIM_OC1NPolarityConfig                   0x080029f1   Thumb Code    18  stm32f4xx_tim.o(.text)
    TIM_OC2PolarityConfig                    0x08002a03   Thumb Code    26  stm32f4xx_tim.o(.text)
    TIM_OC2NPolarityConfig                   0x08002a1d   Thumb Code    26  stm32f4xx_tim.o(.text)
    TIM_OC3PolarityConfig                    0x08002a37   Thumb Code    26  stm32f4xx_tim.o(.text)
    TIM_OC3NPolarityConfig                   0x08002a51   Thumb Code    26  stm32f4xx_tim.o(.text)
    TIM_OC4PolarityConfig                    0x08002a6b   Thumb Code    26  stm32f4xx_tim.o(.text)
    TIM_CCxCmd                               0x08002a85   Thumb Code    30  stm32f4xx_tim.o(.text)
    TIM_CCxNCmd                              0x08002aa3   Thumb Code    30  stm32f4xx_tim.o(.text)
    TIM_SetIC4Prescaler                      0x08002ac1   Thumb Code    26  stm32f4xx_tim.o(.text)
    TIM_SetIC3Prescaler                      0x08002b2b   Thumb Code    18  stm32f4xx_tim.o(.text)
    TIM_SetIC2Prescaler                      0x08002b85   Thumb Code    26  stm32f4xx_tim.o(.text)
    TIM_SetIC1Prescaler                      0x08002bf9   Thumb Code    18  stm32f4xx_tim.o(.text)
    TIM_ICInit                               0x08002c45   Thumb Code   110  stm32f4xx_tim.o(.text)
    TIM_ICStructInit                         0x08002cb3   Thumb Code    18  stm32f4xx_tim.o(.text)
    TIM_PWMIConfig                           0x08002cc5   Thumb Code   124  stm32f4xx_tim.o(.text)
    TIM_GetCapture1                          0x08002d41   Thumb Code     6  stm32f4xx_tim.o(.text)
    TIM_GetCapture2                          0x08002d47   Thumb Code     6  stm32f4xx_tim.o(.text)
    TIM_GetCapture3                          0x08002d4d   Thumb Code     6  stm32f4xx_tim.o(.text)
    TIM_GetCapture4                          0x08002d53   Thumb Code     6  stm32f4xx_tim.o(.text)
    TIM_BDTRConfig                           0x08002d59   Thumb Code    32  stm32f4xx_tim.o(.text)
    TIM_BDTRStructInit                       0x08002d79   Thumb Code    18  stm32f4xx_tim.o(.text)
    TIM_CtrlPWMOutputs                       0x08002d8b   Thumb Code    30  stm32f4xx_tim.o(.text)
    TIM_SelectCOM                            0x08002da9   Thumb Code    24  stm32f4xx_tim.o(.text)
    TIM_CCPreloadControl                     0x08002dc1   Thumb Code    24  stm32f4xx_tim.o(.text)
    TIM_ITConfig                             0x08002dd9   Thumb Code    18  stm32f4xx_tim.o(.text)
    TIM_GenerateEvent                        0x08002deb   Thumb Code     4  stm32f4xx_tim.o(.text)
    TIM_GetFlagStatus                        0x08002def   Thumb Code    18  stm32f4xx_tim.o(.text)
    TIM_ClearFlag                            0x08002e01   Thumb Code     6  stm32f4xx_tim.o(.text)
    TIM_GetITStatus                          0x08002e07   Thumb Code    34  stm32f4xx_tim.o(.text)
    TIM_ClearITPendingBit                    0x08002e29   Thumb Code     6  stm32f4xx_tim.o(.text)
    TIM_DMAConfig                            0x08002e2f   Thumb Code    10  stm32f4xx_tim.o(.text)
    TIM_DMACmd                               0x08002e39   Thumb Code    18  stm32f4xx_tim.o(.text)
    TIM_SelectCCDMA                          0x08002e4b   Thumb Code    24  stm32f4xx_tim.o(.text)
    TIM_InternalClockConfig                  0x08002e63   Thumb Code    12  stm32f4xx_tim.o(.text)
    TIM_SelectInputTrigger                   0x08002e6f   Thumb Code    18  stm32f4xx_tim.o(.text)
    TIM_ITRxExternalClockConfig              0x08002e81   Thumb Code    24  stm32f4xx_tim.o(.text)
    TIM_TIxExternalClockConfig               0x08002e99   Thumb Code    62  stm32f4xx_tim.o(.text)
    TIM_ETRConfig                            0x08002ed7   Thumb Code    28  stm32f4xx_tim.o(.text)
    TIM_ETRClockMode1Config                  0x08002ef3   Thumb Code    54  stm32f4xx_tim.o(.text)
    TIM_ETRClockMode2Config                  0x08002f29   Thumb Code    32  stm32f4xx_tim.o(.text)
    TIM_SelectOutputTrigger                  0x08002f49   Thumb Code    18  stm32f4xx_tim.o(.text)
    TIM_SelectSlaveMode                      0x08002f5b   Thumb Code    18  stm32f4xx_tim.o(.text)
    TIM_SelectMasterSlaveMode                0x08002f6d   Thumb Code    18  stm32f4xx_tim.o(.text)
    TIM_EncoderInterfaceConfig               0x08002f7f   Thumb Code    66  stm32f4xx_tim.o(.text)
    TIM_SelectHallSensor                     0x08002fc1   Thumb Code    24  stm32f4xx_tim.o(.text)
    TIM_RemapConfig                          0x08002fd9   Thumb Code     6  stm32f4xx_tim.o(.text)
    SysTick_Handler                          0x08002fe1   Thumb Code    12  utility.o(.text)
    Delay                                    0x08002fed   Thumb Code    18  utility.o(.text)
    scale                                    0x08002fff   Thumb Code   156  utility.o(.text)
    EXTI_DeInit                              0x080030a1   Thumb Code    28  stm32f4xx_exti.o(.text)
    EXTI_Init                                0x080030bd   Thumb Code   142  stm32f4xx_exti.o(.text)
    EXTI_StructInit                          0x0800314b   Thumb Code    16  stm32f4xx_exti.o(.text)
    EXTI_GenerateSWInterrupt                 0x0800315b   Thumb Code    16  stm32f4xx_exti.o(.text)
    EXTI_GetFlagStatus                       0x0800316b   Thumb Code    22  stm32f4xx_exti.o(.text)
    EXTI_ClearFlag                           0x08003181   Thumb Code     8  stm32f4xx_exti.o(.text)
    EXTI_GetITStatus                         0x08003189   Thumb Code    22  stm32f4xx_exti.o(.text)
    EXTI_ClearITPendingBit                   0x0800319f   Thumb Code     8  stm32f4xx_exti.o(.text)
    SYSCFG_DeInit                            0x080031b1   Thumb Code    22  stm32f4xx_syscfg.o(.text)
    SYSCFG_MemoryRemapConfig                 0x080031c7   Thumb Code     6  stm32f4xx_syscfg.o(.text)
    SYSCFG_MemorySwappingBank                0x080031cd   Thumb Code     6  stm32f4xx_syscfg.o(.text)
    SYSCFG_EXTILineConfig                    0x080031d3   Thumb Code    66  stm32f4xx_syscfg.o(.text)
    SYSCFG_ETH_MediaInterfaceConfig          0x08003215   Thumb Code     8  stm32f4xx_syscfg.o(.text)
    SYSCFG_CompensationCellCmd               0x0800321d   Thumb Code     6  stm32f4xx_syscfg.o(.text)
    SYSCFG_GetCompensationCellStatus         0x08003223   Thumb Code    22  stm32f4xx_syscfg.o(.text)
    GPIO_init                                0x08003245   Thumb Code   194  board_init.o(.text)
    EXTI9_5_IRQHandler                       0x08003307   Thumb Code   110  board_init.o(.text)
    EXTI15_10_IRQHandler                     0x08003375   Thumb Code   158  board_init.o(.text)
    TOM_lcd_init                             0x08003413   Thumb Code    36  board_init.o(.text)
    TOM_lcd_send_string                      0x08003437   Thumb Code    48  board_init.o(.text)
    init_leds                                0x08003467   Thumb Code    14  board_init.o(.text)
    init_board                               0x08003475   Thumb Code   130  board_init.o(.text)
    ringbuffer_new                           0x0800353d   Thumb Code    76  ringbuffer.o(.text)
    ringbuffer_free                          0x08003589   Thumb Code    42  ringbuffer.o(.text)
    ringbuffer_size                          0x080035b3   Thumb Code     6  ringbuffer.o(.text)
    ringbuffer_head                          0x080035b9   Thumb Code     8  ringbuffer.o(.text)
    ringbuffer_tail                          0x080035c1   Thumb Code     8  ringbuffer.o(.text)
    ringbuffer_count                         0x080035c9   Thumb Code     6  ringbuffer.o(.text)
    ringbuffer_is_full                       0x080035cf   Thumb Code    18  ringbuffer.o(.text)
    ringbuffer_push                          0x080035e1   Thumb Code    48  ringbuffer.o(.text)
    ringbuffer_is_empty                      0x08003611   Thumb Code    14  ringbuffer.o(.text)
    ringbuffer_shift                         0x0800361f   Thumb Code    46  ringbuffer.o(.text)
    ringbuffer_shift_all                     0x0800364d   Thumb Code    50  ringbuffer.o(.text)
    TimingDelay_Decrement                    0x080036c5   Thumb Code   162  tm_stm32f4_delay.o(.text)
    TM_DELAY_Init                            0x08003767   Thumb Code   110  tm_stm32f4_delay.o(.text)
    TM_DELAY_EnableDelayTimer                0x080037d5   Thumb Code    28  tm_stm32f4_delay.o(.text)
    TM_DELAY_DisableDelayTimer               0x080037f1   Thumb Code    18  tm_stm32f4_delay.o(.text)
    TM_DELAY_TimerCreate                     0x08003803   Thumb Code    90  tm_stm32f4_delay.o(.text)
    TM_DELAY_TimerDelete                     0x0800385d   Thumb Code   126  tm_stm32f4_delay.o(.text)
    TM_DELAY_TimerStop                       0x080038db   Thumb Code     6  tm_stm32f4_delay.o(.text)
    TM_DELAY_TimerStart                      0x080038e1   Thumb Code     6  tm_stm32f4_delay.o(.text)
    TM_DELAY_TimerReset                      0x080038e7   Thumb Code     6  tm_stm32f4_delay.o(.text)
    TM_DELAY_TimerAutoReload                 0x080038ed   Thumb Code     4  tm_stm32f4_delay.o(.text)
    TM_DELAY_TimerAutoReloadValue            0x080038f1   Thumb Code     4  tm_stm32f4_delay.o(.text)
    TM_GPIO_GetPortSource                    0x08003919   Thumb Code    14  tm_stm32f4_gpio.o(.text)
    TM_GPIO_INT_Init                         0x08003927   Thumb Code   170  tm_stm32f4_gpio.o(.text)
    TM_GPIO_INT_EnableClock                  0x080039d1   Thumb Code    28  tm_stm32f4_gpio.o(.text)
    TM_GPIO_Init                             0x080039ed   Thumb Code    48  tm_stm32f4_gpio.o(.text)
    TM_GPIO_InitAlternate                    0x08003a1d   Thumb Code   110  tm_stm32f4_gpio.o(.text)
    TM_GPIO_DeInit                           0x08003a8b   Thumb Code    66  tm_stm32f4_gpio.o(.text)
    TM_GPIO_SetPinAsInput                    0x08003acd   Thumb Code    38  tm_stm32f4_gpio.o(.text)
    TM_GPIO_SetPinAsOutput                   0x08003af3   Thumb Code    46  tm_stm32f4_gpio.o(.text)
    TM_GPIO_SetPinAsAnalog                   0x08003b21   Thumb Code    38  tm_stm32f4_gpio.o(.text)
    TM_GPIO_SetPinAsAlternate                0x08003b47   Thumb Code    50  tm_stm32f4_gpio.o(.text)
    TM_GPIO_SetPullResistor                  0x08003b79   Thumb Code    50  tm_stm32f4_gpio.o(.text)
    TM_GPIO_Lock                             0x08003bab   Thumb Code    16  tm_stm32f4_gpio.o(.text)
    TM_GPIO_GetPinSource                     0x08003bbb   Thumb Code    18  tm_stm32f4_gpio.o(.text)
    TM_GPIO_INT_DisableClock                 0x08003bcd   Thumb Code    26  tm_stm32f4_gpio.o(.text)
    TM_GPIO_GetUsedPins                      0x08003be7   Thumb Code    18  tm_stm32f4_gpio.o(.text)
    TM_GPIO_GetFreePins                      0x08003bf9   Thumb Code    22  tm_stm32f4_gpio.o(.text)
    TM_HD44780_Clear                         0x08003cbd   Thumb Code    18  tm_stm32f4_hd44780.o(.text)
    TM_HD44780_DisplayOn                     0x08003ccf   Thumb Code    26  tm_stm32f4_hd44780.o(.text)
    TM_HD44780_Init                          0x08003d89   Thumb Code   158  tm_stm32f4_hd44780.o(.text)
    TM_HD44780_Puts                          0x08003e6f   Thumb Code   126  tm_stm32f4_hd44780.o(.text)
    TM_HD44780_DisplayOff                    0x08003eed   Thumb Code    26  tm_stm32f4_hd44780.o(.text)
    TM_HD44780_BlinkOn                       0x08003f07   Thumb Code    26  tm_stm32f4_hd44780.o(.text)
    TM_HD44780_BlinkOff                      0x08003f21   Thumb Code    26  tm_stm32f4_hd44780.o(.text)
    TM_HD44780_CursorOn                      0x08003f3b   Thumb Code    26  tm_stm32f4_hd44780.o(.text)
    TM_HD44780_CursorOff                     0x08003f55   Thumb Code    26  tm_stm32f4_hd44780.o(.text)
    TM_HD44780_ScrollLeft                    0x08003f6f   Thumb Code    10  tm_stm32f4_hd44780.o(.text)
    TM_HD44780_ScrollRight                   0x08003f79   Thumb Code    10  tm_stm32f4_hd44780.o(.text)
    TM_HD44780_CreateChar                    0x08003f83   Thumb Code    40  tm_stm32f4_hd44780.o(.text)
    TM_HD44780_PutCustom                     0x08003fab   Thumb Code    24  tm_stm32f4_hd44780.o(.text)
    reading_new                              0x08003fed   Thumb Code    54  reading.o(.text)
    reading_get_value                        0x08004023   Thumb Code     6  reading.o(.text)
    reading_get_scale                        0x08004029   Thumb Code     6  reading.o(.text)
    reading_get_unit                         0x0800402f   Thumb Code     6  reading.o(.text)
    reading_set_value                        0x08004035   Thumb Code     6  reading.o(.text)
    reading_set_scale                        0x0800403b   Thumb Code     4  reading.o(.text)
    reading_set_reading                      0x0800403f   Thumb Code     4  reading.o(.text)
    reading_get_scaled_value                 0x08004043   Thumb Code    98  reading.o(.text)
    reading_get_normalised_value             0x080040a5   Thumb Code    42  reading.o(.text)
    reading_get_message_form_from_units      0x080040cf   Thumb Code    54  reading.o(.text)
    reading_get_message_form                 0x08004105   Thumb Code    26  reading.o(.text)
    reading_get_val_prefix                   0x0800411f   Thumb Code   150  reading.o(.text)
    reading_need_scale                       0x080041b5   Thumb Code    60  reading.o(.text)
    reading_get_lcd_string                   0x080041f1   Thumb Code    64  reading.o(.text)
    Reset_Handler                            0x08004279   Thumb Code     8  startup_stm32f407xx.o(.text)
    NMI_Handler                              0x08004281   Thumb Code     2  startup_stm32f407xx.o(.text)
    HardFault_Handler                        0x08004283   Thumb Code     2  startup_stm32f407xx.o(.text)
    MemManage_Handler                        0x08004285   Thumb Code     2  startup_stm32f407xx.o(.text)
    BusFault_Handler                         0x08004287   Thumb Code     2  startup_stm32f407xx.o(.text)
    UsageFault_Handler                       0x08004289   Thumb Code     2  startup_stm32f407xx.o(.text)
    SVC_Handler                              0x0800428b   Thumb Code     2  startup_stm32f407xx.o(.text)
    DebugMon_Handler                         0x0800428d   Thumb Code     2  startup_stm32f407xx.o(.text)
    PendSV_Handler                           0x0800428f   Thumb Code     2  startup_stm32f407xx.o(.text)
    ADC_IRQHandler                           0x08004293   Thumb Code     0  startup_stm32f407xx.o(.text)
    CAN1_RX0_IRQHandler                      0x08004293   Thumb Code     0  startup_stm32f407xx.o(.text)
    CAN1_RX1_IRQHandler                      0x08004293   Thumb Code     0  startup_stm32f407xx.o(.text)
    CAN1_SCE_IRQHandler                      0x08004293   Thumb Code     0  startup_stm32f407xx.o(.text)
    CAN1_TX_IRQHandler                       0x08004293   Thumb Code     0  startup_stm32f407xx.o(.text)
    CAN2_RX0_IRQHandler                      0x08004293   Thumb Code     0  startup_stm32f407xx.o(.text)
    CAN2_RX1_IRQHandler                      0x08004293   Thumb Code     0  startup_stm32f407xx.o(.text)
    CAN2_SCE_IRQHandler                      0x08004293   Thumb Code     0  startup_stm32f407xx.o(.text)
    CAN2_TX_IRQHandler                       0x08004293   Thumb Code     0  startup_stm32f407xx.o(.text)
    DCMI_IRQHandler                          0x08004293   Thumb Code     0  startup_stm32f407xx.o(.text)
    DMA1_Stream0_IRQHandler                  0x08004293   Thumb Code     0  startup_stm32f407xx.o(.text)
    DMA1_Stream1_IRQHandler                  0x08004293   Thumb Code     0  startup_stm32f407xx.o(.text)
    DMA1_Stream2_IRQHandler                  0x08004293   Thumb Code     0  startup_stm32f407xx.o(.text)
    DMA1_Stream3_IRQHandler                  0x08004293   Thumb Code     0  startup_stm32f407xx.o(.text)
    DMA1_Stream4_IRQHandler                  0x08004293   Thumb Code     0  startup_stm32f407xx.o(.text)
    DMA1_Stream5_IRQHandler                  0x08004293   Thumb Code     0  startup_stm32f407xx.o(.text)
    DMA1_Stream6_IRQHandler                  0x08004293   Thumb Code     0  startup_stm32f407xx.o(.text)
    DMA1_Stream7_IRQHandler                  0x08004293   Thumb Code     0  startup_stm32f407xx.o(.text)
    DMA2_Stream0_IRQHandler                  0x08004293   Thumb Code     0  startup_stm32f407xx.o(.text)
    DMA2_Stream1_IRQHandler                  0x08004293   Thumb Code     0  startup_stm32f407xx.o(.text)
    DMA2_Stream2_IRQHandler                  0x08004293   Thumb Code     0  startup_stm32f407xx.o(.text)
    DMA2_Stream3_IRQHandler                  0x08004293   Thumb Code     0  startup_stm32f407xx.o(.text)
    DMA2_Stream4_IRQHandler                  0x08004293   Thumb Code     0  startup_stm32f407xx.o(.text)
    DMA2_Stream5_IRQHandler                  0x08004293   Thumb Code     0  startup_stm32f407xx.o(.text)
    DMA2_Stream6_IRQHandler                  0x08004293   Thumb Code     0  startup_stm32f407xx.o(.text)
    DMA2_Stream7_IRQHandler                  0x08004293   Thumb Code     0  startup_stm32f407xx.o(.text)
    ETH_IRQHandler                           0x08004293   Thumb Code     0  startup_stm32f407xx.o(.text)
    ETH_WKUP_IRQHandler                      0x08004293   Thumb Code     0  startup_stm32f407xx.o(.text)
    EXTI0_IRQHandler                         0x08004293   Thumb Code     0  startup_stm32f407xx.o(.text)
    EXTI1_IRQHandler                         0x08004293   Thumb Code     0  startup_stm32f407xx.o(.text)
    EXTI2_IRQHandler                         0x08004293   Thumb Code     0  startup_stm32f407xx.o(.text)
    EXTI3_IRQHandler                         0x08004293   Thumb Code     0  startup_stm32f407xx.o(.text)
    EXTI4_IRQHandler                         0x08004293   Thumb Code     0  startup_stm32f407xx.o(.text)
    FLASH_IRQHandler                         0x08004293   Thumb Code     0  startup_stm32f407xx.o(.text)
    FMC_IRQHandler                           0x08004293   Thumb Code     0  startup_stm32f407xx.o(.text)
    FPU_IRQHandler                           0x08004293   Thumb Code     0  startup_stm32f407xx.o(.text)
    HASH_RNG_IRQHandler                      0x08004293   Thumb Code     0  startup_stm32f407xx.o(.text)
    I2C1_ER_IRQHandler                       0x08004293   Thumb Code     0  startup_stm32f407xx.o(.text)
    I2C1_EV_IRQHandler                       0x08004293   Thumb Code     0  startup_stm32f407xx.o(.text)
    I2C2_ER_IRQHandler                       0x08004293   Thumb Code     0  startup_stm32f407xx.o(.text)
    I2C2_EV_IRQHandler                       0x08004293   Thumb Code     0  startup_stm32f407xx.o(.text)
    I2C3_ER_IRQHandler                       0x08004293   Thumb Code     0  startup_stm32f407xx.o(.text)
    I2C3_EV_IRQHandler                       0x08004293   Thumb Code     0  startup_stm32f407xx.o(.text)
    OTG_FS_IRQHandler                        0x08004293   Thumb Code     0  startup_stm32f407xx.o(.text)
    OTG_FS_WKUP_IRQHandler                   0x08004293   Thumb Code     0  startup_stm32f407xx.o(.text)
    OTG_HS_EP1_IN_IRQHandler                 0x08004293   Thumb Code     0  startup_stm32f407xx.o(.text)
    OTG_HS_EP1_OUT_IRQHandler                0x08004293   Thumb Code     0  startup_stm32f407xx.o(.text)
    OTG_HS_IRQHandler                        0x08004293   Thumb Code     0  startup_stm32f407xx.o(.text)
    OTG_HS_WKUP_IRQHandler                   0x08004293   Thumb Code     0  startup_stm32f407xx.o(.text)
    PVD_IRQHandler                           0x08004293   Thumb Code     0  startup_stm32f407xx.o(.text)
    RCC_IRQHandler                           0x08004293   Thumb Code     0  startup_stm32f407xx.o(.text)
    RTC_Alarm_IRQHandler                     0x08004293   Thumb Code     0  startup_stm32f407xx.o(.text)
    RTC_WKUP_IRQHandler                      0x08004293   Thumb Code     0  startup_stm32f407xx.o(.text)
    SDIO_IRQHandler                          0x08004293   Thumb Code     0  startup_stm32f407xx.o(.text)
    SPI1_IRQHandler                          0x08004293   Thumb Code     0  startup_stm32f407xx.o(.text)
    SPI2_IRQHandler                          0x08004293   Thumb Code     0  startup_stm32f407xx.o(.text)
    SPI3_IRQHandler                          0x08004293   Thumb Code     0  startup_stm32f407xx.o(.text)
    TAMP_STAMP_IRQHandler                    0x08004293   Thumb Code     0  startup_stm32f407xx.o(.text)
    TIM1_BRK_TIM9_IRQHandler                 0x08004293   Thumb Code     0  startup_stm32f407xx.o(.text)
    TIM1_CC_IRQHandler                       0x08004293   Thumb Code     0  startup_stm32f407xx.o(.text)
    TIM1_TRG_COM_TIM11_IRQHandler            0x08004293   Thumb Code     0  startup_stm32f407xx.o(.text)
    TIM1_UP_TIM10_IRQHandler                 0x08004293   Thumb Code     0  startup_stm32f407xx.o(.text)
    TIM3_IRQHandler                          0x08004293   Thumb Code     0  startup_stm32f407xx.o(.text)
    TIM4_IRQHandler                          0x08004293   Thumb Code     0  startup_stm32f407xx.o(.text)
    TIM5_IRQHandler                          0x08004293   Thumb Code     0  startup_stm32f407xx.o(.text)
    TIM7_IRQHandler                          0x08004293   Thumb Code     0  startup_stm32f407xx.o(.text)
    TIM8_BRK_TIM12_IRQHandler                0x08004293   Thumb Code     0  startup_stm32f407xx.o(.text)
    TIM8_CC_IRQHandler                       0x08004293   Thumb Code     0  startup_stm32f407xx.o(.text)
    TIM8_TRG_COM_TIM14_IRQHandler            0x08004293   Thumb Code     0  startup_stm32f407xx.o(.text)
    TIM8_UP_TIM13_IRQHandler                 0x08004293   Thumb Code     0  startup_stm32f407xx.o(.text)
    UART4_IRQHandler                         0x08004293   Thumb Code     0  startup_stm32f407xx.o(.text)
    UART5_IRQHandler                         0x08004293   Thumb Code     0  startup_stm32f407xx.o(.text)
    USART1_IRQHandler                        0x08004293   Thumb Code     0  startup_stm32f407xx.o(.text)
    USART2_IRQHandler                        0x08004293   Thumb Code     0  startup_stm32f407xx.o(.text)
    USART6_IRQHandler                        0x08004293   Thumb Code     0  startup_stm32f407xx.o(.text)
    WWDG_IRQHandler                          0x08004293   Thumb Code     0  startup_stm32f407xx.o(.text)
    __user_initial_stackheap                 0x08004295   Thumb Code     0  startup_stm32f407xx.o(.text)
    SystemInit                               0x08004395   Thumb Code    88  system_stm32f4xx.o(.text)
    SystemCoreClockUpdate                    0x080043ed   Thumb Code   174  system_stm32f4xx.o(.text)
    __I$use$semihosting                      0x080044c9   Thumb Code     0  use_no_semi.o(.text)
    __use_no_semihosting_swi                 0x080044c9   Thumb Code     2  use_no_semi.o(.text)
    malloc                                   0x080044cb   Thumb Code    94  h1_alloc.o(.text)
    free                                     0x08004529   Thumb Code    78  h1_free.o(.text)
    __2printf                                0x08004579   Thumb Code    20  noretval__2printf.o(.text)
    __2sprintf                               0x08004591   Thumb Code    34  noretval__2sprintf.o(.text)
    _printf_str                              0x080045b9   Thumb Code    82  _printf_str.o(.text)
    _printf_int_dec                          0x0800460d   Thumb Code   104  _printf_dec.o(.text)
    __printf                                 0x08004685   Thumb Code   270  __printf_wp.o(.text)
    __aeabi_assert                           0x08004795   Thumb Code    86  assert.o(.text)
    __assert                                 0x08004795   Thumb Code     0  assert.o(.text)
    strlen                                   0x08004815   Thumb Code    62  strlen.o(.text)
    __aeabi_memcpy                           0x08004853   Thumb Code     0  rt_memcpy_v6.o(.text)
    __rt_memcpy                              0x08004853   Thumb Code   138  rt_memcpy_v6.o(.text)
    _memcpy_lastbytes                        0x080048b9   Thumb Code     0  rt_memcpy_v6.o(.text)
    __aeabi_memclr                           0x080048dd   Thumb Code     0  rt_memclr.o(.text)
    __rt_memclr                              0x080048dd   Thumb Code    68  rt_memclr.o(.text)
    _memset                                  0x080048e1   Thumb Code     0  rt_memclr.o(.text)
    strcmp                                   0x08004921   Thumb Code   128  strcmpv7m.o(.text)
    __use_two_region_memory                  0x080049a1   Thumb Code     2  heapauxi.o(.text)
    __rt_heap_escrow                         0x080049a3   Thumb Code     2  heapauxi.o(.text)
    __rt_heap_expand                         0x080049a5   Thumb Code     2  heapauxi.o(.text)
    __rt_heap_descriptor                     0x080049a9   Thumb Code     8  rt_heap_descriptor_intlibspace.o(.text)
    __use_no_heap                            0x080049b1   Thumb Code     2  hguard.o(.text)
    __heap$guard                             0x080049b3   Thumb Code     2  hguard.o(.text)
    _terminate_user_alloc                    0x080049b5   Thumb Code     2  init_alloc.o(.text)
    _init_user_alloc                         0x080049b7   Thumb Code     2  init_alloc.o(.text)
    __Heap_Full                              0x080049b9   Thumb Code    34  init_alloc.o(.text)
    __Heap_Broken                            0x080049db   Thumb Code     6  init_alloc.o(.text)
    _init_alloc                              0x080049e1   Thumb Code    94  init_alloc.o(.text)
    __Heap_Initialize                        0x08004a3f   Thumb Code    10  h1_init.o(.text)
    __Heap_DescSize                          0x08004a49   Thumb Code     4  h1_init.o(.text)
    __read_errno                             0x08004a4d   Thumb Code    10  _rserrno.o(.text)
    __set_errno                              0x08004a57   Thumb Code    12  _rserrno.o(.text)
    _printf_int_common                       0x08004a63   Thumb Code   178  _printf_intcommon.o(.text)
    __lib_sel_fp_printf                      0x08004b15   Thumb Code     2  _printf_fp_dec.o(.text)
    _printf_fp_dec_real                      0x08004cc3   Thumb Code   620  _printf_fp_dec.o(.text)
    _printf_char_common                      0x08004f3b   Thumb Code    32  _printf_char_common.o(.text)
    _sputc                                   0x08004f61   Thumb Code    10  _sputc.o(.text)
    _printf_cs_common                        0x08004f6b   Thumb Code    20  _printf_char.o(.text)
    _printf_char                             0x08004f7f   Thumb Code    16  _printf_char.o(.text)
    _printf_string                           0x08004f8f   Thumb Code     8  _printf_char.o(.text)
    _printf_char_file                        0x08004f99   Thumb Code    32  _printf_char_file.o(.text)
    abort                                    0x08004fbd   Thumb Code    22  abort.o(.text)
    __assert_puts                            0x08004fd3   Thumb Code    20  assert_puts.o(.text)
    __aeabi_memcpy4                          0x08004fe7   Thumb Code     0  rt_memcpy_w.o(.text)
    __aeabi_memcpy8                          0x08004fe7   Thumb Code     0  rt_memcpy_w.o(.text)
    __rt_memcpy_w                            0x08004fe7   Thumb Code   100  rt_memcpy_w.o(.text)
    _memcpy_lastbytes_aligned                0x0800502f   Thumb Code     0  rt_memcpy_w.o(.text)
    __aeabi_memclr4                          0x0800504b   Thumb Code     0  rt_memclr_w.o(.text)
    __aeabi_memclr8                          0x0800504b   Thumb Code     0  rt_memclr_w.o(.text)
    __rt_memclr_w                            0x0800504b   Thumb Code    78  rt_memclr_w.o(.text)
    _memset_w                                0x0800504f   Thumb Code     0  rt_memclr_w.o(.text)
    __user_libspace                          0x08005099   Thumb Code     8  libspace.o(.text)
    __user_perproc_libspace                  0x08005099   Thumb Code     0  libspace.o(.text)
    __user_perthread_libspace                0x08005099   Thumb Code     0  libspace.o(.text)
    __rt_locale                              0x080050a1   Thumb Code     8  rt_locale_intlibspace.o(.text)
    __aeabi_errno_addr                       0x080050a9   Thumb Code     8  rt_errno_addr_intlibspace.o(.text)
    __errno$intlibspace                      0x080050a9   Thumb Code     0  rt_errno_addr_intlibspace.o(.text)
    __rt_errno_addr$intlibspace              0x080050a9   Thumb Code     0  rt_errno_addr_intlibspace.o(.text)
    __Heap_ProvideMemory                     0x080050b1   Thumb Code    52  h1_extend.o(.text)
    _ll_udiv10                               0x080050e5   Thumb Code   138  lludiv10.o(.text)
    _printf_fp_infnan                        0x08005171   Thumb Code   112  _printf_fp_infnan.o(.text)
    _btod_etento                             0x080051f1   Thumb Code   216  bigflt0.o(.text)
    __rt_SIGABRT                             0x080052cd   Thumb Code    14  defsig_abrt_outer.o(.text)
    __rt_SIGRTMEM                            0x080052db   Thumb Code    14  defsig_rtmem_outer.o(.text)
    __user_setup_stackheap                   0x080052e9   Thumb Code    74  sys_stackheap_outer.o(.text)
    exit                                     0x08005333   Thumb Code    18  exit.o(.text)
    __sig_exit                               0x08005345   Thumb Code    10  defsig_exit.o(.text)
    __rt_SIGABRT_inner                       0x08005351   Thumb Code    14  defsig_abrt_inner.o(.text)
    __rt_SIGRTMEM_inner                      0x08005381   Thumb Code    22  defsig_rtmem_inner.o(.text)
    __default_signal_display                 0x080053d1   Thumb Code    50  defsig_general.o(.text)
    _btod_d2e                                0x08005403   Thumb Code    62  btod.o(CL$$btod_d2e)
    _d2e_denorm_low                          0x08005441   Thumb Code    70  btod.o(CL$$btod_d2e_denorm_low)
    _d2e_norm_op1                            0x08005487   Thumb Code    96  btod.o(CL$$btod_d2e_norm_op1)
    __btod_div_common                        0x080054e7   Thumb Code   696  btod.o(CL$$btod_div_common)
    _e2e                                     0x0800581f   Thumb Code   198  btod.o(CL$$btod_e2e)
    _btod_ediv                               0x080058e5   Thumb Code    40  btod.o(CL$$btod_ediv)
    _btod_emul                               0x0800590d   Thumb Code    40  btod.o(CL$$btod_emul)
    __btod_mult_common                       0x08005935   Thumb Code   580  btod.o(CL$$btod_mult_common)
    __ARM_fpclassify                         0x08005b79   Thumb Code    48  fpclassify.o(i.__ARM_fpclassify)
    __hardfp_pow                             0x08005ba9   Thumb Code  3072  pow.o(i.__hardfp_pow)
    __kernel_poly                            0x080067f9   Thumb Code   248  poly.o(i.__kernel_poly)
    __mathlib_dbl_divzero                    0x080068f1   Thumb Code    28  dunder.o(i.__mathlib_dbl_divzero)
    __mathlib_dbl_infnan2                    0x08006921   Thumb Code    20  dunder.o(i.__mathlib_dbl_infnan2)
    __mathlib_dbl_invalid                    0x08006939   Thumb Code    24  dunder.o(i.__mathlib_dbl_invalid)
    __mathlib_dbl_overflow                   0x08006959   Thumb Code    24  dunder.o(i.__mathlib_dbl_overflow)
    __mathlib_dbl_underflow                  0x08006979   Thumb Code    24  dunder.o(i.__mathlib_dbl_underflow)
    _is_digit                                0x08006999   Thumb Code    14  __printf_wp.o(i._is_digit)
    fabs                                     0x080069a7   Thumb Code    24  fabs.o(i.fabs)
    sqrt                                     0x080069bf   Thumb Code   110  sqrt.o(i.sqrt)
    _get_lc_numeric                          0x08006a2d   Thumb Code    44  lc_numeric_c.o(locale$$code)
    __aeabi_dneg                             0x08006a59   Thumb Code     0  basic.o(x$fpl$basic)
    _dneg                                    0x08006a59   Thumb Code     6  basic.o(x$fpl$basic)
    __aeabi_fneg                             0x08006a5f   Thumb Code     0  basic.o(x$fpl$basic)
    _fneg                                    0x08006a5f   Thumb Code     6  basic.o(x$fpl$basic)
    _dabs                                    0x08006a65   Thumb Code     6  basic.o(x$fpl$basic)
    _fabs                                    0x08006a6b   Thumb Code     6  basic.o(x$fpl$basic)
    __aeabi_d2f                              0x08006a71   Thumb Code     0  d2f.o(x$fpl$d2f)
    _d2f                                     0x08006a71   Thumb Code    98  d2f.o(x$fpl$d2f)
    __aeabi_dadd                             0x08006ad5   Thumb Code     0  daddsub_clz.o(x$fpl$dadd)
    _dadd                                    0x08006ad5   Thumb Code   332  daddsub_clz.o(x$fpl$dadd)
    __fpl_dcheck_NaN1                        0x08006c25   Thumb Code    10  dcheck1.o(x$fpl$dcheck1)
    __fpl_dcmp_Inf                           0x08006c35   Thumb Code    24  dcmpi.o(x$fpl$dcmpinf)
    __aeabi_ddiv                             0x08006c4d   Thumb Code     0  ddiv.o(x$fpl$ddiv)
    _ddiv                                    0x08006c4d   Thumb Code   552  ddiv.o(x$fpl$ddiv)
    __aeabi_i2d                              0x08006efd   Thumb Code     0  dflt_clz.o(x$fpl$dflt)
    _dflt                                    0x08006efd   Thumb Code    46  dflt_clz.o(x$fpl$dflt)
    __aeabi_cdcmple                          0x08006f2d   Thumb Code     0  dleqf.o(x$fpl$dleqf)
    _dcmple                                  0x08006f2d   Thumb Code   120  dleqf.o(x$fpl$dleqf)
    __fpl_dcmple_InfNaN                      0x08006f8f   Thumb Code     0  dleqf.o(x$fpl$dleqf)
    __aeabi_dmul                             0x08006fa5   Thumb Code     0  dmul.o(x$fpl$dmul)
    _dmul                                    0x08006fa5   Thumb Code   332  dmul.o(x$fpl$dmul)
    __fpl_dnaninf                            0x080070f9   Thumb Code   156  dnaninf.o(x$fpl$dnaninf)
    __fpl_dretinf                            0x08007195   Thumb Code    12  dretinf.o(x$fpl$dretinf)
    __aeabi_cdrcmple                         0x080071a1   Thumb Code     0  drleqf.o(x$fpl$drleqf)
    _drcmple                                 0x080071a1   Thumb Code   108  drleqf.o(x$fpl$drleqf)
    __aeabi_drsub                            0x0800720d   Thumb Code     0  daddsub_clz.o(x$fpl$drsb)
    _drsb                                    0x0800720d   Thumb Code    22  daddsub_clz.o(x$fpl$drsb)
    _dsqrt                                   0x08007225   Thumb Code   404  dsqrt_umaal.o(x$fpl$dsqrt)
    __aeabi_dsub                             0x080073bd   Thumb Code     0  daddsub_clz.o(x$fpl$dsub)
    _dsub                                    0x080073bd   Thumb Code   464  daddsub_clz.o(x$fpl$dsub)
    __aeabi_f2d                              0x08007591   Thumb Code     0  f2d.o(x$fpl$f2d)
    _f2d                                     0x08007591   Thumb Code    86  f2d.o(x$fpl$f2d)
    __fpl_fnaninf                            0x080075e7   Thumb Code   140  fnaninf.o(x$fpl$fnaninf)
    _fp_init                                 0x08007673   Thumb Code    10  fpinit.o(x$fpl$fpinit)
    __fplib_config_fpu_vfp                   0x0800767b   Thumb Code     0  fpinit.o(x$fpl$fpinit)
    __fplib_config_pureend_doubles           0x0800767b   Thumb Code     0  fpinit.o(x$fpl$fpinit)
    __fpl_fretinf                            0x0800767d   Thumb Code    10  fretinf.o(x$fpl$fretinf)
    _printf_fp_dec                           0x08007687   Thumb Code     4  printf1.o(x$fpl$printf1)
    __fpl_return_NaN                         0x0800768b   Thumb Code   100  retnan.o(x$fpl$retnan)
    __ARM_scalbn                             0x080076ef   Thumb Code    92  scalbn.o(x$fpl$scalbn)
    __fpl_cmpreturn                          0x0800774b   Thumb Code    48  trapv.o(x$fpl$trapveneer)
    __I$use$fp                               0x0800777a   Number         0  usenofp.o(x$fpl$usenofp)
    SWT_mask                                 0x0800777c   Data          32  swt.o(.constdata)
    AHBPrescTable                            0x0800779c   Data          16  system_stm32f4xx.o(.constdata)
    __mathlib_zero                           0x08007838   Data           8  qnan.o(.constdata)
    Region$$Table$$Base                      0x080078f0   Number         0  anon$$obj.o(Region$$Table)
    Region$$Table$$Limit                     0x08007910   Number         0  anon$$obj.o(Region$$Table)
    ringbuffer                               0x20000000   Data           4  adc_leds.o(.data)
    menuState                                0x20000004   Data           4  adc_leds.o(.data)
    scaleState                               0x20000008   Data           4  adc_leds.o(.data)
    volts                                    0x2000000c   Data           4  adc_leds.o(.data)
    amps                                     0x20000010   Data           4  adc_leds.o(.data)
    resistance                               0x20000014   Data           4  adc_leds.o(.data)
    signalCache                              0x20000018   Data           4  adc_leds.o(.data)
    sendSignal                               0x2000001c   Data           4  adc_leds.o(.data)
    menuCount                                0x20000020   Data           4  adc_leds.o(.data)
    menuItems                                0x20000024   Data          12  adc_leds.o(.data)
    board_is_reading                         0x20000030   Data           4  adc_leds.o(.data)
    current_mode                             0x20000034   Data           4  adc_leds.o(.data)
    startup                                  0x20000038   Data           4  adc_leds.o(.data)
    set_selection                            0x2000003c   Data           4  adc_leds.o(.data)
    menu_confirm_exit                        0x20000040   Data           4  adc_leds.o(.data)
    __stdout                                 0x20000048   Data           4  retarget.o(.data)
    GPIO_InitStructure                       0x20000068   Data           8  sig_gen.o(.data)
    sinetable                                0x20000070   Data         512  sig_gen.o(.data)
    pulse_width                              0x20000270   Data           2  sig_gen.o(.data)
    phase_accumulator                        0x20000274   Data           4  sig_gen.o(.data)
    angle                                    0x20000278   Data           1  sig_gen.o(.data)
    msTicks                                  0x2000027c   Data           4  utility.o(.data)
    TM_TimingDelay                           0x20000280   Data           4  tm_stm32f4_delay.o(.data)
    TM_Time                                  0x20000284   Data           4  tm_stm32f4_delay.o(.data)
    TM_Time2                                 0x20000288   Data           4  tm_stm32f4_delay.o(.data)
    mult                                     0x2000028c   Data           4  tm_stm32f4_delay.o(.data)
    TM_DELAY_Initialized                     0x20000290   Data           1  tm_stm32f4_delay.o(.data)
    SystemCoreClock                          0x20000298   Data           4  system_stm32f4xx.o(.data)
    line_buffer                              0x2000029c   Data          16  serial.o(.bss)
    unmalloc_buffer                          0x200002bc   Data         512  lcd_buffer.o(.bss)
    lcd_commandBuffer                        0x200004bc   Data          16  lcd_driver.o(.bss)
    USART_InitStructure                      0x200004cc   Data          16  sig_gen.o(.bss)
    TIM_TimeBaseStructure                    0x200004dc   Data          12  sig_gen.o(.bss)
    TIM_OCInitStructure                      0x200004e8   Data          20  sig_gen.o(.bss)
    __libspace_start                         0x2000052c   Data          96  libspace.o(.bss)
    __temporary_stack_top$libspace           0x2000058c   Data           0  libspace.o(.bss)



==============================================================================

Memory Map of the image

  Image Entry point : 0x08000189

  Load Region LR_IROM1 (Base: 0x08000000, Size: 0x00007bc8, Max: 0x00100000, ABSOLUTE, COMPRESSED[0x00007aec])

    Execution Region ER_IROM1 (Base: 0x08000000, Size: 0x0000792c, Max: 0x00100000, ABSOLUTE)

    Base Addr    Size         Type   Attr      Idx    E Section Name        Object

    0x08000000   0x00000188   Data   RO          860    RESET               startup_stm32f407xx.o
    0x08000188   0x00000008   Code   RO         1014  * !!!main             c_w.l(__main.o)
    0x08000190   0x00000034   Code   RO         1423    !!!scatter          c_w.l(__scatter.o)
    0x080001c4   0x0000005a   Code   RO         1421    !!dczerorl2         c_w.l(__dczerorl2.o)
    0x0800021e   0x00000002   PAD
    0x08000220   0x0000001c   Code   RO         1425    !!handler_zi        c_w.l(__scatter_zi.o)
    0x0800023c   0x00000000   Code   RO         1001    .ARM.Collect$$_printf_percent$$00000000  c_w.l(_printf_percent.o)
    0x0800023c   0x00000006   Code   RO         1000    .ARM.Collect$$_printf_percent$$00000003  c_w.l(_printf_f.o)
    0x08000242   0x00000006   Code   RO          998    .ARM.Collect$$_printf_percent$$00000008  c_w.l(_printf_i.o)
    0x08000248   0x00000006   Code   RO          999    .ARM.Collect$$_printf_percent$$00000009  c_w.l(_printf_d.o)
    0x0800024e   0x00000006   Code   RO          996    .ARM.Collect$$_printf_percent$$00000013  c_w.l(_printf_c.o)
    0x08000254   0x00000006   Code   RO          997    .ARM.Collect$$_printf_percent$$00000014  c_w.l(_printf_s.o)
    0x0800025a   0x00000004   Code   RO         1116    .ARM.Collect$$_printf_percent$$00000017  c_w.l(_printf_percent_end.o)
    0x0800025e   0x00000002   Code   RO         1362    .ARM.Collect$$libinit$$00000000  c_w.l(libinit.o)
    0x08000260   0x00000004   Code   RO         1127    .ARM.Collect$$libinit$$00000001  c_w.l(libinit2.o)
    0x08000264   0x00000000   Code   RO         1130    .ARM.Collect$$libinit$$00000004  c_w.l(libinit2.o)
    0x08000264   0x00000008   Code   RO         1131    .ARM.Collect$$libinit$$00000005  c_w.l(libinit2.o)
    0x0800026c   0x00000000   Code   RO         1133    .ARM.Collect$$libinit$$0000000A  c_w.l(libinit2.o)
    0x0800026c   0x00000000   Code   RO         1135    .ARM.Collect$$libinit$$0000000C  c_w.l(libinit2.o)
    0x0800026c   0x00000000   Code   RO         1137    .ARM.Collect$$libinit$$0000000E  c_w.l(libinit2.o)
    0x0800026c   0x00000006   Code   RO         1138    .ARM.Collect$$libinit$$0000000F  c_w.l(libinit2.o)
    0x08000272   0x00000000   Code   RO         1140    .ARM.Collect$$libinit$$00000011  c_w.l(libinit2.o)
    0x08000272   0x00000000   Code   RO         1142    .ARM.Collect$$libinit$$00000013  c_w.l(libinit2.o)
    0x08000272   0x00000000   Code   RO         1144    .ARM.Collect$$libinit$$00000015  c_w.l(libinit2.o)
    0x08000272   0x0000000a   Code   RO         1145    .ARM.Collect$$libinit$$00000016  c_w.l(libinit2.o)
    0x0800027c   0x00000000   Code   RO         1146    .ARM.Collect$$libinit$$00000017  c_w.l(libinit2.o)
    0x0800027c   0x00000000   Code   RO         1148    .ARM.Collect$$libinit$$00000019  c_w.l(libinit2.o)
    0x0800027c   0x00000000   Code   RO         1150    .ARM.Collect$$libinit$$0000001B  c_w.l(libinit2.o)
    0x0800027c   0x00000000   Code   RO         1152    .ARM.Collect$$libinit$$0000001D  c_w.l(libinit2.o)
    0x0800027c   0x00000000   Code   RO         1154    .ARM.Collect$$libinit$$0000001F  c_w.l(libinit2.o)
    0x0800027c   0x00000000   Code   RO         1156    .ARM.Collect$$libinit$$00000021  c_w.l(libinit2.o)
    0x0800027c   0x00000000   Code   RO         1158    .ARM.Collect$$libinit$$00000023  c_w.l(libinit2.o)
    0x0800027c   0x00000000   Code   RO         1160    .ARM.Collect$$libinit$$00000025  c_w.l(libinit2.o)
    0x0800027c   0x00000000   Code   RO         1164    .ARM.Collect$$libinit$$0000002C  c_w.l(libinit2.o)
    0x0800027c   0x00000000   Code   RO         1166    .ARM.Collect$$libinit$$0000002E  c_w.l(libinit2.o)
    0x0800027c   0x00000000   Code   RO         1168    .ARM.Collect$$libinit$$00000030  c_w.l(libinit2.o)
    0x0800027c   0x00000000   Code   RO         1170    .ARM.Collect$$libinit$$00000032  c_w.l(libinit2.o)
    0x0800027c   0x00000002   Code   RO         1171    .ARM.Collect$$libinit$$00000033  c_w.l(libinit2.o)
    0x0800027e   0x00000002   Code   RO         1418    .ARM.Collect$$libshutdown$$00000000  c_w.l(libshutdown.o)
    0x08000280   0x00000000   Code   RO         1376    .ARM.Collect$$libshutdown$$00000002  c_w.l(libshutdown2.o)
    0x08000280   0x00000000   Code   RO         1378    .ARM.Collect$$libshutdown$$00000004  c_w.l(libshutdown2.o)
    0x08000280   0x00000000   Code   RO         1381    .ARM.Collect$$libshutdown$$00000007  c_w.l(libshutdown2.o)
    0x08000280   0x00000000   Code   RO         1384    .ARM.Collect$$libshutdown$$0000000A  c_w.l(libshutdown2.o)
    0x08000280   0x00000000   Code   RO         1386    .ARM.Collect$$libshutdown$$0000000C  c_w.l(libshutdown2.o)
    0x08000280   0x00000000   Code   RO         1389    .ARM.Collect$$libshutdown$$0000000F  c_w.l(libshutdown2.o)
    0x08000280   0x00000002   Code   RO         1390    .ARM.Collect$$libshutdown$$00000010  c_w.l(libshutdown2.o)
    0x08000282   0x00000000   Code   RO         1076    .ARM.Collect$$rtentry$$00000000  c_w.l(__rtentry.o)
    0x08000282   0x00000000   Code   RO         1251    .ARM.Collect$$rtentry$$00000002  c_w.l(__rtentry2.o)
    0x08000282   0x00000006   Code   RO         1263    .ARM.Collect$$rtentry$$00000004  c_w.l(__rtentry4.o)
    0x08000288   0x00000000   Code   RO         1253    .ARM.Collect$$rtentry$$00000009  c_w.l(__rtentry2.o)
    0x08000288   0x00000004   Code   RO         1254    .ARM.Collect$$rtentry$$0000000A  c_w.l(__rtentry2.o)
    0x0800028c   0x00000000   Code   RO         1256    .ARM.Collect$$rtentry$$0000000C  c_w.l(__rtentry2.o)
    0x0800028c   0x00000008   Code   RO         1257    .ARM.Collect$$rtentry$$0000000D  c_w.l(__rtentry2.o)
    0x08000294   0x00000002   Code   RO         1365    .ARM.Collect$$rtexit$$00000000  c_w.l(rtexit.o)
    0x08000296   0x00000000   Code   RO         1394    .ARM.Collect$$rtexit$$00000002  c_w.l(rtexit2.o)
    0x08000296   0x00000004   Code   RO         1395    .ARM.Collect$$rtexit$$00000003  c_w.l(rtexit2.o)
    0x0800029a   0x00000006   Code   RO         1396    .ARM.Collect$$rtexit$$00000004  c_w.l(rtexit2.o)
    0x080002a0   0x00000000   Code   RO         1277    .emb_text           c_w.l(maybetermalloc1.o)
    0x080002a0   0x000005fc   Code   RO            4    .text               adc_leds.o
    0x0800089c   0x00000064   Code   RO          199    .text               swt.o
    0x08000900   0x00000214   Code   RO          245    .text               serial.o
    0x08000b14   0x00000044   Code   RO          280    .text               retarget.o
    0x08000b58   0x000000a8   Code   RO          308    .text               lcd_buffer.o
    0x08000c00   0x000004d0   Code   RO          326    .text               lcd_driver.o
    0x080010d0   0x000001ac   Code   RO          364    .text               adc.o
    0x0800127c   0x00000294   Code   RO          388    .text               stm32f4xx_gpio.o
    0x08001510   0x000000e0   Code   RO          412    .text               misc.o
    0x080015f0   0x0000065c   Code   RO          436    .text               stm32f4xx_rcc.o
    0x08001c4c   0x00000454   Code   RO          462    .text               stm32f4xx_usart.o
    0x080020a0   0x0000029c   Code   RO          486    .text               sig_gen.o
    0x0800233c   0x00000ca2   Code   RO          518    .text               stm32f4xx_tim.o
    0x08002fde   0x00000002   PAD
    0x08002fe0   0x000000c0   Code   RO          542    .text               utility.o
    0x080030a0   0x00000110   Code   RO          569    .text               stm32f4xx_exti.o
    0x080031b0   0x00000094   Code   RO          593    .text               stm32f4xx_syscfg.o
    0x08003244   0x000002f8   Code   RO          617    .text               board_init.o
    0x0800353c   0x00000188   Code   RO          669    .text               ringbuffer.o
    0x080036c4   0x00000254   Code   RO          690    .text               tm_stm32f4_delay.o
    0x08003918   0x00000300   Code   RO          730    .text               tm_stm32f4_gpio.o
    0x08003c18   0x000003d4   Code   RO          759    .text               tm_stm32f4_hd44780.o
    0x08003fec   0x0000028c   Code   RO          819    .text               reading.o
    0x08004278   0x00000040   Code   RO          861    .text               startup_stm32f407xx.o
    0x080042b8   0x00000210   Code   RO          868    .text               system_stm32f4xx.o
    0x080044c8   0x00000002   Code   RO          898    .text               c_w.l(use_no_semi.o)
    0x080044ca   0x0000005e   Code   RO          904    .text               c_w.l(h1_alloc.o)
    0x08004528   0x0000004e   Code   RO          906    .text               c_w.l(h1_free.o)
    0x08004576   0x00000002   PAD
    0x08004578   0x00000018   Code   RO          966    .text               c_w.l(noretval__2printf.o)
    0x08004590   0x00000028   Code   RO          968    .text               c_w.l(noretval__2sprintf.o)
    0x080045b8   0x00000052   Code   RO          972    .text               c_w.l(_printf_str.o)
    0x0800460a   0x00000002   PAD
    0x0800460c   0x00000078   Code   RO          974    .text               c_w.l(_printf_dec.o)
    0x08004684   0x0000010e   Code   RO          984    .text               c_w.l(__printf_wp.o)
    0x08004792   0x00000002   PAD
    0x08004794   0x00000080   Code   RO         1002    .text               c_w.l(assert.o)
    0x08004814   0x0000003e   Code   RO         1004    .text               c_w.l(strlen.o)
    0x08004852   0x0000008a   Code   RO         1006    .text               c_w.l(rt_memcpy_v6.o)
    0x080048dc   0x00000044   Code   RO         1008    .text               c_w.l(rt_memclr.o)
    0x08004920   0x00000080   Code   RO         1010    .text               c_w.l(strcmpv7m.o)
    0x080049a0   0x00000006   Code   RO         1012    .text               c_w.l(heapauxi.o)
    0x080049a6   0x00000002   PAD
    0x080049a8   0x00000008   Code   RO         1080    .text               c_w.l(rt_heap_descriptor_intlibspace.o)
    0x080049b0   0x00000004   Code   RO         1082    .text               c_w.l(hguard.o)
    0x080049b4   0x0000008a   Code   RO         1084    .text               c_w.l(init_alloc.o)
    0x08004a3e   0x0000000e   Code   RO         1088    .text               c_w.l(h1_init.o)
    0x08004a4c   0x00000016   Code   RO         1102    .text               c_w.l(_rserrno.o)
    0x08004a62   0x000000b2   Code   RO         1104    .text               c_w.l(_printf_intcommon.o)
    0x08004b14   0x0000041a   Code   RO         1106    .text               c_w.l(_printf_fp_dec.o)
    0x08004f2e   0x00000002   PAD
    0x08004f30   0x00000030   Code   RO         1108    .text               c_w.l(_printf_char_common.o)
    0x08004f60   0x0000000a   Code   RO         1110    .text               c_w.l(_sputc.o)
    0x08004f6a   0x0000002c   Code   RO         1112    .text               c_w.l(_printf_char.o)
    0x08004f96   0x00000002   PAD
    0x08004f98   0x00000024   Code   RO         1114    .text               c_w.l(_printf_char_file.o)
    0x08004fbc   0x00000016   Code   RO         1117    .text               c_w.l(abort.o)
    0x08004fd2   0x00000014   Code   RO         1119    .text               c_w.l(assert_puts.o)
    0x08004fe6   0x00000064   Code   RO         1121    .text               c_w.l(rt_memcpy_w.o)
    0x0800504a   0x0000004e   Code   RO         1123    .text               c_w.l(rt_memclr_w.o)
    0x08005098   0x00000008   Code   RO         1247    .text               c_w.l(libspace.o)
    0x080050a0   0x00000008   Code   RO         1268    .text               c_w.l(rt_locale_intlibspace.o)
    0x080050a8   0x00000008   Code   RO         1273    .text               c_w.l(rt_errno_addr_intlibspace.o)
    0x080050b0   0x00000034   Code   RO         1279    .text               c_w.l(h1_extend.o)
    0x080050e4   0x0000008a   Code   RO         1283    .text               c_w.l(lludiv10.o)
    0x0800516e   0x00000002   PAD
    0x08005170   0x00000080   Code   RO         1285    .text               c_w.l(_printf_fp_infnan.o)
    0x080051f0   0x000000dc   Code   RO         1289    .text               c_w.l(bigflt0.o)
    0x080052cc   0x0000000e   Code   RO         1317    .text               c_w.l(defsig_abrt_outer.o)
    0x080052da   0x0000000e   Code   RO         1321    .text               c_w.l(defsig_rtmem_outer.o)
    0x080052e8   0x0000004a   Code   RO         1339    .text               c_w.l(sys_stackheap_outer.o)
    0x08005332   0x00000012   Code   RO         1345    .text               c_w.l(exit.o)
    0x08005344   0x0000000a   Code   RO         1347    .text               c_w.l(defsig_exit.o)
    0x0800534e   0x00000002   PAD
    0x08005350   0x00000030   Code   RO         1349    .text               c_w.l(defsig_abrt_inner.o)
    0x08005380   0x00000050   Code   RO         1351    .text               c_w.l(defsig_rtmem_inner.o)
    0x080053d0   0x00000032   Code   RO         1373    .text               c_w.l(defsig_general.o)
    0x08005402   0x0000003e   Code   RO         1292    CL$$btod_d2e        c_w.l(btod.o)
    0x08005440   0x00000046   Code   RO         1294    CL$$btod_d2e_denorm_low  c_w.l(btod.o)
    0x08005486   0x00000060   Code   RO         1293    CL$$btod_d2e_norm_op1  c_w.l(btod.o)
    0x080054e6   0x00000338   Code   RO         1302    CL$$btod_div_common  c_w.l(btod.o)
    0x0800581e   0x000000c6   Code   RO         1299    CL$$btod_e2e        c_w.l(btod.o)
    0x080058e4   0x00000028   Code   RO         1296    CL$$btod_ediv       c_w.l(btod.o)
    0x0800590c   0x00000028   Code   RO         1295    CL$$btod_emul       c_w.l(btod.o)
    0x08005934   0x00000244   Code   RO         1301    CL$$btod_mult_common  c_w.l(btod.o)
    0x08005b78   0x00000030   Code   RO         1209    i.__ARM_fpclassify  m_wm.l(fpclassify.o)
    0x08005ba8   0x00000c50   Code   RO         1048    i.__hardfp_pow      m_wm.l(pow.o)
    0x080067f8   0x000000f8   Code   RO         1227    i.__kernel_poly     m_wm.l(poly.o)
    0x080068f0   0x00000030   Code   RO         1189    i.__mathlib_dbl_divzero  m_wm.l(dunder.o)
    0x08006920   0x00000014   Code   RO         1191    i.__mathlib_dbl_infnan2  m_wm.l(dunder.o)
    0x08006934   0x00000004   PAD
    0x08006938   0x00000020   Code   RO         1192    i.__mathlib_dbl_invalid  m_wm.l(dunder.o)
    0x08006958   0x00000020   Code   RO         1193    i.__mathlib_dbl_overflow  m_wm.l(dunder.o)
    0x08006978   0x00000020   Code   RO         1195    i.__mathlib_dbl_underflow  m_wm.l(dunder.o)
    0x08006998   0x0000000e   Code   RO          986    i._is_digit         c_w.l(__printf_wp.o)
    0x080069a6   0x00000018   Code   RO         1205    i.fabs              m_wm.l(fabs.o)
    0x080069be   0x0000006e   Code   RO         1235    i.sqrt              m_wm.l(sqrt.o)
    0x08006a2c   0x0000002c   Code   RO         1315    locale$$code        c_w.l(lc_numeric_c.o)
    0x08006a58   0x00000018   Code   RO         1172    x$fpl$basic         fz_wm.l(basic.o)
    0x08006a70   0x00000062   Code   RO         1016    x$fpl$d2f           fz_wm.l(d2f.o)
    0x08006ad2   0x00000002   PAD
    0x08006ad4   0x00000150   Code   RO         1018    x$fpl$dadd          fz_wm.l(daddsub_clz.o)
    0x08006c24   0x00000010   Code   RO         1330    x$fpl$dcheck1       fz_wm.l(dcheck1.o)
    0x08006c34   0x00000018   Code   RO         1174    x$fpl$dcmpinf       fz_wm.l(dcmpi.o)
    0x08006c4c   0x000002b0   Code   RO         1025    x$fpl$ddiv          fz_wm.l(ddiv.o)
    0x08006efc   0x0000002e   Code   RO         1035    x$fpl$dflt          fz_wm.l(dflt_clz.o)
    0x08006f2a   0x00000002   PAD
    0x08006f2c   0x00000078   Code   RO         1040    x$fpl$dleqf         fz_wm.l(dleqf.o)
    0x08006fa4   0x00000154   Code   RO         1042    x$fpl$dmul          fz_wm.l(dmul.o)
    0x080070f8   0x0000009c   Code   RO         1176    x$fpl$dnaninf       fz_wm.l(dnaninf.o)
    0x08007194   0x0000000c   Code   RO         1178    x$fpl$dretinf       fz_wm.l(dretinf.o)
    0x080071a0   0x0000006c   Code   RO         1180    x$fpl$drleqf        fz_wm.l(drleqf.o)
    0x0800720c   0x00000016   Code   RO         1019    x$fpl$drsb          fz_wm.l(daddsub_clz.o)
    0x08007222   0x00000002   PAD
    0x08007224   0x00000198   Code   RO         1332    x$fpl$dsqrt         fz_wm.l(dsqrt_umaal.o)
    0x080073bc   0x000001d4   Code   RO         1020    x$fpl$dsub          fz_wm.l(daddsub_clz.o)
    0x08007590   0x00000056   Code   RO         1044    x$fpl$f2d           fz_wm.l(f2d.o)
    0x080075e6   0x0000008c   Code   RO         1182    x$fpl$fnaninf       fz_wm.l(fnaninf.o)
    0x08007672   0x0000000a   Code   RO         1334    x$fpl$fpinit        fz_wm.l(fpinit.o)
    0x0800767c   0x0000000a   Code   RO         1184    x$fpl$fretinf       fz_wm.l(fretinf.o)
    0x08007686   0x00000004   Code   RO         1046    x$fpl$printf1       fz_wm.l(printf1.o)
    0x0800768a   0x00000064   Code   RO         1363    x$fpl$retnan        fz_wm.l(retnan.o)
    0x080076ee   0x0000005c   Code   RO         1186    x$fpl$scalbn        fz_wm.l(scalbn.o)
    0x0800774a   0x00000030   Code   RO         1391    x$fpl$trapveneer    fz_wm.l(trapv.o)
    0x0800777a   0x00000000   Code   RO         1188    x$fpl$usenofp       fz_wm.l(usenofp.o)
    0x0800777a   0x00000002   PAD
    0x0800777c   0x00000020   Data   RO          200    .constdata          swt.o
    0x0800779c   0x00000010   Data   RO          869    .constdata          system_stm32f4xx.o
    0x080077ac   0x00000004   PAD
    0x080077b0   0x00000088   Data   RO         1051    .constdata          m_wm.l(pow.o)
    0x08007838   0x00000008   Data   RO         1229    .constdata          m_wm.l(qnan.o)
    0x08007840   0x00000094   Data   RO         1290    .constdata          c_w.l(bigflt0.o)
    0x080078d4   0x0000001c   Data   RO            5    .conststring        adc_leds.o
    0x080078f0   0x00000020   Data   RO         1419    Region$$Table       anon$$obj.o
    0x08007910   0x0000001c   Data   RO         1314    locale$$data        c_w.l(lc_numeric_c.o)


    Execution Region RW_IRAM1 (Base: 0x20000000, Size: 0x00000b90, Max: 0x00020000, ABSOLUTE, COMPRESSED[0x000001c0])

    Base Addr    Size         Type   Attr      Idx    E Section Name        Object

    0x20000000   0x00000044   Data   RW            6    .data               adc_leds.o
    0x20000044   0x00000004   Data   RW          247    .data               serial.o
    0x20000048   0x00000004   Data   RW          281    .data               retarget.o
    0x2000004c   0x00000009   Data   RW          328    .data               lcd_driver.o
    0x20000055   0x00000010   Data   RW          437    .data               stm32f4xx_rcc.o
    0x20000065   0x00000003   PAD
    0x20000068   0x00000211   Data   RW          488    .data               sig_gen.o
    0x20000279   0x00000003   PAD
    0x2000027c   0x00000004   Data   RW          543    .data               utility.o
    0x20000280   0x00000011   Data   RW          692    .data               tm_stm32f4_delay.o
    0x20000291   0x00000007   Data   RW          760    .data               tm_stm32f4_hd44780.o
    0x20000298   0x00000004   Data   RW          870    .data               system_stm32f4xx.o
    0x2000029c   0x0000001f   Zero   RW          246    .bss                serial.o
    0x200002bb   0x00000001   PAD
    0x200002bc   0x00000200   Zero   RW          309    .bss                lcd_buffer.o
    0x200004bc   0x00000010   Zero   RW          327    .bss                lcd_driver.o
    0x200004cc   0x00000030   Zero   RW          487    .bss                sig_gen.o
    0x200004fc   0x00000018   Zero   RW          691    .bss                tm_stm32f4_delay.o
    0x20000514   0x00000016   Zero   RW          731    .bss                tm_stm32f4_gpio.o
    0x2000052a   0x00000002   PAD
    0x2000052c   0x00000060   Zero   RW         1248    .bss                c_w.l(libspace.o)
    0x2000058c   0x00000004   PAD
    0x20000590   0x00000200   Zero   RW          859    HEAP                startup_stm32f407xx.o
    0x20000790   0x00000400   Zero   RW          858    STACK               startup_stm32f407xx.o


==============================================================================

Image component sizes


      Code (inc. data)   RO Data    RW Data    ZI Data      Debug   Object Name

       428         20          0          0          0       2137   adc.o
      1532        270         28         68          0     301036   adc_leds.o
       760         70          0          0          0      29337   board_init.o
       168          4          0          0        512       2278   lcd_buffer.o
      1232         70          0          9         16      30053   lcd_driver.o
       224         20          0          0          0       1909   misc.o
       652         72          0          0          0       5047   reading.o
        68          4          0          4          0       3085   retarget.o
       392         70          0          0          0       3727   ringbuffer.o
       532         36          0          4         31       3639   serial.o
       668         50          0        529         48       2634   sig_gen.o
        64         26        392          0       1536        836   startup_stm32f407xx.o
       272         10          0          0          0       2379   stm32f4xx_exti.o
       660         44          0          0          0       4245   stm32f4xx_gpio.o
      1628         52          0         16          0      13184   stm32f4xx_rcc.o
       148         12          0          0          0       1873   stm32f4xx_syscfg.o
      3234         60          0          0          0      23108   stm32f4xx_tim.o
      1108         34          0          0          0       7976   stm32f4xx_usart.o
       100         18         32          0          0       1392   swt.o
       528         46         16          4          0       1791   system_stm32f4xx.o
       596         36          0         17         24       6583   tm_stm32f4_delay.o
       768         10          0          0         22       7568   tm_stm32f4_gpio.o
       980         22          0          7          0       6646   tm_stm32f4_hd44780.o
       192          6          0          4          0       1640   utility.o

    ----------------------------------------------------------------------
     16936       1062        504        668       2192     464103   Object Totals
         0          0         32          0          0          0   (incl. Generated)
         2          0          4          6          3          0   (incl. Padding)

    ----------------------------------------------------------------------

      Code (inc. data)   RO Data    RW Data    ZI Data      Debug   Library Member Name

        90          0          0          0          0          0   __dczerorl2.o
         8          0          0          0          0         68   __main.o
       284          0          0          0          0        156   __printf_wp.o
         0          0          0          0          0          0   __rtentry.o
        12          0          0          0          0          0   __rtentry2.o
         6          0          0          0          0          0   __rtentry4.o
        52          8          0          0          0          0   __scatter.o
        28          0          0          0          0          0   __scatter_zi.o
         6          0          0          0          0          0   _printf_c.o
        44          0          0          0          0        108   _printf_char.o
        48          6          0          0          0         96   _printf_char_common.o
        36          4          0          0          0         80   _printf_char_file.o
         6          0          0          0          0          0   _printf_d.o
       120         16          0          0          0         92   _printf_dec.o
         6          0          0          0          0          0   _printf_f.o
      1050          0          0          0          0        216   _printf_fp_dec.o
       128         16          0          0          0         84   _printf_fp_infnan.o
         6          0          0          0          0          0   _printf_i.o
       178          0          0          0          0         88   _printf_intcommon.o
         0          0          0          0          0          0   _printf_percent.o
         4          0          0          0          0          0   _printf_percent_end.o
         6          0          0          0          0          0   _printf_s.o
        82          0          0          0          0         80   _printf_str.o
        22          0          0          0          0        100   _rserrno.o
        10          0          0          0          0         68   _sputc.o
        22          0          0          0          0         80   abort.o
       128         42          0          0          0         76   assert.o
        20          0          0          0          0         76   assert_puts.o
       220          4        148          0          0         96   bigflt0.o
      1910        128          0          0          0        672   btod.o
        48         34          0          0          0         76   defsig_abrt_inner.o
        14          0          0          0          0         80   defsig_abrt_outer.o
        10          0          0          0          0         68   defsig_exit.o
        50          0          0          0          0         88   defsig_general.o
        80         58          0          0          0         76   defsig_rtmem_inner.o
        14          0          0          0          0         80   defsig_rtmem_outer.o
        18          0          0          0          0         80   exit.o
        94          0          0          0          0         80   h1_alloc.o
        52          0          0          0          0         68   h1_extend.o
        78          0          0          0          0         80   h1_free.o
        14          0          0          0          0         84   h1_init.o
         6          0          0          0          0        152   heapauxi.o
         4          0          0          0          0        136   hguard.o
       138          0          0          0          0        168   init_alloc.o
        44         10         28          0          0         76   lc_numeric_c.o
         2          0          0          0          0          0   libinit.o
        30          0          0          0          0          0   libinit2.o
         2          0          0          0          0          0   libshutdown.o
         2          0          0          0          0          0   libshutdown2.o
         8          4          0          0         96         68   libspace.o
       138          0          0          0          0         80   lludiv10.o
         0          0          0          0          0          0   maybetermalloc1.o
        24          4          0          0          0         84   noretval__2printf.o
        40          6          0          0          0         84   noretval__2sprintf.o
         8          4          0          0          0         68   rt_errno_addr_intlibspace.o
         8          4          0          0          0         68   rt_heap_descriptor_intlibspace.o
         8          4          0          0          0         68   rt_locale_intlibspace.o
        68          0          0          0          0         68   rt_memclr.o
        78          0          0          0          0         80   rt_memclr_w.o
       138          0          0          0          0         68   rt_memcpy_v6.o
       100          0          0          0          0         80   rt_memcpy_w.o
         2          0          0          0          0          0   rtexit.o
        10          0          0          0          0          0   rtexit2.o
       128          0          0          0          0         68   strcmpv7m.o
        62          0          0          0          0         76   strlen.o
        74          0          0          0          0         80   sys_stackheap_outer.o
         2          0          0          0          0         68   use_no_semi.o
        24          0          0          0          0        164   basic.o
        98          4          0          0          0        140   d2f.o
       826         16          0          0          0        492   daddsub_clz.o
        16          4          0          0          0        116   dcheck1.o
        24          0          0          0          0        116   dcmpi.o
       688        140          0          0          0        256   ddiv.o
        46          0          0          0          0        116   dflt_clz.o
       120          4          0          0          0        140   dleqf.o
       340         12          0          0          0        152   dmul.o
       156          4          0          0          0        140   dnaninf.o
        12          0          0          0          0        116   dretinf.o
       108          0          0          0          0        128   drleqf.o
       408         56          0          0          0        168   dsqrt_umaal.o
        86          4          0          0          0        132   f2d.o
       140          4          0          0          0        132   fnaninf.o
        10          0          0          0          0        116   fpinit.o
        10          0          0          0          0        116   fretinf.o
         4          0          0          0          0        116   printf1.o
       100          0          0          0          0        116   retnan.o
        92          0          0          0          0        116   scalbn.o
        48          0          0          0          0        116   trapv.o
         0          0          0          0          0          0   usenofp.o
       164         44          0          0          0        620   dunder.o
        24          0          0          0          0        124   fabs.o
        48          0          0          0          0        124   fpclassify.o
       248          0          0          0          0        152   poly.o
      3152        296        136          0          0        352   pow.o
         0          0          8          0          0          0   qnan.o
       110          0          0          0          0        148   sqrt.o

    ----------------------------------------------------------------------
     13260        940        320          0        100       9460   Library Totals
        30          0          0          0          4          0   (incl. Padding)

    ----------------------------------------------------------------------

      Code (inc. data)   RO Data    RW Data    ZI Data      Debug   Library Name

      6128        352        176          0         96       4736   c_w.l
      3356        248          0          0          0       3204   fz_wm.l
      3746        340        144          0          0       1520   m_wm.l

    ----------------------------------------------------------------------
     13260        940        320          0        100       9460   Library Totals

    ----------------------------------------------------------------------

==============================================================================


      Code (inc. data)   RO Data    RW Data    ZI Data      Debug   

     30196       2002        824        668       2292     461207   Grand Totals
     30196       2002        824        448       2292     461207   ELF Image Totals (compressed)
     30196       2002        824        448          0          0   ROM Totals

==============================================================================

    Total RO  Size (Code + RO Data)                31020 (  30.29kB)
    Total RW  Size (RW Data + ZI Data)              2960 (   2.89kB)
    Total ROM Size (Code + RO Data + RW Data)      31468 (  30.73kB)

==============================================================================

