Component: ARM Compiler 5.06 update 4 (build 422) Tool: armlink [4d35d2]

==============================================================================

Section Cross References

    adc_leds.o(.text) refers to _printf_percent.o(.ARM.Collect$$_printf_percent$$00000000) for _printf_percent
    adc_leds.o(.text) refers to _printf_f.o(.ARM.Collect$$_printf_percent$$00000003) for _printf_f
    adc_leds.o(.text) refers to printf1.o(x$fpl$printf1) for _printf_fp_dec
    adc_leds.o(.text) refers to adc.o(.text) for ADC1_init
    adc_leds.o(.text) refers to swt.o(.text) for SWT_Init
    adc_leds.o(.text) refers to lcd_driver.o(.text) for lcd_init
    adc_leds.o(.text) refers to serial.o(.text) for serial_init
    adc_leds.o(.text) refers to h1_alloc.o(.text) for malloc
    adc_leds.o(.text) refers to f2d.o(x$fpl$f2d) for __aeabi_f2d
    adc_leds.o(.text) refers to noretval__2sprintf.o(.text) for __2sprintf
    adc_leds.o(.text) refers to strcat.o(.text) for strcat
    adc_leds.o(.text) refers to system_stm32f4xx.o(.text) for SystemCoreClockUpdate
    adc_leds.o(.text) refers to utility.o(.text) for Delay
    adc_leds.o(.text) refers to system_stm32f4xx.o(.data) for SystemCoreClock
    swt.o(.text) refers to swt.o(.constdata) for SWT_mask
    serial.o(.text) refers to stm32f4xx_rcc.o(.text) for RCC_APB1PeriphClockCmd
    serial.o(.text) refers to stm32f4xx_gpio.o(.text) for GPIO_Init
    serial.o(.text) refers to stm32f4xx_usart.o(.text) for USART_Init
    serial.o(.text) refers to misc.o(.text) for NVIC_Init
    serial.o(.text) refers to lcd_driver.o(.text) for lcd_clear_display
    serial.o(.text) refers to utility.o(.text) for Delay
    retarget.o(.rev16_text) refers (Special) to use_no_semi.o(.text) for __use_no_semihosting_swi
    retarget.o(.revsh_text) refers (Special) to use_no_semi.o(.text) for __use_no_semihosting_swi
    retarget.o(.rrx_text) refers (Special) to use_no_semi.o(.text) for __use_no_semihosting_swi
    retarget.o(.text) refers (Special) to use_no_semi.o(.text) for __use_no_semihosting_swi
    retarget.o(.data) refers (Special) to use_no_semi.o(.text) for __use_no_semihosting_swi
    lcd_buffer.o(.text) refers to h1_free.o(.text) for free
    lcd_buffer.o(.text) refers to lcd_buffer.o(.bss) for unmalloc_buffer
    lcd_driver.o(.text) refers to lcd_buffer.o(.text) for buffer_empty
    lcd_driver.o(.text) refers to lcd_driver.o(.bss) for lcd_commandBuffer
    lcd_driver.o(.text) refers to lcd_driver.o(.data) for stage
    adc.o(.text) refers to utility.o(.text) for Delay
    stm32f4xx_gpio.o(.text) refers to stm32f4xx_rcc.o(.text) for RCC_AHB1PeriphResetCmd
    stm32f4xx_rcc.o(.text) refers to stm32f4xx_rcc.o(.data) for APBAHBPrescTable
    stm32f4xx_usart.o(.text) refers to stm32f4xx_rcc.o(.text) for RCC_APB2PeriphResetCmd
    sig_gen.o(.text) refers to stm32f4xx_tim.o(.text) for TIM_GetITStatus
    sig_gen.o(.text) refers to stm32f4xx_gpio.o(.text) for GPIO_SetBits
    sig_gen.o(.text) refers to misc.o(.text) for NVIC_Init
    sig_gen.o(.text) refers to stm32f4xx_rcc.o(.text) for RCC_APB1PeriphClockCmd
    sig_gen.o(.text) refers to sig_gen.o(.data) for pulse_width
    sig_gen.o(.text) refers to sig_gen.o(.bss) for TIM_TimeBaseStructure
    stm32f4xx_tim.o(.text) refers to stm32f4xx_rcc.o(.text) for RCC_APB2PeriphResetCmd
    utility.o(.text) refers to utility.o(.data) for msTicks
    startup_stm32f407xx.o(STACK) refers (Special) to heapauxi.o(.text) for __use_two_region_memory
    startup_stm32f407xx.o(HEAP) refers (Special) to heapauxi.o(.text) for __use_two_region_memory
    startup_stm32f407xx.o(RESET) refers (Special) to heapauxi.o(.text) for __use_two_region_memory
    startup_stm32f407xx.o(RESET) refers to startup_stm32f407xx.o(STACK) for __initial_sp
    startup_stm32f407xx.o(RESET) refers to startup_stm32f407xx.o(.text) for Reset_Handler
    startup_stm32f407xx.o(RESET) refers to utility.o(.text) for SysTick_Handler
    startup_stm32f407xx.o(RESET) refers to sig_gen.o(.text) for TIM2_IRQHandler
    startup_stm32f407xx.o(RESET) refers to serial.o(.text) for USART3_IRQHandler
    startup_stm32f407xx.o(RESET) refers to lcd_driver.o(.text) for TIM6_DAC_IRQHandler
    startup_stm32f407xx.o(.text) refers (Special) to heapauxi.o(.text) for __use_two_region_memory
    startup_stm32f407xx.o(.text) refers to system_stm32f4xx.o(.text) for SystemInit
    startup_stm32f407xx.o(.text) refers to __main.o(!!!main) for __main
    startup_stm32f407xx.o(.text) refers to startup_stm32f407xx.o(HEAP) for Heap_Mem
    startup_stm32f407xx.o(.text) refers to startup_stm32f407xx.o(STACK) for Stack_Mem
    system_stm32f4xx.o(.text) refers to system_stm32f4xx.o(.data) for SystemCoreClock
    system_stm32f4xx.o(.text) refers to system_stm32f4xx.o(.constdata) for AHBPrescTable
    malloc.o(.text) refers (Special) to hguard.o(.text) for __heap$guard
    malloc.o(.text) refers (Special) to init_alloc.o(.text) for _init_alloc
[...]
    ../clib/printf.c                         0x00000000   Number         0  __printf_flags_ss_wp.o ABSOLUTE
    ../clib/printf_percent.s                 0x00000000   Number         0  _printf_percent.o ABSOLUTE
    ../clib/printf_percent.s                 0x00000000   Number         0  _printf_percent_end.o ABSOLUTE
    ../clib/printf_percent.s                 0x00000000   Number         0  _printf_f.o ABSOLUTE
    ../clib/signal.c                         0x00000000   Number         0  defsig_stak_inner.o ABSOLUTE
    ../clib/signal.c                         0x00000000   Number         0  defsig_rtred_inner.o ABSOLUTE
    ../clib/signal.c                         0x00000000   Number         0  defsig_fpe_inner.o ABSOLUTE
    ../clib/signal.c                         0x00000000   Number         0  defsig_rtmem_outer.o ABSOLUTE
    ../clib/signal.c                         0x00000000   Number         0  defsig_abrt_inner.o ABSOLUTE
    ../clib/signal.c                         0x00000000   Number         0  defsig_segv_inner.o ABSOLUTE
    ../clib/signal.c                         0x00000000   Number         0  defsig_cppl_inner.o ABSOLUTE
    ../clib/signal.c                         0x00000000   Number         0  defsig_pvfn_inner.o ABSOLUTE
    ../clib/signal.c                         0x00000000   Number         0  defsig_rtmem_inner.o ABSOLUTE
    ../clib/signal.c                         0x00000000   Number         0  defsig_rtmem_formal.o ABSOLUTE
    ../clib/signal.c                         0x00000000   Number         0  defsig_other.o ABSOLUTE
    ../clib/signal.c                         0x00000000   Number         0  __raise.o ABSOLUTE
    ../clib/signal.c                         0x00000000   Number         0  defsig_exit.o ABSOLUTE
    ../clib/signal.c                         0x00000000   Number         0  defsig_general.o ABSOLUTE
    ../clib/signal.s                         0x00000000   Number         0  defsig.o ABSOLUTE
    ../clib/stdlib.c                         0x00000000   Number         0  exit.o ABSOLUTE
    ../clib/string.c                         0x00000000   Number         0  strcat.o ABSOLUTE
    ../fplib/dretinf.s                       0x00000000   Number         0  dretinf.o ABSOLUTE
    ../fplib/f2d.s                           0x00000000   Number         0  f2d.o ABSOLUTE
    ../fplib/fnaninf.s                       0x00000000   Number         0  fnaninf.o ABSOLUTE
    ../fplib/fpinit.s                        0x00000000   Number         0  fpinit.o ABSOLUTE
    ../fplib/istatus.s                       0x00000000   Number         0  istatus.o ABSOLUTE
    ../fplib/printf1.s                       0x00000000   Number         0  printf1.o ABSOLUTE
    ../fplib/usenofp.s                       0x00000000   Number         0  usenofp.o ABSOLUTE
    ../mathlib/fpclassify.c                  0x00000000   Number         0  fpclassify.o ABSOLUTE
    ADC.c                                    0x00000000   Number         0  adc.o ABSOLUTE
    ADC.c                                    0x00000000   Number         0  adc.o ABSOLUTE
    ADC_LEDs.c                               0x00000000   Number         0  adc_leds.o ABSOLUTE
    ADC_LEDs.c                               0x00000000   Number         0  adc_leds.o ABSOLUTE
    Libraries\STM32F4xx_StdPeriph_Driver\src\misc.c 0x00000000   Number         0  misc.o ABSOLUTE
    Libraries\STM32F4xx_StdPeriph_Driver\src\stm32f4xx_gpio.c 0x00000000   Number         0  stm32f4xx_gpio.o ABSOLUTE
    Libraries\STM32F4xx_StdPeriph_Driver\src\stm32f4xx_rcc.c 0x00000000   Number         0  stm32f4xx_rcc.o ABSOLUTE
    Libraries\STM32F4xx_StdPeriph_Driver\src\stm32f4xx_tim.c 0x00000000   Number         0  stm32f4xx_tim.o ABSOLUTE
    Libraries\STM32F4xx_StdPeriph_Driver\src\stm32f4xx_usart.c 0x00000000   Number         0  stm32f4xx_usart.o ABSOLUTE
    Libraries\\STM32F4xx_StdPeriph_Driver\\src\\misc.c 0x00000000   Number         0  misc.o ABSOLUTE
    Libraries\\STM32F4xx_StdPeriph_Driver\\src\\stm32f4xx_gpio.c 0x00000000   Number         0  stm32f4xx_gpio.o ABSOLUTE
    Libraries\\STM32F4xx_StdPeriph_Driver\\src\\stm32f4xx_rcc.c 0x00000000   Number         0  stm32f4xx_rcc.o ABSOLUTE
    Libraries\\STM32F4xx_StdPeriph_Driver\\src\\stm32f4xx_tim.c 0x00000000   Number         0  stm32f4xx_tim.o ABSOLUTE
    Libraries\\STM32F4xx_StdPeriph_Driver\\src\\stm32f4xx_usart.c 0x00000000   Number         0  stm32f4xx_usart.o ABSOLUTE
    RTE\Device\STM32F407VG\startup_stm32f407xx.s 0x00000000   Number         0  startup_stm32f407xx.o ABSOLUTE
    RTE\Device\STM32F407VG\system_stm32f4xx.c 0x00000000   Number         0  system_stm32f4xx.o ABSOLUTE
    RTE\\Device\\STM32F407VG\\system_stm32f4xx.c 0x00000000   Number         0  system_stm32f4xx.o ABSOLUTE
    SWT.c                                    0x00000000   Number         0  swt.o ABSOLUTE
    SWT.c                                    0x00000000   Number         0  swt.o ABSOLUTE
    dc.s                                     0x00000000   Number         0  dc.o ABSOLUTE
    lcd_buffer.c                             0x00000000   Number         0  lcd_buffer.o ABSOLUTE
    lcd_driver.c                             0x00000000   Number         0  lcd_driver.o ABSOLUTE
    lcd_driver.c                             0x00000000   Number         0  lcd_driver.o ABSOLUTE
    retarget.c                               0x00000000   Number         0  retarget.o ABSOLUTE
    retarget.c                               0x00000000   Number         0  retarget.o ABSOLUTE
    serial.c                                 0x00000000   Number         0  serial.o ABSOLUTE
    serial.c                                 0x00000000   Number         0  serial.o ABSOLUTE
    sig_gen.c                                0x00000000   Number         0  sig_gen.o ABSOLUTE
    sig_gen.c                                0x00000000   Number         0  sig_gen.o ABSOLUTE
    utility.c                                0x00000000   Number         0  utility.o ABSOLUTE
    utility.c                                0x00000000   Number         0  utility.o ABSOLUTE
    RESET                                    0x08000000   Section      392  startup_stm32f407xx.o(RESET)
    !!!main                                  0x08000188   Section        8  __main.o(!!!main)
    !!!scatter                               0x08000190   Section       52  __scatter.o(!!!scatter)
    !!dczerorl2                              0x080001c4   Section       90  __dczerorl2.o(!!dczerorl2)
    !!handler_zi                             0x08000220   Section       28  __scatter_zi.o(!!handler_zi)
    .ARM.Collect$$_printf_percent$$00000000  0x0800023c   Section        0  _printf_percent.o(.ARM.Collect$$_printf_percent$$00000000)
    .ARM.Collect$$_printf_percent$$00000003  0x0800023c   Section        6  _printf_f.o(.ARM.Collect$$_printf_percent$$00000003)
    .ARM.Collect$$_printf_percent$$00000017  0x08000242   Section        4  _printf_percent_end.o(.ARM.Collect$$_printf_percent$$00000017)
    .ARM.Collect$$libinit$$00000000          0x08000246   Section        2  libinit.o(.ARM.Collect$$libinit$$00000000)
    .ARM.Collect$$libinit$$00000001          0x08000248   Section        4  libinit2.o(.ARM.Collect$$libinit$$00000001)
    .ARM.Collect$$libinit$$00000004          0x0800024c   Section        0  libinit2.o(.ARM.Collect$$libinit$$00000004)
    .ARM.Collect$$libinit$$00000005          0x0800024c   Section        8  libinit2.o(.ARM.Collect$$libinit$$00000005)
    .ARM.Collect$$libinit$$0000000A          0x08000254   Section        0  libinit2.o(.ARM.Collect$$libinit$$0000000A)
    .ARM.Collect$$libinit$$0000000C          0x08000254   Section        0  libinit2.o(.ARM.Collect$$libinit$$0000000C)
    .ARM.Collect$$libinit$$0000000E          0x08000254   Section        0  libinit2.o(.ARM.Collect$$libinit$$0000000E)
    .ARM.Collect$$libinit$$0000000F          0x08000254   Section        6  libinit2.o(.ARM.Collect$$libinit$$0000000F)
    .ARM.Collect$$libinit$$00000011          0x0800025a   Section        0  libinit2.o(.ARM.Collect$$libinit$$00000011)
    .ARM.Collect$$libinit$$00000013          0x0800025a   Section        0  libinit2.o(.ARM.Collect$$libinit$$00000013)
    .ARM.Collect$$libinit$$00000015          0x0800025a   Section        0  libinit2.o(.ARM.Collect$$libinit$$00000015)
    .ARM.Collect$$libinit$$00000016          0x0800025a   Section       10  libinit2.o(.ARM.Collect$$libinit$$00000016)
    .ARM.Collect$$libinit$$00000017          0x08000264   Section        0  libinit2.o(.ARM.Collect$$libinit$$00000017)
    .ARM.Collect$$libinit$$00000019          0x08000264   Section        0  libinit2.o(.ARM.Collect$$libinit$$00000019)
    .ARM.Collect$$libinit$$0000001B          0x08000264   Section        0  libinit2.o(.ARM.Collect$$libinit$$0000001B)
    .ARM.Collect$$libinit$$0000001D          0x08000264   Section        0  libinit2.o(.ARM.Collect$$libinit$$0000001D)
    .ARM.Collect$$libinit$$0000001F          0x08000264   Section        0  libinit2.o(.ARM.Collect$$libinit$$0000001F)
    .ARM.Collect$$libinit$$00000021          0x08000264   Section        0  libinit2.o(.ARM.Collect$$libinit$$00000021)
    .ARM.Collect$$libinit$$00000023          0x08000264   Section        0  libinit2.o(.ARM.Collect$$libinit$$00000023)
    .ARM.Collect$$libinit$$00000025          0x08000264   Section        0  libinit2.o(.ARM.Collect$$libinit$$00000025)
    .ARM.Collect$$libinit$$0000002C          0x08000264   Section        0  libinit2.o(.ARM.Collect$$libinit$$0000002C)
    .ARM.Collect$$libinit$$0000002E          0x08000264   Section        0  libinit2.o(.ARM.Collect$$libinit$$0000002E)
    .ARM.Collect$$libinit$$00000030          0x08000264   Section        0  libinit2.o(.ARM.Collect$$libinit$$00000030)
    .ARM.Collect$$libinit$$00000032          0x08000264   Section        0  libinit2.o(.ARM.Collect$$libinit$$00000032)
    .ARM.Collect$$libinit$$00000033          0x08000264   Section        2  libinit2.o(.ARM.Collect$$libinit$$00000033)
    .ARM.Collect$$libshutdown$$00000000      0x08000266   Section        2  libshutdown.o(.ARM.Collect$$libshutdown$$00000000)
    .ARM.Collect$$libshutdown$$00000002      0x08000268   Section        0  libshutdown2.o(.ARM.Collect$$libshutdown$$00000002)
    .ARM.Collect$$libshutdown$$00000004      0x08000268   Section        0  libshutdown2.o(.ARM.Collect$$libshutdown$$00000004)
    .ARM.Collect$$libshutdown$$00000007      0x08000268   Section        0  libshutdown2.o(.ARM.Collect$$libshutdown$$00000007)
    .ARM.Collect$$libshutdown$$0000000A      0x08000268   Section        0  libshutdown2.o(.ARM.Collect$$libshutdown$$0000000A)
    .ARM.Collect$$libshutdown$$0000000C      0x08000268   Section        0  libshutdown2.o(.ARM.Collect$$libshutdown$$0000000C)
    .ARM.Collect$$libshutdown$$0000000F      0x08000268   Section        0  libshutdown2.o(.ARM.Collect$$libshutdown$$0000000F)
    .ARM.Collect$$libshutdown$$00000010      0x08000268   Section        2  libshutdown2.o(.ARM.Collect$$libshutdown$$00000010)
    .ARM.Collect$$rtentry$$00000000          0x0800026a   Section        0  __rtentry.o(.ARM.Collect$$rtentry$$00000000)
    .ARM.Collect$$rtentry$$00000002          0x0800026a   Section        0  __rtentry2.o(.ARM.Collect$$rtentry$$00000002)
    .ARM.Collect$$rtentry$$00000004          0x0800026a   Section        6  __rtentry4.o(.ARM.Collect$$rtentry$$00000004)
    .ARM.Collect$$rtentry$$00000009          0x08000270   Section        0  __rtentry2.o(.ARM.Collect$$rtentry$$00000009)
    .ARM.Collect$$rtentry$$0000000A          0x08000270   Section        4  __rtentry2.o(.ARM.Collect$$rtentry$$0000000A)
    .ARM.Collect$$rtentry$$0000000C          0x08000274   Section        0  __rtentry2.o(.ARM.Collect$$rtentry$$0000000C)
    .ARM.Collect$$rtentry$$0000000D          0x08000274   Section        8  __rtentry2.o(.ARM.Collect$$rtentry$$0000000D)
    .ARM.Collect$$rtexit$$00000000           0x0800027c   Section        2  rtexit.o(.ARM.Collect$$rtexit$$00000000)
    .ARM.Collect$$rtexit$$00000002           0x0800027e   Section        0  rtexit2.o(.ARM.Collect$$rtexit$$00000002)
    .ARM.Collect$$rtexit$$00000003           0x0800027e   Section        4  rtexit2.o(.ARM.Collect$$rtexit$$00000003)
    .ARM.Collect$$rtexit$$00000004           0x08000282   Section        6  rtexit2.o(.ARM.Collect$$rtexit$$00000004)
    .emb_text                                0x08000288   Section        0  maybetermalloc1.o(.emb_text)
    .text                                    0x08000288   Section        0  adc_leds.o(.text)
    .text                                    0x0800059c   Section        0  swt.o(.text)
    .text                                    0x08000600   Section        0  serial.o(.text)
    _configUSART3                            0x08000601   Thumb Code   166  serial.o(.text)
    .text                                    0x08000704   Section        0  retarget.o(.text)
    .text                                    0x08000748   Section        0  lcd_buffer.o(.text)
    .text                                    0x080007f0   Section        0  lcd_driver.o(.text)
    .text                                    0x08000c8c   Section        0  adc.o(.text)
    .text                                    0x08000e08   Section        0  stm32f4xx_gpio.o(.text)
    .text                                    0x0800109c   Section        0  misc.o(.text)
    .text                                    0x0800117c   Section        0  stm32f4xx_rcc.o(.text)
    .text                                    0x080017d8   Section        0  stm32f4xx_usart.o(.text)
    .text                                    0x08001c2c   Section        0  sig_gen.o(.text)
    .text                                    0x08001ec8   Section        0  stm32f4xx_tim.o(.text)
    TI4_Config                               0x08002667   Thumb Code    80  stm32f4xx_tim.o(.text)
    TI3_Config                               0x080026c9   Thumb Code    72  stm32f4xx_tim.o(.text)
    TI2_Config                               0x0800272b   Thumb Code    90  stm32f4xx_tim.o(.text)
    TI1_Config                               0x08002797   Thumb Code    58  stm32f4xx_tim.o(.text)
    .text                                    0x08002b6c   Section        0  utility.o(.text)
    .text                                    0x08002b90   Section       64  startup_stm32f407xx.o(.text)
    $v0                                      0x08002b90   Number         0  startup_stm32f407xx.o(.text)
    .text                                    0x08002bd0   Section        0  system_stm32f4xx.o(.text)
    SetSysClock                              0x08002bd1   Thumb Code   220  system_stm32f4xx.o(.text)
    .text                                    0x08002de0   Section        2  use_no_semi.o(.text)
    .text                                    0x08002de2   Section        0  h1_alloc.o(.text)
    .text                                    0x08002e40   Section        0  h1_free.o(.text)
    .text                                    0x08002e90   Section        0  noretval__2sprintf.o(.text)
    .text                                    0x08002eb8   Section        0  __printf_wp.o(.text)
    .text                                    0x08002fc6   Section        0  strcat.o(.text)
    .text                                    0x08002fde   Section        0  heapauxi.o(.text)
    .text                                    0x08002fe4   Section        8  rt_heap_descriptor_intlibspace.o(.text)
    .text                                    0x08002fec   Section        0  hguard.o(.text)
    .text                                    0x08002ff0   Section        0  init_alloc.o(.text)
    .text                                    0x0800307a   Section        0  h1_init.o(.text)
    .text                                    0x08003088   Section        0  _printf_fp_dec.o(.text)
    _fp_digits                               0x0800308b   Thumb Code   428  _printf_fp_dec.o(.text)
    .text                                    0x080034a4   Section        0  _printf_char_common.o(.text)
    _printf_input_char                       0x080034a5   Thumb Code    10  _printf_char_common.o(.text)
    .text                                    0x080034d4   Section        0  _sputc.o(.text)
    .text                                    0x080034e0   Section        8  libspace.o(.text)
    .text                                    0x080034e8   Section        8  rt_locale_intlibspace.o(.text)
    .text                                    0x080034f0   Section        0  h1_extend.o(.text)
    .text                                    0x08003524   Section      138  lludiv10.o(.text)
    .text                                    0x080035b0   Section        0  _printf_fp_infnan.o(.text)
    .text                                    0x08003630   Section        0  bigflt0.o(.text)
    .text                                    0x0800370c   Section        0  defsig_rtmem_outer.o(.text)
    .text                                    0x0800371a   Section       74  sys_stackheap_outer.o(.text)
    .text                                    0x08003764   Section        0  exit.o(.text)
    .text                                    0x08003776   Section        0  defsig_exit.o(.text)
    .text                                    0x08003780   Section        0  defsig_rtmem_inner.o(.text)
    .text                                    0x080037d0   Section      128  strcmpv7m.o(.text)
    .text                                    0x08003850   Section        0  defsig_general.o(.text)
    CL$$btod_d2e                             0x08003882   Section       62  btod.o(CL$$btod_d2e)
    CL$$btod_d2e_denorm_low                  0x080038c0   Section       70  btod.o(CL$$btod_d2e_denorm_low)
    CL$$btod_d2e_norm_op1                    0x08003906   Section       96  btod.o(CL$$btod_d2e_norm_op1)
    CL$$btod_div_common                      0x08003966   Section      824  btod.o(CL$$btod_div_common)
    CL$$btod_e2e                             0x08003c9e   Section      198  btod.o(CL$$btod_e2e)
    CL$$btod_ediv                            0x08003d64   Section       40  btod.o(CL$$btod_ediv)
    CL$$btod_emul                            0x08003d8c   Section       40  btod.o(CL$$btod_emul)
    CL$$btod_mult_common                     0x08003db4   Section      580  btod.o(CL$$btod_mult_common)
    i.__ARM_fpclassify                       0x08003ff8   Section        0  fpclassify.o(i.__ARM_fpclassify)
    i._is_digit                              0x08004028   Section        0  __printf_wp.o(i._is_digit)
    locale$$code                             0x08004038   Section       44  lc_numeric_c.o(locale$$code)
    x$fpl$dretinf                            0x08004064   Section       12  dretinf.o(x$fpl$dretinf)
    $v0                                      0x08004064   Number         0  dretinf.o(x$fpl$dretinf)
    x$fpl$f2d                                0x08004070   Section       86  f2d.o(x$fpl$f2d)
    $v0                                      0x08004070   Number         0  f2d.o(x$fpl$f2d)
    x$fpl$fnaninf                            0x080040c6   Section      140  fnaninf.o(x$fpl$fnaninf)
    $v0                                      0x080040c6   Number         0  fnaninf.o(x$fpl$fnaninf)
    x$fpl$fpinit                             0x08004152   Section       10  fpinit.o(x$fpl$fpinit)
    $v0                                      0x08004152   Number         0  fpinit.o(x$fpl$fpinit)
    x$fpl$printf1                            0x0800415c   Section        4  printf1.o(x$fpl$printf1)
    $v0                                      0x0800415c   Number         0  printf1.o(x$fpl$printf1)
    .constdata                               0x08004160   Section       32  swt.o(.constdata)
    x$fpl$usenofp                            0x08004160   Section        0  usenofp.o(x$fpl$usenofp)
    .constdata                               0x08004180   Section       16  system_stm32f4xx.o(.constdata)
    .constdata                               0x08004190   Section      148  bigflt0.o(.constdata)
    tenpwrs_x                                0x08004190   Data          60  bigflt0.o(.constdata)
    tenpwrs_i                                0x080041cc   Data          64  bigflt0.o(.constdata)
    locale$$data                             0x08004244   Section       28  lc_numeric_c.o(locale$$data)
    __lcnum_c_name                           0x08004248   Data           2  lc_numeric_c.o(locale$$data)
    __lcnum_c_start                          0x08004250   Data           0  lc_numeric_c.o(locale$$data)
    __lcnum_c_point                          0x0800425c   Data           0  lc_numeric_c.o(locale$$data)
    __lcnum_c_thousands                      0x0800425e   Data           0  lc_numeric_c.o(locale$$data)
    __lcnum_c_grouping                       0x0800425f   Data           0  lc_numeric_c.o(locale$$data)
    __lcnum_c_end                            0x08004260   Data           0  lc_numeric_c.o(locale$$data)
    .data                                    0x20000000   Section        9  lcd_driver.o(.data)
    stage                                    0x20000000   Data           4  lcd_driver.o(.data)
    buffer_data                              0x20000004   Data           4  lcd_driver.o(.data)
    scrolling                                0x20000008   Data           1  lcd_driver.o(.data)
    .data                                    0x20000009   Section       16  stm32f4xx_rcc.o(.data)
    APBAHBPrescTable                         0x20000009   Data          16  stm32f4xx_rcc.o(.data)
    .data                                    0x2000001c   Section      529  sig_gen.o(.data)
    .data                                    0x20000230   Section        4  utility.o(.data)
    .data                                    0x20000234   Section        4  system_stm32f4xx.o(.data)
    .bss                                     0x20000238   Section      512  lcd_buffer.o(.bss)
    .bss                                     0x20000438   Section       16  lcd_driver.o(.bss)
    .bss                                     0x20000448   Section       48  sig_gen.o(.bss)
    .bss                                     0x20000478   Section       96  libspace.o(.bss)
    HEAP                                     0x200004d8   Section      512  startup_stm32f407xx.o(HEAP)
    Heap_Mem                                 0x200004d8   Data         512  startup_stm32f407xx.o(HEAP)
    STACK                                    0x200006d8   Section     1024  startup_stm32f407xx.o(STACK)
    Stack_Mem                                0x200006d8   Data        1024  startup_stm32f407xx.o(STACK)
    __initial_sp                             0x20000ad8   Data           0  startup_stm32f407xx.o(STACK)

    Global Symbols

    Symbol Name                              Value     Ov Type        Size  Object(Section)

    BuildAttributes$$THM_ISAv4$E$P$D$K$B$S$7EM$VFPi3$EXTD16$VFPS$VFMA$PE$A:L22UL41UL21$X:L11$S22US41US21$IEEE1$IW$USESV6$~STKCKD$USESV7$~SHL$OTIME$ROPI$IEEEJ$EBA8$UX$STANDARDLIB$REQ8$PRES8$EABIv2 0x00000000   Number         0  anon$$obj.o ABSOLUTE
    __ARM_use_no_argv                        0x00000000   Number         0  adc_leds.o ABSOLUTE
    _printf_flags                            0x00000000   Number         0  printf_stubs.o ABSOLUTE
    _printf_return_value                     0x00000000   Number         0  printf_stubs.o ABSOLUTE
    _printf_sizespec                         0x00000000   Number         0  printf_stubs.o ABSOLUTE
    _printf_widthprec                        0x00000000   Number         0  printf_stubs.o ABSOLUTE
    __ARM_exceptions_init                     - Undefined Weak Reference
    __alloca_initialize                       - Undefined Weak Reference
    __arm_preinit_                            - Undefined Weak Reference
    __cpp_initialize__aeabi_                  - Undefined Weak Reference
    __cxa_finalize                            - Undefined Weak Reference
    __sigvec_lookup                           - Undefined Weak Reference
    __user_heap_extent                        - Undefined Weak Reference
    _atexit_init                              - Undefined Weak Reference
    _call_atexit_fns                          - Undefined Weak Reference
    _clock_init                               - Undefined Weak Reference
    _fp_trap_init                             - Undefined Weak Reference
    _fp_trap_shutdown                         - Undefined Weak Reference
    _get_lc_collate                           - Undefined Weak Reference
    _get_lc_ctype                             - Undefined Weak Reference
    _get_lc_monetary                          - Undefined Weak Reference
    _get_lc_time                              - Undefined Weak Reference
    _getenv_init                              - Undefined Weak Reference
    _handle_redirection                       - Undefined Weak Reference
    _initio                                   - Undefined Weak Reference
    _mutex_acquire                            - Undefined Weak Reference
    _mutex_free                               - Undefined Weak Reference
    _mutex_release                            - Undefined Weak Reference
    _printf_post_padding                      - Undefined Weak Reference
    _printf_pre_padding                       - Undefined Weak Reference
    _rand_init                                - Undefined Weak Reference
    _signal_finish                            - Undefined Weak Reference
    _signal_init                              - Undefined Weak Reference
    _terminateio                              - Undefined Weak Reference
    __Vectors_Size                           0x00000188   Number         0  startup_stm32f407xx.o ABSOLUTE
    __Vectors                                0x08000000   Data           4  startup_stm32f407xx.o(RESET)
    __Vectors_End                            0x08000188   Data           0  startup_stm32f407xx.o(RESET)
    __main                                   0x08000189   Thumb Code     8  __main.o(!!!main)
    __scatterload                            0x08000191   Thumb Code     0  __scatter.o(!!!scatter)
    __scatterload_rt2                        0x08000191   Thumb Code    44  __scatter.o(!!!scatter)
    __scatterload_rt2_thumb_only             0x08000191   Thumb Code     0  __scatter.o(!!!scatter)
    __scatterload_null                       0x0800019f   Thumb Code     0  __scatter.o(!!!scatter)
    __decompress                             0x080001c5   Thumb Code    90  __dczerorl2.o(!!dczerorl2)
    __decompress1                            0x080001c5   Thumb Code     0  __dczerorl2.o(!!dczerorl2)
    __scatterload_zeroinit                   0x08000221   Thumb Code    28  __scatter_zi.o(!!handler_zi)
    _printf_f                                0x0800023d   Thumb Code     0  _printf_f.o(.ARM.Collect$$_printf_percent$$00000003)
    _printf_percent                          0x0800023d   Thumb Code     0  _printf_percent.o(.ARM.Collect$$_printf_percent$$00000000)
    _printf_percent_end                      0x08000243   Thumb Code     0  _printf_percent_end.o(.ARM.Collect$$_printf_percent$$00000017)
    __rt_lib_init                            0x08000247   Thumb Code     0  libinit.o(.ARM.Collect$$libinit$$00000000)
    __rt_lib_init_fp_1                       0x08000249   Thumb Code     0  libinit2.o(.ARM.Collect$$libinit$$00000001)
    __rt_lib_init_heap_2                     0x0800024d   Thumb Code     0  libinit2.o(.ARM.Collect$$libinit$$00000005)
    __rt_lib_init_preinit_1                  0x0800024d   Thumb Code     0  libinit2.o(.ARM.Collect$$libinit$$00000004)
    __rt_lib_init_heap_1                     0x08000255   Thumb Code     0  libinit2.o(.ARM.Collect$$libinit$$0000000A)
    __rt_lib_init_lc_common                  0x08000255   Thumb Code     0  libinit2.o(.ARM.Collect$$libinit$$0000000F)
    __rt_lib_init_rand_1                     0x08000255   Thumb Code     0  libinit2.o(.ARM.Collect$$libinit$$0000000E)
    __rt_lib_init_user_alloc_1               0x08000255   Thumb Code     0  libinit2.o(.ARM.Collect$$libinit$$0000000C)
    __rt_lib_init_lc_collate_1               0x0800025b   Thumb Code     0  libinit2.o(.ARM.Collect$$libinit$$00000011)
    __rt_lib_init_lc_ctype_1                 0x0800025b   Thumb Code     0  libinit2.o(.ARM.Collect$$libinit$$00000013)
    __rt_lib_init_lc_monetary_1              0x0800025b   Thumb Code     0  libinit2.o(.ARM.Collect$$libinit$$00000015)
    __rt_lib_init_lc_numeric_2               0x0800025b   Thumb Code     0  libinit2.o(.ARM.Collect$$libinit$$00000016)
    __rt_lib_init_alloca_1                   0x08000265   Thumb Code     0  libinit2.o(.ARM.Collect$$libinit$$0000002E)
    __rt_lib_init_argv_1                     0x08000265   Thumb Code     0  libinit2.o(.ARM.Collect$$libinit$$0000002C)
    __rt_lib_init_atexit_1                   0x08000265   Thumb Code     0  libinit2.o(.ARM.Collect$$libinit$$0000001B)
    __rt_lib_init_clock_1                    0x08000265   Thumb Code     0  libinit2.o(.ARM.Collect$$libinit$$00000021)
    __rt_lib_init_cpp_1                      0x08000265   Thumb Code     0  libinit2.o(.ARM.Collect$$libinit$$00000032)
    __rt_lib_init_exceptions_1               0x08000265   Thumb Code     0  libinit2.o(.ARM.Collect$$libinit$$00000030)
    __rt_lib_init_fp_trap_1                  0x08000265   Thumb Code     0  libinit2.o(.ARM.Collect$$libinit$$0000001F)
    __rt_lib_init_getenv_1                   0x08000265   Thumb Code     0  libinit2.o(.ARM.Collect$$libinit$$00000023)
    __rt_lib_init_lc_numeric_1               0x08000265   Thumb Code     0  libinit2.o(.ARM.Collect$$libinit$$00000017)
    __rt_lib_init_lc_time_1                  0x08000265   Thumb Code     0  libinit2.o(.ARM.Collect$$libinit$$00000019)
    __rt_lib_init_return                     0x08000265   Thumb Code     0  libinit2.o(.ARM.Collect$$libinit$$00000033)
    __rt_lib_init_signal_1                   0x08000265   Thumb Code     0  libinit2.o(.ARM.Collect$$libinit$$0000001D)
    __rt_lib_init_stdio_1                    0x08000265   Thumb Code     0  libinit2.o(.ARM.Collect$$libinit$$00000025)
    __rt_lib_shutdown                        0x08000267   Thumb Code     0  libshutdown.o(.ARM.Collect$$libshutdown$$00000000)
    __rt_lib_shutdown_cpp_1                  0x08000269   Thumb Code     0  libshutdown2.o(.ARM.Collect$$libshutdown$$00000002)
    __rt_lib_shutdown_fp_trap_1              0x08000269   Thumb Code     0  libshutdown2.o(.ARM.Collect$$libshutdown$$00000007)
    __rt_lib_shutdown_heap_1                 0x08000269   Thumb Code     0  libshutdown2.o(.ARM.Collect$$libshutdown$$0000000F)
    __rt_lib_shutdown_return                 0x08000269   Thumb Code     0  libshutdown2.o(.ARM.Collect$$libshutdown$$00000010)
    __rt_lib_shutdown_signal_1               0x08000269   Thumb Code     0  libshutdown2.o(.ARM.Collect$$libshutdown$$0000000A)
    __rt_lib_shutdown_stdio_1                0x08000269   Thumb Code     0  libshutdown2.o(.ARM.Collect$$libshutdown$$00000004)
    __rt_lib_shutdown_user_alloc_1           0x08000269   Thumb Code     0  libshutdown2.o(.ARM.Collect$$libshutdown$$0000000C)
    __rt_entry                               0x0800026b   Thumb Code     0  __rtentry.o(.ARM.Collect$$rtentry$$00000000)
    __rt_entry_presh_1                       0x0800026b   Thumb Code     0  __rtentry2.o(.ARM.Collect$$rtentry$$00000002)
    __rt_entry_sh                            0x0800026b   Thumb Code     0  __rtentry4.o(.ARM.Collect$$rtentry$$00000004)
    __rt_entry_li                            0x08000271   Thumb Code     0  __rtentry2.o(.ARM.Collect$$rtentry$$0000000A)
    __rt_entry_postsh_1                      0x08000271   Thumb Code     0  __rtentry2.o(.ARM.Collect$$rtentry$$00000009)
    __rt_entry_main                          0x08000275   Thumb Code     0  __rtentry2.o(.ARM.Collect$$rtentry$$0000000D)
    __rt_entry_postli_1                      0x08000275   Thumb Code     0  __rtentry2.o(.ARM.Collect$$rtentry$$0000000C)
    __rt_exit                                0x0800027d   Thumb Code     0  rtexit.o(.ARM.Collect$$rtexit$$00000000)
    __rt_exit_ls                             0x0800027f   Thumb Code     0  rtexit2.o(.ARM.Collect$$rtexit$$00000003)
    __rt_exit_prels_1                        0x0800027f   Thumb Code     0  rtexit2.o(.ARM.Collect$$rtexit$$00000002)
    __rt_exit_exit                           0x08000283   Thumb Code     0  rtexit2.o(.ARM.Collect$$rtexit$$00000004)
    BTN_Init                                 0x08000289   Thumb Code    56  adc_leds.o(.text)
    _maybe_terminate_alloc                   0x08000289   Thumb Code     0  maybetermalloc1.o(.emb_text)
    BTN_Get                                  0x080002c1   Thumb Code    10  adc_leds.o(.text)
    init_board                               0x080002cb   Thumb Code    36  adc_leds.o(.text)
    check_state_changed                      0x080002ef   Thumb Code    40  adc_leds.o(.text)
    get_units                                0x08000317   Thumb Code    32  adc_leds.o(.text)
    read_value                               0x08000337   Thumb Code    90  adc_leds.o(.text)
    send_Char                                0x08000391   Thumb Code    16  adc_leds.o(.text)
    send_String                              0x080003a1   Thumb Code    26  adc_leds.o(.text)
    mapValue                                 0x080003bb   Thumb Code    30  adc_leds.o(.text)
    main_functionality                       0x080003d9   Thumb Code   190  adc_leds.o(.text)
    main                                     0x08000497   Thumb Code   146  adc_leds.o(.text)
    SWT_Init                                 0x0800059d   Thumb Code    52  swt.o(.text)
    SWT_Get                                  0x080005d1   Thumb Code     6  swt.o(.text)
    SWT_Check                                0x080005d7   Thumb Code    24  swt.o(.text)
    USART3_IRQHandler                        0x080006a7   Thumb Code    50  serial.o(.text)
    serial_init                              0x080006d9   Thumb Code    14  serial.o(.text)
    sendchar                                 0x08000705   Thumb Code    26  retarget.o(.text)
    fputc                                    0x0800071f   Thumb Code    14  retarget.o(.text)
    ferror                                   0x0800072d   Thumb Code     8  retarget.o(.text)
    _ttywrch                                 0x08000735   Thumb Code    12  retarget.o(.text)
    _sys_exit                                0x08000741   Thumb Code     4  retarget.o(.text)
    buffer_init                              0x08000749   Thumb Code    16  lcd_buffer.o(.text)
    buffer_destroy                           0x08000759   Thumb Code    12  lcd_buffer.o(.text)
    buffer_full                              0x08000765   Thumb Code    30  lcd_buffer.o(.text)
    buffer_empty                             0x08000783   Thumb Code    18  lcd_buffer.o(.text)
    buffer_put                               0x08000795   Thumb Code    44  lcd_buffer.o(.text)
    buffer_get                               0x080007c1   Thumb Code    44  lcd_buffer.o(.text)
    lcd_write                                0x080007f1   Thumb Code    62  lcd_driver.o(.text)
    lcd_move_cursor                          0x0800082f   Thumb Code    36  lcd_driver.o(.text)
    lcd_clear_display                        0x08000853   Thumb Code    32  lcd_driver.o(.text)
    lcd_change_settings                      0x08000873   Thumb Code    34  lcd_driver.o(.text)
    lcd_setup_timer                          0x08000895   Thumb Code    54  lcd_driver.o(.text)
    lcd_setup_GPIO                           0x080008cb   Thumb Code   150  lcd_driver.o(.text)
    lcd_init                                 0x08000961   Thumb Code   130  lcd_driver.o(.text)
    lcd_write_string                         0x080009e3   Thumb Code   128  lcd_driver.o(.text)
    lcd_scrolling                            0x08000a63   Thumb Code    48  lcd_driver.o(.text)
    TIM6_DAC_IRQHandler                      0x08000a93   Thumb Code   490  lcd_driver.o(.text)
    ADC1_init                                0x08000c8d   Thumb Code   114  adc.o(.text)
    ADC2_init                                0x08000cff   Thumb Code   126  adc.o(.text)
    read_ADC1                                0x08000d7d   Thumb Code    34  adc.o(.text)
    read_ADC2                                0x08000d9f   Thumb Code    40  adc.o(.text)
    set_cont_ADC1                            0x08000dc7   Thumb Code    24  adc.o(.text)
    read_cont_ADC1                           0x08000ddf   Thumb Code    20  adc.o(.text)
    GPIO_DeInit                              0x08000e09   Thumb Code   268  stm32f4xx_gpio.o(.text)
    GPIO_Init                                0x08000f15   Thumb Code   144  stm32f4xx_gpio.o(.text)
    GPIO_StructInit                          0x08000fa5   Thumb Code    18  stm32f4xx_gpio.o(.text)
    GPIO_PinLockConfig                       0x08000fb7   Thumb Code    34  stm32f4xx_gpio.o(.text)
    GPIO_ReadInputDataBit                    0x08000fd9   Thumb Code    18  stm32f4xx_gpio.o(.text)
    GPIO_ReadInputData                       0x08000feb   Thumb Code     8  stm32f4xx_gpio.o(.text)
    GPIO_ReadOutputDataBit                   0x08000ff3   Thumb Code    18  stm32f4xx_gpio.o(.text)
    GPIO_ReadOutputData                      0x08001005   Thumb Code     8  stm32f4xx_gpio.o(.text)
    GPIO_SetBits                             0x0800100d   Thumb Code     4  stm32f4xx_gpio.o(.text)
    GPIO_ResetBits                           0x08001011   Thumb Code     4  stm32f4xx_gpio.o(.text)
    GPIO_WriteBit                            0x08001015   Thumb Code    10  stm32f4xx_gpio.o(.text)
    GPIO_Write                               0x0800101f   Thumb Code     4  stm32f4xx_gpio.o(.text)
    GPIO_ToggleBits                          0x08001023   Thumb Code     8  stm32f4xx_gpio.o(.text)
    GPIO_PinAFConfig                         0x0800102b   Thumb Code    70  stm32f4xx_gpio.o(.text)
    NVIC_PriorityGroupConfig                 0x0800109d   Thumb Code    10  misc.o(.text)
    NVIC_Init                                0x080010a7   Thumb Code   106  misc.o(.text)
    NVIC_SetVectorTable                      0x08001111   Thumb Code    14  misc.o(.text)
    NVIC_SystemLPConfig                      0x0800111f   Thumb Code    34  misc.o(.text)
    SysTick_CLKSourceConfig                  0x08001141   Thumb Code    40  misc.o(.text)
    RCC_DeInit                               0x0800117d   Thumb Code    82  stm32f4xx_rcc.o(.text)
    RCC_HSEConfig                            0x080011cf   Thumb Code    14  stm32f4xx_rcc.o(.text)
    RCC_GetFlagStatus                        0x080011dd   Thumb Code    60  stm32f4xx_rcc.o(.text)
    RCC_WaitForHSEStartUp                    0x08001219   Thumb Code    56  stm32f4xx_rcc.o(.text)
    RCC_AdjustHSICalibrationValue            0x08001251   Thumb Code    20  stm32f4xx_rcc.o(.text)
    RCC_HSICmd                               0x08001265   Thumb Code     6  stm32f4xx_rcc.o(.text)
    RCC_LSEConfig                            0x0800126b   Thumb Code    46  stm32f4xx_rcc.o(.text)
    RCC_LSICmd                               0x08001299   Thumb Code     6  stm32f4xx_rcc.o(.text)
    RCC_PLLConfig                            0x0800129f   Thumb Code    32  stm32f4xx_rcc.o(.text)
    RCC_PLLCmd                               0x080012bf   Thumb Code     6  stm32f4xx_rcc.o(.text)
    RCC_PLLI2SConfig                         0x080012c5   Thumb Code    14  stm32f4xx_rcc.o(.text)
    RCC_PLLI2SCmd                            0x080012d3   Thumb Code     6  stm32f4xx_rcc.o(.text)
    RCC_PLLSAIConfig                         0x080012d9   Thumb Code    20  stm32f4xx_rcc.o(.text)
    RCC_PLLSAICmd                            0x080012ed   Thumb Code     6  stm32f4xx_rcc.o(.text)
    RCC_ClockSecuritySystemCmd               0x080012f3   Thumb Code     6  stm32f4xx_rcc.o(.text)
    RCC_MCO1Config                           0x080012f9   Thumb Code    28  stm32f4xx_rcc.o(.text)
    RCC_MCO2Config                           0x08001315   Thumb Code    28  stm32f4xx_rcc.o(.text)
    RCC_SYSCLKConfig                         0x08001331   Thumb Code    20  stm32f4xx_rcc.o(.text)
    RCC_GetSYSCLKSource                      0x08001345   Thumb Code    12  stm32f4xx_rcc.o(.text)
    RCC_HCLKConfig                           0x08001351   Thumb Code    20  stm32f4xx_rcc.o(.text)
    RCC_PCLK1Config                          0x08001365   Thumb Code    20  stm32f4xx_rcc.o(.text)
    RCC_PCLK2Config                          0x08001379   Thumb Code    22  stm32f4xx_rcc.o(.text)
    RCC_GetClocksFreq                        0x0800138f   Thumb Code   222  stm32f4xx_rcc.o(.text)
    RCC_RTCCLKConfig                         0x0800146d   Thumb Code    54  stm32f4xx_rcc.o(.text)
    RCC_RTCCLKCmd                            0x080014a3   Thumb Code     8  stm32f4xx_rcc.o(.text)
    RCC_BackupResetCmd                       0x080014ab   Thumb Code     8  stm32f4xx_rcc.o(.text)
    RCC_I2SCLKConfig                         0x080014b3   Thumb Code     6  stm32f4xx_rcc.o(.text)
    RCC_SAIBlockACLKConfig                   0x080014b9   Thumb Code    20  stm32f4xx_rcc.o(.text)
    RCC_SAIBlockBCLKConfig                   0x080014cd   Thumb Code    20  stm32f4xx_rcc.o(.text)
    RCC_SAIPLLI2SClkDivConfig                0x080014e1   Thumb Code    26  stm32f4xx_rcc.o(.text)
    RCC_SAIPLLSAIClkDivConfig                0x080014fb   Thumb Code    28  stm32f4xx_rcc.o(.text)
    RCC_LTDCCLKDivConfig                     0x08001517   Thumb Code    20  stm32f4xx_rcc.o(.text)
    RCC_TIMCLKPresConfig                     0x0800152b   Thumb Code     6  stm32f4xx_rcc.o(.text)
    RCC_AHB1PeriphClockCmd                   0x08001531   Thumb Code    34  stm32f4xx_rcc.o(.text)
    RCC_AHB2PeriphClockCmd                   0x08001553   Thumb Code    78  stm32f4xx_rcc.o(.text)
    RCC_AHB3PeriphClockCmd                   0x080015a1   Thumb Code    34  stm32f4xx_rcc.o(.text)
    RCC_APB1PeriphClockCmd                   0x080015c3   Thumb Code    34  stm32f4xx_rcc.o(.text)
    RCC_APB2PeriphClockCmd                   0x080015e5   Thumb Code    34  stm32f4xx_rcc.o(.text)
    RCC_AHB1PeriphResetCmd                   0x08001607   Thumb Code    34  stm32f4xx_rcc.o(.text)
    RCC_AHB2PeriphResetCmd                   0x08001629   Thumb Code    34  stm32f4xx_rcc.o(.text)
    RCC_AHB3PeriphResetCmd                   0x0800164b   Thumb Code    34  stm32f4xx_rcc.o(.text)
    RCC_APB1PeriphResetCmd                   0x0800166d   Thumb Code    34  stm32f4xx_rcc.o(.text)
    RCC_APB2PeriphResetCmd                   0x0800168f   Thumb Code    34  stm32f4xx_rcc.o(.text)
    RCC_AHB1PeriphClockLPModeCmd             0x080016b1   Thumb Code    34  stm32f4xx_rcc.o(.text)
    RCC_AHB2PeriphClockLPModeCmd             0x080016d3   Thumb Code    34  stm32f4xx_rcc.o(.text)
    RCC_AHB3PeriphClockLPModeCmd             0x080016f5   Thumb Code    34  stm32f4xx_rcc.o(.text)
    RCC_APB1PeriphClockLPModeCmd             0x08001717   Thumb Code    34  stm32f4xx_rcc.o(.text)
    RCC_APB2PeriphClockLPModeCmd             0x08001739   Thumb Code    34  stm32f4xx_rcc.o(.text)
    RCC_LSEModeConfig                        0x0800175b   Thumb Code    40  stm32f4xx_rcc.o(.text)
    RCC_ITConfig                             0x08001783   Thumb Code    34  stm32f4xx_rcc.o(.text)
    RCC_ClearFlag                            0x080017a5   Thumb Code    18  stm32f4xx_rcc.o(.text)
    RCC_GetITStatus                          0x080017b7   Thumb Code    22  stm32f4xx_rcc.o(.text)
    RCC_ClearITPendingBit                    0x080017cd   Thumb Code     8  stm32f4xx_rcc.o(.text)
    USART_DeInit                             0x080017d9   Thumb Code   206  stm32f4xx_usart.o(.text)
    USART_Init                               0x080018a7   Thumb Code   204  stm32f4xx_usart.o(.text)
    USART_StructInit                         0x08001973   Thumb Code    24  stm32f4xx_usart.o(.text)
    USART_ClockInit                          0x0800198b   Thumb Code    32  stm32f4xx_usart.o(.text)
    USART_ClockStructInit                    0x080019ab   Thumb Code    12  stm32f4xx_usart.o(.text)
    USART_Cmd                                0x080019b7   Thumb Code    24  stm32f4xx_usart.o(.text)
    USART_SetPrescaler                       0x080019cf   Thumb Code    16  stm32f4xx_usart.o(.text)
    USART_OverSampling8Cmd                   0x080019df   Thumb Code    22  stm32f4xx_usart.o(.text)
    USART_OneBitMethodCmd                    0x080019f5   Thumb Code    24  stm32f4xx_usart.o(.text)
    USART_SendData                           0x08001a0d   Thumb Code     8  stm32f4xx_usart.o(.text)
    USART_ReceiveData                        0x08001a15   Thumb Code    10  stm32f4xx_usart.o(.text)
    USART_SetAddress                         0x08001a1f   Thumb Code    18  stm32f4xx_usart.o(.text)
    USART_ReceiverWakeUpCmd                  0x08001a31   Thumb Code    24  stm32f4xx_usart.o(.text)
    USART_WakeUpConfig                       0x08001a49   Thumb Code    18  stm32f4xx_usart.o(.text)
    USART_LINBreakDetectLengthConfig         0x08001a5b   Thumb Code    18  stm32f4xx_usart.o(.text)
    USART_LINCmd                             0x08001a6d   Thumb Code    24  stm32f4xx_usart.o(.text)
    USART_SendBreak                          0x08001a85   Thumb Code    10  stm32f4xx_usart.o(.text)
    USART_HalfDuplexCmd                      0x08001a8f   Thumb Code    24  stm32f4xx_usart.o(.text)
    USART_SetGuardTime                       0x08001aa7   Thumb Code    16  stm32f4xx_usart.o(.text)
    USART_SmartCardCmd                       0x08001ab7   Thumb Code    24  stm32f4xx_usart.o(.text)
    USART_SmartCardNACKCmd                   0x08001acf   Thumb Code    24  stm32f4xx_usart.o(.text)
    USART_IrDAConfig                         0x08001ae7   Thumb Code    18  stm32f4xx_usart.o(.text)
    USART_IrDACmd                            0x08001af9   Thumb Code    24  stm32f4xx_usart.o(.text)
    USART_DMACmd                             0x08001b11   Thumb Code    18  stm32f4xx_usart.o(.text)
    USART_ITConfig                           0x08001b23   Thumb Code    74  stm32f4xx_usart.o(.text)
    USART_GetFlagStatus                      0x08001b6d   Thumb Code    26  stm32f4xx_usart.o(.text)
    USART_ClearFlag                          0x08001b87   Thumb Code    18  stm32f4xx_usart.o(.text)
    USART_GetITStatus                        0x08001b99   Thumb Code   118  stm32f4xx_usart.o(.text)
    USART_ClearITPendingBit                  0x08001c0f   Thumb Code    30  stm32f4xx_usart.o(.text)
    PWM_SetDC                                0x08001c2d   Thumb Code    42  sig_gen.o(.text)
    TIM2_IRQHandler                          0x08001c57   Thumb Code    86  sig_gen.o(.text)
    INTTIM_Config                            0x08001cad   Thumb Code    82  sig_gen.o(.text)
    PWM_Config                               0x08001cff   Thumb Code   170  sig_gen.o(.text)
    LED_Config                               0x08001da9   Thumb Code    42  sig_gen.o(.text)
    TIM_Config                               0x08001dd3   Thumb Code   132  sig_gen.o(.text)
    generate_sine                            0x08001e57   Thumb Code    64  sig_gen.o(.text)
    TIM_DeInit                               0x08001ec9   Thumb Code   346  stm32f4xx_tim.o(.text)
    TIM_TimeBaseInit                         0x08002023   Thumb Code   104  stm32f4xx_tim.o(.text)
    TIM_TimeBaseStructInit                   0x0800208b   Thumb Code    18  stm32f4xx_tim.o(.text)
    TIM_PrescalerConfig                      0x0800209d   Thumb Code     6  stm32f4xx_tim.o(.text)
    TIM_CounterModeConfig                    0x080020a3   Thumb Code    18  stm32f4xx_tim.o(.text)
    TIM_SetCounter                           0x080020b5   Thumb Code     4  stm32f4xx_tim.o(.text)
    TIM_SetAutoreload                        0x080020b9   Thumb Code     4  stm32f4xx_tim.o(.text)
    TIM_GetCounter                           0x080020bd   Thumb Code     6  stm32f4xx_tim.o(.text)
    TIM_GetPrescaler                         0x080020c3   Thumb Code     6  stm32f4xx_tim.o(.text)
    TIM_UpdateDisableConfig                  0x080020c9   Thumb Code    24  stm32f4xx_tim.o(.text)
    TIM_UpdateRequestConfig                  0x080020e1   Thumb Code    24  stm32f4xx_tim.o(.text)
    TIM_ARRPreloadConfig                     0x080020f9   Thumb Code    24  stm32f4xx_tim.o(.text)
    TIM_SelectOnePulseMode                   0x08002111   Thumb Code    18  stm32f4xx_tim.o(.text)
    TIM_SetClockDivision                     0x08002123   Thumb Code    18  stm32f4xx_tim.o(.text)
    TIM_Cmd                                  0x08002135   Thumb Code    24  stm32f4xx_tim.o(.text)
    TIM_OC1Init                              0x0800214d   Thumb Code   114  stm32f4xx_tim.o(.text)
    TIM_OC2Init                              0x080021bf   Thumb Code   154  stm32f4xx_tim.o(.text)
    TIM_OC3Init                              0x08002259   Thumb Code   204  stm32f4xx_tim.o(.text)
    TIM_OC4Init                              0x08002325   Thumb Code   112  stm32f4xx_tim.o(.text)
    TIM_OCStructInit                         0x08002395   Thumb Code    20  stm32f4xx_tim.o(.text)
    TIM_SelectOCxM                           0x080023a9   Thumb Code    86  stm32f4xx_tim.o(.text)
    TIM_SetCompare1                          0x080023ff   Thumb Code     4  stm32f4xx_tim.o(.text)
    TIM_SetCompare2                          0x08002403   Thumb Code     4  stm32f4xx_tim.o(.text)
    TIM_SetCompare3                          0x08002407   Thumb Code     4  stm32f4xx_tim.o(.text)
    TIM_SetCompare4                          0x0800240b   Thumb Code     4  stm32f4xx_tim.o(.text)
    TIM_ForcedOC1Config                      0x0800240f   Thumb Code    18  stm32f4xx_tim.o(.text)
    TIM_ForcedOC2Config                      0x08002421   Thumb Code    26  stm32f4xx_tim.o(.text)
    TIM_ForcedOC3Config                      0x0800243b   Thumb Code    18  stm32f4xx_tim.o(.text)
    TIM_ForcedOC4Config                      0x0800244d   Thumb Code    26  stm32f4xx_tim.o(.text)
    TIM_OC1PreloadConfig                     0x08002467   Thumb Code    18  stm32f4xx_tim.o(.text)
    TIM_OC2PreloadConfig                     0x08002479   Thumb Code    26  stm32f4xx_tim.o(.text)
    TIM_OC3PreloadConfig                     0x08002493   Thumb Code    18  stm32f4xx_tim.o(.text)
    TIM_OC4PreloadConfig                     0x080024a5   Thumb Code    26  stm32f4xx_tim.o(.text)
    TIM_OC1FastConfig                        0x080024bf   Thumb Code    18  stm32f4xx_tim.o(.text)
    TIM_OC2FastConfig                        0x080024d1   Thumb Code    26  stm32f4xx_tim.o(.text)
    TIM_OC3FastConfig                        0x080024eb   Thumb Code    18  stm32f4xx_tim.o(.text)
    TIM_OC4FastConfig                        0x080024fd   Thumb Code    26  stm32f4xx_tim.o(.text)
    TIM_ClearOC1Ref                          0x08002517   Thumb Code    18  stm32f4xx_tim.o(.text)
    TIM_ClearOC2Ref                          0x08002529   Thumb Code    24  stm32f4xx_tim.o(.text)
    TIM_ClearOC3Ref                          0x08002541   Thumb Code    18  stm32f4xx_tim.o(.text)
    TIM_ClearOC4Ref                          0x08002553   Thumb Code    24  stm32f4xx_tim.o(.text)
    TIM_OC1PolarityConfig                    0x0800256b   Thumb Code    18  stm32f4xx_tim.o(.text)
    TIM_OC1NPolarityConfig                   0x0800257d   Thumb Code    18  stm32f4xx_tim.o(.text)
    TIM_OC2PolarityConfig                    0x0800258f   Thumb Code    26  stm32f4xx_tim.o(.text)
    TIM_OC2NPolarityConfig                   0x080025a9   Thumb Code    26  stm32f4xx_tim.o(.text)
    TIM_OC3PolarityConfig                    0x080025c3   Thumb Code    26  stm32f4xx_tim.o(.text)
    TIM_OC3NPolarityConfig                   0x080025dd   Thumb Code    26  stm32f4xx_tim.o(.text)
    TIM_OC4PolarityConfig                    0x080025f7   Thumb Code    26  stm32f4xx_tim.o(.text)
    TIM_CCxCmd                               0x08002611   Thumb Code    30  stm32f4xx_tim.o(.text)
    TIM_CCxNCmd                              0x0800262f   Thumb Code    30  stm32f4xx_tim.o(.text)
    TIM_SetIC4Prescaler                      0x0800264d   Thumb Code    26  stm32f4xx_tim.o(.text)
    TIM_SetIC3Prescaler                      0x080026b7   Thumb Code    18  stm32f4xx_tim.o(.text)
    TIM_SetIC2Prescaler                      0x08002711   Thumb Code    26  stm32f4xx_tim.o(.text)
    TIM_SetIC1Prescaler                      0x08002785   Thumb Code    18  stm32f4xx_tim.o(.text)
    TIM_ICInit                               0x080027d1   Thumb Code   110  stm32f4xx_tim.o(.text)
    TIM_ICStructInit                         0x0800283f   Thumb Code    18  stm32f4xx_tim.o(.text)
    TIM_PWMIConfig                           0x08002851   Thumb Code   124  stm32f4xx_tim.o(.text)
    TIM_GetCapture1                          0x080028cd   Thumb Code     6  stm32f4xx_tim.o(.text)
    TIM_GetCapture2                          0x080028d3   Thumb Code     6  stm32f4xx_tim.o(.text)
    TIM_GetCapture3                          0x080028d9   Thumb Code     6  stm32f4xx_tim.o(.text)
    TIM_GetCapture4                          0x080028df   Thumb Code     6  stm32f4xx_tim.o(.text)
    TIM_BDTRConfig                           0x080028e5   Thumb Code    32  stm32f4xx_tim.o(.text)
    TIM_BDTRStructInit                       0x08002905   Thumb Code    18  stm32f4xx_tim.o(.text)
    TIM_CtrlPWMOutputs                       0x08002917   Thumb Code    30  stm32f4xx_tim.o(.text)
    TIM_SelectCOM                            0x08002935   Thumb Code    24  stm32f4xx_tim.o(.text)
    TIM_CCPreloadControl                     0x0800294d   Thumb Code    24  stm32f4xx_tim.o(.text)
    TIM_ITConfig                             0x08002965   Thumb Code    18  stm32f4xx_tim.o(.text)
    TIM_GenerateEvent                        0x08002977   Thumb Code     4  stm32f4xx_tim.o(.text)
    TIM_GetFlagStatus                        0x0800297b   Thumb Code    18  stm32f4xx_tim.o(.text)
    TIM_ClearFlag                            0x0800298d   Thumb Code     6  stm32f4xx_tim.o(.text)
    TIM_GetITStatus                          0x08002993   Thumb Code    34  stm32f4xx_tim.o(.text)
    TIM_ClearITPendingBit                    0x080029b5   Thumb Code     6  stm32f4xx_tim.o(.text)
    TIM_DMAConfig                            0x080029bb   Thumb Code    10  stm32f4xx_tim.o(.text)
    TIM_DMACmd                               0x080029c5   Thumb Code    18  stm32f4xx_tim.o(.text)
    TIM_SelectCCDMA                          0x080029d7   Thumb Code    24  stm32f4xx_tim.o(.text)
    TIM_InternalClockConfig                  0x080029ef   Thumb Code    12  stm32f4xx_tim.o(.text)
    TIM_SelectInputTrigger                   0x080029fb   Thumb Code    18  stm32f4xx_tim.o(.text)
    TIM_ITRxExternalClockConfig              0x08002a0d   Thumb Code    24  stm32f4xx_tim.o(.text)
    TIM_TIxExternalClockConfig               0x08002a25   Thumb Code    62  stm32f4xx_tim.o(.text)
    TIM_ETRConfig                            0x08002a63   Thumb Code    28  stm32f4xx_tim.o(.text)
    TIM_ETRClockMode1Config                  0x08002a7f   Thumb Code    54  stm32f4xx_tim.o(.text)
    TIM_ETRClockMode2Config                  0x08002ab5   Thumb Code    32  stm32f4xx_tim.o(.text)
    TIM_SelectOutputTrigger                  0x08002ad5   Thumb Code    18  stm32f4xx_tim.o(.text)
    TIM_SelectSlaveMode                      0x08002ae7   Thumb Code    18  stm32f4xx_tim.o(.text)
    TIM_SelectMasterSlaveMode                0x08002af9   Thumb Code    18  stm32f4xx_tim.o(.text)
    TIM_EncoderInterfaceConfig               0x08002b0b   Thumb Code    66  stm32f4xx_tim.o(.text)
    TIM_SelectHallSensor                     0x08002b4d   Thumb Code    24  stm32f4xx_tim.o(.text)
    TIM_RemapConfig                          0x08002b65   Thumb Code     6  stm32f4xx_tim.o(.text)
    SysTick_Handler                          0x08002b6d   Thumb Code    12  utility.o(.text)
    Delay                                    0x08002b79   Thumb Code    18  utility.o(.text)
    Reset_Handler                            0x08002b91   Thumb Code     8  startup_stm32f407xx.o(.text)
    NMI_Handler                              0x08002b99   Thumb Code     2  startup_stm32f407xx.o(.text)
    HardFault_Handler                        0x08002b9b   Thumb Code     2  startup_stm32f407xx.o(.text)
    MemManage_Handler                        0x08002b9d   Thumb Code     2  startup_stm32f407xx.o(.text)
    BusFault_Handler                         0x08002b9f   Thumb Code     2  startup_stm32f407xx.o(.text)
    UsageFault_Handler                       0x08002ba1   Thumb Code     2  startup_stm32f407xx.o(.text)
    SVC_Handler                              0x08002ba3   Thumb Code     2  startup_stm32f407xx.o(.text)
    DebugMon_Handler                         0x08002ba5   Thumb Code     2  startup_stm32f407xx.o(.text)
    PendSV_Handler                           0x08002ba7   Thumb Code     2  startup_stm32f407xx.o(.text)
    ADC_IRQHandler                           0x08002bab   Thumb Code     0  startup_stm32f407xx.o(.text)
    CAN1_RX0_IRQHandler                      0x08002bab   Thumb Code     0  startup_stm32f407xx.o(.text)
    CAN1_RX1_IRQHandler                      0x08002bab   Thumb Code     0  startup_stm32f407xx.o(.text)
    CAN1_SCE_IRQHandler                      0x08002bab   Thumb Code     0  startup_stm32f407xx.o(.text)
    CAN1_TX_IRQHandler                       0x08002bab   Thumb Code     0  startup_stm32f407xx.o(.text)
    CAN2_RX0_IRQHandler                      0x08002bab   Thumb Code     0  startup_stm32f407xx.o(.text)
    CAN2_RX1_IRQHandler                      0x08002bab   Thumb Code     0  startup_stm32f407xx.o(.text)
    CAN2_SCE_IRQHandler                      0x08002bab   Thumb Code     0  startup_stm32f407xx.o(.text)
    CAN2_TX_IRQHandler                       0x08002bab   Thumb Code     0  startup_stm32f407xx.o(.text)
    DCMI_IRQHandler                          0x08002bab   Thumb Code     0  startup_stm32f407xx.o(.text)
    DMA1_Stream0_IRQHandler                  0x08002bab   Thumb Code     0  startup_stm32f407xx.o(.text)
    DMA1_Stream1_IRQHandler                  0x08002bab   Thumb Code     0  startup_stm32f407xx.o(.text)
    DMA1_Stream2_IRQHandler                  0x08002bab   Thumb Code     0  startup_stm32f407xx.o(.text)
    DMA1_Stream3_IRQHandler                  0x08002bab   Thumb Code     0  startup_stm32f407xx.o(.text)
    DMA1_Stream4_IRQHandler                  0x08002bab   Thumb Code     0  startup_stm32f407xx.o(.text)
    DMA1_Stream5_IRQHandler                  0x08002bab   Thumb Code     0  startup_stm32f407xx.o(.text)
    DMA1_Stream6_IRQHandler                  0x08002bab   Thumb Code     0  startup_stm32f407xx.o(.text)
    DMA1_Stream7_IRQHandler                  0x08002bab   Thumb Code     0  startup_stm32f407xx.o(.text)
    DMA2_Stream0_IRQHandler                  0x08002bab   Thumb Code     0  startup_stm32f407xx.o(.text)
    DMA2_Stream1_IRQHandler                  0x08002bab   Thumb Code     0  startup_stm32f407xx.o(.text)
    DMA2_Stream2_IRQHandler                  0x08002bab   Thumb Code     0  startup_stm32f407xx.o(.text)
    DMA2_Stream3_IRQHandler                  0x08002bab   Thumb Code     0  startup_stm32f407xx.o(.text)
    DMA2_Stream4_IRQHandler                  0x08002bab   Thumb Code     0  startup_stm32f407xx.o(.text)
    DMA2_Stream5_IRQHandler                  0x08002bab   Thumb Code     0  startup_stm32f407xx.o(.text)
    DMA2_Stream6_IRQHandler                  0x08002bab   Thumb Code     0  startup_stm32f407xx.o(.text)
    DMA2_Stream7_IRQHandler                  0x08002bab   Thumb Code     0  startup_stm32f407xx.o(.text)
    ETH_IRQHandler                           0x08002bab   Thumb Code     0  startup_stm32f407xx.o(.text)
    ETH_WKUP_IRQHandler                      0x08002bab   Thumb Code     0  startup_stm32f407xx.o(.text)
    EXTI0_IRQHandler                         0x08002bab   Thumb Code     0  startup_stm32f407xx.o(.text)
    EXTI15_10_IRQHandler                     0x08002bab   Thumb Code     0  startup_stm32f407xx.o(.text)
    EXTI1_IRQHandler                         0x08002bab   Thumb Code     0  startup_stm32f407xx.o(.text)
    EXTI2_IRQHandler                         0x08002bab   Thumb Code     0  startup_stm32f407xx.o(.text)
    EXTI3_IRQHandler                         0x08002bab   Thumb Code     0  startup_stm32f407xx.o(.text)
    EXTI4_IRQHandler                         0x08002bab   Thumb Code     0  startup_stm32f407xx.o(.text)
    EXTI9_5_IRQHandler                       0x08002bab   Thumb Code     0  startup_stm32f407xx.o(.text)
    FLASH_IRQHandler                         0x08002bab   Thumb Code     0  startup_stm32f407xx.o(.text)
    FMC_IRQHandler                           0x08002bab   Thumb Code     0  startup_stm32f407xx.o(.text)
    FPU_IRQHandler                           0x08002bab   Thumb Code     0  startup_stm32f407xx.o(.text)
    HASH_RNG_IRQHandler                      0x08002bab   Thumb Code     0  startup_stm32f407xx.o(.text)
    I2C1_ER_IRQHandler                       0x08002bab   Thumb Code     0  startup_stm32f407xx.o(.text)
    I2C1_EV_IRQHandler                       0x08002bab   Thumb Code     0  startup_stm32f407xx.o(.text)
    I2C2_ER_IRQHandler                       0x08002bab   Thumb Code     0  startup_stm32f407xx.o(.text)
    I2C2_EV_IRQHandler                       0x08002bab   Thumb Code     0  startup_stm32f407xx.o(.text)
    I2C3_ER_IRQHandler                       0x08002bab   Thumb Code     0  startup_stm32f407xx.o(.text)
    I2C3_EV_IRQHandler                       0x08002bab   Thumb Code     0  startup_stm32f407xx.o(.text)
    OTG_FS_IRQHandler                        0x08002bab   Thumb Code     0  startup_stm32f407xx.o(.text)
    OTG_FS_WKUP_IRQHandler                   0x08002bab   Thumb Code     0  startup_stm32f407xx.o(.text)
    OTG_HS_EP1_IN_IRQHandler                 0x08002bab   Thumb Code     0  startup_stm32f407xx.o(.text)
    OTG_HS_EP1_OUT_IRQHandler                0x08002bab   Thumb Code     0  startup_stm32f407xx.o(.text)
    OTG_HS_IRQHandler                        0x08002bab   Thumb Code     0  startup_stm32f407xx.o(.text)
    OTG_HS_WKUP_IRQHandler                   0x08002bab   Thumb Code     0  startup_stm32f407xx.o(.text)
    PVD_IRQHandler                           0x08002bab   Thumb Code     0  startup_stm32f407xx.o(.text)
    RCC_IRQHandler                           0x08002bab   Thumb Code     0  startup_stm32f407xx.o(.text)
    RTC_Alarm_IRQHandler                     0x08002bab   Thumb Code     0  startup_stm32f407xx.o(.text)
    RTC_WKUP_IRQHandler                      0x08002bab   Thumb Code     0  startup_stm32f407xx.o(.text)
    SDIO_IRQHandler                          0x08002bab   Thumb Code     0  startup_stm32f407xx.o(.text)
    SPI1_IRQHandler                          0x08002bab   Thumb Code     0  startup_stm32f407xx.o(.text)
    SPI2_IRQHandler                          0x08002bab   Thumb Code     0  startup_stm32f407xx.o(.text)
    SPI3_IRQHandler                          0x08002bab   Thumb Code     0  startup_stm32f407xx.o(.text)
    TAMP_STAMP_IRQHandler                    0x08002bab   Thumb Code     0  startup_stm32f407xx.o(.text)
    TIM1_BRK_TIM9_IRQHandler                 0x08002bab   Thumb Code     0  startup_stm32f407xx.o(.text)
    TIM1_CC_IRQHandler                       0x08002bab   Thumb Code     0  startup_stm32f407xx.o(.text)
    TIM1_TRG_COM_TIM11_IRQHandler            0x08002bab   Thumb Code     0  startup_stm32f407xx.o(.text)
    TIM1_UP_TIM10_IRQHandler                 0x08002bab   Thumb Code     0  startup_stm32f407xx.o(.text)
    TIM3_IRQHandler                          0x08002bab   Thumb Code     0  startup_stm32f407xx.o(.text)
    TIM4_IRQHandler                          0x08002bab   Thumb Code     0  startup_stm32f407xx.o(.text)
    TIM5_IRQHandler                          0x08002bab   Thumb Code     0  startup_stm32f407xx.o(.text)
    TIM7_IRQHandler                          0x08002bab   Thumb Code     0  startup_stm32f407xx.o(.text)
    TIM8_BRK_TIM12_IRQHandler                0x08002bab   Thumb Code     0  startup_stm32f407xx.o(.text)
    TIM8_CC_IRQHandler                       0x08002bab   Thumb Code     0  startup_stm32f407xx.o(.text)
    TIM8_TRG_COM_TIM14_IRQHandler            0x08002bab   Thumb Code     0  startup_stm32f407xx.o(.text)
    TIM8_UP_TIM13_IRQHandler                 0x08002bab   Thumb Code     0  startup_stm32f407xx.o(.text)
    UART4_IRQHandler                         0x08002bab   Thumb Code     0  startup_stm32f407xx.o(.text)
    UART5_IRQHandler                         0x08002bab   Thumb Code     0  startup_stm32f407xx.o(.text)
    USART1_IRQHandler                        0x08002bab   Thumb Code     0  startup_stm32f407xx.o(.text)
    USART2_IRQHandler                        0x08002bab   Thumb Code     0  startup_stm32f407xx.o(.text)
    USART6_IRQHandler                        0x08002bab   Thumb Code     0  startup_stm32f407xx.o(.text)
    WWDG_IRQHandler                          0x08002bab   Thumb Code     0  startup_stm32f407xx.o(.text)
    __user_initial_stackheap                 0x08002bad   Thumb Code     0  startup_stm32f407xx.o(.text)
    SystemInit                               0x08002cad   Thumb Code    88  system_stm32f4xx.o(.text)
    SystemCoreClockUpdate                    0x08002d05   Thumb Code   174  system_stm32f4xx.o(.text)
    __I$use$semihosting                      0x08002de1   Thumb Code     0  use_no_semi.o(.text)
    __use_no_semihosting_swi                 0x08002de1   Thumb Code     2  use_no_semi.o(.text)
    malloc                                   0x08002de3   Thumb Code    94  h1_alloc.o(.text)
    free                                     0x08002e41   Thumb Code    78  h1_free.o(.text)
    __2sprintf                               0x08002e91   Thumb Code    34  noretval__2sprintf.o(.text)
    __printf                                 0x08002eb9   Thumb Code   270  __printf_wp.o(.text)
    strcat                                   0x08002fc7   Thumb Code    24  strcat.o(.text)
    __use_two_region_memory                  0x08002fdf   Thumb Code     2  heapauxi.o(.text)
    __rt_heap_escrow                         0x08002fe1   Thumb Code     2  heapauxi.o(.text)
    __rt_heap_expand                         0x08002fe3   Thumb Code     2  heapauxi.o(.text)
    __rt_heap_descriptor                     0x08002fe5   Thumb Code     8  rt_heap_descriptor_intlibspace.o(.text)
    __use_no_heap                            0x08002fed   Thumb Code     2  hguard.o(.text)
    __heap$guard                             0x08002fef   Thumb Code     2  hguard.o(.text)
    _terminate_user_alloc                    0x08002ff1   Thumb Code     2  init_alloc.o(.text)
    _init_user_alloc                         0x08002ff3   Thumb Code     2  init_alloc.o(.text)
    __Heap_Full                              0x08002ff5   Thumb Code    34  init_alloc.o(.text)
    __Heap_Broken                            0x08003017   Thumb Code     6  init_alloc.o(.text)
    _init_alloc                              0x0800301d   Thumb Code    94  init_alloc.o(.text)
    __Heap_Initialize                        0x0800307b   Thumb Code    10  h1_init.o(.text)
    __Heap_DescSize                          0x08003085   Thumb Code     4  h1_init.o(.text)
    __lib_sel_fp_printf                      0x08003089   Thumb Code     2  _printf_fp_dec.o(.text)
    _printf_fp_dec_real                      0x08003237   Thumb Code   620  _printf_fp_dec.o(.text)
    _printf_char_common                      0x080034af   Thumb Code    32  _printf_char_common.o(.text)
    _sputc                                   0x080034d5   Thumb Code    10  _sputc.o(.text)
    __user_libspace                          0x080034e1   Thumb Code     8  libspace.o(.text)
    __user_perproc_libspace                  0x080034e1   Thumb Code     0  libspace.o(.text)
    __user_perthread_libspace                0x080034e1   Thumb Code     0  libspace.o(.text)
    __rt_locale                              0x080034e9   Thumb Code     8  rt_locale_intlibspace.o(.text)
    __Heap_ProvideMemory                     0x080034f1   Thumb Code    52  h1_extend.o(.text)
    _ll_udiv10                               0x08003525   Thumb Code   138  lludiv10.o(.text)
    _printf_fp_infnan                        0x080035b1   Thumb Code   112  _printf_fp_infnan.o(.text)
    _btod_etento                             0x08003631   Thumb Code   216  bigflt0.o(.text)
    __rt_SIGRTMEM                            0x0800370d   Thumb Code    14  defsig_rtmem_outer.o(.text)
    __user_setup_stackheap                   0x0800371b   Thumb Code    74  sys_stackheap_outer.o(.text)
    exit                                     0x08003765   Thumb Code    18  exit.o(.text)
    __sig_exit                               0x08003777   Thumb Code    10  defsig_exit.o(.text)
    __rt_SIGRTMEM_inner                      0x08003781   Thumb Code    22  defsig_rtmem_inner.o(.text)
    strcmp                                   0x080037d1   Thumb Code   128  strcmpv7m.o(.text)
    __default_signal_display                 0x08003851   Thumb Code    50  defsig_general.o(.text)
    _btod_d2e                                0x08003883   Thumb Code    62  btod.o(CL$$btod_d2e)
    _d2e_denorm_low                          0x080038c1   Thumb Code    70  btod.o(CL$$btod_d2e_denorm_low)
    _d2e_norm_op1                            0x08003907   Thumb Code    96  btod.o(CL$$btod_d2e_norm_op1)
    __btod_div_common                        0x08003967   Thumb Code   696  btod.o(CL$$btod_div_common)
    _e2e                                     0x08003c9f   Thumb Code   198  btod.o(CL$$btod_e2e)
    _btod_ediv                               0x08003d65   Thumb Code    40  btod.o(CL$$btod_ediv)
    _btod_emul                               0x08003d8d   Thumb Code    40  btod.o(CL$$btod_emul)
    __btod_mult_common                       0x08003db5   Thumb Code   580  btod.o(CL$$btod_mult_common)
    __ARM_fpclassify                         0x08003ff9   Thumb Code    48  fpclassify.o(i.__ARM_fpclassify)
    _is_digit                                0x08004029   Thumb Code    14  __printf_wp.o(i._is_digit)
    _get_lc_numeric                          0x08004039   Thumb Code    44  lc_numeric_c.o(locale$$code)
    __fpl_dretinf                            0x08004065   Thumb Code    12  dretinf.o(x$fpl$dretinf)
    __aeabi_f2d                              0x08004071   Thumb Code     0  f2d.o(x$fpl$f2d)
    _f2d                                     0x08004071   Thumb Code    86  f2d.o(x$fpl$f2d)
    __fpl_fnaninf                            0x080040c7   Thumb Code   140  fnaninf.o(x$fpl$fnaninf)
    _fp_init                                 0x08004153   Thumb Code    10  fpinit.o(x$fpl$fpinit)
    __fplib_config_fpu_vfp                   0x0800415b   Thumb Code     0  fpinit.o(x$fpl$fpinit)
    __fplib_config_pureend_doubles           0x0800415b   Thumb Code     0  fpinit.o(x$fpl$fpinit)
    _printf_fp_dec                           0x0800415d   Thumb Code     4  printf1.o(x$fpl$printf1)
    SWT_mask                                 0x08004160   Data          32  swt.o(.constdata)
    __I$use$fp                               0x08004160   Number         0  usenofp.o(x$fpl$usenofp)
    AHBPrescTable                            0x08004180   Data          16  system_stm32f4xx.o(.constdata)
    Region$$Table$$Base                      0x08004224   Number         0  anon$$obj.o(Region$$Table)
    Region$$Table$$Limit                     0x08004244   Number         0  anon$$obj.o(Region$$Table)
    GPIO_InitStructure                       0x2000001c   Data           8  sig_gen.o(.data)
    sinetable                                0x20000024   Data         512  sig_gen.o(.data)
    pulse_width                              0x20000224   Data           2  sig_gen.o(.data)
    phase_accumulator                        0x20000228   Data           4  sig_gen.o(.data)
    angle                                    0x2000022c   Data           1  sig_gen.o(.data)
    msTicks                                  0x20000230   Data           4  utility.o(.data)
    SystemCoreClock                          0x20000234   Data           4  system_stm32f4xx.o(.data)
    unmalloc_buffer                          0x20000238   Data         512  lcd_buffer.o(.bss)
    lcd_commandBuffer                        0x20000438   Data          16  lcd_driver.o(.bss)
    USART_InitStructure                      0x20000448   Data          16  sig_gen.o(.bss)
    TIM_TimeBaseStructure                    0x20000458   Data          12  sig_gen.o(.bss)
    TIM_OCInitStructure                      0x20000464   Data          20  sig_gen.o(.bss)
    __libspace_start                         0x20000478   Data          96  libspace.o(.bss)
    __temporary_stack_top$libspace           0x200004d8   Data           0  libspace.o(.bss)



==============================================================================

Memory Map of the image

  Image Entry point : 0x08000189

  Load Region LR_IROM1 (Base: 0x08000000, Size: 0x00004498, Max: 0x00100000, ABSOLUTE, COMPRESSED[0x0000440c])

    Execution Region ER_IROM1 (Base: 0x08000000, Size: 0x00004260, Max: 0x00100000, ABSOLUTE)

    Base Addr    Size         Type   Attr      Idx    E Section Name        Object

    0x08000000   0x00000188   Data   RO          535    RESET               startup_stm32f407xx.o
    0x08000188   0x00000008   Code   RO          669  * !!!main             c_w.l(__main.o)
    0x08000190   0x00000034   Code   RO          929    !!!scatter          c_w.l(__scatter.o)
    0x080001c4   0x0000005a   Code   RO          927    !!dczerorl2         c_w.l(__dczerorl2.o)
    0x0800021e   0x00000002   PAD
    0x08000220   0x0000001c   Code   RO          931    !!handler_zi        c_w.l(__scatter_zi.o)
    0x0800023c   0x00000000   Code   RO          664    .ARM.Collect$$_printf_percent$$00000000  c_w.l(_printf_percent.o)
    0x0800023c   0x00000006   Code   RO          663    .ARM.Collect$$_printf_percent$$00000003  c_w.l(_printf_f.o)
    0x08000242   0x00000004   Code   RO          709    .ARM.Collect$$_printf_percent$$00000017  c_w.l(_printf_percent_end.o)
    0x08000246   0x00000002   Code   RO          870    .ARM.Collect$$libinit$$00000000  c_w.l(libinit.o)
    0x08000248   0x00000004   Code   RO          714    .ARM.Collect$$libinit$$00000001  c_w.l(libinit2.o)
    0x0800024c   0x00000000   Code   RO          717    .ARM.Collect$$libinit$$00000004  c_w.l(libinit2.o)
    0x0800024c   0x00000008   Code   RO          718    .ARM.Collect$$libinit$$00000005  c_w.l(libinit2.o)
    0x08000254   0x00000000   Code   RO          720    .ARM.Collect$$libinit$$0000000A  c_w.l(libinit2.o)
    0x08000254   0x00000000   Code   RO          722    .ARM.Collect$$libinit$$0000000C  c_w.l(libinit2.o)
    0x08000254   0x00000000   Code   RO          724    .ARM.Collect$$libinit$$0000000E  c_w.l(libinit2.o)
    0x08000254   0x00000006   Code   RO          725    .ARM.Collect$$libinit$$0000000F  c_w.l(libinit2.o)
    0x0800025a   0x00000000   Code   RO          727    .ARM.Collect$$libinit$$00000011  c_w.l(libinit2.o)
    0x0800025a   0x00000000   Code   RO          729    .ARM.Collect$$libinit$$00000013  c_w.l(libinit2.o)
    0x0800025a   0x00000000   Code   RO          731    .ARM.Collect$$libinit$$00000015  c_w.l(libinit2.o)
    0x0800025a   0x0000000a   Code   RO          732    .ARM.Collect$$libinit$$00000016  c_w.l(libinit2.o)
    0x08000264   0x00000000   Code   RO          733    .ARM.Collect$$libinit$$00000017  c_w.l(libinit2.o)
    0x08000264   0x00000000   Code   RO          735    .ARM.Collect$$libinit$$00000019  c_w.l(libinit2.o)
    0x08000264   0x00000000   Code   RO          737    .ARM.Collect$$libinit$$0000001B  c_w.l(libinit2.o)
    0x08000264   0x00000000   Code   RO          739    .ARM.Collect$$libinit$$0000001D  c_w.l(libinit2.o)
    0x08000264   0x00000000   Code   RO          741    .ARM.Collect$$libinit$$0000001F  c_w.l(libinit2.o)
    0x08000264   0x00000000   Code   RO          743    .ARM.Collect$$libinit$$00000021  c_w.l(libinit2.o)
    0x08000264   0x00000000   Code   RO          745    .ARM.Collect$$libinit$$00000023  c_w.l(libinit2.o)
    0x08000264   0x00000000   Code   RO          747    .ARM.Collect$$libinit$$00000025  c_w.l(libinit2.o)
    0x08000264   0x00000000   Code   RO          751    .ARM.Collect$$libinit$$0000002C  c_w.l(libinit2.o)
    0x08000264   0x00000000   Code   RO          753    .ARM.Collect$$libinit$$0000002E  c_w.l(libinit2.o)
    0x08000264   0x00000000   Code   RO          755    .ARM.Collect$$libinit$$00000030  c_w.l(libinit2.o)
    0x08000264   0x00000000   Code   RO          757    .ARM.Collect$$libinit$$00000032  c_w.l(libinit2.o)
    0x08000264   0x00000002   Code   RO          758    .ARM.Collect$$libinit$$00000033  c_w.l(libinit2.o)
    0x08000266   0x00000002   Code   RO          924    .ARM.Collect$$libshutdown$$00000000  c_w.l(libshutdown.o)
    0x08000268   0x00000000   Code   RO          882    .ARM.Collect$$libshutdown$$00000002  c_w.l(libshutdown2.o)
    0x08000268   0x00000000   Code   RO          884    .ARM.Collect$$libshutdown$$00000004  c_w.l(libshutdown2.o)
    0x08000268   0x00000000   Code   RO          887    .ARM.Collect$$libshutdown$$00000007  c_w.l(libshutdown2.o)
    0x08000268   0x00000000   Code   RO          890    .ARM.Collect$$libshutdown$$0000000A  c_w.l(libshutdown2.o)
    0x08000268   0x00000000   Code   RO          892    .ARM.Collect$$libshutdown$$0000000C  c_w.l(libshutdown2.o)
    0x08000268   0x00000000   Code   RO          895    .ARM.Collect$$libshutdown$$0000000F  c_w.l(libshutdown2.o)
    0x08000268   0x00000002   Code   RO          896    .ARM.Collect$$libshutdown$$00000010  c_w.l(libshutdown2.o)
    0x0800026a   0x00000000   Code   RO          677    .ARM.Collect$$rtentry$$00000000  c_w.l(__rtentry.o)
    0x0800026a   0x00000000   Code   RO          770    .ARM.Collect$$rtentry$$00000002  c_w.l(__rtentry2.o)
    0x0800026a   0x00000006   Code   RO          782    .ARM.Collect$$rtentry$$00000004  c_w.l(__rtentry4.o)
    0x08000270   0x00000000   Code   RO          772    .ARM.Collect$$rtentry$$00000009  c_w.l(__rtentry2.o)
    0x08000270   0x00000004   Code   RO          773    .ARM.Collect$$rtentry$$0000000A  c_w.l(__rtentry2.o)
    0x08000274   0x00000000   Code   RO          775    .ARM.Collect$$rtentry$$0000000C  c_w.l(__rtentry2.o)
    0x08000274   0x00000008   Code   RO          776    .ARM.Collect$$rtentry$$0000000D  c_w.l(__rtentry2.o)
    0x0800027c   0x00000002   Code   RO          871    .ARM.Collect$$rtexit$$00000000  c_w.l(rtexit.o)
    0x0800027e   0x00000000   Code   RO          898    .ARM.Collect$$rtexit$$00000002  c_w.l(rtexit2.o)
    0x0800027e   0x00000004   Code   RO          899    .ARM.Collect$$rtexit$$00000003  c_w.l(rtexit2.o)
    0x08000282   0x00000006   Code   RO          900    .ARM.Collect$$rtexit$$00000004  c_w.l(rtexit2.o)
    0x08000288   0x00000000   Code   RO          791    .emb_text           c_w.l(maybetermalloc1.o)
    0x08000288   0x00000314   Code   RO            4    .text               adc_leds.o
    0x0800059c   0x00000064   Code   RO          173    .text               swt.o
    0x08000600   0x00000104   Code   RO          219    .text               serial.o
    0x08000704   0x00000044   Code   RO          251    .text               retarget.o
    0x08000748   0x000000a8   Code   RO          279    .text               lcd_buffer.o
    0x080007f0   0x0000049c   Code   RO          300    .text               lcd_driver.o
    0x08000c8c   0x0000017c   Code   RO          335    .text               adc.o
    0x08000e08   0x00000294   Code   RO          359    .text               stm32f4xx_gpio.o
    0x0800109c   0x000000e0   Code   RO          383    .text               misc.o
    0x0800117c   0x0000065c   Code   RO          407    .text               stm32f4xx_rcc.o
    0x080017d8   0x00000454   Code   RO          433    .text               stm32f4xx_usart.o
    0x08001c2c   0x0000029c   Code   RO          457    .text               sig_gen.o
    0x08001ec8   0x00000ca2   Code   RO          485    .text               stm32f4xx_tim.o
    0x08002b6a   0x00000002   PAD
    0x08002b6c   0x00000024   Code   RO          509    .text               utility.o
    0x08002b90   0x00000040   Code   RO          536    .text               startup_stm32f407xx.o
    0x08002bd0   0x00000210   Code   RO          543    .text               system_stm32f4xx.o
    0x08002de0   0x00000002   Code   RO          573    .text               c_w.l(use_no_semi.o)
    0x08002de2   0x0000005e   Code   RO          579    .text               c_w.l(h1_alloc.o)
    0x08002e40   0x0000004e   Code   RO          581    .text               c_w.l(h1_free.o)
    0x08002e8e   0x00000002   PAD
    0x08002e90   0x00000028   Code   RO          639    .text               c_w.l(noretval__2sprintf.o)
    0x08002eb8   0x0000010e   Code   RO          651    .text               c_w.l(__printf_wp.o)
    0x08002fc6   0x00000018   Code   RO          665    .text               c_w.l(strcat.o)
    0x08002fde   0x00000006   Code   RO          667    .text               c_w.l(heapauxi.o)
    0x08002fe4   0x00000008   Code   RO          681    .text               c_w.l(rt_heap_descriptor_intlibspace.o)
    0x08002fec   0x00000004   Code   RO          683    .text               c_w.l(hguard.o)
    0x08002ff0   0x0000008a   Code   RO          685    .text               c_w.l(init_alloc.o)
    0x0800307a   0x0000000e   Code   RO          689    .text               c_w.l(h1_init.o)
    0x08003088   0x0000041a   Code   RO          703    .text               c_w.l(_printf_fp_dec.o)
    0x080034a2   0x00000002   PAD
    0x080034a4   0x00000030   Code   RO          705    .text               c_w.l(_printf_char_common.o)
    0x080034d4   0x0000000a   Code   RO          707    .text               c_w.l(_sputc.o)
    0x080034de   0x00000002   PAD
    0x080034e0   0x00000008   Code   RO          766    .text               c_w.l(libspace.o)
    0x080034e8   0x00000008   Code   RO          787    .text               c_w.l(rt_locale_intlibspace.o)
    0x080034f0   0x00000034   Code   RO          793    .text               c_w.l(h1_extend.o)
    0x08003524   0x0000008a   Code   RO          797    .text               c_w.l(lludiv10.o)
    0x080035ae   0x00000002   PAD
    0x080035b0   0x00000080   Code   RO          799    .text               c_w.l(_printf_fp_infnan.o)
    0x08003630   0x000000dc   Code   RO          803    .text               c_w.l(bigflt0.o)
    0x0800370c   0x0000000e   Code   RO          831    .text               c_w.l(defsig_rtmem_outer.o)
    0x0800371a   0x0000004a   Code   RO          847    .text               c_w.l(sys_stackheap_outer.o)
    0x08003764   0x00000012   Code   RO          853    .text               c_w.l(exit.o)
    0x08003776   0x0000000a   Code   RO          855    .text               c_w.l(defsig_exit.o)
    0x08003780   0x00000050   Code   RO          857    .text               c_w.l(defsig_rtmem_inner.o)
    0x080037d0   0x00000080   Code   RO          859    .text               c_w.l(strcmpv7m.o)
    0x08003850   0x00000032   Code   RO          879    .text               c_w.l(defsig_general.o)
    0x08003882   0x0000003e   Code   RO          806    CL$$btod_d2e        c_w.l(btod.o)
    0x080038c0   0x00000046   Code   RO          808    CL$$btod_d2e_denorm_low  c_w.l(btod.o)
    0x08003906   0x00000060   Code   RO          807    CL$$btod_d2e_norm_op1  c_w.l(btod.o)
    0x08003966   0x00000338   Code   RO          816    CL$$btod_div_common  c_w.l(btod.o)
    0x08003c9e   0x000000c6   Code   RO          813    CL$$btod_e2e        c_w.l(btod.o)
    0x08003d64   0x00000028   Code   RO          810    CL$$btod_ediv       c_w.l(btod.o)
    0x08003d8c   0x00000028   Code   RO          809    CL$$btod_emul       c_w.l(btod.o)
    0x08003db4   0x00000244   Code   RO          815    CL$$btod_mult_common  c_w.l(btod.o)
    0x08003ff8   0x00000030   Code   RO          844    i.__ARM_fpclassify  m_wm.l(fpclassify.o)
    0x08004028   0x0000000e   Code   RO          653    i._is_digit         c_w.l(__printf_wp.o)
    0x08004036   0x00000002   PAD
    0x08004038   0x0000002c   Code   RO          829    locale$$code        c_w.l(lc_numeric_c.o)
    0x08004064   0x0000000c   Code   RO          759    x$fpl$dretinf       fz_wm.l(dretinf.o)
    0x08004070   0x00000056   Code   RO          671    x$fpl$f2d           fz_wm.l(f2d.o)
    0x080040c6   0x0000008c   Code   RO          761    x$fpl$fnaninf       fz_wm.l(fnaninf.o)
    0x08004152   0x0000000a   Code   RO          840    x$fpl$fpinit        fz_wm.l(fpinit.o)
    0x0800415c   0x00000004   Code   RO          673    x$fpl$printf1       fz_wm.l(printf1.o)
    0x08004160   0x00000000   Code   RO          763    x$fpl$usenofp       fz_wm.l(usenofp.o)
    0x08004160   0x00000020   Data   RO          174    .constdata          swt.o
    0x08004180   0x00000010   Data   RO          544    .constdata          system_stm32f4xx.o
    0x08004190   0x00000094   Data   RO          804    .constdata          c_w.l(bigflt0.o)
    0x08004224   0x00000020   Data   RO          925    Region$$Table       anon$$obj.o
    0x08004244   0x0000001c   Data   RO          828    locale$$data        c_w.l(lc_numeric_c.o)


    Execution Region RW_IRAM1 (Base: 0x20000000, Size: 0x00000ad8, Max: 0x00020000, ABSOLUTE, COMPRESSED[0x000001ac])

    Base Addr    Size         Type   Attr      Idx    E Section Name        Object

    0x20000000   0x00000009   Data   RW          302    .data               lcd_driver.o
    0x20000009   0x00000010   Data   RW          408    .data               stm32f4xx_rcc.o
    0x20000019   0x00000003   PAD
    0x2000001c   0x00000211   Data   RW          459    .data               sig_gen.o
    0x2000022d   0x00000003   PAD
    0x20000230   0x00000004   Data   RW          510    .data               utility.o
    0x20000234   0x00000004   Data   RW          545    .data               system_stm32f4xx.o
    0x20000238   0x00000200   Zero   RW          280    .bss                lcd_buffer.o
    0x20000438   0x00000010   Zero   RW          301    .bss                lcd_driver.o
    0x20000448   0x00000030   Zero   RW          458    .bss                sig_gen.o
    0x20000478   0x00000060   Zero   RW          767    .bss                c_w.l(libspace.o)
    0x200004d8   0x00000200   Zero   RW          534    HEAP                startup_stm32f407xx.o
    0x200006d8   0x00000400   Zero   RW          533    STACK               startup_stm32f407xx.o


==============================================================================

Image component sizes


      Code (inc. data)   RO Data    RW Data    ZI Data      Debug   Object Name

       380         22          0          0          0       1327   adc.o
       788        116          0          0          0     322137   adc_leds.o
       168          4          0          0        512       2342   lcd_buffer.o
      1180         62          0          9         16      29788   lcd_driver.o
       224         20          0          0          0       1953   misc.o
        68          4          0          0          0       2958   retarget.o
       260         30          0          0          0        988   serial.o
       668         50          0        529         48       2690   sig_gen.o
        64         26        392          0       1536        856   startup_stm32f407xx.o
       660         44          0          0          0       4293   stm32f4xx_gpio.o
      1628         52          0         16          0      13248   stm32f4xx_rcc.o
      3234         60          0          0          0      23152   stm32f4xx_tim.o
      1108         34          0          0          0       8020   stm32f4xx_usart.o
       100         18         32          0          0       1464   swt.o
       528         46         16          4          0       1855   system_stm32f4xx.o
        36          6          0          4          0       1098   utility.o

    ----------------------------------------------------------------------
     11096        594        472        568       2112     418169   Object Totals
         0          0         32          0          0          0   (incl. Generated)
         2          0          0          6          0          0   (incl. Padding)

    ----------------------------------------------------------------------

      Code (inc. data)   RO Data    RW Data    ZI Data      Debug   Library Member Name

        90          0          0          0          0          0   __dczerorl2.o
         8          0          0          0          0         68   __main.o
       284          0          0          0          0        156   __printf_wp.o
         0          0          0          0          0          0   __rtentry.o
        12          0          0          0          0          0   __rtentry2.o
         6          0          0          0          0          0   __rtentry4.o
        52          8          0          0          0          0   __scatter.o
        28          0          0          0          0          0   __scatter_zi.o
        48          6          0          0          0         96   _printf_char_common.o
         6          0          0          0          0          0   _printf_f.o
      1050          0          0          0          0        216   _printf_fp_dec.o
       128         16          0          0          0         84   _printf_fp_infnan.o
         0          0          0          0          0          0   _printf_percent.o
         4          0          0          0          0          0   _printf_percent_end.o
        10          0          0          0          0         68   _sputc.o
       220          4        148          0          0         96   bigflt0.o
      1910        128          0          0          0        672   btod.o
        10          0          0          0          0         68   defsig_exit.o
        50          0          0          0          0         88   defsig_general.o
        80         58          0          0          0         76   defsig_rtmem_inner.o
        14          0          0          0          0         80   defsig_rtmem_outer.o
        18          0          0          0          0         80   exit.o
        94          0          0          0          0         80   h1_alloc.o
        52          0          0          0          0         68   h1_extend.o
        78          0          0          0          0         80   h1_free.o
        14          0          0          0          0         84   h1_init.o
         6          0          0          0          0        152   heapauxi.o
         4          0          0          0          0        136   hguard.o
       138          0          0          0          0        168   init_alloc.o
        44         10         28          0          0         76   lc_numeric_c.o
         2          0          0          0          0          0   libinit.o
        30          0          0          0          0          0   libinit2.o
         2          0          0          0          0          0   libshutdown.o
         2          0          0          0          0          0   libshutdown2.o
         8          4          0          0         96         68   libspace.o
       138          0          0          0          0         80   lludiv10.o
         0          0          0          0          0          0   maybetermalloc1.o
        40          6          0          0          0         84   noretval__2sprintf.o
         8          4          0          0          0         68   rt_heap_descriptor_intlibspace.o
         8          4          0          0          0         68   rt_locale_intlibspace.o
         2          0          0          0          0          0   rtexit.o
        10          0          0          0          0          0   rtexit2.o
        24          0          0          0          0         68   strcat.o
       128          0          0          0          0         68   strcmpv7m.o
        74          0          0          0          0         80   sys_stackheap_outer.o
         2          0          0          0          0         68   use_no_semi.o
        12          0          0          0          0        116   dretinf.o
        86          4          0          0          0        132   f2d.o
       140          4          0          0          0        132   fnaninf.o
        10          0          0          0          0        116   fpinit.o
         4          0          0          0          0        116   printf1.o
         0          0          0          0          0          0   usenofp.o
        48          0          0          0          0        124   fpclassify.o

    ----------------------------------------------------------------------
      5248        256        176          0         96       4080   Library Totals
        12          0          0          0          0          0   (incl. Padding)

    ----------------------------------------------------------------------

      Code (inc. data)   RO Data    RW Data    ZI Data      Debug   Library Name

      4936        248        176          0         96       3344   c_w.l
       252          8          0          0          0        612   fz_wm.l
        48          0          0          0          0        124   m_wm.l

    ----------------------------------------------------------------------
      5248        256        176          0         96       4080   Library Totals

    ----------------------------------------------------------------------

==============================================================================


      Code (inc. data)   RO Data    RW Data    ZI Data      Debug   

     16344        850        648        568       2208     415777   Grand Totals
     16344        850        648        428       2208     415777   ELF Image Totals (compressed)
     16344        850        648        428          0          0   ROM Totals

==============================================================================

    Total RO  Size (Code + RO Data)                16992 (  16.59kB)
    Total RW  Size (RW Data + ZI Data)              2776 (   2.71kB)
    Total ROM Size (Code + RO Data + RW Data)      17420 (  17.01kB)

==============================================================================

