Component: ARM Compiler 5.06 update 2 (build 183) Tool: armlink [4d35b7]

==============================================================================

Section Cross References

    app.o(.text) refers to _printf_percent.o(.ARM.Collect$$_printf_percent$$00000000) for _printf_percent
    app.o(.text) refers to _printf_d.o(.ARM.Collect$$_printf_percent$$00000009) for _printf_d
    app.o(.text) refers to _printf_dec.o(.text) for _printf_int_dec
    app.o(.text) refers to h1_alloc.o(.text) for malloc
    app.o(.text) refers to noretval__2sprintf.o(.text) for __2sprintf
    app.o(.text) refers to adc.o(.text) for send_String
    app.o(.text) refers to h1_free.o(.text) for free
    adc_leds.o(.text) refers to _printf_percent.o(.ARM.Collect$$_printf_percent$$00000000) for _printf_percent
    adc_leds.o(.text) refers to _printf_s.o(.ARM.Collect$$_printf_percent$$00000014) for _printf_s
    adc_leds.o(.text) refers to _printf_str.o(.text) for _printf_str
    adc_leds.o(.text) refers to _printf_f.o(.ARM.Collect$$_printf_percent$$00000003) for _printf_f
    adc_leds.o(.text) refers to printf1.o(x$fpl$printf1) for _printf_fp_dec
    adc_leds.o(.text) refers to adc.o(.text) for read_ADC1
    adc_leds.o(.text) refers to f2d.o(x$fpl$f2d) for __aeabi_f2d
    adc_leds.o(.text) refers to utility.o(.text) for scale
    adc_leds.o(.text) refers to d2f.o(x$fpl$d2f) for __aeabi_d2f
    adc_leds.o(.text) refers to reading.o(.text) for reading_set_value
    adc_leds.o(.text) refers to lcd_driver.o(.text) for lcd_write_string
    adc_leds.o(.text) refers to noretval__2printf.o(.text) for __2printf
    adc_leds.o(.text) refers to h1_alloc.o(.text) for malloc
    adc_leds.o(.text) refers to h1_free.o(.text) for free
    adc_leds.o(.text) refers to strcmpv7m.o(.text) for strcmp
    adc_leds.o(.text) refers to strcpy.o(.text) for strcpy
    adc_leds.o(.text) refers to adc_leds.o(.data) for menuState
    adc_leds.o(.text) refers to board_init.o(.text) for display_startup_message
    adc_leds.o(.text) refers to app.o(.text) for app_set_mode
    adc_leds.o(.data) refers to adc_leds.o(.conststring) for .conststring
    swt.o(.text) refers to swt.o(.constdata) for SWT_mask
    serial.o(.text) refers to stm32f4xx_rcc.o(.text) for RCC_APB1PeriphClockCmd
    serial.o(.text) refers to stm32f4xx_gpio.o(.text) for GPIO_Init
    serial.o(.text) refers to stm32f4xx_usart.o(.text) for USART_Init
    serial.o(.text) refers to misc.o(.text) for NVIC_Init
    serial.o(.text) refers to rt_memcpy_v6.o(.text) for __aeabi_memcpy
    serial.o(.text) refers to adc_leds.o(.text) for check_string_set_mode
    serial.o(.text) refers to rt_memclr.o(.text) for __aeabi_memclr
    serial.o(.text) refers to ringbuffer.o(.text) for ringbuffer_new
    serial.o(.text) refers to serial.o(.data) for rx_index
    serial.o(.text) refers to serial.o(.bss) for rx_buffer
    serial.o(.text) refers to adc_leds.o(.data) for ringbuffer
    board_init.o(.text) refers to stm32f4xx_rcc.o(.text) for RCC_APB2PeriphClockCmd
    board_init.o(.text) refers to stm32f4xx_gpio.o(.text) for GPIO_Init
    board_init.o(.text) refers to stm32f4xx_syscfg.o(.text) for SYSCFG_EXTILineConfig
    board_init.o(.text) refers to stm32f4xx_exti.o(.text) for EXTI_Init
    board_init.o(.text) refers to misc.o(.text) for NVIC_Init
    board_init.o(.text) refers to lcd_driver.o(.text) for lcd_clear_display
    board_init.o(.text) refers to adc.o(.text) for send_String
    board_init.o(.text) refers to utility.o(.text) for Delay
    board_init.o(.text) refers to dflt_clz.o(x$fpl$dflt) for __aeabi_i2d
    board_init.o(.text) refers to pow.o(i.__hardfp_pow) for __hardfp_pow
    board_init.o(.text) refers to dfix.o(x$fpl$dfix) for __aeabi_d2iz
    board_init.o(.text) refers to system_stm32f4xx.o(.text) for SystemCoreClockUpdate
    board_init.o(.text) refers to swt.o(.text) for SWT_Init
    board_init.o(.text) refers to serial.o(.text) for serial_init
    board_init.o(.text) refers to adc_leds.o(.data) for menu_confirm_exit
    board_init.o(.text) refers to system_stm32f4xx.o(.data) for SystemCoreClock
    retarget.o(.rev16_text) refers (Special) to use_no_semi.o(.text) for __use_no_semihosting_swi
    retarget.o(.revsh_text) refers (Special) to use_no_semi.o(.text) for __use_no_semihosting_swi
    retarget.o(.rrx_text) refers (Special) to use_no_semi.o(.text) for __use_no_semihosting_swi
    retarget.o(.text) refers (Special) to use_no_semi.o(.text) for __use_no_semihosting_swi
    retarget.o(.data) refers (Special) to use_no_semi.o(.text) for __use_no_semihosting_swi
    lcd_buffer.o(.text) refers to h1_free.o(.text) for free
    lcd_buffer.o(.text) refers to lcd_buffer.o(.bss) for unmalloc_buffer
    lcd_driver.o(.text) refers to lcd_buffer.o(.text) for buffer_empty
    lcd_driver.o(.text) refers to strlen.o(.text) for strlen
    lcd_driver.o(.text) refers to lcd_driver.o(.bss) for lcd_commandBuffer
    lcd_driver.o(.text) refers to lcd_driver.o(.data) for stage
[...]
    __main                                   0x08000189   Thumb Code     8  __main.o(!!!main)
    __scatterload                            0x08000191   Thumb Code     0  __scatter.o(!!!scatter)
    __scatterload_rt2                        0x08000191   Thumb Code    44  __scatter.o(!!!scatter)
    __scatterload_rt2_thumb_only             0x08000191   Thumb Code     0  __scatter.o(!!!scatter)
    __scatterload_null                       0x0800019f   Thumb Code     0  __scatter.o(!!!scatter)
    __decompress                             0x080001c5   Thumb Code    90  __dczerorl2.o(!!dczerorl2)
    __decompress1                            0x080001c5   Thumb Code     0  __dczerorl2.o(!!dczerorl2)
    __scatterload_zeroinit                   0x08000221   Thumb Code    28  __scatter_zi.o(!!handler_zi)
    _printf_f                                0x0800023d   Thumb Code     0  _printf_f.o(.ARM.Collect$$_printf_percent$$00000003)
    _printf_percent                          0x0800023d   Thumb Code     0  _printf_percent.o(.ARM.Collect$$_printf_percent$$00000000)
    _printf_d                                0x08000243   Thumb Code     0  _printf_d.o(.ARM.Collect$$_printf_percent$$00000009)
    _printf_c                                0x08000249   Thumb Code     0  _printf_c.o(.ARM.Collect$$_printf_percent$$00000013)
    _printf_s                                0x0800024f   Thumb Code     0  _printf_s.o(.ARM.Collect$$_printf_percent$$00000014)
    _printf_percent_end                      0x08000255   Thumb Code     0  _printf_percent_end.o(.ARM.Collect$$_printf_percent$$00000017)
    __rt_lib_init                            0x08000259   Thumb Code     0  libinit.o(.ARM.Collect$$libinit$$00000000)
    __rt_lib_init_fp_1                       0x0800025b   Thumb Code     0  libinit2.o(.ARM.Collect$$libinit$$00000001)
    __rt_lib_init_heap_2                     0x0800025f   Thumb Code     0  libinit2.o(.ARM.Collect$$libinit$$00000005)
    __rt_lib_init_preinit_1                  0x0800025f   Thumb Code     0  libinit2.o(.ARM.Collect$$libinit$$00000004)
    __rt_lib_init_heap_1                     0x08000267   Thumb Code     0  libinit2.o(.ARM.Collect$$libinit$$0000000A)
    __rt_lib_init_lc_common                  0x08000267   Thumb Code     0  libinit2.o(.ARM.Collect$$libinit$$0000000F)
    __rt_lib_init_rand_1                     0x08000267   Thumb Code     0  libinit2.o(.ARM.Collect$$libinit$$0000000E)
    __rt_lib_init_user_alloc_1               0x08000267   Thumb Code     0  libinit2.o(.ARM.Collect$$libinit$$0000000C)
    __rt_lib_init_lc_collate_1               0x0800026d   Thumb Code     0  libinit2.o(.ARM.Collect$$libinit$$00000011)
    __rt_lib_init_lc_ctype_1                 0x0800026d   Thumb Code     0  libinit2.o(.ARM.Collect$$libinit$$00000013)
    __rt_lib_init_lc_monetary_1              0x0800026d   Thumb Code     0  libinit2.o(.ARM.Collect$$libinit$$00000015)
    __rt_lib_init_lc_numeric_2               0x0800026d   Thumb Code     0  libinit2.o(.ARM.Collect$$libinit$$00000016)
    __rt_lib_init_alloca_1                   0x08000277   Thumb Code     0  libinit2.o(.ARM.Collect$$libinit$$0000002E)
    __rt_lib_init_argv_1                     0x08000277   Thumb Code     0  libinit2.o(.ARM.Collect$$libinit$$0000002C)
    __rt_lib_init_atexit_1                   0x08000277   Thumb Code     0  libinit2.o(.ARM.Collect$$libinit$$0000001B)
    __rt_lib_init_clock_1                    0x08000277   Thumb Code     0  libinit2.o(.ARM.Collect$$libinit$$00000021)
    __rt_lib_init_cpp_1                      0x08000277   Thumb Code     0  libinit2.o(.ARM.Collect$$libinit$$00000032)
    __rt_lib_init_exceptions_1               0x08000277   Thumb Code     0  libinit2.o(.ARM.Collect$$libinit$$00000030)
    __rt_lib_init_fp_trap_1                  0x08000277   Thumb Code     0  libinit2.o(.ARM.Collect$$libinit$$0000001F)
    __rt_lib_init_getenv_1                   0x08000277   Thumb Code     0  libinit2.o(.ARM.Collect$$libinit$$00000023)
    __rt_lib_init_lc_numeric_1               0x08000277   Thumb Code     0  libinit2.o(.ARM.Collect$$libinit$$00000017)
    __rt_lib_init_lc_time_1                  0x08000277   Thumb Code     0  libinit2.o(.ARM.Collect$$libinit$$00000019)
    __rt_lib_init_return                     0x08000277   Thumb Code     0  libinit2.o(.ARM.Collect$$libinit$$00000033)
    __rt_lib_init_signal_1                   0x08000277   Thumb Code     0  libinit2.o(.ARM.Collect$$libinit$$0000001D)
    __rt_lib_init_stdio_1                    0x08000277   Thumb Code     0  libinit2.o(.ARM.Collect$$libinit$$00000025)
    __rt_lib_shutdown                        0x08000279   Thumb Code     0  libshutdown.o(.ARM.Collect$$libshutdown$$00000000)
    __rt_lib_shutdown_cpp_1                  0x0800027b   Thumb Code     0  libshutdown2.o(.ARM.Collect$$libshutdown$$00000002)
    __rt_lib_shutdown_fp_trap_1              0x0800027b   Thumb Code     0  libshutdown2.o(.ARM.Collect$$libshutdown$$00000007)
    __rt_lib_shutdown_heap_1                 0x0800027b   Thumb Code     0  libshutdown2.o(.ARM.Collect$$libshutdown$$0000000F)
    __rt_lib_shutdown_return                 0x0800027b   Thumb Code     0  libshutdown2.o(.ARM.Collect$$libshutdown$$00000010)
    __rt_lib_shutdown_signal_1               0x0800027b   Thumb Code     0  libshutdown2.o(.ARM.Collect$$libshutdown$$0000000A)
    __rt_lib_shutdown_stdio_1                0x0800027b   Thumb Code     0  libshutdown2.o(.ARM.Collect$$libshutdown$$00000004)
    __rt_lib_shutdown_user_alloc_1           0x0800027b   Thumb Code     0  libshutdown2.o(.ARM.Collect$$libshutdown$$0000000C)
    __rt_entry                               0x0800027d   Thumb Code     0  __rtentry.o(.ARM.Collect$$rtentry$$00000000)
    __rt_entry_presh_1                       0x0800027d   Thumb Code     0  __rtentry2.o(.ARM.Collect$$rtentry$$00000002)
    __rt_entry_sh                            0x0800027d   Thumb Code     0  __rtentry4.o(.ARM.Collect$$rtentry$$00000004)
    __rt_entry_li                            0x08000283   Thumb Code     0  __rtentry2.o(.ARM.Collect$$rtentry$$0000000A)
    __rt_entry_postsh_1                      0x08000283   Thumb Code     0  __rtentry2.o(.ARM.Collect$$rtentry$$00000009)
    __rt_entry_main                          0x08000287   Thumb Code     0  __rtentry2.o(.ARM.Collect$$rtentry$$0000000D)
    __rt_entry_postli_1                      0x08000287   Thumb Code     0  __rtentry2.o(.ARM.Collect$$rtentry$$0000000C)
    __rt_exit                                0x0800028f   Thumb Code     0  rtexit.o(.ARM.Collect$$rtexit$$00000000)
    __rt_exit_ls                             0x08000291   Thumb Code     0  rtexit2.o(.ARM.Collect$$rtexit$$00000003)
    __rt_exit_prels_1                        0x08000291   Thumb Code     0  rtexit2.o(.ARM.Collect$$rtexit$$00000002)
    __rt_exit_exit                           0x08000295   Thumb Code     0  rtexit2.o(.ARM.Collect$$rtexit$$00000004)
    _maybe_terminate_alloc                   0x0800029d   Thumb Code     0  maybetermalloc1.o(.emb_text)
    app_set_mode                             0x0800029d   Thumb Code    38  app.o(.text)
    get_units                                0x080002d1   Thumb Code     6  adc_leds.o(.text)
    read_value                               0x080002d7   Thumb Code   288  adc_leds.o(.text)
    lcd_output_value                         0x080003f7   Thumb Code    36  adc_leds.o(.text)
    bt_output_value                          0x0800041b   Thumb Code    32  adc_leds.o(.text)
    is_continuity                            0x0800043b   Thumb Code    18  adc_leds.o(.text)
    auto_scale_hardware                      0x0800044d   Thumb Code     6  adc_leds.o(.text)
    transform_scale_to_hardware_pins         0x08000453   Thumb Code     2  adc_leds.o(.text)
    get_display_lcd_reading                  0x08000455   Thumb Code   124  adc_leds.o(.text)
    outputSine                               0x080004d1   Thumb Code   126  adc_leds.o(.text)
    check_string_set_mode                    0x0800054f   Thumb Code   228  adc_leds.o(.text)
    change_requested                         0x08000633   Thumb Code    24  adc_leds.o(.text)
    adc_reading                              0x0800064b   Thumb Code   294  adc_leds.o(.text)
    set_buzz                                 0x08000771   Thumb Code     2  adc_leds.o(.text)
    continuity                               0x08000773   Thumb Code    56  adc_leds.o(.text)
    set_mux                                  0x080007ab   Thumb Code     2  adc_leds.o(.text)
    light_led                                0x080007ad   Thumb Code    22  adc_leds.o(.text)
    set_leds                                 0x080007c3   Thumb Code    24  adc_leds.o(.text)
    menu                                     0x080007db   Thumb Code   172  adc_leds.o(.text)
    clear_led                                0x08000887   Thumb Code    12  adc_leds.o(.text)
    flash_led                                0x08000893   Thumb Code    54  adc_leds.o(.text)
    main                                     0x080008c9   Thumb Code    76  adc_leds.o(.text)
    SWT_Init                                 0x0800094d   Thumb Code    52  swt.o(.text)
    SWT_Get                                  0x08000981   Thumb Code     6  swt.o(.text)
    SWT_Check                                0x08000987   Thumb Code    24  swt.o(.text)
    USART3_IRQHandler                        0x08000afb   Thumb Code   112  serial.o(.text)
    serial_init                              0x08000b6b   Thumb Code    34  serial.o(.text)
    GPIO_init                                0x08000bb1   Thumb Code   194  board_init.o(.text)
    EXTI9_5_IRQHandler                       0x08000c73   Thumb Code    84  board_init.o(.text)
    EXTI15_10_IRQHandler                     0x08000cc7   Thumb Code   184  board_init.o(.text)
    init_leds                                0x08000d7f   Thumb Code    26  board_init.o(.text)
    display_startup_message                  0x08000d99   Thumb Code    58  board_init.o(.text)
    welcome_sequence                         0x08000dd3   Thumb Code   194  board_init.o(.text)
    init_board                               0x08000e95   Thumb Code   134  board_init.o(.text)
    sendchar                                 0x08000f79   Thumb Code    26  retarget.o(.text)
    fputc                                    0x08000f93   Thumb Code    14  retarget.o(.text)
    ferror                                   0x08000fa1   Thumb Code     8  retarget.o(.text)
    _ttywrch                                 0x08000fa9   Thumb Code    12  retarget.o(.text)
    _sys_exit                                0x08000fb5   Thumb Code     4  retarget.o(.text)
    buffer_init                              0x08000fbd   Thumb Code    16  lcd_buffer.o(.text)
    buffer_destroy                           0x08000fcd   Thumb Code    12  lcd_buffer.o(.text)
    buffer_full                              0x08000fd9   Thumb Code    30  lcd_buffer.o(.text)
    buffer_empty                             0x08000ff7   Thumb Code    18  lcd_buffer.o(.text)
    buffer_put                               0x08001009   Thumb Code    44  lcd_buffer.o(.text)
    buffer_get                               0x08001035   Thumb Code    44  lcd_buffer.o(.text)
    lcd_write                                0x08001065   Thumb Code    62  lcd_driver.o(.text)
    lcd_move_cursor                          0x080010a3   Thumb Code    36  lcd_driver.o(.text)
    lcd_clear_display                        0x080010c7   Thumb Code    32  lcd_driver.o(.text)
    lcd_change_settings                      0x080010e7   Thumb Code    34  lcd_driver.o(.text)
    lcd_setup_timer                          0x08001109   Thumb Code    54  lcd_driver.o(.text)
    lcd_setup_GPIO                           0x0800113f   Thumb Code   150  lcd_driver.o(.text)
    lcd_init                                 0x080011d5   Thumb Code   130  lcd_driver.o(.text)
    lcd_write_string                         0x08001257   Thumb Code   128  lcd_driver.o(.text)
    lcd_write_center                         0x080012d7   Thumb Code    54  lcd_driver.o(.text)
    lcd_scrolling                            0x0800130d   Thumb Code    48  lcd_driver.o(.text)
    TIM6_DAC_IRQHandler                      0x0800133d   Thumb Code   480  lcd_driver.o(.text)
    ADC1_init                                0x08001535   Thumb Code   114  adc.o(.text)
    ADC2_init                                0x080015a7   Thumb Code   126  adc.o(.text)
    read_ADC1                                0x08001625   Thumb Code    34  adc.o(.text)
    read_ADC2                                0x08001647   Thumb Code    40  adc.o(.text)
    set_cont_ADC1                            0x0800166f   Thumb Code    24  adc.o(.text)
    read_cont_ADC1                           0x08001687   Thumb Code    20  adc.o(.text)
    send_Char                                0x0800169b   Thumb Code    16  adc.o(.text)
    send_String                              0x080016ab   Thumb Code    34  adc.o(.text)
    GPIO_DeInit                              0x080016e1   Thumb Code   268  stm32f4xx_gpio.o(.text)
    GPIO_Init                                0x080017ed   Thumb Code   144  stm32f4xx_gpio.o(.text)
    GPIO_StructInit                          0x0800187d   Thumb Code    18  stm32f4xx_gpio.o(.text)
    GPIO_PinLockConfig                       0x0800188f   Thumb Code    34  stm32f4xx_gpio.o(.text)
    GPIO_ReadInputDataBit                    0x080018b1   Thumb Code    18  stm32f4xx_gpio.o(.text)
    GPIO_ReadInputData                       0x080018c3   Thumb Code     8  stm32f4xx_gpio.o(.text)
    GPIO_ReadOutputDataBit                   0x080018cb   Thumb Code    18  stm32f4xx_gpio.o(.text)
    GPIO_ReadOutputData                      0x080018dd   Thumb Code     8  stm32f4xx_gpio.o(.text)
    GPIO_SetBits                             0x080018e5   Thumb Code     4  stm32f4xx_gpio.o(.text)
    GPIO_ResetBits                           0x080018e9   Thumb Code     4  stm32f4xx_gpio.o(.text)
    GPIO_WriteBit                            0x080018ed   Thumb Code    10  stm32f4xx_gpio.o(.text)
    GPIO_Write                               0x080018f7   Thumb Code     4  stm32f4xx_gpio.o(.text)
    GPIO_ToggleBits                          0x080018fb   Thumb Code     8  stm32f4xx_gpio.o(.text)
    GPIO_PinAFConfig                         0x08001903   Thumb Code    70  stm32f4xx_gpio.o(.text)
    NVIC_PriorityGroupConfig                 0x08001975   Thumb Code    10  misc.o(.text)
    NVIC_Init                                0x0800197f   Thumb Code   106  misc.o(.text)
    NVIC_SetVectorTable                      0x080019e9   Thumb Code    14  misc.o(.text)
    NVIC_SystemLPConfig                      0x080019f7   Thumb Code    34  misc.o(.text)
    SysTick_CLKSourceConfig                  0x08001a19   Thumb Code    40  misc.o(.text)
    RCC_DeInit                               0x08001a55   Thumb Code    82  stm32f4xx_rcc.o(.text)
    RCC_HSEConfig                            0x08001aa7   Thumb Code    14  stm32f4xx_rcc.o(.text)
    RCC_GetFlagStatus                        0x08001ab5   Thumb Code    60  stm32f4xx_rcc.o(.text)
    RCC_WaitForHSEStartUp                    0x08001af1   Thumb Code    56  stm32f4xx_rcc.o(.text)
    RCC_AdjustHSICalibrationValue            0x08001b29   Thumb Code    20  stm32f4xx_rcc.o(.text)
    RCC_HSICmd                               0x08001b3d   Thumb Code     6  stm32f4xx_rcc.o(.text)
    RCC_LSEConfig                            0x08001b43   Thumb Code    46  stm32f4xx_rcc.o(.text)
    RCC_LSICmd                               0x08001b71   Thumb Code     6  stm32f4xx_rcc.o(.text)
    RCC_PLLConfig                            0x08001b77   Thumb Code    32  stm32f4xx_rcc.o(.text)
    RCC_PLLCmd                               0x08001b97   Thumb Code     6  stm32f4xx_rcc.o(.text)
    RCC_PLLI2SConfig                         0x08001b9d   Thumb Code    14  stm32f4xx_rcc.o(.text)
    RCC_PLLI2SCmd                            0x08001bab   Thumb Code     6  stm32f4xx_rcc.o(.text)
    RCC_PLLSAIConfig                         0x08001bb1   Thumb Code    20  stm32f4xx_rcc.o(.text)
    RCC_PLLSAICmd                            0x08001bc5   Thumb Code     6  stm32f4xx_rcc.o(.text)
    RCC_ClockSecuritySystemCmd               0x08001bcb   Thumb Code     6  stm32f4xx_rcc.o(.text)
    RCC_MCO1Config                           0x08001bd1   Thumb Code    28  stm32f4xx_rcc.o(.text)
    RCC_MCO2Config                           0x08001bed   Thumb Code    28  stm32f4xx_rcc.o(.text)
    RCC_SYSCLKConfig                         0x08001c09   Thumb Code    20  stm32f4xx_rcc.o(.text)
    RCC_GetSYSCLKSource                      0x08001c1d   Thumb Code    12  stm32f4xx_rcc.o(.text)
    RCC_HCLKConfig                           0x08001c29   Thumb Code    20  stm32f4xx_rcc.o(.text)
    RCC_PCLK1Config                          0x08001c3d   Thumb Code    20  stm32f4xx_rcc.o(.text)
    RCC_PCLK2Config                          0x08001c51   Thumb Code    22  stm32f4xx_rcc.o(.text)
    RCC_GetClocksFreq                        0x08001c67   Thumb Code   222  stm32f4xx_rcc.o(.text)
    RCC_RTCCLKConfig                         0x08001d45   Thumb Code    54  stm32f4xx_rcc.o(.text)
    RCC_RTCCLKCmd                            0x08001d7b   Thumb Code     8  stm32f4xx_rcc.o(.text)
    RCC_BackupResetCmd                       0x08001d83   Thumb Code     8  stm32f4xx_rcc.o(.text)
    RCC_I2SCLKConfig                         0x08001d8b   Thumb Code     6  stm32f4xx_rcc.o(.text)
    RCC_SAIBlockACLKConfig                   0x08001d91   Thumb Code    20  stm32f4xx_rcc.o(.text)
    RCC_SAIBlockBCLKConfig                   0x08001da5   Thumb Code    20  stm32f4xx_rcc.o(.text)
    RCC_SAIPLLI2SClkDivConfig                0x08001db9   Thumb Code    26  stm32f4xx_rcc.o(.text)
    RCC_SAIPLLSAIClkDivConfig                0x08001dd3   Thumb Code    28  stm32f4xx_rcc.o(.text)
    RCC_LTDCCLKDivConfig                     0x08001def   Thumb Code    20  stm32f4xx_rcc.o(.text)
    RCC_TIMCLKPresConfig                     0x08001e03   Thumb Code     6  stm32f4xx_rcc.o(.text)
    RCC_AHB1PeriphClockCmd                   0x08001e09   Thumb Code    34  stm32f4xx_rcc.o(.text)
    RCC_AHB2PeriphClockCmd                   0x08001e2b   Thumb Code    78  stm32f4xx_rcc.o(.text)
    RCC_AHB3PeriphClockCmd                   0x08001e79   Thumb Code    34  stm32f4xx_rcc.o(.text)
    RCC_APB1PeriphClockCmd                   0x08001e9b   Thumb Code    34  stm32f4xx_rcc.o(.text)
    RCC_APB2PeriphClockCmd                   0x08001ebd   Thumb Code    34  stm32f4xx_rcc.o(.text)
    RCC_AHB1PeriphResetCmd                   0x08001edf   Thumb Code    34  stm32f4xx_rcc.o(.text)
    RCC_AHB2PeriphResetCmd                   0x08001f01   Thumb Code    34  stm32f4xx_rcc.o(.text)
    RCC_AHB3PeriphResetCmd                   0x08001f23   Thumb Code    34  stm32f4xx_rcc.o(.text)
    RCC_APB1PeriphResetCmd                   0x08001f45   Thumb Code    34  stm32f4xx_rcc.o(.text)
    RCC_APB2PeriphResetCmd                   0x08001f67   Thumb Code    34  stm32f4xx_rcc.o(.text)
    RCC_AHB1PeriphClockLPModeCmd             0x08001f89   Thumb Code    34  stm32f4xx_rcc.o(.text)
    RCC_AHB2PeriphClockLPModeCmd             0x08001fab   Thumb Code    34  stm32f4xx_rcc.o(.text)
    RCC_AHB3PeriphClockLPModeCmd             0x08001fcd   Thumb Code    34  stm32f4xx_rcc.o(.text)
    RCC_APB1PeriphClockLPModeCmd             0x08001fef   Thumb Code    34  stm32f4xx_rcc.o(.text)
    RCC_APB2PeriphClockLPModeCmd             0x08002011   Thumb Code    34  stm32f4xx_rcc.o(.text)
    RCC_LSEModeConfig                        0x08002033   Thumb Code    40  stm32f4xx_rcc.o(.text)
    RCC_ITConfig                             0x0800205b   Thumb Code    34  stm32f4xx_rcc.o(.text)
    RCC_ClearFlag                            0x0800207d   Thumb Code    18  stm32f4xx_rcc.o(.text)
    RCC_GetITStatus                          0x0800208f   Thumb Code    22  stm32f4xx_rcc.o(.text)
    RCC_ClearITPendingBit                    0x080020a5   Thumb Code     8  stm32f4xx_rcc.o(.text)
    USART_DeInit                             0x080020b1   Thumb Code   206  stm32f4xx_usart.o(.text)
    USART_Init                               0x0800217f   Thumb Code   204  stm32f4xx_usart.o(.text)
    USART_StructInit                         0x0800224b   Thumb Code    24  stm32f4xx_usart.o(.text)
    USART_ClockInit                          0x08002263   Thumb Code    32  stm32f4xx_usart.o(.text)
    USART_ClockStructInit                    0x08002283   Thumb Code    12  stm32f4xx_usart.o(.text)
    USART_Cmd                                0x0800228f   Thumb Code    24  stm32f4xx_usart.o(.text)
    USART_SetPrescaler                       0x080022a7   Thumb Code    16  stm32f4xx_usart.o(.text)
    USART_OverSampling8Cmd                   0x080022b7   Thumb Code    22  stm32f4xx_usart.o(.text)
    USART_OneBitMethodCmd                    0x080022cd   Thumb Code    24  stm32f4xx_usart.o(.text)
    USART_SendData                           0x080022e5   Thumb Code     8  stm32f4xx_usart.o(.text)
    USART_ReceiveData                        0x080022ed   Thumb Code    10  stm32f4xx_usart.o(.text)
    USART_SetAddress                         0x080022f7   Thumb Code    18  stm32f4xx_usart.o(.text)
    USART_ReceiverWakeUpCmd                  0x08002309   Thumb Code    24  stm32f4xx_usart.o(.text)
    USART_WakeUpConfig                       0x08002321   Thumb Code    18  stm32f4xx_usart.o(.text)
    USART_LINBreakDetectLengthConfig         0x08002333   Thumb Code    18  stm32f4xx_usart.o(.text)
    USART_LINCmd                             0x08002345   Thumb Code    24  stm32f4xx_usart.o(.text)
    USART_SendBreak                          0x0800235d   Thumb Code    10  stm32f4xx_usart.o(.text)
    USART_HalfDuplexCmd                      0x08002367   Thumb Code    24  stm32f4xx_usart.o(.text)
    USART_SetGuardTime                       0x0800237f   Thumb Code    16  stm32f4xx_usart.o(.text)
    USART_SmartCardCmd                       0x0800238f   Thumb Code    24  stm32f4xx_usart.o(.text)
    USART_SmartCardNACKCmd                   0x080023a7   Thumb Code    24  stm32f4xx_usart.o(.text)
    USART_IrDAConfig                         0x080023bf   Thumb Code    18  stm32f4xx_usart.o(.text)
    USART_IrDACmd                            0x080023d1   Thumb Code    24  stm32f4xx_usart.o(.text)
    USART_DMACmd                             0x080023e9   Thumb Code    18  stm32f4xx_usart.o(.text)
    USART_ITConfig                           0x080023fb   Thumb Code    74  stm32f4xx_usart.o(.text)
    USART_GetFlagStatus                      0x08002445   Thumb Code    26  stm32f4xx_usart.o(.text)
    USART_ClearFlag                          0x0800245f   Thumb Code    18  stm32f4xx_usart.o(.text)
    USART_GetITStatus                        0x08002471   Thumb Code   118  stm32f4xx_usart.o(.text)
    USART_ClearITPendingBit                  0x080024e7   Thumb Code    30  stm32f4xx_usart.o(.text)
    PWM_SetDC                                0x08002505   Thumb Code    42  sig_gen.o(.text)
    TIM2_IRQHandler                          0x0800252f   Thumb Code    86  sig_gen.o(.text)
    INTTIM_Config                            0x08002585   Thumb Code    82  sig_gen.o(.text)
    PWM_Config                               0x080025d7   Thumb Code   170  sig_gen.o(.text)
    LED_Config                               0x08002681   Thumb Code    42  sig_gen.o(.text)
    TIM_Config                               0x080026ab   Thumb Code   132  sig_gen.o(.text)
    generate_sine                            0x0800272f   Thumb Code    64  sig_gen.o(.text)
    TIM_DeInit                               0x080027a1   Thumb Code   346  stm32f4xx_tim.o(.text)
    TIM_TimeBaseInit                         0x080028fb   Thumb Code   104  stm32f4xx_tim.o(.text)
    TIM_TimeBaseStructInit                   0x08002963   Thumb Code    18  stm32f4xx_tim.o(.text)
    TIM_PrescalerConfig                      0x08002975   Thumb Code     6  stm32f4xx_tim.o(.text)
    TIM_CounterModeConfig                    0x0800297b   Thumb Code    18  stm32f4xx_tim.o(.text)
    TIM_SetCounter                           0x0800298d   Thumb Code     4  stm32f4xx_tim.o(.text)
    TIM_SetAutoreload                        0x08002991   Thumb Code     4  stm32f4xx_tim.o(.text)
    TIM_GetCounter                           0x08002995   Thumb Code     6  stm32f4xx_tim.o(.text)
    TIM_GetPrescaler                         0x0800299b   Thumb Code     6  stm32f4xx_tim.o(.text)
    TIM_UpdateDisableConfig                  0x080029a1   Thumb Code    24  stm32f4xx_tim.o(.text)
    TIM_UpdateRequestConfig                  0x080029b9   Thumb Code    24  stm32f4xx_tim.o(.text)
    TIM_ARRPreloadConfig                     0x080029d1   Thumb Code    24  stm32f4xx_tim.o(.text)
    TIM_SelectOnePulseMode                   0x080029e9   Thumb Code    18  stm32f4xx_tim.o(.text)
    TIM_SetClockDivision                     0x080029fb   Thumb Code    18  stm32f4xx_tim.o(.text)
    TIM_Cmd                                  0x08002a0d   Thumb Code    24  stm32f4xx_tim.o(.text)
    TIM_OC1Init                              0x08002a25   Thumb Code   114  stm32f4xx_tim.o(.text)
    TIM_OC2Init                              0x08002a97   Thumb Code   154  stm32f4xx_tim.o(.text)
    TIM_OC3Init                              0x08002b31   Thumb Code   204  stm32f4xx_tim.o(.text)
    TIM_OC4Init                              0x08002bfd   Thumb Code   112  stm32f4xx_tim.o(.text)
    TIM_OCStructInit                         0x08002c6d   Thumb Code    20  stm32f4xx_tim.o(.text)
    TIM_SelectOCxM                           0x08002c81   Thumb Code    86  stm32f4xx_tim.o(.text)
    TIM_SetCompare1                          0x08002cd7   Thumb Code     4  stm32f4xx_tim.o(.text)
    TIM_SetCompare2                          0x08002cdb   Thumb Code     4  stm32f4xx_tim.o(.text)
    TIM_SetCompare3                          0x08002cdf   Thumb Code     4  stm32f4xx_tim.o(.text)
    TIM_SetCompare4                          0x08002ce3   Thumb Code     4  stm32f4xx_tim.o(.text)
    TIM_ForcedOC1Config                      0x08002ce7   Thumb Code    18  stm32f4xx_tim.o(.text)
    TIM_ForcedOC2Config                      0x08002cf9   Thumb Code    26  stm32f4xx_tim.o(.text)
    TIM_ForcedOC3Config                      0x08002d13   Thumb Code    18  stm32f4xx_tim.o(.text)
    TIM_ForcedOC4Config                      0x08002d25   Thumb Code    26  stm32f4xx_tim.o(.text)
    TIM_OC1PreloadConfig                     0x08002d3f   Thumb Code    18  stm32f4xx_tim.o(.text)
    TIM_OC2PreloadConfig                     0x08002d51   Thumb Code    26  stm32f4xx_tim.o(.text)
    TIM_OC3PreloadConfig                     0x08002d6b   Thumb Code    18  stm32f4xx_tim.o(.text)
    TIM_OC4PreloadConfig                     0x08002d7d   Thumb Code    26  stm32f4xx_tim.o(.text)
    TIM_OC1FastConfig                        0x08002d97   Thumb Code    18  stm32f4xx_tim.o(.text)
    TIM_OC2FastConfig                        0x08002da9   Thumb Code    26  stm32f4xx_tim.o(.text)
    TIM_OC3FastConfig                        0x08002dc3   Thumb Code    18  stm32f4xx_tim.o(.text)
    TIM_OC4FastConfig                        0x08002dd5   Thumb Code    26  stm32f4xx_tim.o(.text)
    TIM_ClearOC1Ref                          0x08002def   Thumb Code    18  stm32f4xx_tim.o(.text)
    TIM_ClearOC2Ref                          0x08002e01   Thumb Code    24  stm32f4xx_tim.o(.text)
    TIM_ClearOC3Ref                          0x08002e19   Thumb Code    18  stm32f4xx_tim.o(.text)
    TIM_ClearOC4Ref                          0x08002e2b   Thumb Code    24  stm32f4xx_tim.o(.text)
    TIM_OC1PolarityConfig                    0x08002e43   Thumb Code    18  stm32f4xx_tim.o(.text)
    TIM_OC1NPolarityConfig                   0x08002e55   Thumb Code    18  stm32f4xx_tim.o(.text)
    TIM_OC2PolarityConfig                    0x08002e67   Thumb Code    26  stm32f4xx_tim.o(.text)
    TIM_OC2NPolarityConfig                   0x08002e81   Thumb Code    26  stm32f4xx_tim.o(.text)
    TIM_OC3PolarityConfig                    0x08002e9b   Thumb Code    26  stm32f4xx_tim.o(.text)
    TIM_OC3NPolarityConfig                   0x08002eb5   Thumb Code    26  stm32f4xx_tim.o(.text)
    TIM_OC4PolarityConfig                    0x08002ecf   Thumb Code    26  stm32f4xx_tim.o(.text)
    TIM_CCxCmd                               0x08002ee9   Thumb Code    30  stm32f4xx_tim.o(.text)
    TIM_CCxNCmd                              0x08002f07   Thumb Code    30  stm32f4xx_tim.o(.text)
    TIM_SetIC4Prescaler                      0x08002f25   Thumb Code    26  stm32f4xx_tim.o(.text)
    TIM_SetIC3Prescaler                      0x08002f8f   Thumb Code    18  stm32f4xx_tim.o(.text)
    TIM_SetIC2Prescaler                      0x08002fe9   Thumb Code    26  stm32f4xx_tim.o(.text)
    TIM_SetIC1Prescaler                      0x0800305d   Thumb Code    18  stm32f4xx_tim.o(.text)
    TIM_ICInit                               0x080030a9   Thumb Code   110  stm32f4xx_tim.o(.text)
    TIM_ICStructInit                         0x08003117   Thumb Code    18  stm32f4xx_tim.o(.text)
    TIM_PWMIConfig                           0x08003129   Thumb Code   124  stm32f4xx_tim.o(.text)
    TIM_GetCapture1                          0x080031a5   Thumb Code     6  stm32f4xx_tim.o(.text)
    TIM_GetCapture2                          0x080031ab   Thumb Code     6  stm32f4xx_tim.o(.text)
    TIM_GetCapture3                          0x080031b1   Thumb Code     6  stm32f4xx_tim.o(.text)
    TIM_GetCapture4                          0x080031b7   Thumb Code     6  stm32f4xx_tim.o(.text)
    TIM_BDTRConfig                           0x080031bd   Thumb Code    32  stm32f4xx_tim.o(.text)
    TIM_BDTRStructInit                       0x080031dd   Thumb Code    18  stm32f4xx_tim.o(.text)
    TIM_CtrlPWMOutputs                       0x080031ef   Thumb Code    30  stm32f4xx_tim.o(.text)
    TIM_SelectCOM                            0x0800320d   Thumb Code    24  stm32f4xx_tim.o(.text)
    TIM_CCPreloadControl                     0x08003225   Thumb Code    24  stm32f4xx_tim.o(.text)
    TIM_ITConfig                             0x0800323d   Thumb Code    18  stm32f4xx_tim.o(.text)
    TIM_GenerateEvent                        0x0800324f   Thumb Code     4  stm32f4xx_tim.o(.text)
    TIM_GetFlagStatus                        0x08003253   Thumb Code    18  stm32f4xx_tim.o(.text)
    TIM_ClearFlag                            0x08003265   Thumb Code     6  stm32f4xx_tim.o(.text)
    TIM_GetITStatus                          0x0800326b   Thumb Code    34  stm32f4xx_tim.o(.text)
    TIM_ClearITPendingBit                    0x0800328d   Thumb Code     6  stm32f4xx_tim.o(.text)
    TIM_DMAConfig                            0x08003293   Thumb Code    10  stm32f4xx_tim.o(.text)
    TIM_DMACmd                               0x0800329d   Thumb Code    18  stm32f4xx_tim.o(.text)
    TIM_SelectCCDMA                          0x080032af   Thumb Code    24  stm32f4xx_tim.o(.text)
    TIM_InternalClockConfig                  0x080032c7   Thumb Code    12  stm32f4xx_tim.o(.text)
    TIM_SelectInputTrigger                   0x080032d3   Thumb Code    18  stm32f4xx_tim.o(.text)
    TIM_ITRxExternalClockConfig              0x080032e5   Thumb Code    24  stm32f4xx_tim.o(.text)
    TIM_TIxExternalClockConfig               0x080032fd   Thumb Code    62  stm32f4xx_tim.o(.text)
    TIM_ETRConfig                            0x0800333b   Thumb Code    28  stm32f4xx_tim.o(.text)
    TIM_ETRClockMode1Config                  0x08003357   Thumb Code    54  stm32f4xx_tim.o(.text)
    TIM_ETRClockMode2Config                  0x0800338d   Thumb Code    32  stm32f4xx_tim.o(.text)
    TIM_SelectOutputTrigger                  0x080033ad   Thumb Code    18  stm32f4xx_tim.o(.text)
    TIM_SelectSlaveMode                      0x080033bf   Thumb Code    18  stm32f4xx_tim.o(.text)
    TIM_SelectMasterSlaveMode                0x080033d1   Thumb Code    18  stm32f4xx_tim.o(.text)
    TIM_EncoderInterfaceConfig               0x080033e3   Thumb Code    66  stm32f4xx_tim.o(.text)
    TIM_SelectHallSensor                     0x08003425   Thumb Code    24  stm32f4xx_tim.o(.text)
    TIM_RemapConfig                          0x0800343d   Thumb Code     6  stm32f4xx_tim.o(.text)
    SysTick_Handler                          0x08003445   Thumb Code    12  utility.o(.text)
    Delay                                    0x08003451   Thumb Code    18  utility.o(.text)
    scale                                    0x08003463   Thumb Code   156  utility.o(.text)
    EXTI_DeInit                              0x08003505   Thumb Code    28  stm32f4xx_exti.o(.text)
    EXTI_Init                                0x08003521   Thumb Code   142  stm32f4xx_exti.o(.text)
    EXTI_StructInit                          0x080035af   Thumb Code    16  stm32f4xx_exti.o(.text)
    EXTI_GenerateSWInterrupt                 0x080035bf   Thumb Code    16  stm32f4xx_exti.o(.text)
    EXTI_GetFlagStatus                       0x080035cf   Thumb Code    22  stm32f4xx_exti.o(.text)
    EXTI_ClearFlag                           0x080035e5   Thumb Code     8  stm32f4xx_exti.o(.text)
    EXTI_GetITStatus                         0x080035ed   Thumb Code    22  stm32f4xx_exti.o(.text)
    EXTI_ClearITPendingBit                   0x08003603   Thumb Code     8  stm32f4xx_exti.o(.text)
    SYSCFG_DeInit                            0x08003615   Thumb Code    22  stm32f4xx_syscfg.o(.text)
    SYSCFG_MemoryRemapConfig                 0x0800362b   Thumb Code     6  stm32f4xx_syscfg.o(.text)
    SYSCFG_MemorySwappingBank                0x08003631   Thumb Code     6  stm32f4xx_syscfg.o(.text)
    SYSCFG_EXTILineConfig                    0x08003637   Thumb Code    66  stm32f4xx_syscfg.o(.text)
    SYSCFG_ETH_MediaInterfaceConfig          0x08003679   Thumb Code     8  stm32f4xx_syscfg.o(.text)
    SYSCFG_CompensationCellCmd               0x08003681   Thumb Code     6  stm32f4xx_syscfg.o(.text)
    SYSCFG_GetCompensationCellStatus         0x08003687   Thumb Code    22  stm32f4xx_syscfg.o(.text)
    ringbuffer_new                           0x080036a9   Thumb Code    76  ringbuffer.o(.text)
    ringbuffer_free                          0x080036f5   Thumb Code    42  ringbuffer.o(.text)
    ringbuffer_size                          0x0800371f   Thumb Code     6  ringbuffer.o(.text)
    ringbuffer_head                          0x08003725   Thumb Code     8  ringbuffer.o(.text)
    ringbuffer_tail                          0x0800372d   Thumb Code     8  ringbuffer.o(.text)
    ringbuffer_count                         0x08003735   Thumb Code     6  ringbuffer.o(.text)
    ringbuffer_is_full                       0x0800373b   Thumb Code    18  ringbuffer.o(.text)
    ringbuffer_push                          0x0800374d   Thumb Code    48  ringbuffer.o(.text)
    ringbuffer_is_empty                      0x0800377d   Thumb Code    14  ringbuffer.o(.text)
    ringbuffer_shift                         0x0800378b   Thumb Code    46  ringbuffer.o(.text)
    ringbuffer_shift_all                     0x080037b9   Thumb Code    50  ringbuffer.o(.text)
    reading_new                              0x08003831   Thumb Code    54  reading.o(.text)
    reading_get_value                        0x08003867   Thumb Code     6  reading.o(.text)
    reading_get_scale                        0x0800386d   Thumb Code     6  reading.o(.text)
    reading_get_unit                         0x08003873   Thumb Code     6  reading.o(.text)
    reading_set_value                        0x08003879   Thumb Code     6  reading.o(.text)
    reading_set_scale                        0x0800387f   Thumb Code     4  reading.o(.text)
    reading_set_reading                      0x08003883   Thumb Code     4  reading.o(.text)
    reading_get_scaled_value                 0x08003887   Thumb Code    98  reading.o(.text)
    reading_get_normalised_value             0x080038e9   Thumb Code    42  reading.o(.text)
    reading_get_message_form_from_units      0x08003913   Thumb Code    54  reading.o(.text)
    reading_get_message_form                 0x08003949   Thumb Code    26  reading.o(.text)
    reading_get_val_prefix                   0x08003963   Thumb Code   150  reading.o(.text)
    reading_need_scale                       0x080039f9   Thumb Code    60  reading.o(.text)
    reading_get_lcd_string                   0x08003a35   Thumb Code    64  reading.o(.text)
    Reset_Handler                            0x08003abd   Thumb Code     8  startup_stm32f407xx.o(.text)
    NMI_Handler                              0x08003ac5   Thumb Code     2  startup_stm32f407xx.o(.text)
    HardFault_Handler                        0x08003ac7   Thumb Code     2  startup_stm32f407xx.o(.text)
    MemManage_Handler                        0x08003ac9   Thumb Code     2  startup_stm32f407xx.o(.text)
    BusFault_Handler                         0x08003acb   Thumb Code     2  startup_stm32f407xx.o(.text)
    UsageFault_Handler                       0x08003acd   Thumb Code     2  startup_stm32f407xx.o(.text)
    SVC_Handler                              0x08003acf   Thumb Code     2  startup_stm32f407xx.o(.text)
    DebugMon_Handler                         0x08003ad1   Thumb Code     2  startup_stm32f407xx.o(.text)
    PendSV_Handler                           0x08003ad3   Thumb Code     2  startup_stm32f407xx.o(.text)
    ADC_IRQHandler                           0x08003ad7   Thumb Code     0  startup_stm32f407xx.o(.text)
    CAN1_RX0_IRQHandler                      0x08003ad7   Thumb Code     0  startup_stm32f407xx.o(.text)
    CAN1_RX1_IRQHandler                      0x08003ad7   Thumb Code     0  startup_stm32f407xx.o(.text)
    CAN1_SCE_IRQHandler                      0x08003ad7   Thumb Code     0  startup_stm32f407xx.o(.text)
    CAN1_TX_IRQHandler                       0x08003ad7   Thumb Code     0  startup_stm32f407xx.o(.text)
    CAN2_RX0_IRQHandler                      0x08003ad7   Thumb Code     0  startup_stm32f407xx.o(.text)
    CAN2_RX1_IRQHandler                      0x08003ad7   Thumb Code     0  startup_stm32f407xx.o(.text)
    CAN2_SCE_IRQHandler                      0x08003ad7   Thumb Code     0  startup_stm32f407xx.o(.text)
    CAN2_TX_IRQHandler                       0x08003ad7   Thumb Code     0  startup_stm32f407xx.o(.text)
    DCMI_IRQHandler                          0x08003ad7   Thumb Code     0  startup_stm32f407xx.o(.text)
    DMA1_Stream0_IRQHandler                  0x08003ad7   Thumb Code     0  startup_stm32f407xx.o(.text)
    DMA1_Stream1_IRQHandler                  0x08003ad7   Thumb Code     0  startup_stm32f407xx.o(.text)
    DMA1_Stream2_IRQHandler                  0x08003ad7   Thumb Code     0  startup_stm32f407xx.o(.text)
    DMA1_Stream3_IRQHandler                  0x08003ad7   Thumb Code     0  startup_stm32f407xx.o(.text)
    DMA1_Stream4_IRQHandler                  0x08003ad7   Thumb Code     0  startup_stm32f407xx.o(.text)
    DMA1_Stream5_IRQHandler                  0x08003ad7   Thumb Code     0  startup_stm32f407xx.o(.text)
    DMA1_Stream6_IRQHandler                  0x08003ad7   Thumb Code     0  startup_stm32f407xx.o(.text)
    DMA1_Stream7_IRQHandler                  0x08003ad7   Thumb Code     0  startup_stm32f407xx.o(.text)
    DMA2_Stream0_IRQHandler                  0x08003ad7   Thumb Code     0  startup_stm32f407xx.o(.text)
    DMA2_Stream1_IRQHandler                  0x08003ad7   Thumb Code     0  startup_stm32f407xx.o(.text)
    DMA2_Stream2_IRQHandler                  0x08003ad7   Thumb Code     0  startup_stm32f407xx.o(.text)
    DMA2_Stream3_IRQHandler                  0x08003ad7   Thumb Code     0  startup_stm32f407xx.o(.text)
    DMA2_Stream4_IRQHandler                  0x08003ad7   Thumb Code     0  startup_stm32f407xx.o(.text)
    DMA2_Stream5_IRQHandler                  0x08003ad7   Thumb Code     0  startup_stm32f407xx.o(.text)
    DMA2_Stream6_IRQHandler                  0x08003ad7   Thumb Code     0  startup_stm32f407xx.o(.text)
    DMA2_Stream7_IRQHandler                  0x08003ad7   Thumb Code     0  startup_stm32f407xx.o(.text)
    ETH_IRQHandler                           0x08003ad7   Thumb Code     0  startup_stm32f407xx.o(.text)
    ETH_WKUP_IRQHandler                      0x08003ad7   Thumb Code     0  startup_stm32f407xx.o(.text)
    EXTI0_IRQHandler                         0x08003ad7   Thumb Code     0  startup_stm32f407xx.o(.text)
    EXTI1_IRQHandler                         0x08003ad7   Thumb Code     0  startup_stm32f407xx.o(.text)
    EXTI2_IRQHandler                         0x08003ad7   Thumb Code     0  startup_stm32f407xx.o(.text)
    EXTI3_IRQHandler                         0x08003ad7   Thumb Code     0  startup_stm32f407xx.o(.text)
    EXTI4_IRQHandler                         0x08003ad7   Thumb Code     0  startup_stm32f407xx.o(.text)
    FLASH_IRQHandler                         0x08003ad7   Thumb Code     0  startup_stm32f407xx.o(.text)
    FMC_IRQHandler                           0x08003ad7   Thumb Code     0  startup_stm32f407xx.o(.text)
    FPU_IRQHandler                           0x08003ad7   Thumb Code     0  startup_stm32f407xx.o(.text)
    HASH_RNG_IRQHandler                      0x08003ad7   Thumb Code     0  startup_stm32f407xx.o(.text)
    I2C1_ER_IRQHandler                       0x08003ad7   Thumb Code     0  startup_stm32f407xx.o(.text)
    I2C1_EV_IRQHandler                       0x08003ad7   Thumb Code     0  startup_stm32f407xx.o(.text)
    I2C2_ER_IRQHandler                       0x08003ad7   Thumb Code     0  startup_stm32f407xx.o(.text)
    I2C2_EV_IRQHandler                       0x08003ad7   Thumb Code     0  startup_stm32f407xx.o(.text)
    I2C3_ER_IRQHandler                       0x08003ad7   Thumb Code     0  startup_stm32f407xx.o(.text)
    I2C3_EV_IRQHandler                       0x08003ad7   Thumb Code     0  startup_stm32f407xx.o(.text)
    OTG_FS_IRQHandler                        0x08003ad7   Thumb Code     0  startup_stm32f407xx.o(.text)
    OTG_FS_WKUP_IRQHandler                   0x08003ad7   Thumb Code     0  startup_stm32f407xx.o(.text)
    OTG_HS_EP1_IN_IRQHandler                 0x08003ad7   Thumb Code     0  startup_stm32f407xx.o(.text)
    OTG_HS_EP1_OUT_IRQHandler                0x08003ad7   Thumb Code     0  startup_stm32f407xx.o(.text)
    OTG_HS_IRQHandler                        0x08003ad7   Thumb Code     0  startup_stm32f407xx.o(.text)
    OTG_HS_WKUP_IRQHandler                   0x08003ad7   Thumb Code     0  startup_stm32f407xx.o(.text)
    PVD_IRQHandler                           0x08003ad7   Thumb Code     0  startup_stm32f407xx.o(.text)
    RCC_IRQHandler                           0x08003ad7   Thumb Code     0  startup_stm32f407xx.o(.text)
    RTC_Alarm_IRQHandler                     0x08003ad7   Thumb Code     0  startup_stm32f407xx.o(.text)
    RTC_WKUP_IRQHandler                      0x08003ad7   Thumb Code     0  startup_stm32f407xx.o(.text)
    SDIO_IRQHandler                          0x08003ad7   Thumb Code     0  startup_stm32f407xx.o(.text)
    SPI1_IRQHandler                          0x08003ad7   Thumb Code     0  startup_stm32f407xx.o(.text)
    SPI2_IRQHandler                          0x08003ad7   Thumb Code     0  startup_stm32f407xx.o(.text)
    SPI3_IRQHandler                          0x08003ad7   Thumb Code     0  startup_stm32f407xx.o(.text)
    TAMP_STAMP_IRQHandler                    0x08003ad7   Thumb Code     0  startup_stm32f407xx.o(.text)
    TIM1_BRK_TIM9_IRQHandler                 0x08003ad7   Thumb Code     0  startup_stm32f407xx.o(.text)
    TIM1_CC_IRQHandler                       0x08003ad7   Thumb Code     0  startup_stm32f407xx.o(.text)
    TIM1_TRG_COM_TIM11_IRQHandler            0x08003ad7   Thumb Code     0  startup_stm32f407xx.o(.text)
    TIM1_UP_TIM10_IRQHandler                 0x08003ad7   Thumb Code     0  startup_stm32f407xx.o(.text)
    TIM3_IRQHandler                          0x08003ad7   Thumb Code     0  startup_stm32f407xx.o(.text)
    TIM4_IRQHandler                          0x08003ad7   Thumb Code     0  startup_stm32f407xx.o(.text)
    TIM5_IRQHandler                          0x08003ad7   Thumb Code     0  startup_stm32f407xx.o(.text)
    TIM7_IRQHandler                          0x08003ad7   Thumb Code     0  startup_stm32f407xx.o(.text)
    TIM8_BRK_TIM12_IRQHandler                0x08003ad7   Thumb Code     0  startup_stm32f407xx.o(.text)
    TIM8_CC_IRQHandler                       0x08003ad7   Thumb Code     0  startup_stm32f407xx.o(.text)
    TIM8_TRG_COM_TIM14_IRQHandler            0x08003ad7   Thumb Code     0  startup_stm32f407xx.o(.text)
    TIM8_UP_TIM13_IRQHandler                 0x08003ad7   Thumb Code     0  startup_stm32f407xx.o(.text)
    UART4_IRQHandler                         0x08003ad7   Thumb Code     0  startup_stm32f407xx.o(.text)
    UART5_IRQHandler                         0x08003ad7   Thumb Code     0  startup_stm32f407xx.o(.text)
    USART1_IRQHandler                        0x08003ad7   Thumb Code     0  startup_stm32f407xx.o(.text)
    USART2_IRQHandler                        0x08003ad7   Thumb Code     0  startup_stm32f407xx.o(.text)
    USART6_IRQHandler                        0x08003ad7   Thumb Code     0  startup_stm32f407xx.o(.text)
    WWDG_IRQHandler                          0x08003ad7   Thumb Code     0  startup_stm32f407xx.o(.text)
    __user_initial_stackheap                 0x08003ad9   Thumb Code     0  startup_stm32f407xx.o(.text)
    SystemInit                               0x08003bd9   Thumb Code    88  system_stm32f4xx.o(.text)
    SystemCoreClockUpdate                    0x08003c31   Thumb Code   174  system_stm32f4xx.o(.text)
    __I$use$semihosting                      0x08003d0d   Thumb Code     0  use_no_semi.o(.text)
    __use_no_semihosting_swi                 0x08003d0d   Thumb Code     2  use_no_semi.o(.text)
    malloc                                   0x08003d0f   Thumb Code    94  h1_alloc.o(.text)
    free                                     0x08003d6d   Thumb Code    78  h1_free.o(.text)
    __2printf                                0x08003dbd   Thumb Code    20  noretval__2printf.o(.text)
    __2sprintf                               0x08003dd5   Thumb Code    34  noretval__2sprintf.o(.text)
    _printf_str                              0x08003dfd   Thumb Code    82  _printf_str.o(.text)
    _printf_int_dec                          0x08003e51   Thumb Code   104  _printf_dec.o(.text)
    __printf                                 0x08003ec9   Thumb Code   270  __printf_wp.o(.text)
    __aeabi_assert                           0x08003fd9   Thumb Code    86  assert.o(.text)
    __assert                                 0x08003fd9   Thumb Code     0  assert.o(.text)
    strcpy                                   0x08004059   Thumb Code    72  strcpy.o(.text)
    strlen                                   0x080040a1   Thumb Code    62  strlen.o(.text)
    __aeabi_memcpy                           0x080040df   Thumb Code     0  rt_memcpy_v6.o(.text)
    __rt_memcpy                              0x080040df   Thumb Code   138  rt_memcpy_v6.o(.text)
    _memcpy_lastbytes                        0x08004145   Thumb Code     0  rt_memcpy_v6.o(.text)
    __aeabi_memclr                           0x08004169   Thumb Code     0  rt_memclr.o(.text)
    __rt_memclr                              0x08004169   Thumb Code    68  rt_memclr.o(.text)
    _memset                                  0x0800416d   Thumb Code     0  rt_memclr.o(.text)
    strcmp                                   0x080041ad   Thumb Code   128  strcmpv7m.o(.text)
    __use_two_region_memory                  0x0800422d   Thumb Code     2  heapauxi.o(.text)
    __rt_heap_escrow                         0x0800422f   Thumb Code     2  heapauxi.o(.text)
    __rt_heap_expand                         0x08004231   Thumb Code     2  heapauxi.o(.text)
    __rt_heap_descriptor                     0x08004235   Thumb Code     8  rt_heap_descriptor_intlibspace.o(.text)
    __use_no_heap                            0x0800423d   Thumb Code     2  hguard.o(.text)
    __heap$guard                             0x0800423f   Thumb Code     2  hguard.o(.text)
    _terminate_user_alloc                    0x08004241   Thumb Code     2  init_alloc.o(.text)
    _init_user_alloc                         0x08004243   Thumb Code     2  init_alloc.o(.text)
    __Heap_Full                              0x08004245   Thumb Code    34  init_alloc.o(.text)
    __Heap_Broken                            0x08004267   Thumb Code     6  init_alloc.o(.text)
    _init_alloc                              0x0800426d   Thumb Code    94  init_alloc.o(.text)
    __Heap_Initialize                        0x080042cb   Thumb Code    10  h1_init.o(.text)
    __Heap_DescSize                          0x080042d5   Thumb Code     4  h1_init.o(.text)
    __read_errno                             0x080042d9   Thumb Code    10  _rserrno.o(.text)
    __set_errno                              0x080042e3   Thumb Code    12  _rserrno.o(.text)
    _printf_int_common                       0x080042ef   Thumb Code   178  _printf_intcommon.o(.text)
    __lib_sel_fp_printf                      0x080043a1   Thumb Code     2  _printf_fp_dec.o(.text)
    _printf_fp_dec_real                      0x0800454f   Thumb Code   620  _printf_fp_dec.o(.text)
    _printf_char_common                      0x080047c7   Thumb Code    32  _printf_char_common.o(.text)
    _sputc                                   0x080047ed   Thumb Code    10  _sputc.o(.text)
    _printf_cs_common                        0x080047f7   Thumb Code    20  _printf_char.o(.text)
    _printf_char                             0x0800480b   Thumb Code    16  _printf_char.o(.text)
    _printf_string                           0x0800481b   Thumb Code     8  _printf_char.o(.text)
    _printf_char_file                        0x08004825   Thumb Code    32  _printf_char_file.o(.text)
    abort                                    0x08004849   Thumb Code    22  abort.o(.text)
    __assert_puts                            0x0800485f   Thumb Code    20  assert_puts.o(.text)
    __aeabi_memcpy4                          0x08004873   Thumb Code     0  rt_memcpy_w.o(.text)
    __aeabi_memcpy8                          0x08004873   Thumb Code     0  rt_memcpy_w.o(.text)
    __rt_memcpy_w                            0x08004873   Thumb Code   100  rt_memcpy_w.o(.text)
    _memcpy_lastbytes_aligned                0x080048bb   Thumb Code     0  rt_memcpy_w.o(.text)
    __aeabi_memclr4                          0x080048d7   Thumb Code     0  rt_memclr_w.o(.text)
    __aeabi_memclr8                          0x080048d7   Thumb Code     0  rt_memclr_w.o(.text)
    __rt_memclr_w                            0x080048d7   Thumb Code    78  rt_memclr_w.o(.text)
    _memset_w                                0x080048db   Thumb Code     0  rt_memclr_w.o(.text)
    __user_libspace                          0x08004925   Thumb Code     8  libspace.o(.text)
    __user_perproc_libspace                  0x08004925   Thumb Code     0  libspace.o(.text)
    __user_perthread_libspace                0x08004925   Thumb Code     0  libspace.o(.text)
    __rt_locale                              0x0800492d   Thumb Code     8  rt_locale_intlibspace.o(.text)
    __aeabi_errno_addr                       0x08004935   Thumb Code     8  rt_errno_addr_intlibspace.o(.text)
    __errno$intlibspace                      0x08004935   Thumb Code     0  rt_errno_addr_intlibspace.o(.text)
    __rt_errno_addr$intlibspace              0x08004935   Thumb Code     0  rt_errno_addr_intlibspace.o(.text)
    __Heap_ProvideMemory                     0x0800493d   Thumb Code    52  h1_extend.o(.text)
    _ll_udiv10                               0x08004971   Thumb Code   138  lludiv10.o(.text)
    _printf_fp_infnan                        0x080049fd   Thumb Code   112  _printf_fp_infnan.o(.text)
    _btod_etento                             0x08004a7d   Thumb Code   216  bigflt0.o(.text)
    __rt_SIGABRT                             0x08004b59   Thumb Code    14  defsig_abrt_outer.o(.text)
    __rt_SIGRTMEM                            0x08004b67   Thumb Code    14  defsig_rtmem_outer.o(.text)
    __user_setup_stackheap                   0x08004b75   Thumb Code    74  sys_stackheap_outer.o(.text)
    exit                                     0x08004bbf   Thumb Code    18  exit.o(.text)
    __sig_exit                               0x08004bd1   Thumb Code    10  defsig_exit.o(.text)
    __rt_SIGABRT_inner                       0x08004bdd   Thumb Code    14  defsig_abrt_inner.o(.text)
    __rt_SIGRTMEM_inner                      0x08004c0d   Thumb Code    22  defsig_rtmem_inner.o(.text)
    __default_signal_display                 0x08004c5d   Thumb Code    50  defsig_general.o(.text)
    _btod_d2e                                0x08004c8f   Thumb Code    62  btod.o(CL$$btod_d2e)
    _d2e_denorm_low                          0x08004ccd   Thumb Code    70  btod.o(CL$$btod_d2e_denorm_low)
    _d2e_norm_op1                            0x08004d13   Thumb Code    96  btod.o(CL$$btod_d2e_norm_op1)
    __btod_div_common                        0x08004d73   Thumb Code   696  btod.o(CL$$btod_div_common)
    _e2e                                     0x080050ab   Thumb Code   198  btod.o(CL$$btod_e2e)
    _btod_ediv                               0x08005171   Thumb Code    40  btod.o(CL$$btod_ediv)
    _btod_emul                               0x08005199   Thumb Code    40  btod.o(CL$$btod_emul)
    __btod_mult_common                       0x080051c1   Thumb Code   580  btod.o(CL$$btod_mult_common)
    __ARM_fpclassify                         0x08005405   Thumb Code    48  fpclassify.o(i.__ARM_fpclassify)
    __hardfp_pow                             0x08005439   Thumb Code  3072  pow.o(i.__hardfp_pow)
    __kernel_poly                            0x08006089   Thumb Code   248  poly.o(i.__kernel_poly)
    __mathlib_dbl_divzero                    0x08006181   Thumb Code    28  dunder.o(i.__mathlib_dbl_divzero)
    __mathlib_dbl_infnan2                    0x080061b1   Thumb Code    20  dunder.o(i.__mathlib_dbl_infnan2)
    __mathlib_dbl_invalid                    0x080061c9   Thumb Code    24  dunder.o(i.__mathlib_dbl_invalid)
    __mathlib_dbl_overflow                   0x080061e9   Thumb Code    24  dunder.o(i.__mathlib_dbl_overflow)
    __mathlib_dbl_underflow                  0x08006209   Thumb Code    24  dunder.o(i.__mathlib_dbl_underflow)
    _is_digit                                0x08006229   Thumb Code    14  __printf_wp.o(i._is_digit)
    fabs                                     0x08006237   Thumb Code    24  fabs.o(i.fabs)
    sqrt                                     0x0800624f   Thumb Code   110  sqrt.o(i.sqrt)
    _get_lc_numeric                          0x080062bd   Thumb Code    44  lc_numeric_c.o(locale$$code)
    __aeabi_dneg                             0x080062e9   Thumb Code     0  basic.o(x$fpl$basic)
    _dneg                                    0x080062e9   Thumb Code     6  basic.o(x$fpl$basic)
    __aeabi_fneg                             0x080062ef   Thumb Code     0  basic.o(x$fpl$basic)
    _fneg                                    0x080062ef   Thumb Code     6  basic.o(x$fpl$basic)
    _dabs                                    0x080062f5   Thumb Code     6  basic.o(x$fpl$basic)
    _fabs                                    0x080062fb   Thumb Code     6  basic.o(x$fpl$basic)
    __aeabi_d2f                              0x08006301   Thumb Code     0  d2f.o(x$fpl$d2f)
    _d2f                                     0x08006301   Thumb Code    98  d2f.o(x$fpl$d2f)
    __aeabi_dadd                             0x08006365   Thumb Code     0  daddsub_clz.o(x$fpl$dadd)
    _dadd                                    0x08006365   Thumb Code   332  daddsub_clz.o(x$fpl$dadd)
    __fpl_dcheck_NaN1                        0x080064b5   Thumb Code    10  dcheck1.o(x$fpl$dcheck1)
    __fpl_dcmp_Inf                           0x080064c5   Thumb Code    24  dcmpi.o(x$fpl$dcmpinf)
    __aeabi_ddiv                             0x080064dd   Thumb Code     0  ddiv.o(x$fpl$ddiv)
    _ddiv                                    0x080064dd   Thumb Code   552  ddiv.o(x$fpl$ddiv)
    __aeabi_d2iz                             0x0800678d   Thumb Code     0  dfix.o(x$fpl$dfix)
    _dfix                                    0x0800678d   Thumb Code    94  dfix.o(x$fpl$dfix)
    __aeabi_i2d                              0x080067eb   Thumb Code     0  dflt_clz.o(x$fpl$dflt)
    _dflt                                    0x080067eb   Thumb Code    46  dflt_clz.o(x$fpl$dflt)
    __aeabi_cdcmple                          0x08006819   Thumb Code     0  dleqf.o(x$fpl$dleqf)
    _dcmple                                  0x08006819   Thumb Code   120  dleqf.o(x$fpl$dleqf)
    __fpl_dcmple_InfNaN                      0x0800687b   Thumb Code     0  dleqf.o(x$fpl$dleqf)
    __aeabi_dmul                             0x08006891   Thumb Code     0  dmul.o(x$fpl$dmul)
    _dmul                                    0x08006891   Thumb Code   332  dmul.o(x$fpl$dmul)
    __fpl_dnaninf                            0x080069e5   Thumb Code   156  dnaninf.o(x$fpl$dnaninf)
    __fpl_dretinf                            0x08006a81   Thumb Code    12  dretinf.o(x$fpl$dretinf)
    __aeabi_cdrcmple                         0x08006a8d   Thumb Code     0  drleqf.o(x$fpl$drleqf)
    _drcmple                                 0x08006a8d   Thumb Code   108  drleqf.o(x$fpl$drleqf)
    __aeabi_drsub                            0x08006af9   Thumb Code     0  daddsub_clz.o(x$fpl$drsb)
    _drsb                                    0x08006af9   Thumb Code    22  daddsub_clz.o(x$fpl$drsb)
    _dsqrt                                   0x08006b11   Thumb Code   404  dsqrt_umaal.o(x$fpl$dsqrt)
    __aeabi_dsub                             0x08006ca9   Thumb Code     0  daddsub_clz.o(x$fpl$dsub)
    _dsub                                    0x08006ca9   Thumb Code   464  daddsub_clz.o(x$fpl$dsub)
    __aeabi_f2d                              0x08006e7d   Thumb Code     0  f2d.o(x$fpl$f2d)
    _f2d                                     0x08006e7d   Thumb Code    86  f2d.o(x$fpl$f2d)
    __fpl_fnaninf                            0x08006ed3   Thumb Code   140  fnaninf.o(x$fpl$fnaninf)
    _fp_init                                 0x08006f5f   Thumb Code    10  fpinit.o(x$fpl$fpinit)
    __fplib_config_fpu_vfp                   0x08006f67   Thumb Code     0  fpinit.o(x$fpl$fpinit)
    __fplib_config_pureend_doubles           0x08006f67   Thumb Code     0  fpinit.o(x$fpl$fpinit)
    __fpl_fretinf                            0x08006f69   Thumb Code    10  fretinf.o(x$fpl$fretinf)
    _printf_fp_dec                           0x08006f73   Thumb Code     4  printf1.o(x$fpl$printf1)
    __fpl_return_NaN                         0x08006f77   Thumb Code   100  retnan.o(x$fpl$retnan)
    __ARM_scalbn                             0x08006fdb   Thumb Code    92  scalbn.o(x$fpl$scalbn)
    __fpl_cmpreturn                          0x08007037   Thumb Code    48  trapv.o(x$fpl$trapveneer)
    __I$use$fp                               0x08007066   Number         0  usenofp.o(x$fpl$usenofp)
    SWT_mask                                 0x08007068   Data          32  swt.o(.constdata)
    AHBPrescTable                            0x08007088   Data          16  system_stm32f4xx.o(.constdata)
    __mathlib_zero                           0x08007120   Data           8  qnan.o(.constdata)
    Region$$Table$$Base                      0x08007234   Number         0  anon$$obj.o(Region$$Table)
    Region$$Table$$Limit                     0x08007254   Number         0  anon$$obj.o(Region$$Table)
    ringbuffer                               0x20000000   Data           4  adc_leds.o(.data)
    menuState                                0x20000004   Data           1  adc_leds.o(.data)
    scaleState                               0x20000005   Data           1  adc_leds.o(.data)
    volts                                    0x20000008   Data           4  adc_leds.o(.data)
    amps                                     0x2000000c   Data           4  adc_leds.o(.data)
    resistance                               0x20000010   Data           4  adc_leds.o(.data)
    light                                    0x20000014   Data           4  adc_leds.o(.data)
    signalCache                              0x20000018   Data           4  adc_leds.o(.data)
    sendSignal                               0x2000001c   Data           1  adc_leds.o(.data)
    board_is_reading                         0x2000001d   Data           1  adc_leds.o(.data)
    current_mode                             0x2000001e   Data           1  adc_leds.o(.data)
    startup                                  0x2000001f   Data           1  adc_leds.o(.data)
    set_selection                            0x20000020   Data           1  adc_leds.o(.data)
    menu_confirm_exit                        0x20000021   Data           1  adc_leds.o(.data)
    bt_change_mode                           0x20000022   Data           1  adc_leds.o(.data)
    menuItems                                0x20000024   Data          48  adc_leds.o(.data)
    menuCount                                0x20000054   Data           4  adc_leds.o(.data)
    __stdout                                 0x2000005c   Data           4  retarget.o(.data)
    GPIO_InitStructure                       0x2000007c   Data           8  sig_gen.o(.data)
    sinetable                                0x20000084   Data         512  sig_gen.o(.data)
    pulse_width                              0x20000284   Data           2  sig_gen.o(.data)
    phase_accumulator                        0x20000288   Data           4  sig_gen.o(.data)
    angle                                    0x2000028c   Data           1  sig_gen.o(.data)
    msTicks                                  0x20000290   Data           4  utility.o(.data)
    SystemCoreClock                          0x20000294   Data           4  system_stm32f4xx.o(.data)
    line_buffer                              0x20000298   Data          16  serial.o(.bss)
    unmalloc_buffer                          0x200002b8   Data         512  lcd_buffer.o(.bss)
    lcd_commandBuffer                        0x200004b8   Data          16  lcd_driver.o(.bss)
    USART_InitStructure                      0x200004c8   Data          16  sig_gen.o(.bss)
    TIM_TimeBaseStructure                    0x200004d8   Data          12  sig_gen.o(.bss)
    TIM_OCInitStructure                      0x200004e4   Data          20  sig_gen.o(.bss)
    __libspace_start                         0x200004f8   Data          96  libspace.o(.bss)
    __temporary_stack_top$libspace           0x20000558   Data           0  libspace.o(.bss)



==============================================================================

Memory Map of the image

  Image Entry point : 0x08000189

  Load Region LR_IROM1 (Base: 0x08000000, Size: 0x00007508, Max: 0x00100000, ABSOLUTE, COMPRESSED[0x0000744c])

    Execution Region ER_IROM1 (Base: 0x08000000, Size: 0x00007270, Max: 0x00100000, ABSOLUTE)

    Base Addr    Size         Type   Attr      Idx    E Section Name        Object

    0x08000000   0x00000188   Data   RO          878    RESET               startup_stm32f407xx.o
    0x08000188   0x00000008   Code   RO         1033  * !!!main             c_w.l(__main.o)
    0x08000190   0x00000034   Code   RO         1446    !!!scatter          c_w.l(__scatter.o)
    0x080001c4   0x0000005a   Code   RO         1444    !!dczerorl2         c_w.l(__dczerorl2.o)
    0x0800021e   0x00000002   PAD
    0x08000220   0x0000001c   Code   RO         1448    !!handler_zi        c_w.l(__scatter_zi.o)
    0x0800023c   0x00000000   Code   RO         1018    .ARM.Collect$$_printf_percent$$00000000  c_w.l(_printf_percent.o)
    0x0800023c   0x00000006   Code   RO         1017    .ARM.Collect$$_printf_percent$$00000003  c_w.l(_printf_f.o)
    0x08000242   0x00000006   Code   RO         1016    .ARM.Collect$$_printf_percent$$00000009  c_w.l(_printf_d.o)
    0x08000248   0x00000006   Code   RO         1014    .ARM.Collect$$_printf_percent$$00000013  c_w.l(_printf_c.o)
    0x0800024e   0x00000006   Code   RO         1015    .ARM.Collect$$_printf_percent$$00000014  c_w.l(_printf_s.o)
    0x08000254   0x00000004   Code   RO         1139    .ARM.Collect$$_printf_percent$$00000017  c_w.l(_printf_percent_end.o)
    0x08000258   0x00000002   Code   RO         1385    .ARM.Collect$$libinit$$00000000  c_w.l(libinit.o)
    0x0800025a   0x00000004   Code   RO         1150    .ARM.Collect$$libinit$$00000001  c_w.l(libinit2.o)
    0x0800025e   0x00000000   Code   RO         1153    .ARM.Collect$$libinit$$00000004  c_w.l(libinit2.o)
    0x0800025e   0x00000008   Code   RO         1154    .ARM.Collect$$libinit$$00000005  c_w.l(libinit2.o)
    0x08000266   0x00000000   Code   RO         1156    .ARM.Collect$$libinit$$0000000A  c_w.l(libinit2.o)
    0x08000266   0x00000000   Code   RO         1158    .ARM.Collect$$libinit$$0000000C  c_w.l(libinit2.o)
    0x08000266   0x00000000   Code   RO         1160    .ARM.Collect$$libinit$$0000000E  c_w.l(libinit2.o)
    0x08000266   0x00000006   Code   RO         1161    .ARM.Collect$$libinit$$0000000F  c_w.l(libinit2.o)
    0x0800026c   0x00000000   Code   RO         1163    .ARM.Collect$$libinit$$00000011  c_w.l(libinit2.o)
    0x0800026c   0x00000000   Code   RO         1165    .ARM.Collect$$libinit$$00000013  c_w.l(libinit2.o)
    0x0800026c   0x00000000   Code   RO         1167    .ARM.Collect$$libinit$$00000015  c_w.l(libinit2.o)
    0x0800026c   0x0000000a   Code   RO         1168    .ARM.Collect$$libinit$$00000016  c_w.l(libinit2.o)
    0x08000276   0x00000000   Code   RO         1169    .ARM.Collect$$libinit$$00000017  c_w.l(libinit2.o)
    0x08000276   0x00000000   Code   RO         1171    .ARM.Collect$$libinit$$00000019  c_w.l(libinit2.o)
    0x08000276   0x00000000   Code   RO         1173    .ARM.Collect$$libinit$$0000001B  c_w.l(libinit2.o)
    0x08000276   0x00000000   Code   RO         1175    .ARM.Collect$$libinit$$0000001D  c_w.l(libinit2.o)
    0x08000276   0x00000000   Code   RO         1177    .ARM.Collect$$libinit$$0000001F  c_w.l(libinit2.o)
    0x08000276   0x00000000   Code   RO         1179    .ARM.Collect$$libinit$$00000021  c_w.l(libinit2.o)
    0x08000276   0x00000000   Code   RO         1181    .ARM.Collect$$libinit$$00000023  c_w.l(libinit2.o)
    0x08000276   0x00000000   Code   RO         1183    .ARM.Collect$$libinit$$00000025  c_w.l(libinit2.o)
    0x08000276   0x00000000   Code   RO         1187    .ARM.Collect$$libinit$$0000002C  c_w.l(libinit2.o)
    0x08000276   0x00000000   Code   RO         1189    .ARM.Collect$$libinit$$0000002E  c_w.l(libinit2.o)
    0x08000276   0x00000000   Code   RO         1191    .ARM.Collect$$libinit$$00000030  c_w.l(libinit2.o)
    0x08000276   0x00000000   Code   RO         1193    .ARM.Collect$$libinit$$00000032  c_w.l(libinit2.o)
    0x08000276   0x00000002   Code   RO         1194    .ARM.Collect$$libinit$$00000033  c_w.l(libinit2.o)
    0x08000278   0x00000002   Code   RO         1441    .ARM.Collect$$libshutdown$$00000000  c_w.l(libshutdown.o)
    0x0800027a   0x00000000   Code   RO         1399    .ARM.Collect$$libshutdown$$00000002  c_w.l(libshutdown2.o)
    0x0800027a   0x00000000   Code   RO         1401    .ARM.Collect$$libshutdown$$00000004  c_w.l(libshutdown2.o)
    0x0800027a   0x00000000   Code   RO         1404    .ARM.Collect$$libshutdown$$00000007  c_w.l(libshutdown2.o)
    0x0800027a   0x00000000   Code   RO         1407    .ARM.Collect$$libshutdown$$0000000A  c_w.l(libshutdown2.o)
    0x0800027a   0x00000000   Code   RO         1409    .ARM.Collect$$libshutdown$$0000000C  c_w.l(libshutdown2.o)
    0x0800027a   0x00000000   Code   RO         1412    .ARM.Collect$$libshutdown$$0000000F  c_w.l(libshutdown2.o)
    0x0800027a   0x00000002   Code   RO         1413    .ARM.Collect$$libshutdown$$00000010  c_w.l(libshutdown2.o)
    0x0800027c   0x00000000   Code   RO         1099    .ARM.Collect$$rtentry$$00000000  c_w.l(__rtentry.o)
    0x0800027c   0x00000000   Code   RO         1274    .ARM.Collect$$rtentry$$00000002  c_w.l(__rtentry2.o)
    0x0800027c   0x00000006   Code   RO         1286    .ARM.Collect$$rtentry$$00000004  c_w.l(__rtentry4.o)
    0x08000282   0x00000000   Code   RO         1276    .ARM.Collect$$rtentry$$00000009  c_w.l(__rtentry2.o)
    0x08000282   0x00000004   Code   RO         1277    .ARM.Collect$$rtentry$$0000000A  c_w.l(__rtentry2.o)
    0x08000286   0x00000000   Code   RO         1279    .ARM.Collect$$rtentry$$0000000C  c_w.l(__rtentry2.o)
    0x08000286   0x00000008   Code   RO         1280    .ARM.Collect$$rtentry$$0000000D  c_w.l(__rtentry2.o)
    0x0800028e   0x00000002   Code   RO         1388    .ARM.Collect$$rtexit$$00000000  c_w.l(rtexit.o)
    0x08000290   0x00000000   Code   RO         1417    .ARM.Collect$$rtexit$$00000002  c_w.l(rtexit2.o)
    0x08000290   0x00000004   Code   RO         1418    .ARM.Collect$$rtexit$$00000003  c_w.l(rtexit2.o)
    0x08000294   0x00000006   Code   RO         1419    .ARM.Collect$$rtexit$$00000004  c_w.l(rtexit2.o)
    0x0800029a   0x00000002   PAD
    0x0800029c   0x00000000   Code   RO         1300    .emb_text           c_w.l(maybetermalloc1.o)
    0x0800029c   0x00000034   Code   RO            4    .text               app.o
    0x080002d0   0x0000067c   Code   RO          173    .text               adc_leds.o
    0x0800094c   0x00000064   Code   RO          239    .text               swt.o
    0x080009b0   0x00000200   Code   RO          285    .text               serial.o
    0x08000bb0   0x000003c8   Code   RO          317    .text               board_init.o
    0x08000f78   0x00000044   Code   RO          353    .text               retarget.o
    0x08000fbc   0x000000a8   Code   RO          381    .text               lcd_buffer.o
    0x08001064   0x000004d0   Code   RO          399    .text               lcd_driver.o
    0x08001534   0x000001ac   Code   RO          437    .text               adc.o
    0x080016e0   0x00000294   Code   RO          461    .text               stm32f4xx_gpio.o
    0x08001974   0x000000e0   Code   RO          485    .text               misc.o
    0x08001a54   0x0000065c   Code   RO          509    .text               stm32f4xx_rcc.o
    0x080020b0   0x00000454   Code   RO          535    .text               stm32f4xx_usart.o
    0x08002504   0x0000029c   Code   RO          559    .text               sig_gen.o
    0x080027a0   0x00000ca2   Code   RO          591    .text               stm32f4xx_tim.o
    0x08003442   0x00000002   PAD
    0x08003444   0x000000c0   Code   RO          615    .text               utility.o
    0x08003504   0x00000110   Code   RO          642    .text               stm32f4xx_exti.o
    0x08003614   0x00000094   Code   RO          666    .text               stm32f4xx_syscfg.o
    0x080036a8   0x00000188   Code   RO          687    .text               ringbuffer.o
    0x08003830   0x0000028c   Code   RO          837    .text               reading.o
    0x08003abc   0x00000040   Code   RO          879    .text               startup_stm32f407xx.o
    0x08003afc   0x00000210   Code   RO          886    .text               system_stm32f4xx.o
    0x08003d0c   0x00000002   Code   RO          916    .text               c_w.l(use_no_semi.o)
    0x08003d0e   0x0000005e   Code   RO          922    .text               c_w.l(h1_alloc.o)
    0x08003d6c   0x0000004e   Code   RO          924    .text               c_w.l(h1_free.o)
    0x08003dba   0x00000002   PAD
    0x08003dbc   0x00000018   Code   RO          984    .text               c_w.l(noretval__2printf.o)
    0x08003dd4   0x00000028   Code   RO          986    .text               c_w.l(noretval__2sprintf.o)
    0x08003dfc   0x00000052   Code   RO          990    .text               c_w.l(_printf_str.o)
    0x08003e4e   0x00000002   PAD
    0x08003e50   0x00000078   Code   RO          992    .text               c_w.l(_printf_dec.o)
    0x08003ec8   0x0000010e   Code   RO         1002    .text               c_w.l(__printf_wp.o)
    0x08003fd6   0x00000002   PAD
    0x08003fd8   0x00000080   Code   RO         1019    .text               c_w.l(assert.o)
    0x08004058   0x00000048   Code   RO         1021    .text               c_w.l(strcpy.o)
    0x080040a0   0x0000003e   Code   RO         1023    .text               c_w.l(strlen.o)
    0x080040de   0x0000008a   Code   RO         1025    .text               c_w.l(rt_memcpy_v6.o)
    0x08004168   0x00000044   Code   RO         1027    .text               c_w.l(rt_memclr.o)
    0x080041ac   0x00000080   Code   RO         1029    .text               c_w.l(strcmpv7m.o)
    0x0800422c   0x00000006   Code   RO         1031    .text               c_w.l(heapauxi.o)
    0x08004232   0x00000002   PAD
    0x08004234   0x00000008   Code   RO         1103    .text               c_w.l(rt_heap_descriptor_intlibspace.o)
    0x0800423c   0x00000004   Code   RO         1105    .text               c_w.l(hguard.o)
    0x08004240   0x0000008a   Code   RO         1107    .text               c_w.l(init_alloc.o)
    0x080042ca   0x0000000e   Code   RO         1111    .text               c_w.l(h1_init.o)
    0x080042d8   0x00000016   Code   RO         1125    .text               c_w.l(_rserrno.o)
    0x080042ee   0x000000b2   Code   RO         1127    .text               c_w.l(_printf_intcommon.o)
    0x080043a0   0x0000041a   Code   RO         1129    .text               c_w.l(_printf_fp_dec.o)
    0x080047ba   0x00000002   PAD
    0x080047bc   0x00000030   Code   RO         1131    .text               c_w.l(_printf_char_common.o)
    0x080047ec   0x0000000a   Code   RO         1133    .text               c_w.l(_sputc.o)
    0x080047f6   0x0000002c   Code   RO         1135    .text               c_w.l(_printf_char.o)
    0x08004822   0x00000002   PAD
    0x08004824   0x00000024   Code   RO         1137    .text               c_w.l(_printf_char_file.o)
    0x08004848   0x00000016   Code   RO         1140    .text               c_w.l(abort.o)
    0x0800485e   0x00000014   Code   RO         1142    .text               c_w.l(assert_puts.o)
    0x08004872   0x00000064   Code   RO         1144    .text               c_w.l(rt_memcpy_w.o)
    0x080048d6   0x0000004e   Code   RO         1146    .text               c_w.l(rt_memclr_w.o)
    0x08004924   0x00000008   Code   RO         1270    .text               c_w.l(libspace.o)
    0x0800492c   0x00000008   Code   RO         1291    .text               c_w.l(rt_locale_intlibspace.o)
    0x08004934   0x00000008   Code   RO         1296    .text               c_w.l(rt_errno_addr_intlibspace.o)
    0x0800493c   0x00000034   Code   RO         1302    .text               c_w.l(h1_extend.o)
    0x08004970   0x0000008a   Code   RO         1306    .text               c_w.l(lludiv10.o)
    0x080049fa   0x00000002   PAD
    0x080049fc   0x00000080   Code   RO         1308    .text               c_w.l(_printf_fp_infnan.o)
    0x08004a7c   0x000000dc   Code   RO         1312    .text               c_w.l(bigflt0.o)
    0x08004b58   0x0000000e   Code   RO         1340    .text               c_w.l(defsig_abrt_outer.o)
    0x08004b66   0x0000000e   Code   RO         1344    .text               c_w.l(defsig_rtmem_outer.o)
    0x08004b74   0x0000004a   Code   RO         1362    .text               c_w.l(sys_stackheap_outer.o)
    0x08004bbe   0x00000012   Code   RO         1368    .text               c_w.l(exit.o)
    0x08004bd0   0x0000000a   Code   RO         1370    .text               c_w.l(defsig_exit.o)
    0x08004bda   0x00000002   PAD
    0x08004bdc   0x00000030   Code   RO         1372    .text               c_w.l(defsig_abrt_inner.o)
    0x08004c0c   0x00000050   Code   RO         1374    .text               c_w.l(defsig_rtmem_inner.o)
    0x08004c5c   0x00000032   Code   RO         1396    .text               c_w.l(defsig_general.o)
    0x08004c8e   0x0000003e   Code   RO         1315    CL$$btod_d2e        c_w.l(btod.o)
    0x08004ccc   0x00000046   Code   RO         1317    CL$$btod_d2e_denorm_low  c_w.l(btod.o)
    0x08004d12   0x00000060   Code   RO         1316    CL$$btod_d2e_norm_op1  c_w.l(btod.o)
    0x08004d72   0x00000338   Code   RO         1325    CL$$btod_div_common  c_w.l(btod.o)
    0x080050aa   0x000000c6   Code   RO         1322    CL$$btod_e2e        c_w.l(btod.o)
    0x08005170   0x00000028   Code   RO         1319    CL$$btod_ediv       c_w.l(btod.o)
    0x08005198   0x00000028   Code   RO         1318    CL$$btod_emul       c_w.l(btod.o)
    0x080051c0   0x00000244   Code   RO         1324    CL$$btod_mult_common  c_w.l(btod.o)
    0x08005404   0x00000030   Code   RO         1232    i.__ARM_fpclassify  m_wm.l(fpclassify.o)
    0x08005434   0x00000004   PAD
    0x08005438   0x00000c50   Code   RO         1071    i.__hardfp_pow      m_wm.l(pow.o)
    0x08006088   0x000000f8   Code   RO         1250    i.__kernel_poly     m_wm.l(poly.o)
    0x08006180   0x00000030   Code   RO         1212    i.__mathlib_dbl_divzero  m_wm.l(dunder.o)
    0x080061b0   0x00000014   Code   RO         1214    i.__mathlib_dbl_infnan2  m_wm.l(dunder.o)
    0x080061c4   0x00000004   PAD
    0x080061c8   0x00000020   Code   RO         1215    i.__mathlib_dbl_invalid  m_wm.l(dunder.o)
    0x080061e8   0x00000020   Code   RO         1216    i.__mathlib_dbl_overflow  m_wm.l(dunder.o)
    0x08006208   0x00000020   Code   RO         1218    i.__mathlib_dbl_underflow  m_wm.l(dunder.o)
    0x08006228   0x0000000e   Code   RO         1004    i._is_digit         c_w.l(__printf_wp.o)
    0x08006236   0x00000018   Code   RO         1228    i.fabs              m_wm.l(fabs.o)
    0x0800624e   0x0000006e   Code   RO         1258    i.sqrt              m_wm.l(sqrt.o)
    0x080062bc   0x0000002c   Code   RO         1338    locale$$code        c_w.l(lc_numeric_c.o)
    0x080062e8   0x00000018   Code   RO         1195    x$fpl$basic         fz_wm.l(basic.o)
    0x08006300   0x00000062   Code   RO         1035    x$fpl$d2f           fz_wm.l(d2f.o)
    0x08006362   0x00000002   PAD
    0x08006364   0x00000150   Code   RO         1037    x$fpl$dadd          fz_wm.l(daddsub_clz.o)
    0x080064b4   0x00000010   Code   RO         1353    x$fpl$dcheck1       fz_wm.l(dcheck1.o)
    0x080064c4   0x00000018   Code   RO         1197    x$fpl$dcmpinf       fz_wm.l(dcmpi.o)
    0x080064dc   0x000002b0   Code   RO         1044    x$fpl$ddiv          fz_wm.l(ddiv.o)
    0x0800678c   0x0000005e   Code   RO         1049    x$fpl$dfix          fz_wm.l(dfix.o)
    0x080067ea   0x0000002e   Code   RO         1058    x$fpl$dflt          fz_wm.l(dflt_clz.o)
    0x08006818   0x00000078   Code   RO         1063    x$fpl$dleqf         fz_wm.l(dleqf.o)
    0x08006890   0x00000154   Code   RO         1065    x$fpl$dmul          fz_wm.l(dmul.o)
    0x080069e4   0x0000009c   Code   RO         1199    x$fpl$dnaninf       fz_wm.l(dnaninf.o)
    0x08006a80   0x0000000c   Code   RO         1201    x$fpl$dretinf       fz_wm.l(dretinf.o)
    0x08006a8c   0x0000006c   Code   RO         1203    x$fpl$drleqf        fz_wm.l(drleqf.o)
    0x08006af8   0x00000016   Code   RO         1038    x$fpl$drsb          fz_wm.l(daddsub_clz.o)
    0x08006b0e   0x00000002   PAD
    0x08006b10   0x00000198   Code   RO         1355    x$fpl$dsqrt         fz_wm.l(dsqrt_umaal.o)
    0x08006ca8   0x000001d4   Code   RO         1039    x$fpl$dsub          fz_wm.l(daddsub_clz.o)
    0x08006e7c   0x00000056   Code   RO         1067    x$fpl$f2d           fz_wm.l(f2d.o)
    0x08006ed2   0x0000008c   Code   RO         1205    x$fpl$fnaninf       fz_wm.l(fnaninf.o)
    0x08006f5e   0x0000000a   Code   RO         1357    x$fpl$fpinit        fz_wm.l(fpinit.o)
    0x08006f68   0x0000000a   Code   RO         1207    x$fpl$fretinf       fz_wm.l(fretinf.o)
    0x08006f72   0x00000004   Code   RO         1069    x$fpl$printf1       fz_wm.l(printf1.o)
    0x08006f76   0x00000064   Code   RO         1386    x$fpl$retnan        fz_wm.l(retnan.o)
    0x08006fda   0x0000005c   Code   RO         1209    x$fpl$scalbn        fz_wm.l(scalbn.o)
    0x08007036   0x00000030   Code   RO         1414    x$fpl$trapveneer    fz_wm.l(trapv.o)
    0x08007066   0x00000000   Code   RO         1211    x$fpl$usenofp       fz_wm.l(usenofp.o)
    0x08007066   0x00000002   PAD
    0x08007068   0x00000020   Data   RO          240    .constdata          swt.o
    0x08007088   0x00000010   Data   RO          887    .constdata          system_stm32f4xx.o
    0x08007098   0x00000088   Data   RO         1074    .constdata          m_wm.l(pow.o)
    0x08007120   0x00000008   Data   RO         1252    .constdata          m_wm.l(qnan.o)
    0x08007128   0x00000094   Data   RO         1313    .constdata          c_w.l(bigflt0.o)
    0x080071bc   0x00000075   Data   RO          174    .conststring        adc_leds.o
    0x08007231   0x00000003   PAD
    0x08007234   0x00000020   Data   RO         1442    Region$$Table       anon$$obj.o
    0x08007254   0x0000001c   Data   RO         1337    locale$$data        c_w.l(lc_numeric_c.o)


    Execution Region RW_IRAM1 (Base: 0x20000000, Size: 0x00000b58, Max: 0x00020000, ABSOLUTE, COMPRESSED[0x000001dc])

    Base Addr    Size         Type   Attr      Idx    E Section Name        Object

    0x20000000   0x00000058   Data   RW          175    .data               adc_leds.o
    0x20000058   0x00000004   Data   RW          287    .data               serial.o
    0x2000005c   0x00000004   Data   RW          354    .data               retarget.o
    0x20000060   0x00000009   Data   RW          401    .data               lcd_driver.o
    0x20000069   0x00000010   Data   RW          510    .data               stm32f4xx_rcc.o
    0x20000079   0x00000003   PAD
    0x2000007c   0x00000211   Data   RW          561    .data               sig_gen.o
    0x2000028d   0x00000003   PAD
    0x20000290   0x00000004   Data   RW          616    .data               utility.o
    0x20000294   0x00000004   Data   RW          888    .data               system_stm32f4xx.o
    0x20000298   0x0000001f   Zero   RW          286    .bss                serial.o
    0x200002b7   0x00000001   PAD
    0x200002b8   0x00000200   Zero   RW          382    .bss                lcd_buffer.o
    0x200004b8   0x00000010   Zero   RW          400    .bss                lcd_driver.o
    0x200004c8   0x00000030   Zero   RW          560    .bss                sig_gen.o
    0x200004f8   0x00000060   Zero   RW         1271    .bss                c_w.l(libspace.o)
    0x20000558   0x00000200   Zero   RW          877    HEAP                startup_stm32f407xx.o
    0x20000758   0x00000400   Zero   RW          876    STACK               startup_stm32f407xx.o


==============================================================================

Image component sizes


      Code (inc. data)   RO Data    RW Data    ZI Data      Debug   Object Name

       428         20          0          0          0       2145   adc.o
      1660        230        117         88          0       7328   adc_leds.o
        52         14          0          0          0     296179   app.o
       968         94          0          0          0      28297   board_init.o
       168          4          0          0        512       2286   lcd_buffer.o
      1232         70          0          9         16      30057   lcd_driver.o
       224         20          0          0          0       1917   misc.o
       652         72          0          0          0       5055   reading.o
        68          4          0          4          0       3093   retarget.o
       392         70          0          0          0       3739   ringbuffer.o
       512         36          0          4         31       2171   serial.o
       668         50          0        529         48       2638   sig_gen.o
        64         26        392          0       1536        836   startup_stm32f407xx.o
       272         10          0          0          0       2383   stm32f4xx_exti.o
       660         44          0          0          0       4253   stm32f4xx_gpio.o
      1628         52          0         16          0      13196   stm32f4xx_rcc.o
       148         12          0          0          0       1877   stm32f4xx_syscfg.o
      3234         60          0          0          0      23112   stm32f4xx_tim.o
      1108         34          0          0          0       7980   stm32f4xx_usart.o
       100         18         32          0          0       1404   swt.o
       528         46         16          4          0       1799   system_stm32f4xx.o
       192          6          0          4          0       1652   utility.o

    ----------------------------------------------------------------------
     14960        992        592        664       2144     443397   Object Totals
         0          0         32          0          0          0   (incl. Generated)
         2          0          3          6          1          0   (incl. Padding)

    ----------------------------------------------------------------------

      Code (inc. data)   RO Data    RW Data    ZI Data      Debug   Library Member Name

        90          0          0          0          0          0   __dczerorl2.o
         8          0          0          0          0         68   __main.o
       284          0          0          0          0        156   __printf_wp.o
         0          0          0          0          0          0   __rtentry.o
        12          0          0          0          0          0   __rtentry2.o
         6          0          0          0          0          0   __rtentry4.o
        52          8          0          0          0          0   __scatter.o
        28          0          0          0          0          0   __scatter_zi.o
         6          0          0          0          0          0   _printf_c.o
        44          0          0          0          0        108   _printf_char.o
        48          6          0          0          0         96   _printf_char_common.o
        36          4          0          0          0         80   _printf_char_file.o
         6          0          0          0          0          0   _printf_d.o
       120         16          0          0          0         92   _printf_dec.o
         6          0          0          0          0          0   _printf_f.o
      1050          0          0          0          0        216   _printf_fp_dec.o
       128         16          0          0          0         84   _printf_fp_infnan.o
       178          0          0          0          0         88   _printf_intcommon.o
         0          0          0          0          0          0   _printf_percent.o
         4          0          0          0          0          0   _printf_percent_end.o
         6          0          0          0          0          0   _printf_s.o
        82          0          0          0          0         80   _printf_str.o
        22          0          0          0          0        100   _rserrno.o
        10          0          0          0          0         68   _sputc.o
        22          0          0          0          0         80   abort.o
       128         42          0          0          0         76   assert.o
        20          0          0          0          0         76   assert_puts.o
       220          4        148          0          0         96   bigflt0.o
      1910        128          0          0          0        672   btod.o
        48         34          0          0          0         76   defsig_abrt_inner.o
        14          0          0          0          0         80   defsig_abrt_outer.o
        10          0          0          0          0         68   defsig_exit.o
        50          0          0          0          0         88   defsig_general.o
        80         58          0          0          0         76   defsig_rtmem_inner.o
        14          0          0          0          0         80   defsig_rtmem_outer.o
        18          0          0          0          0         80   exit.o
        94          0          0          0          0         80   h1_alloc.o
        52          0          0          0          0         68   h1_extend.o
        78          0          0          0          0         80   h1_free.o
        14          0          0          0          0         84   h1_init.o
         6          0          0          0          0        152   heapauxi.o
         4          0          0          0          0        136   hguard.o
       138          0          0          0          0        168   init_alloc.o
        44         10         28          0          0         76   lc_numeric_c.o
         2          0          0          0          0          0   libinit.o
        30          0          0          0          0          0   libinit2.o
         2          0          0          0          0          0   libshutdown.o
         2          0          0          0          0          0   libshutdown2.o
         8          4          0          0         96         68   libspace.o
       138          0          0          0          0         80   lludiv10.o
         0          0          0          0          0          0   maybetermalloc1.o
        24          4          0          0          0         84   noretval__2printf.o
        40          6          0          0          0         84   noretval__2sprintf.o
         8          4          0          0          0         68   rt_errno_addr_intlibspace.o
         8          4          0          0          0         68   rt_heap_descriptor_intlibspace.o
         8          4          0          0          0         68   rt_locale_intlibspace.o
        68          0          0          0          0         68   rt_memclr.o
        78          0          0          0          0         80   rt_memclr_w.o
       138          0          0          0          0         68   rt_memcpy_v6.o
       100          0          0          0          0         80   rt_memcpy_w.o
         2          0          0          0          0          0   rtexit.o
        10          0          0          0          0          0   rtexit2.o
       128          0          0          0          0         68   strcmpv7m.o
        72          0          0          0          0         80   strcpy.o
        62          0          0          0          0         76   strlen.o
        74          0          0          0          0         80   sys_stackheap_outer.o
         2          0          0          0          0         68   use_no_semi.o
        24          0          0          0          0        164   basic.o
        98          4          0          0          0        140   d2f.o
       826         16          0          0          0        492   daddsub_clz.o
        16          4          0          0          0        116   dcheck1.o
        24          0          0          0          0        116   dcmpi.o
       688        140          0          0          0        256   ddiv.o
        94          4          0          0          0        140   dfix.o
        46          0          0          0          0        116   dflt_clz.o
       120          4          0          0          0        140   dleqf.o
       340         12          0          0          0        152   dmul.o
       156          4          0          0          0        140   dnaninf.o
        12          0          0          0          0        116   dretinf.o
       108          0          0          0          0        128   drleqf.o
       408         56          0          0          0        168   dsqrt_umaal.o
        86          4          0          0          0        132   f2d.o
       140          4          0          0          0        132   fnaninf.o
        10          0          0          0          0        116   fpinit.o
        10          0          0          0          0        116   fretinf.o
         4          0          0          0          0        116   printf1.o
       100          0          0          0          0        116   retnan.o
        92          0          0          0          0        116   scalbn.o
        48          0          0          0          0        116   trapv.o
         0          0          0          0          0          0   usenofp.o
       164         44          0          0          0        620   dunder.o
        24          0          0          0          0        124   fabs.o
        48          0          0          0          0        124   fpclassify.o
       248          0          0          0          0        152   poly.o
      3152        296        136          0          0        352   pow.o
         0          0          8          0          0          0   qnan.o
       110          0          0          0          0        148   sqrt.o

    ----------------------------------------------------------------------
     13424        944        320          0         96       9680   Library Totals
        34          0          0          0          0          0   (incl. Padding)

    ----------------------------------------------------------------------

      Code (inc. data)   RO Data    RW Data    ZI Data      Debug   Library Name

      6194        352        176          0         96       4816   c_w.l
      3450        252          0          0          0       3344   fz_wm.l
      3746        340        144          0          0       1520   m_wm.l

    ----------------------------------------------------------------------
     13424        944        320          0         96       9680   Library Totals

    ----------------------------------------------------------------------

==============================================================================


      Code (inc. data)   RO Data    RW Data    ZI Data      Debug   

     28384       1936        912        664       2240     441169   Grand Totals
     28384       1936        912        476       2240     441169   ELF Image Totals (compressed)
     28384       1936        912        476          0          0   ROM Totals

==============================================================================

    Total RO  Size (Code + RO Data)                29296 (  28.61kB)
    Total RW  Size (RW Data + ZI Data)              2904 (   2.84kB)
    Total ROM Size (Code + RO Data + RW Data)      29772 (  29.07kB)

==============================================================================

