Component: ARM Compiler 5.06 update 4 (build 422) Tool: armlink [4d35d2]

==============================================================================

Section Cross References

    adc_leds.o(.text) refers to _printf_percent.o(.ARM.Collect$$_printf_percent$$00000000) for _printf_percent
    adc_leds.o(.text) refers to _printf_f.o(.ARM.Collect$$_printf_percent$$00000003) for _printf_f
    adc_leds.o(.text) refers to printf1.o(x$fpl$printf1) for _printf_fp_dec
    adc_leds.o(.text) refers to _printf_s.o(.ARM.Collect$$_printf_percent$$00000014) for _printf_s
    adc_leds.o(.text) refers to _printf_str.o(.text) for _printf_str
    adc_leds.o(.text) refers to swt.o(.text) for SWT_Check
    adc_leds.o(.text) refers to adc.o(.text) for read_ADC1
    adc_leds.o(.text) refers to f2d.o(x$fpl$f2d) for __aeabi_f2d
    adc_leds.o(.text) refers to noretval__2sprintf.o(.text) for __2sprintf
    adc_leds.o(.text) refers to lcd_driver.o(.text) for lcd_write_string
    adc_leds.o(.text) refers to h1_alloc.o(.text) for malloc
    adc_leds.o(.text) refers to utility.o(.text) for scale
    adc_leds.o(.text) refers to d2f.o(x$fpl$d2f) for __aeabi_d2f
    adc_leds.o(.text) refers to board_init.o(.text) for init_board
    adc_leds.o(.text) refers to noretval__2printf.o(.text) for __2printf
    swt.o(.text) refers to swt.o(.constdata) for SWT_mask
    serial.o(.text) refers to stm32f4xx_usart.o(.text) for USART_ReceiveData
    serial.o(.text) refers to ringbuffer.o(.text) for ringbuffer_push
    serial.o(.text) refers to stm32f4xx_rcc.o(.text) for RCC_APB1PeriphClockCmd
    serial.o(.text) refers to stm32f4xx_gpio.o(.text) for GPIO_Init
    serial.o(.text) refers to misc.o(.text) for NVIC_Init
    retarget.o(.rev16_text) refers (Special) to use_no_semi.o(.text) for __use_no_semihosting_swi
    retarget.o(.revsh_text) refers (Special) to use_no_semi.o(.text) for __use_no_semihosting_swi
    retarget.o(.rrx_text) refers (Special) to use_no_semi.o(.text) for __use_no_semihosting_swi
    retarget.o(.text) refers (Special) to use_no_semi.o(.text) for __use_no_semihosting_swi
    retarget.o(.data) refers (Special) to use_no_semi.o(.text) for __use_no_semihosting_swi
    lcd_buffer.o(.text) refers to h1_free.o(.text) for free
    lcd_buffer.o(.text) refers to lcd_buffer.o(.bss) for unmalloc_buffer
    lcd_driver.o(.text) refers to lcd_buffer.o(.text) for buffer_empty
    lcd_driver.o(.text) refers to strlen.o(.text) for strlen
    lcd_driver.o(.text) refers to lcd_driver.o(.bss) for lcd_commandBuffer
    lcd_driver.o(.text) refers to lcd_driver.o(.data) for stage
    adc.o(.text) refers to utility.o(.text) for Delay
    stm32f4xx_gpio.o(.text) refers to stm32f4xx_rcc.o(.text) for RCC_AHB1PeriphResetCmd
    stm32f4xx_rcc.o(.text) refers to stm32f4xx_rcc.o(.data) for APBAHBPrescTable
    stm32f4xx_usart.o(.text) refers to stm32f4xx_rcc.o(.text) for RCC_APB2PeriphResetCmd
    sig_gen.o(.text) refers to stm32f4xx_tim.o(.text) for TIM_GetITStatus
    sig_gen.o(.text) refers to stm32f4xx_gpio.o(.text) for GPIO_SetBits
    sig_gen.o(.text) refers to misc.o(.text) for NVIC_Init
    sig_gen.o(.text) refers to stm32f4xx_rcc.o(.text) for RCC_APB1PeriphClockCmd
    sig_gen.o(.text) refers to sig_gen.o(.data) for pulse_width
    sig_gen.o(.text) refers to sig_gen.o(.bss) for TIM_TimeBaseStructure
    stm32f4xx_tim.o(.text) refers to stm32f4xx_rcc.o(.text) for RCC_APB2PeriphResetCmd
    utility.o(.text) refers to daddsub_clz.o(x$fpl$dsub) for __aeabi_dsub
    utility.o(.text) refers to dmul.o(x$fpl$dmul) for __aeabi_dmul
    utility.o(.text) refers to ddiv.o(x$fpl$ddiv) for __aeabi_ddiv
    utility.o(.text) refers to daddsub_clz.o(x$fpl$dadd) for __aeabi_dadd
    utility.o(.text) refers to utility.o(.data) for msTicks
    stm32f4xx_syscfg.o(.text) refers to stm32f4xx_rcc.o(.text) for RCC_APB2PeriphResetCmd
    board_init.o(.text) refers to stm32f4xx_rcc.o(.text) for RCC_APB2PeriphClockCmd
    board_init.o(.text) refers to stm32f4xx_gpio.o(.text) for GPIO_Init
    board_init.o(.text) refers to stm32f4xx_syscfg.o(.text) for SYSCFG_EXTILineConfig
    board_init.o(.text) refers to stm32f4xx_exti.o(.text) for EXTI_Init
    board_init.o(.text) refers to misc.o(.text) for NVIC_Init
    board_init.o(.text) refers to adc.o(.text) for send_String
    board_init.o(.text) refers to tm_stm32f4_hd44780.o(.text) for TM_HD44780_Init
    board_init.o(.text) refers to system_stm32f4xx.o(.text) for SystemCoreClockUpdate
    board_init.o(.text) refers to swt.o(.text) for SWT_Init
    board_init.o(.text) refers to lcd_driver.o(.text) for lcd_init
    board_init.o(.text) refers to serial.o(.text) for serial_init
    board_init.o(.text) refers to system_stm32f4xx.o(.data) for SystemCoreClock
    ringbuffer.o(.text) refers to h1_alloc.o(.text) for malloc
    ringbuffer.o(.text) refers to assert.o(.text) for __aeabi_assert
    ringbuffer.o(.text) refers to h1_free.o(.text) for free
    tm_stm32f4_delay.o(.text) refers to h1_alloc.o(.text) for malloc
[...]
    CL$$btod_d2e_norm_op1                    0x08004ab6   Section       96  btod.o(CL$$btod_d2e_norm_op1)
    CL$$btod_div_common                      0x08004b16   Section      824  btod.o(CL$$btod_div_common)
    CL$$btod_e2e                             0x08004e4e   Section      198  btod.o(CL$$btod_e2e)
    CL$$btod_ediv                            0x08004f14   Section       40  btod.o(CL$$btod_ediv)
    CL$$btod_emul                            0x08004f3c   Section       40  btod.o(CL$$btod_emul)
    CL$$btod_mult_common                     0x08004f64   Section      580  btod.o(CL$$btod_mult_common)
    i.__ARM_fpclassify                       0x080051a8   Section        0  fpclassify.o(i.__ARM_fpclassify)
    i._is_digit                              0x080051d8   Section        0  __printf_wp.o(i._is_digit)
    locale$$code                             0x080051e8   Section       44  lc_numeric_c.o(locale$$code)
    x$fpl$d2f                                0x08005214   Section       98  d2f.o(x$fpl$d2f)
    $v0                                      0x08005214   Number         0  d2f.o(x$fpl$d2f)
    x$fpl$dadd                               0x08005278   Section      336  daddsub_clz.o(x$fpl$dadd)
    $v0                                      0x08005278   Number         0  daddsub_clz.o(x$fpl$dadd)
    _dadd1                                   0x08005289   Thumb Code     0  daddsub_clz.o(x$fpl$dadd)
    x$fpl$ddiv                               0x080053c8   Section      688  ddiv.o(x$fpl$ddiv)
    $v0                                      0x080053c8   Number         0  ddiv.o(x$fpl$ddiv)
    ddiv_entry                               0x080053cf   Thumb Code     0  ddiv.o(x$fpl$ddiv)
    x$fpl$dmul                               0x08005678   Section      340  dmul.o(x$fpl$dmul)
    $v0                                      0x08005678   Number         0  dmul.o(x$fpl$dmul)
    x$fpl$dnaninf                            0x080057cc   Section      156  dnaninf.o(x$fpl$dnaninf)
    $v0                                      0x080057cc   Number         0  dnaninf.o(x$fpl$dnaninf)
    x$fpl$dretinf                            0x08005868   Section       12  dretinf.o(x$fpl$dretinf)
    $v0                                      0x08005868   Number         0  dretinf.o(x$fpl$dretinf)
    x$fpl$dsub                               0x08005874   Section      468  daddsub_clz.o(x$fpl$dsub)
    $v0                                      0x08005874   Number         0  daddsub_clz.o(x$fpl$dsub)
    _dsub1                                   0x08005885   Thumb Code     0  daddsub_clz.o(x$fpl$dsub)
    x$fpl$f2d                                0x08005a48   Section       86  f2d.o(x$fpl$f2d)
    $v0                                      0x08005a48   Number         0  f2d.o(x$fpl$f2d)
    x$fpl$fnaninf                            0x08005a9e   Section      140  fnaninf.o(x$fpl$fnaninf)
    $v0                                      0x08005a9e   Number         0  fnaninf.o(x$fpl$fnaninf)
    x$fpl$fpinit                             0x08005b2a   Section       10  fpinit.o(x$fpl$fpinit)
    $v0                                      0x08005b2a   Number         0  fpinit.o(x$fpl$fpinit)
    x$fpl$fretinf                            0x08005b34   Section       10  fretinf.o(x$fpl$fretinf)
    $v0                                      0x08005b34   Number         0  fretinf.o(x$fpl$fretinf)
    x$fpl$printf1                            0x08005b3e   Section        4  printf1.o(x$fpl$printf1)
    $v0                                      0x08005b3e   Number         0  printf1.o(x$fpl$printf1)
    x$fpl$usenofp                            0x08005b42   Section        0  usenofp.o(x$fpl$usenofp)
    .constdata                               0x08005b44   Section       32  swt.o(.constdata)
    .constdata                               0x08005b64   Section       16  system_stm32f4xx.o(.constdata)
    .constdata                               0x08005b74   Section      148  bigflt0.o(.constdata)
    tenpwrs_x                                0x08005b74   Data          60  bigflt0.o(.constdata)
    tenpwrs_i                                0x08005bb0   Data          64  bigflt0.o(.constdata)
    locale$$data                             0x08005c28   Section       28  lc_numeric_c.o(locale$$data)
    __lcnum_c_name                           0x08005c2c   Data           2  lc_numeric_c.o(locale$$data)
    __lcnum_c_start                          0x08005c34   Data           0  lc_numeric_c.o(locale$$data)
    __lcnum_c_point                          0x08005c40   Data           0  lc_numeric_c.o(locale$$data)
    __lcnum_c_thousands                      0x08005c42   Data           0  lc_numeric_c.o(locale$$data)
    __lcnum_c_grouping                       0x08005c43   Data           0  lc_numeric_c.o(locale$$data)
    __lcnum_c_end                            0x08005c44   Data           0  lc_numeric_c.o(locale$$data)
    .data                                    0x20000000   Section        4  retarget.o(.data)
    .data                                    0x20000004   Section        9  lcd_driver.o(.data)
    stage                                    0x20000004   Data           4  lcd_driver.o(.data)
    buffer_data                              0x20000008   Data           4  lcd_driver.o(.data)
    scrolling                                0x2000000c   Data           1  lcd_driver.o(.data)
    .data                                    0x2000000d   Section       16  stm32f4xx_rcc.o(.data)
    APBAHBPrescTable                         0x2000000d   Data          16  stm32f4xx_rcc.o(.data)
    .data                                    0x20000020   Section      529  sig_gen.o(.data)
    .data                                    0x20000234   Section        4  utility.o(.data)
    .data                                    0x20000238   Section       17  tm_stm32f4_delay.o(.data)
    .data                                    0x20000249   Section        7  tm_stm32f4_hd44780.o(.data)
    HD44780_Opts                             0x20000249   Data           7  tm_stm32f4_hd44780.o(.data)
    .data                                    0x20000250   Section        4  system_stm32f4xx.o(.data)
    .bss                                     0x20000254   Section      512  lcd_buffer.o(.bss)
    .bss                                     0x20000454   Section       16  lcd_driver.o(.bss)
    .bss                                     0x20000464   Section       48  sig_gen.o(.bss)
    .bss                                     0x20000494   Section       24  tm_stm32f4_delay.o(.bss)
    CustomTimers                             0x20000494   Data          24  tm_stm32f4_delay.o(.bss)
    .bss                                     0x200004ac   Section       22  tm_stm32f4_gpio.o(.bss)
    GPIO_UsedPins                            0x200004ac   Data          22  tm_stm32f4_gpio.o(.bss)
    .bss                                     0x200004c4   Section       96  libspace.o(.bss)
    HEAP                                     0x20000528   Section      512  startup_stm32f407xx.o(HEAP)
    Heap_Mem                                 0x20000528   Data         512  startup_stm32f407xx.o(HEAP)
    STACK                                    0x20000728   Section     1024  startup_stm32f407xx.o(STACK)
    Stack_Mem                                0x20000728   Data        1024  startup_stm32f407xx.o(STACK)
    __initial_sp                             0x20000b28   Data           0  startup_stm32f407xx.o(STACK)

    Global Symbols

    Symbol Name                              Value     Ov Type        Size  Object(Section)

    BuildAttributes$$THM_ISAv4$E$P$D$K$B$S$7EM$VFPi3$EXTD16$VFPS$VFMA$PE$A:L22UL41UL21$X:L11$S22US41US21$IEEE1$IW$USESV6$~STKCKD$USESV7$~SHL$OTIME$ROPI$IEEEJ$EBA8$UX$STANDARDLIB$REQ8$PRES8$EABIv2 0x00000000   Number         0  anon$$obj.o ABSOLUTE
    __ARM_use_no_argv                        0x00000000   Number         0  adc_leds.o ABSOLUTE
    _printf_flags                            0x00000000   Number         0  printf_stubs.o ABSOLUTE
    _printf_return_value                     0x00000000   Number         0  printf_stubs.o ABSOLUTE
    _printf_sizespec                         0x00000000   Number         0  printf_stubs.o ABSOLUTE
    _printf_widthprec                        0x00000000   Number         0  printf_stubs.o ABSOLUTE
    TM_DELAY_1msHandler                       - Undefined Weak Reference
    __ARM_exceptions_init                     - Undefined Weak Reference
    __alloca_initialize                       - Undefined Weak Reference
    __arm_preinit_                            - Undefined Weak Reference
    __cpp_initialize__aeabi_                  - Undefined Weak Reference
    __cxa_finalize                            - Undefined Weak Reference
    __sigvec_lookup                           - Undefined Weak Reference
    __user_heap_extent                        - Undefined Weak Reference
    _atexit_init                              - Undefined Weak Reference
    _call_atexit_fns                          - Undefined Weak Reference
    _clock_init                               - Undefined Weak Reference
    _fp_trap_init                             - Undefined Weak Reference
    _fp_trap_shutdown                         - Undefined Weak Reference
    _get_lc_collate                           - Undefined Weak Reference
    _get_lc_ctype                             - Undefined Weak Reference
    _get_lc_monetary                          - Undefined Weak Reference
    _get_lc_time                              - Undefined Weak Reference
    _getenv_init                              - Undefined Weak Reference
    _handle_redirection                       - Undefined Weak Reference
    _initio                                   - Undefined Weak Reference
    _mutex_acquire                            - Undefined Weak Reference
    _mutex_free                               - Undefined Weak Reference
    _mutex_release                            - Undefined Weak Reference
    _printf_mbtowc                            - Undefined Weak Reference
    _printf_post_padding                      - Undefined Weak Reference
    _printf_pre_padding                       - Undefined Weak Reference
    _rand_init                                - Undefined Weak Reference
    _signal_finish                            - Undefined Weak Reference
    _signal_init                              - Undefined Weak Reference
    _terminateio                              - Undefined Weak Reference
    __Vectors_Size                           0x00000188   Number         0  startup_stm32f407xx.o ABSOLUTE
    __Vectors                                0x08000000   Data           4  startup_stm32f407xx.o(RESET)
    __Vectors_End                            0x08000188   Data           0  startup_stm32f407xx.o(RESET)
    __main                                   0x08000189   Thumb Code     8  __main.o(!!!main)
    __scatterload                            0x08000191   Thumb Code     0  __scatter.o(!!!scatter)
    __scatterload_rt2                        0x08000191   Thumb Code    44  __scatter.o(!!!scatter)
    __scatterload_rt2_thumb_only             0x08000191   Thumb Code     0  __scatter.o(!!!scatter)
    __scatterload_null                       0x0800019f   Thumb Code     0  __scatter.o(!!!scatter)
    __decompress                             0x080001c5   Thumb Code    90  __dczerorl2.o(!!dczerorl2)
    __decompress1                            0x080001c5   Thumb Code     0  __dczerorl2.o(!!dczerorl2)
    __scatterload_zeroinit                   0x08000221   Thumb Code    28  __scatter_zi.o(!!handler_zi)
    _printf_f                                0x0800023d   Thumb Code     0  _printf_f.o(.ARM.Collect$$_printf_percent$$00000003)
    _printf_percent                          0x0800023d   Thumb Code     0  _printf_percent.o(.ARM.Collect$$_printf_percent$$00000000)
    _printf_s                                0x08000243   Thumb Code     0  _printf_s.o(.ARM.Collect$$_printf_percent$$00000014)
    _printf_percent_end                      0x08000249   Thumb Code     0  _printf_percent_end.o(.ARM.Collect$$_printf_percent$$00000017)
    __rt_lib_init                            0x0800024d   Thumb Code     0  libinit.o(.ARM.Collect$$libinit$$00000000)
    __rt_lib_init_fp_1                       0x0800024f   Thumb Code     0  libinit2.o(.ARM.Collect$$libinit$$00000001)
    __rt_lib_init_heap_2                     0x08000253   Thumb Code     0  libinit2.o(.ARM.Collect$$libinit$$00000005)
    __rt_lib_init_preinit_1                  0x08000253   Thumb Code     0  libinit2.o(.ARM.Collect$$libinit$$00000004)
    __rt_lib_init_heap_1                     0x0800025b   Thumb Code     0  libinit2.o(.ARM.Collect$$libinit$$0000000A)
    __rt_lib_init_lc_common                  0x0800025b   Thumb Code     0  libinit2.o(.ARM.Collect$$libinit$$0000000F)
    __rt_lib_init_rand_1                     0x0800025b   Thumb Code     0  libinit2.o(.ARM.Collect$$libinit$$0000000E)
    __rt_lib_init_user_alloc_1               0x0800025b   Thumb Code     0  libinit2.o(.ARM.Collect$$libinit$$0000000C)
    __rt_lib_init_lc_collate_1               0x08000261   Thumb Code     0  libinit2.o(.ARM.Collect$$libinit$$00000011)
    __rt_lib_init_lc_ctype_1                 0x08000261   Thumb Code     0  libinit2.o(.ARM.Collect$$libinit$$00000013)
    __rt_lib_init_lc_monetary_1              0x08000261   Thumb Code     0  libinit2.o(.ARM.Collect$$libinit$$00000015)
    __rt_lib_init_lc_numeric_2               0x08000261   Thumb Code     0  libinit2.o(.ARM.Collect$$libinit$$00000016)
    __rt_lib_init_alloca_1                   0x0800026b   Thumb Code     0  libinit2.o(.ARM.Collect$$libinit$$0000002E)
    __rt_lib_init_argv_1                     0x0800026b   Thumb Code     0  libinit2.o(.ARM.Collect$$libinit$$0000002C)
    __rt_lib_init_atexit_1                   0x0800026b   Thumb Code     0  libinit2.o(.ARM.Collect$$libinit$$0000001B)
    __rt_lib_init_clock_1                    0x0800026b   Thumb Code     0  libinit2.o(.ARM.Collect$$libinit$$00000021)
    __rt_lib_init_cpp_1                      0x0800026b   Thumb Code     0  libinit2.o(.ARM.Collect$$libinit$$00000032)
    __rt_lib_init_exceptions_1               0x0800026b   Thumb Code     0  libinit2.o(.ARM.Collect$$libinit$$00000030)
    __rt_lib_init_fp_trap_1                  0x0800026b   Thumb Code     0  libinit2.o(.ARM.Collect$$libinit$$0000001F)
    __rt_lib_init_getenv_1                   0x0800026b   Thumb Code     0  libinit2.o(.ARM.Collect$$libinit$$00000023)
    __rt_lib_init_lc_numeric_1               0x0800026b   Thumb Code     0  libinit2.o(.ARM.Collect$$libinit$$00000017)
    __rt_lib_init_lc_time_1                  0x0800026b   Thumb Code     0  libinit2.o(.ARM.Collect$$libinit$$00000019)
    __rt_lib_init_return                     0x0800026b   Thumb Code     0  libinit2.o(.ARM.Collect$$libinit$$00000033)
    __rt_lib_init_signal_1                   0x0800026b   Thumb Code     0  libinit2.o(.ARM.Collect$$libinit$$0000001D)
    __rt_lib_init_stdio_1                    0x0800026b   Thumb Code     0  libinit2.o(.ARM.Collect$$libinit$$00000025)
    __rt_lib_shutdown                        0x0800026d   Thumb Code     0  libshutdown.o(.ARM.Collect$$libshutdown$$00000000)
    __rt_lib_shutdown_cpp_1                  0x0800026f   Thumb Code     0  libshutdown2.o(.ARM.Collect$$libshutdown$$00000002)
    __rt_lib_shutdown_fp_trap_1              0x0800026f   Thumb Code     0  libshutdown2.o(.ARM.Collect$$libshutdown$$00000007)
    __rt_lib_shutdown_heap_1                 0x0800026f   Thumb Code     0  libshutdown2.o(.ARM.Collect$$libshutdown$$0000000F)
    __rt_lib_shutdown_return                 0x0800026f   Thumb Code     0  libshutdown2.o(.ARM.Collect$$libshutdown$$00000010)
    __rt_lib_shutdown_signal_1               0x0800026f   Thumb Code     0  libshutdown2.o(.ARM.Collect$$libshutdown$$0000000A)
    __rt_lib_shutdown_stdio_1                0x0800026f   Thumb Code     0  libshutdown2.o(.ARM.Collect$$libshutdown$$00000004)
    __rt_lib_shutdown_user_alloc_1           0x0800026f   Thumb Code     0  libshutdown2.o(.ARM.Collect$$libshutdown$$0000000C)
    __rt_entry                               0x08000271   Thumb Code     0  __rtentry.o(.ARM.Collect$$rtentry$$00000000)
    __rt_entry_presh_1                       0x08000271   Thumb Code     0  __rtentry2.o(.ARM.Collect$$rtentry$$00000002)
    __rt_entry_sh                            0x08000271   Thumb Code     0  __rtentry4.o(.ARM.Collect$$rtentry$$00000004)
    __rt_entry_li                            0x08000277   Thumb Code     0  __rtentry2.o(.ARM.Collect$$rtentry$$0000000A)
    __rt_entry_postsh_1                      0x08000277   Thumb Code     0  __rtentry2.o(.ARM.Collect$$rtentry$$00000009)
    __rt_entry_main                          0x0800027b   Thumb Code     0  __rtentry2.o(.ARM.Collect$$rtentry$$0000000D)
    __rt_entry_postli_1                      0x0800027b   Thumb Code     0  __rtentry2.o(.ARM.Collect$$rtentry$$0000000C)
    __rt_exit                                0x08000283   Thumb Code     0  rtexit.o(.ARM.Collect$$rtexit$$00000000)
    __rt_exit_ls                             0x08000285   Thumb Code     0  rtexit2.o(.ARM.Collect$$rtexit$$00000003)
    __rt_exit_prels_1                        0x08000285   Thumb Code     0  rtexit2.o(.ARM.Collect$$rtexit$$00000002)
    __rt_exit_exit                           0x08000289   Thumb Code     0  rtexit2.o(.ARM.Collect$$rtexit$$00000004)
    BTN_Get                                  0x08000291   Thumb Code    10  adc_leds.o(.text)
    _maybe_terminate_alloc                   0x08000291   Thumb Code     0  maybetermalloc1.o(.emb_text)
    check_state_changed                      0x0800029b   Thumb Code    40  adc_leds.o(.text)
    get_units                                0x080002c3   Thumb Code    32  adc_leds.o(.text)
    read_value                               0x080002e3   Thumb Code    90  adc_leds.o(.text)
    lcd_output_value                         0x0800033d   Thumb Code    76  adc_leds.o(.text)
    bt_output_value                          0x08000389   Thumb Code    40  adc_leds.o(.text)
    main_loop                                0x080003b1   Thumb Code   166  adc_leds.o(.text)
    display_startup_message                  0x08000457   Thumb Code    50  adc_leds.o(.text)
    main                                     0x08000489   Thumb Code    30  adc_leds.o(.text)
    SWT_Init                                 0x08000545   Thumb Code    52  swt.o(.text)
    SWT_Get                                  0x08000579   Thumb Code     6  swt.o(.text)
    SWT_Check                                0x0800057f   Thumb Code    24  swt.o(.text)
    handle_interrupt                         0x080005a9   Thumb Code    38  serial.o(.text)
    USART3_IRQHandler                        0x0800070f   Thumb Code     2  serial.o(.text)
    serial_init                              0x08000711   Thumb Code    24  serial.o(.text)
    sendchar                                 0x08000741   Thumb Code    26  retarget.o(.text)
    fputc                                    0x0800075b   Thumb Code    14  retarget.o(.text)
    ferror                                   0x08000769   Thumb Code     8  retarget.o(.text)
    _ttywrch                                 0x08000771   Thumb Code    12  retarget.o(.text)
    _sys_exit                                0x0800077d   Thumb Code     4  retarget.o(.text)
    buffer_init                              0x08000785   Thumb Code    16  lcd_buffer.o(.text)
    buffer_destroy                           0x08000795   Thumb Code    12  lcd_buffer.o(.text)
    buffer_full                              0x080007a1   Thumb Code    30  lcd_buffer.o(.text)
    buffer_empty                             0x080007bf   Thumb Code    18  lcd_buffer.o(.text)
    buffer_put                               0x080007d1   Thumb Code    44  lcd_buffer.o(.text)
    buffer_get                               0x080007fd   Thumb Code    44  lcd_buffer.o(.text)
    lcd_write                                0x0800082d   Thumb Code    62  lcd_driver.o(.text)
    lcd_move_cursor                          0x0800086b   Thumb Code    36  lcd_driver.o(.text)
    lcd_clear_display                        0x0800088f   Thumb Code    32  lcd_driver.o(.text)
    lcd_change_settings                      0x080008af   Thumb Code    34  lcd_driver.o(.text)
    lcd_setup_timer                          0x080008d1   Thumb Code    54  lcd_driver.o(.text)
    lcd_setup_GPIO                           0x08000907   Thumb Code   150  lcd_driver.o(.text)
    lcd_init                                 0x0800099d   Thumb Code   130  lcd_driver.o(.text)
    lcd_write_string                         0x08000a1f   Thumb Code   128  lcd_driver.o(.text)
    lcd_write_center                         0x08000a9f   Thumb Code    54  lcd_driver.o(.text)
    lcd_scrolling                            0x08000ad5   Thumb Code    48  lcd_driver.o(.text)
    TIM6_DAC_IRQHandler                      0x08000b05   Thumb Code   480  lcd_driver.o(.text)
    ADC1_init                                0x08000cfd   Thumb Code   114  adc.o(.text)
    ADC2_init                                0x08000d6f   Thumb Code   126  adc.o(.text)
    read_ADC1                                0x08000ded   Thumb Code    34  adc.o(.text)
    read_ADC2                                0x08000e0f   Thumb Code    40  adc.o(.text)
    set_cont_ADC1                            0x08000e37   Thumb Code    24  adc.o(.text)
    read_cont_ADC1                           0x08000e4f   Thumb Code    20  adc.o(.text)
    send_Char                                0x08000e63   Thumb Code    16  adc.o(.text)
    send_String                              0x08000e73   Thumb Code    34  adc.o(.text)
    GPIO_DeInit                              0x08000ea9   Thumb Code   268  stm32f4xx_gpio.o(.text)
    GPIO_Init                                0x08000fb5   Thumb Code   144  stm32f4xx_gpio.o(.text)
    GPIO_StructInit                          0x08001045   Thumb Code    18  stm32f4xx_gpio.o(.text)
    GPIO_PinLockConfig                       0x08001057   Thumb Code    34  stm32f4xx_gpio.o(.text)
    GPIO_ReadInputDataBit                    0x08001079   Thumb Code    18  stm32f4xx_gpio.o(.text)
    GPIO_ReadInputData                       0x0800108b   Thumb Code     8  stm32f4xx_gpio.o(.text)
    GPIO_ReadOutputDataBit                   0x08001093   Thumb Code    18  stm32f4xx_gpio.o(.text)
    GPIO_ReadOutputData                      0x080010a5   Thumb Code     8  stm32f4xx_gpio.o(.text)
    GPIO_SetBits                             0x080010ad   Thumb Code     4  stm32f4xx_gpio.o(.text)
    GPIO_ResetBits                           0x080010b1   Thumb Code     4  stm32f4xx_gpio.o(.text)
    GPIO_WriteBit                            0x080010b5   Thumb Code    10  stm32f4xx_gpio.o(.text)
    GPIO_Write                               0x080010bf   Thumb Code     4  stm32f4xx_gpio.o(.text)
    GPIO_ToggleBits                          0x080010c3   Thumb Code     8  stm32f4xx_gpio.o(.text)
    GPIO_PinAFConfig                         0x080010cb   Thumb Code    70  stm32f4xx_gpio.o(.text)
    NVIC_PriorityGroupConfig                 0x0800113d   Thumb Code    10  misc.o(.text)
    NVIC_Init                                0x08001147   Thumb Code   106  misc.o(.text)
    NVIC_SetVectorTable                      0x080011b1   Thumb Code    14  misc.o(.text)
    NVIC_SystemLPConfig                      0x080011bf   Thumb Code    34  misc.o(.text)
    SysTick_CLKSourceConfig                  0x080011e1   Thumb Code    40  misc.o(.text)
    RCC_DeInit                               0x0800121d   Thumb Code    82  stm32f4xx_rcc.o(.text)
    RCC_HSEConfig                            0x0800126f   Thumb Code    14  stm32f4xx_rcc.o(.text)
    RCC_GetFlagStatus                        0x0800127d   Thumb Code    60  stm32f4xx_rcc.o(.text)
    RCC_WaitForHSEStartUp                    0x080012b9   Thumb Code    56  stm32f4xx_rcc.o(.text)
    RCC_AdjustHSICalibrationValue            0x080012f1   Thumb Code    20  stm32f4xx_rcc.o(.text)
    RCC_HSICmd                               0x08001305   Thumb Code     6  stm32f4xx_rcc.o(.text)
    RCC_LSEConfig                            0x0800130b   Thumb Code    46  stm32f4xx_rcc.o(.text)
    RCC_LSICmd                               0x08001339   Thumb Code     6  stm32f4xx_rcc.o(.text)
    RCC_PLLConfig                            0x0800133f   Thumb Code    32  stm32f4xx_rcc.o(.text)
    RCC_PLLCmd                               0x0800135f   Thumb Code     6  stm32f4xx_rcc.o(.text)
    RCC_PLLI2SConfig                         0x08001365   Thumb Code    14  stm32f4xx_rcc.o(.text)
    RCC_PLLI2SCmd                            0x08001373   Thumb Code     6  stm32f4xx_rcc.o(.text)
    RCC_PLLSAIConfig                         0x08001379   Thumb Code    20  stm32f4xx_rcc.o(.text)
    RCC_PLLSAICmd                            0x0800138d   Thumb Code     6  stm32f4xx_rcc.o(.text)
    RCC_ClockSecuritySystemCmd               0x08001393   Thumb Code     6  stm32f4xx_rcc.o(.text)
    RCC_MCO1Config                           0x08001399   Thumb Code    28  stm32f4xx_rcc.o(.text)
    RCC_MCO2Config                           0x080013b5   Thumb Code    28  stm32f4xx_rcc.o(.text)
    RCC_SYSCLKConfig                         0x080013d1   Thumb Code    20  stm32f4xx_rcc.o(.text)
    RCC_GetSYSCLKSource                      0x080013e5   Thumb Code    12  stm32f4xx_rcc.o(.text)
    RCC_HCLKConfig                           0x080013f1   Thumb Code    20  stm32f4xx_rcc.o(.text)
    RCC_PCLK1Config                          0x08001405   Thumb Code    20  stm32f4xx_rcc.o(.text)
    RCC_PCLK2Config                          0x08001419   Thumb Code    22  stm32f4xx_rcc.o(.text)
    RCC_GetClocksFreq                        0x0800142f   Thumb Code   222  stm32f4xx_rcc.o(.text)
    RCC_RTCCLKConfig                         0x0800150d   Thumb Code    54  stm32f4xx_rcc.o(.text)
    RCC_RTCCLKCmd                            0x08001543   Thumb Code     8  stm32f4xx_rcc.o(.text)
    RCC_BackupResetCmd                       0x0800154b   Thumb Code     8  stm32f4xx_rcc.o(.text)
    RCC_I2SCLKConfig                         0x08001553   Thumb Code     6  stm32f4xx_rcc.o(.text)
    RCC_SAIBlockACLKConfig                   0x08001559   Thumb Code    20  stm32f4xx_rcc.o(.text)
    RCC_SAIBlockBCLKConfig                   0x0800156d   Thumb Code    20  stm32f4xx_rcc.o(.text)
    RCC_SAIPLLI2SClkDivConfig                0x08001581   Thumb Code    26  stm32f4xx_rcc.o(.text)
    RCC_SAIPLLSAIClkDivConfig                0x0800159b   Thumb Code    28  stm32f4xx_rcc.o(.text)
    RCC_LTDCCLKDivConfig                     0x080015b7   Thumb Code    20  stm32f4xx_rcc.o(.text)
    RCC_TIMCLKPresConfig                     0x080015cb   Thumb Code     6  stm32f4xx_rcc.o(.text)
    RCC_AHB1PeriphClockCmd                   0x080015d1   Thumb Code    34  stm32f4xx_rcc.o(.text)
    RCC_AHB2PeriphClockCmd                   0x080015f3   Thumb Code    78  stm32f4xx_rcc.o(.text)
    RCC_AHB3PeriphClockCmd                   0x08001641   Thumb Code    34  stm32f4xx_rcc.o(.text)
    RCC_APB1PeriphClockCmd                   0x08001663   Thumb Code    34  stm32f4xx_rcc.o(.text)
    RCC_APB2PeriphClockCmd                   0x08001685   Thumb Code    34  stm32f4xx_rcc.o(.text)
    RCC_AHB1PeriphResetCmd                   0x080016a7   Thumb Code    34  stm32f4xx_rcc.o(.text)
    RCC_AHB2PeriphResetCmd                   0x080016c9   Thumb Code    34  stm32f4xx_rcc.o(.text)
    RCC_AHB3PeriphResetCmd                   0x080016eb   Thumb Code    34  stm32f4xx_rcc.o(.text)
    RCC_APB1PeriphResetCmd                   0x0800170d   Thumb Code    34  stm32f4xx_rcc.o(.text)
    RCC_APB2PeriphResetCmd                   0x0800172f   Thumb Code    34  stm32f4xx_rcc.o(.text)
    RCC_AHB1PeriphClockLPModeCmd             0x08001751   Thumb Code    34  stm32f4xx_rcc.o(.text)
    RCC_AHB2PeriphClockLPModeCmd             0x08001773   Thumb Code    34  stm32f4xx_rcc.o(.text)
    RCC_AHB3PeriphClockLPModeCmd             0x08001795   Thumb Code    34  stm32f4xx_rcc.o(.text)
    RCC_APB1PeriphClockLPModeCmd             0x080017b7   Thumb Code    34  stm32f4xx_rcc.o(.text)
    RCC_APB2PeriphClockLPModeCmd             0x080017d9   Thumb Code    34  stm32f4xx_rcc.o(.text)
    RCC_LSEModeConfig                        0x080017fb   Thumb Code    40  stm32f4xx_rcc.o(.text)
    RCC_ITConfig                             0x08001823   Thumb Code    34  stm32f4xx_rcc.o(.text)
    RCC_ClearFlag                            0x08001845   Thumb Code    18  stm32f4xx_rcc.o(.text)
    RCC_GetITStatus                          0x08001857   Thumb Code    22  stm32f4xx_rcc.o(.text)
    RCC_ClearITPendingBit                    0x0800186d   Thumb Code     8  stm32f4xx_rcc.o(.text)
    USART_DeInit                             0x08001879   Thumb Code   206  stm32f4xx_usart.o(.text)
    USART_Init                               0x08001947   Thumb Code   204  stm32f4xx_usart.o(.text)
    USART_StructInit                         0x08001a13   Thumb Code    24  stm32f4xx_usart.o(.text)
    USART_ClockInit                          0x08001a2b   Thumb Code    32  stm32f4xx_usart.o(.text)
    USART_ClockStructInit                    0x08001a4b   Thumb Code    12  stm32f4xx_usart.o(.text)
    USART_Cmd                                0x08001a57   Thumb Code    24  stm32f4xx_usart.o(.text)
    USART_SetPrescaler                       0x08001a6f   Thumb Code    16  stm32f4xx_usart.o(.text)
    USART_OverSampling8Cmd                   0x08001a7f   Thumb Code    22  stm32f4xx_usart.o(.text)
    USART_OneBitMethodCmd                    0x08001a95   Thumb Code    24  stm32f4xx_usart.o(.text)
    USART_SendData                           0x08001aad   Thumb Code     8  stm32f4xx_usart.o(.text)
    USART_ReceiveData                        0x08001ab5   Thumb Code    10  stm32f4xx_usart.o(.text)
    USART_SetAddress                         0x08001abf   Thumb Code    18  stm32f4xx_usart.o(.text)
    USART_ReceiverWakeUpCmd                  0x08001ad1   Thumb Code    24  stm32f4xx_usart.o(.text)
    USART_WakeUpConfig                       0x08001ae9   Thumb Code    18  stm32f4xx_usart.o(.text)
    USART_LINBreakDetectLengthConfig         0x08001afb   Thumb Code    18  stm32f4xx_usart.o(.text)
    USART_LINCmd                             0x08001b0d   Thumb Code    24  stm32f4xx_usart.o(.text)
    USART_SendBreak                          0x08001b25   Thumb Code    10  stm32f4xx_usart.o(.text)
    USART_HalfDuplexCmd                      0x08001b2f   Thumb Code    24  stm32f4xx_usart.o(.text)
    USART_SetGuardTime                       0x08001b47   Thumb Code    16  stm32f4xx_usart.o(.text)
    USART_SmartCardCmd                       0x08001b57   Thumb Code    24  stm32f4xx_usart.o(.text)
    USART_SmartCardNACKCmd                   0x08001b6f   Thumb Code    24  stm32f4xx_usart.o(.text)
    USART_IrDAConfig                         0x08001b87   Thumb Code    18  stm32f4xx_usart.o(.text)
    USART_IrDACmd                            0x08001b99   Thumb Code    24  stm32f4xx_usart.o(.text)
    USART_DMACmd                             0x08001bb1   Thumb Code    18  stm32f4xx_usart.o(.text)
    USART_ITConfig                           0x08001bc3   Thumb Code    74  stm32f4xx_usart.o(.text)
    USART_GetFlagStatus                      0x08001c0d   Thumb Code    26  stm32f4xx_usart.o(.text)
    USART_ClearFlag                          0x08001c27   Thumb Code    18  stm32f4xx_usart.o(.text)
    USART_GetITStatus                        0x08001c39   Thumb Code   118  stm32f4xx_usart.o(.text)
    USART_ClearITPendingBit                  0x08001caf   Thumb Code    30  stm32f4xx_usart.o(.text)
    PWM_SetDC                                0x08001ccd   Thumb Code    42  sig_gen.o(.text)
    TIM2_IRQHandler                          0x08001cf7   Thumb Code    86  sig_gen.o(.text)
    INTTIM_Config                            0x08001d4d   Thumb Code    82  sig_gen.o(.text)
    PWM_Config                               0x08001d9f   Thumb Code   170  sig_gen.o(.text)
    LED_Config                               0x08001e49   Thumb Code    42  sig_gen.o(.text)
    TIM_Config                               0x08001e73   Thumb Code   132  sig_gen.o(.text)
    generate_sine                            0x08001ef7   Thumb Code    64  sig_gen.o(.text)
    TIM_DeInit                               0x08001f69   Thumb Code   346  stm32f4xx_tim.o(.text)
    TIM_TimeBaseInit                         0x080020c3   Thumb Code   104  stm32f4xx_tim.o(.text)
    TIM_TimeBaseStructInit                   0x0800212b   Thumb Code    18  stm32f4xx_tim.o(.text)
    TIM_PrescalerConfig                      0x0800213d   Thumb Code     6  stm32f4xx_tim.o(.text)
    TIM_CounterModeConfig                    0x08002143   Thumb Code    18  stm32f4xx_tim.o(.text)
    TIM_SetCounter                           0x08002155   Thumb Code     4  stm32f4xx_tim.o(.text)
    TIM_SetAutoreload                        0x08002159   Thumb Code     4  stm32f4xx_tim.o(.text)
    TIM_GetCounter                           0x0800215d   Thumb Code     6  stm32f4xx_tim.o(.text)
    TIM_GetPrescaler                         0x08002163   Thumb Code     6  stm32f4xx_tim.o(.text)
    TIM_UpdateDisableConfig                  0x08002169   Thumb Code    24  stm32f4xx_tim.o(.text)
    TIM_UpdateRequestConfig                  0x08002181   Thumb Code    24  stm32f4xx_tim.o(.text)
    TIM_ARRPreloadConfig                     0x08002199   Thumb Code    24  stm32f4xx_tim.o(.text)
    TIM_SelectOnePulseMode                   0x080021b1   Thumb Code    18  stm32f4xx_tim.o(.text)
    TIM_SetClockDivision                     0x080021c3   Thumb Code    18  stm32f4xx_tim.o(.text)
    TIM_Cmd                                  0x080021d5   Thumb Code    24  stm32f4xx_tim.o(.text)
    TIM_OC1Init                              0x080021ed   Thumb Code   114  stm32f4xx_tim.o(.text)
    TIM_OC2Init                              0x0800225f   Thumb Code   154  stm32f4xx_tim.o(.text)
    TIM_OC3Init                              0x080022f9   Thumb Code   204  stm32f4xx_tim.o(.text)
    TIM_OC4Init                              0x080023c5   Thumb Code   112  stm32f4xx_tim.o(.text)
    TIM_OCStructInit                         0x08002435   Thumb Code    20  stm32f4xx_tim.o(.text)
    TIM_SelectOCxM                           0x08002449   Thumb Code    86  stm32f4xx_tim.o(.text)
    TIM_SetCompare1                          0x0800249f   Thumb Code     4  stm32f4xx_tim.o(.text)
    TIM_SetCompare2                          0x080024a3   Thumb Code     4  stm32f4xx_tim.o(.text)
    TIM_SetCompare3                          0x080024a7   Thumb Code     4  stm32f4xx_tim.o(.text)
    TIM_SetCompare4                          0x080024ab   Thumb Code     4  stm32f4xx_tim.o(.text)
    TIM_ForcedOC1Config                      0x080024af   Thumb Code    18  stm32f4xx_tim.o(.text)
    TIM_ForcedOC2Config                      0x080024c1   Thumb Code    26  stm32f4xx_tim.o(.text)
    TIM_ForcedOC3Config                      0x080024db   Thumb Code    18  stm32f4xx_tim.o(.text)
    TIM_ForcedOC4Config                      0x080024ed   Thumb Code    26  stm32f4xx_tim.o(.text)
    TIM_OC1PreloadConfig                     0x08002507   Thumb Code    18  stm32f4xx_tim.o(.text)
    TIM_OC2PreloadConfig                     0x08002519   Thumb Code    26  stm32f4xx_tim.o(.text)
    TIM_OC3PreloadConfig                     0x08002533   Thumb Code    18  stm32f4xx_tim.o(.text)
    TIM_OC4PreloadConfig                     0x08002545   Thumb Code    26  stm32f4xx_tim.o(.text)
    TIM_OC1FastConfig                        0x0800255f   Thumb Code    18  stm32f4xx_tim.o(.text)
    TIM_OC2FastConfig                        0x08002571   Thumb Code    26  stm32f4xx_tim.o(.text)
    TIM_OC3FastConfig                        0x0800258b   Thumb Code    18  stm32f4xx_tim.o(.text)
    TIM_OC4FastConfig                        0x0800259d   Thumb Code    26  stm32f4xx_tim.o(.text)
    TIM_ClearOC1Ref                          0x080025b7   Thumb Code    18  stm32f4xx_tim.o(.text)
    TIM_ClearOC2Ref                          0x080025c9   Thumb Code    24  stm32f4xx_tim.o(.text)
    TIM_ClearOC3Ref                          0x080025e1   Thumb Code    18  stm32f4xx_tim.o(.text)
    TIM_ClearOC4Ref                          0x080025f3   Thumb Code    24  stm32f4xx_tim.o(.text)
    TIM_OC1PolarityConfig                    0x0800260b   Thumb Code    18  stm32f4xx_tim.o(.text)
    TIM_OC1NPolarityConfig                   0x0800261d   Thumb Code    18  stm32f4xx_tim.o(.text)
    TIM_OC2PolarityConfig                    0x0800262f   Thumb Code    26  stm32f4xx_tim.o(.text)
    TIM_OC2NPolarityConfig                   0x08002649   Thumb Code    26  stm32f4xx_tim.o(.text)
    TIM_OC3PolarityConfig                    0x08002663   Thumb Code    26  stm32f4xx_tim.o(.text)
    TIM_OC3NPolarityConfig                   0x0800267d   Thumb Code    26  stm32f4xx_tim.o(.text)
    TIM_OC4PolarityConfig                    0x08002697   Thumb Code    26  stm32f4xx_tim.o(.text)
    TIM_CCxCmd                               0x080026b1   Thumb Code    30  stm32f4xx_tim.o(.text)
    TIM_CCxNCmd                              0x080026cf   Thumb Code    30  stm32f4xx_tim.o(.text)
    TIM_SetIC4Prescaler                      0x080026ed   Thumb Code    26  stm32f4xx_tim.o(.text)
    TIM_SetIC3Prescaler                      0x08002757   Thumb Code    18  stm32f4xx_tim.o(.text)
    TIM_SetIC2Prescaler                      0x080027b1   Thumb Code    26  stm32f4xx_tim.o(.text)
    TIM_SetIC1Prescaler                      0x08002825   Thumb Code    18  stm32f4xx_tim.o(.text)
    TIM_ICInit                               0x08002871   Thumb Code   110  stm32f4xx_tim.o(.text)
    TIM_ICStructInit                         0x080028df   Thumb Code    18  stm32f4xx_tim.o(.text)
    TIM_PWMIConfig                           0x080028f1   Thumb Code   124  stm32f4xx_tim.o(.text)
    TIM_GetCapture1                          0x0800296d   Thumb Code     6  stm32f4xx_tim.o(.text)
    TIM_GetCapture2                          0x08002973   Thumb Code     6  stm32f4xx_tim.o(.text)
    TIM_GetCapture3                          0x08002979   Thumb Code     6  stm32f4xx_tim.o(.text)
    TIM_GetCapture4                          0x0800297f   Thumb Code     6  stm32f4xx_tim.o(.text)
    TIM_BDTRConfig                           0x08002985   Thumb Code    32  stm32f4xx_tim.o(.text)
    TIM_BDTRStructInit                       0x080029a5   Thumb Code    18  stm32f4xx_tim.o(.text)
    TIM_CtrlPWMOutputs                       0x080029b7   Thumb Code    30  stm32f4xx_tim.o(.text)
    TIM_SelectCOM                            0x080029d5   Thumb Code    24  stm32f4xx_tim.o(.text)
    TIM_CCPreloadControl                     0x080029ed   Thumb Code    24  stm32f4xx_tim.o(.text)
    TIM_ITConfig                             0x08002a05   Thumb Code    18  stm32f4xx_tim.o(.text)
    TIM_GenerateEvent                        0x08002a17   Thumb Code     4  stm32f4xx_tim.o(.text)
    TIM_GetFlagStatus                        0x08002a1b   Thumb Code    18  stm32f4xx_tim.o(.text)
    TIM_ClearFlag                            0x08002a2d   Thumb Code     6  stm32f4xx_tim.o(.text)
    TIM_GetITStatus                          0x08002a33   Thumb Code    34  stm32f4xx_tim.o(.text)
    TIM_ClearITPendingBit                    0x08002a55   Thumb Code     6  stm32f4xx_tim.o(.text)
    TIM_DMAConfig                            0x08002a5b   Thumb Code    10  stm32f4xx_tim.o(.text)
    TIM_DMACmd                               0x08002a65   Thumb Code    18  stm32f4xx_tim.o(.text)
    TIM_SelectCCDMA                          0x08002a77   Thumb Code    24  stm32f4xx_tim.o(.text)
    TIM_InternalClockConfig                  0x08002a8f   Thumb Code    12  stm32f4xx_tim.o(.text)
    TIM_SelectInputTrigger                   0x08002a9b   Thumb Code    18  stm32f4xx_tim.o(.text)
    TIM_ITRxExternalClockConfig              0x08002aad   Thumb Code    24  stm32f4xx_tim.o(.text)
    TIM_TIxExternalClockConfig               0x08002ac5   Thumb Code    62  stm32f4xx_tim.o(.text)
    TIM_ETRConfig                            0x08002b03   Thumb Code    28  stm32f4xx_tim.o(.text)
    TIM_ETRClockMode1Config                  0x08002b1f   Thumb Code    54  stm32f4xx_tim.o(.text)
    TIM_ETRClockMode2Config                  0x08002b55   Thumb Code    32  stm32f4xx_tim.o(.text)
    TIM_SelectOutputTrigger                  0x08002b75   Thumb Code    18  stm32f4xx_tim.o(.text)
    TIM_SelectSlaveMode                      0x08002b87   Thumb Code    18  stm32f4xx_tim.o(.text)
    TIM_SelectMasterSlaveMode                0x08002b99   Thumb Code    18  stm32f4xx_tim.o(.text)
    TIM_EncoderInterfaceConfig               0x08002bab   Thumb Code    66  stm32f4xx_tim.o(.text)
    TIM_SelectHallSensor                     0x08002bed   Thumb Code    24  stm32f4xx_tim.o(.text)
    TIM_RemapConfig                          0x08002c05   Thumb Code     6  stm32f4xx_tim.o(.text)
    SysTick_Handler                          0x08002c0d   Thumb Code    12  utility.o(.text)
    Delay                                    0x08002c19   Thumb Code    18  utility.o(.text)
    scale                                    0x08002c2b   Thumb Code   156  utility.o(.text)
    EXTI_DeInit                              0x08002ccd   Thumb Code    28  stm32f4xx_exti.o(.text)
    EXTI_Init                                0x08002ce9   Thumb Code   142  stm32f4xx_exti.o(.text)
    EXTI_StructInit                          0x08002d77   Thumb Code    16  stm32f4xx_exti.o(.text)
    EXTI_GenerateSWInterrupt                 0x08002d87   Thumb Code    16  stm32f4xx_exti.o(.text)
    EXTI_GetFlagStatus                       0x08002d97   Thumb Code    22  stm32f4xx_exti.o(.text)
    EXTI_ClearFlag                           0x08002dad   Thumb Code     8  stm32f4xx_exti.o(.text)
    EXTI_GetITStatus                         0x08002db5   Thumb Code    22  stm32f4xx_exti.o(.text)
    EXTI_ClearITPendingBit                   0x08002dcb   Thumb Code     8  stm32f4xx_exti.o(.text)
    SYSCFG_DeInit                            0x08002ddd   Thumb Code    22  stm32f4xx_syscfg.o(.text)
    SYSCFG_MemoryRemapConfig                 0x08002df3   Thumb Code     6  stm32f4xx_syscfg.o(.text)
    SYSCFG_MemorySwappingBank                0x08002df9   Thumb Code     6  stm32f4xx_syscfg.o(.text)
    SYSCFG_EXTILineConfig                    0x08002dff   Thumb Code    66  stm32f4xx_syscfg.o(.text)
    SYSCFG_ETH_MediaInterfaceConfig          0x08002e41   Thumb Code     8  stm32f4xx_syscfg.o(.text)
    SYSCFG_CompensationCellCmd               0x08002e49   Thumb Code     6  stm32f4xx_syscfg.o(.text)
    SYSCFG_GetCompensationCellStatus         0x08002e4f   Thumb Code    22  stm32f4xx_syscfg.o(.text)
    GPIO_init                                0x08002e71   Thumb Code   194  board_init.o(.text)
    EXTI9_5_IRQHandler                       0x08002f33   Thumb Code    58  board_init.o(.text)
    EXTI15_10_IRQHandler                     0x08002f6d   Thumb Code   170  board_init.o(.text)
    TOM_lcd_init                             0x08003017   Thumb Code    12  board_init.o(.text)
    init_board                               0x08003023   Thumb Code   130  board_init.o(.text)
    ringbuffer_new                           0x080030f9   Thumb Code    76  ringbuffer.o(.text)
    ringbuffer_free                          0x08003145   Thumb Code    42  ringbuffer.o(.text)
    ringbuffer_size                          0x0800316f   Thumb Code     6  ringbuffer.o(.text)
    ringbuffer_head                          0x08003175   Thumb Code     8  ringbuffer.o(.text)
    ringbuffer_tail                          0x0800317d   Thumb Code     8  ringbuffer.o(.text)
    ringbuffer_count                         0x08003185   Thumb Code     6  ringbuffer.o(.text)
    ringbuffer_is_full                       0x0800318b   Thumb Code    18  ringbuffer.o(.text)
    ringbuffer_push                          0x0800319d   Thumb Code    48  ringbuffer.o(.text)
    ringbuffer_is_empty                      0x080031cd   Thumb Code    14  ringbuffer.o(.text)
    ringbuffer_shift                         0x080031db   Thumb Code    46  ringbuffer.o(.text)
    TimingDelay_Decrement                    0x0800324d   Thumb Code   162  tm_stm32f4_delay.o(.text)
    TM_DELAY_Init                            0x080032ef   Thumb Code   110  tm_stm32f4_delay.o(.text)
    TM_DELAY_EnableDelayTimer                0x0800335d   Thumb Code    28  tm_stm32f4_delay.o(.text)
    TM_DELAY_DisableDelayTimer               0x08003379   Thumb Code    18  tm_stm32f4_delay.o(.text)
    TM_DELAY_TimerCreate                     0x0800338b   Thumb Code    90  tm_stm32f4_delay.o(.text)
    TM_DELAY_TimerDelete                     0x080033e5   Thumb Code   126  tm_stm32f4_delay.o(.text)
    TM_DELAY_TimerStop                       0x08003463   Thumb Code     6  tm_stm32f4_delay.o(.text)
    TM_DELAY_TimerStart                      0x08003469   Thumb Code     6  tm_stm32f4_delay.o(.text)
    TM_DELAY_TimerReset                      0x0800346f   Thumb Code     6  tm_stm32f4_delay.o(.text)
    TM_DELAY_TimerAutoReload                 0x08003475   Thumb Code     4  tm_stm32f4_delay.o(.text)
    TM_DELAY_TimerAutoReloadValue            0x08003479   Thumb Code     4  tm_stm32f4_delay.o(.text)
    TM_GPIO_GetPortSource                    0x080034a1   Thumb Code    14  tm_stm32f4_gpio.o(.text)
    TM_GPIO_INT_Init                         0x080034af   Thumb Code   170  tm_stm32f4_gpio.o(.text)
    TM_GPIO_INT_EnableClock                  0x08003559   Thumb Code    28  tm_stm32f4_gpio.o(.text)
    TM_GPIO_Init                             0x08003575   Thumb Code    48  tm_stm32f4_gpio.o(.text)
    TM_GPIO_InitAlternate                    0x080035a5   Thumb Code   110  tm_stm32f4_gpio.o(.text)
    TM_GPIO_DeInit                           0x08003613   Thumb Code    66  tm_stm32f4_gpio.o(.text)
    TM_GPIO_SetPinAsInput                    0x08003655   Thumb Code    38  tm_stm32f4_gpio.o(.text)
    TM_GPIO_SetPinAsOutput                   0x0800367b   Thumb Code    46  tm_stm32f4_gpio.o(.text)
    TM_GPIO_SetPinAsAnalog                   0x080036a9   Thumb Code    38  tm_stm32f4_gpio.o(.text)
    TM_GPIO_SetPinAsAlternate                0x080036cf   Thumb Code    50  tm_stm32f4_gpio.o(.text)
    TM_GPIO_SetPullResistor                  0x08003701   Thumb Code    50  tm_stm32f4_gpio.o(.text)
    TM_GPIO_Lock                             0x08003733   Thumb Code    16  tm_stm32f4_gpio.o(.text)
    TM_GPIO_GetPinSource                     0x08003743   Thumb Code    18  tm_stm32f4_gpio.o(.text)
    TM_GPIO_INT_DisableClock                 0x08003755   Thumb Code    26  tm_stm32f4_gpio.o(.text)
    TM_GPIO_GetUsedPins                      0x0800376f   Thumb Code    18  tm_stm32f4_gpio.o(.text)
    TM_GPIO_GetFreePins                      0x08003781   Thumb Code    22  tm_stm32f4_gpio.o(.text)
    TM_HD44780_Clear                         0x08003845   Thumb Code    18  tm_stm32f4_hd44780.o(.text)
    TM_HD44780_DisplayOn                     0x08003857   Thumb Code    26  tm_stm32f4_hd44780.o(.text)
    TM_HD44780_Init                          0x08003911   Thumb Code   158  tm_stm32f4_hd44780.o(.text)
    TM_HD44780_Puts                          0x080039f7   Thumb Code   126  tm_stm32f4_hd44780.o(.text)
    TM_HD44780_DisplayOff                    0x08003a75   Thumb Code    26  tm_stm32f4_hd44780.o(.text)
    TM_HD44780_BlinkOn                       0x08003a8f   Thumb Code    26  tm_stm32f4_hd44780.o(.text)
    TM_HD44780_BlinkOff                      0x08003aa9   Thumb Code    26  tm_stm32f4_hd44780.o(.text)
    TM_HD44780_CursorOn                      0x08003ac3   Thumb Code    26  tm_stm32f4_hd44780.o(.text)
    TM_HD44780_CursorOff                     0x08003add   Thumb Code    26  tm_stm32f4_hd44780.o(.text)
    TM_HD44780_ScrollLeft                    0x08003af7   Thumb Code    10  tm_stm32f4_hd44780.o(.text)
    TM_HD44780_ScrollRight                   0x08003b01   Thumb Code    10  tm_stm32f4_hd44780.o(.text)
    TM_HD44780_CreateChar                    0x08003b0b   Thumb Code    40  tm_stm32f4_hd44780.o(.text)
    TM_HD44780_PutCustom                     0x08003b33   Thumb Code    24  tm_stm32f4_hd44780.o(.text)
    Reset_Handler                            0x08003b75   Thumb Code     8  startup_stm32f407xx.o(.text)
    NMI_Handler                              0x08003b7d   Thumb Code     2  startup_stm32f407xx.o(.text)
    HardFault_Handler                        0x08003b7f   Thumb Code     2  startup_stm32f407xx.o(.text)
    MemManage_Handler                        0x08003b81   Thumb Code     2  startup_stm32f407xx.o(.text)
    BusFault_Handler                         0x08003b83   Thumb Code     2  startup_stm32f407xx.o(.text)
    UsageFault_Handler                       0x08003b85   Thumb Code     2  startup_stm32f407xx.o(.text)
    SVC_Handler                              0x08003b87   Thumb Code     2  startup_stm32f407xx.o(.text)
    DebugMon_Handler                         0x08003b89   Thumb Code     2  startup_stm32f407xx.o(.text)
    PendSV_Handler                           0x08003b8b   Thumb Code     2  startup_stm32f407xx.o(.text)
    ADC_IRQHandler                           0x08003b8f   Thumb Code     0  startup_stm32f407xx.o(.text)
    CAN1_RX0_IRQHandler                      0x08003b8f   Thumb Code     0  startup_stm32f407xx.o(.text)
    CAN1_RX1_IRQHandler                      0x08003b8f   Thumb Code     0  startup_stm32f407xx.o(.text)
    CAN1_SCE_IRQHandler                      0x08003b8f   Thumb Code     0  startup_stm32f407xx.o(.text)
    CAN1_TX_IRQHandler                       0x08003b8f   Thumb Code     0  startup_stm32f407xx.o(.text)
    CAN2_RX0_IRQHandler                      0x08003b8f   Thumb Code     0  startup_stm32f407xx.o(.text)
    CAN2_RX1_IRQHandler                      0x08003b8f   Thumb Code     0  startup_stm32f407xx.o(.text)
    CAN2_SCE_IRQHandler                      0x08003b8f   Thumb Code     0  startup_stm32f407xx.o(.text)
    CAN2_TX_IRQHandler                       0x08003b8f   Thumb Code     0  startup_stm32f407xx.o(.text)
    DCMI_IRQHandler                          0x08003b8f   Thumb Code     0  startup_stm32f407xx.o(.text)
    DMA1_Stream0_IRQHandler                  0x08003b8f   Thumb Code     0  startup_stm32f407xx.o(.text)
    DMA1_Stream1_IRQHandler                  0x08003b8f   Thumb Code     0  startup_stm32f407xx.o(.text)
    DMA1_Stream2_IRQHandler                  0x08003b8f   Thumb Code     0  startup_stm32f407xx.o(.text)
    DMA1_Stream3_IRQHandler                  0x08003b8f   Thumb Code     0  startup_stm32f407xx.o(.text)
    DMA1_Stream4_IRQHandler                  0x08003b8f   Thumb Code     0  startup_stm32f407xx.o(.text)
    DMA1_Stream5_IRQHandler                  0x08003b8f   Thumb Code     0  startup_stm32f407xx.o(.text)
    DMA1_Stream6_IRQHandler                  0x08003b8f   Thumb Code     0  startup_stm32f407xx.o(.text)
    DMA1_Stream7_IRQHandler                  0x08003b8f   Thumb Code     0  startup_stm32f407xx.o(.text)
    DMA2_Stream0_IRQHandler                  0x08003b8f   Thumb Code     0  startup_stm32f407xx.o(.text)
    DMA2_Stream1_IRQHandler                  0x08003b8f   Thumb Code     0  startup_stm32f407xx.o(.text)
    DMA2_Stream2_IRQHandler                  0x08003b8f   Thumb Code     0  startup_stm32f407xx.o(.text)
    DMA2_Stream3_IRQHandler                  0x08003b8f   Thumb Code     0  startup_stm32f407xx.o(.text)
    DMA2_Stream4_IRQHandler                  0x08003b8f   Thumb Code     0  startup_stm32f407xx.o(.text)
    DMA2_Stream5_IRQHandler                  0x08003b8f   Thumb Code     0  startup_stm32f407xx.o(.text)
    DMA2_Stream6_IRQHandler                  0x08003b8f   Thumb Code     0  startup_stm32f407xx.o(.text)
    DMA2_Stream7_IRQHandler                  0x08003b8f   Thumb Code     0  startup_stm32f407xx.o(.text)
    ETH_IRQHandler                           0x08003b8f   Thumb Code     0  startup_stm32f407xx.o(.text)
    ETH_WKUP_IRQHandler                      0x08003b8f   Thumb Code     0  startup_stm32f407xx.o(.text)
    EXTI0_IRQHandler                         0x08003b8f   Thumb Code     0  startup_stm32f407xx.o(.text)
    EXTI1_IRQHandler                         0x08003b8f   Thumb Code     0  startup_stm32f407xx.o(.text)
    EXTI2_IRQHandler                         0x08003b8f   Thumb Code     0  startup_stm32f407xx.o(.text)
    EXTI3_IRQHandler                         0x08003b8f   Thumb Code     0  startup_stm32f407xx.o(.text)
    EXTI4_IRQHandler                         0x08003b8f   Thumb Code     0  startup_stm32f407xx.o(.text)
    FLASH_IRQHandler                         0x08003b8f   Thumb Code     0  startup_stm32f407xx.o(.text)
    FMC_IRQHandler                           0x08003b8f   Thumb Code     0  startup_stm32f407xx.o(.text)
    FPU_IRQHandler                           0x08003b8f   Thumb Code     0  startup_stm32f407xx.o(.text)
    HASH_RNG_IRQHandler                      0x08003b8f   Thumb Code     0  startup_stm32f407xx.o(.text)
    I2C1_ER_IRQHandler                       0x08003b8f   Thumb Code     0  startup_stm32f407xx.o(.text)
    I2C1_EV_IRQHandler                       0x08003b8f   Thumb Code     0  startup_stm32f407xx.o(.text)
    I2C2_ER_IRQHandler                       0x08003b8f   Thumb Code     0  startup_stm32f407xx.o(.text)
    I2C2_EV_IRQHandler                       0x08003b8f   Thumb Code     0  startup_stm32f407xx.o(.text)
    I2C3_ER_IRQHandler                       0x08003b8f   Thumb Code     0  startup_stm32f407xx.o(.text)
    I2C3_EV_IRQHandler                       0x08003b8f   Thumb Code     0  startup_stm32f407xx.o(.text)
    OTG_FS_IRQHandler                        0x08003b8f   Thumb Code     0  startup_stm32f407xx.o(.text)
    OTG_FS_WKUP_IRQHandler                   0x08003b8f   Thumb Code     0  startup_stm32f407xx.o(.text)
    OTG_HS_EP1_IN_IRQHandler                 0x08003b8f   Thumb Code     0  startup_stm32f407xx.o(.text)
    OTG_HS_EP1_OUT_IRQHandler                0x08003b8f   Thumb Code     0  startup_stm32f407xx.o(.text)
    OTG_HS_IRQHandler                        0x08003b8f   Thumb Code     0  startup_stm32f407xx.o(.text)
    OTG_HS_WKUP_IRQHandler                   0x08003b8f   Thumb Code     0  startup_stm32f407xx.o(.text)
    PVD_IRQHandler                           0x08003b8f   Thumb Code     0  startup_stm32f407xx.o(.text)
    RCC_IRQHandler                           0x08003b8f   Thumb Code     0  startup_stm32f407xx.o(.text)
    RTC_Alarm_IRQHandler                     0x08003b8f   Thumb Code     0  startup_stm32f407xx.o(.text)
    RTC_WKUP_IRQHandler                      0x08003b8f   Thumb Code     0  startup_stm32f407xx.o(.text)
    SDIO_IRQHandler                          0x08003b8f   Thumb Code     0  startup_stm32f407xx.o(.text)
    SPI1_IRQHandler                          0x08003b8f   Thumb Code     0  startup_stm32f407xx.o(.text)
    SPI2_IRQHandler                          0x08003b8f   Thumb Code     0  startup_stm32f407xx.o(.text)
    SPI3_IRQHandler                          0x08003b8f   Thumb Code     0  startup_stm32f407xx.o(.text)
    TAMP_STAMP_IRQHandler                    0x08003b8f   Thumb Code     0  startup_stm32f407xx.o(.text)
    TIM1_BRK_TIM9_IRQHandler                 0x08003b8f   Thumb Code     0  startup_stm32f407xx.o(.text)
    TIM1_CC_IRQHandler                       0x08003b8f   Thumb Code     0  startup_stm32f407xx.o(.text)
    TIM1_TRG_COM_TIM11_IRQHandler            0x08003b8f   Thumb Code     0  startup_stm32f407xx.o(.text)
    TIM1_UP_TIM10_IRQHandler                 0x08003b8f   Thumb Code     0  startup_stm32f407xx.o(.text)
    TIM3_IRQHandler                          0x08003b8f   Thumb Code     0  startup_stm32f407xx.o(.text)
    TIM4_IRQHandler                          0x08003b8f   Thumb Code     0  startup_stm32f407xx.o(.text)
    TIM5_IRQHandler                          0x08003b8f   Thumb Code     0  startup_stm32f407xx.o(.text)
    TIM7_IRQHandler                          0x08003b8f   Thumb Code     0  startup_stm32f407xx.o(.text)
    TIM8_BRK_TIM12_IRQHandler                0x08003b8f   Thumb Code     0  startup_stm32f407xx.o(.text)
    TIM8_CC_IRQHandler                       0x08003b8f   Thumb Code     0  startup_stm32f407xx.o(.text)
    TIM8_TRG_COM_TIM14_IRQHandler            0x08003b8f   Thumb Code     0  startup_stm32f407xx.o(.text)
    TIM8_UP_TIM13_IRQHandler                 0x08003b8f   Thumb Code     0  startup_stm32f407xx.o(.text)
    UART4_IRQHandler                         0x08003b8f   Thumb Code     0  startup_stm32f407xx.o(.text)
    UART5_IRQHandler                         0x08003b8f   Thumb Code     0  startup_stm32f407xx.o(.text)
    USART1_IRQHandler                        0x08003b8f   Thumb Code     0  startup_stm32f407xx.o(.text)
    USART2_IRQHandler                        0x08003b8f   Thumb Code     0  startup_stm32f407xx.o(.text)
    USART6_IRQHandler                        0x08003b8f   Thumb Code     0  startup_stm32f407xx.o(.text)
    WWDG_IRQHandler                          0x08003b8f   Thumb Code     0  startup_stm32f407xx.o(.text)
    __user_initial_stackheap                 0x08003b91   Thumb Code     0  startup_stm32f407xx.o(.text)
    SystemInit                               0x08003c91   Thumb Code    88  system_stm32f4xx.o(.text)
    SystemCoreClockUpdate                    0x08003ce9   Thumb Code   174  system_stm32f4xx.o(.text)
    __I$use$semihosting                      0x08003dc5   Thumb Code     0  use_no_semi.o(.text)
    __use_no_semihosting_swi                 0x08003dc5   Thumb Code     2  use_no_semi.o(.text)
    malloc                                   0x08003dc7   Thumb Code    94  h1_alloc.o(.text)
    free                                     0x08003e25   Thumb Code    78  h1_free.o(.text)
    __2printf                                0x08003e75   Thumb Code    20  noretval__2printf.o(.text)
    __2sprintf                               0x08003e8d   Thumb Code    34  noretval__2sprintf.o(.text)
    _printf_str                              0x08003eb5   Thumb Code    82  _printf_str.o(.text)
    __printf                                 0x08003f07   Thumb Code   270  __printf_wp.o(.text)
    __aeabi_assert                           0x08004015   Thumb Code    86  assert.o(.text)
    __assert                                 0x08004015   Thumb Code     0  assert.o(.text)
    strlen                                   0x08004095   Thumb Code    62  strlen.o(.text)
    __use_two_region_memory                  0x080040d3   Thumb Code     2  heapauxi.o(.text)
    __rt_heap_escrow                         0x080040d5   Thumb Code     2  heapauxi.o(.text)
    __rt_heap_expand                         0x080040d7   Thumb Code     2  heapauxi.o(.text)
    __rt_heap_descriptor                     0x080040d9   Thumb Code     8  rt_heap_descriptor_intlibspace.o(.text)
    __use_no_heap                            0x080040e1   Thumb Code     2  hguard.o(.text)
    __heap$guard                             0x080040e3   Thumb Code     2  hguard.o(.text)
    _terminate_user_alloc                    0x080040e5   Thumb Code     2  init_alloc.o(.text)
    _init_user_alloc                         0x080040e7   Thumb Code     2  init_alloc.o(.text)
    __Heap_Full                              0x080040e9   Thumb Code    34  init_alloc.o(.text)
    __Heap_Broken                            0x0800410b   Thumb Code     6  init_alloc.o(.text)
    _init_alloc                              0x08004111   Thumb Code    94  init_alloc.o(.text)
    __Heap_Initialize                        0x0800416f   Thumb Code    10  h1_init.o(.text)
    __Heap_DescSize                          0x08004179   Thumb Code     4  h1_init.o(.text)
    __lib_sel_fp_printf                      0x0800417d   Thumb Code     2  _printf_fp_dec.o(.text)
    _printf_fp_dec_real                      0x0800432b   Thumb Code   620  _printf_fp_dec.o(.text)
    _printf_char_common                      0x080045a3   Thumb Code    32  _printf_char_common.o(.text)
    _sputc                                   0x080045c9   Thumb Code    10  _sputc.o(.text)
    _printf_cs_common                        0x080045d3   Thumb Code    20  _printf_char.o(.text)
    _printf_char                             0x080045e7   Thumb Code    16  _printf_char.o(.text)
    _printf_string                           0x080045f7   Thumb Code     8  _printf_char.o(.text)
    _printf_char_file                        0x08004601   Thumb Code    32  _printf_char_file.o(.text)
    abort                                    0x08004625   Thumb Code    22  abort.o(.text)
    __assert_puts                            0x0800463b   Thumb Code    20  assert_puts.o(.text)
    __user_libspace                          0x08004651   Thumb Code     8  libspace.o(.text)
    __user_perproc_libspace                  0x08004651   Thumb Code     0  libspace.o(.text)
    __user_perthread_libspace                0x08004651   Thumb Code     0  libspace.o(.text)
    __rt_locale                              0x08004659   Thumb Code     8  rt_locale_intlibspace.o(.text)
    __Heap_ProvideMemory                     0x08004661   Thumb Code    52  h1_extend.o(.text)
    _ll_udiv10                               0x08004695   Thumb Code   138  lludiv10.o(.text)
    _printf_fp_infnan                        0x08004721   Thumb Code   112  _printf_fp_infnan.o(.text)
    _btod_etento                             0x080047a1   Thumb Code   216  bigflt0.o(.text)
    __rt_SIGABRT                             0x0800487d   Thumb Code    14  defsig_abrt_outer.o(.text)
    __rt_SIGRTMEM                            0x0800488b   Thumb Code    14  defsig_rtmem_outer.o(.text)
    __user_setup_stackheap                   0x08004899   Thumb Code    74  sys_stackheap_outer.o(.text)
    exit                                     0x080048e3   Thumb Code    18  exit.o(.text)
    __sig_exit                               0x080048f5   Thumb Code    10  defsig_exit.o(.text)
    __rt_SIGABRT_inner                       0x08004901   Thumb Code    14  defsig_abrt_inner.o(.text)
    __rt_SIGRTMEM_inner                      0x08004931   Thumb Code    22  defsig_rtmem_inner.o(.text)
    strcmp                                   0x08004981   Thumb Code   128  strcmpv7m.o(.text)
    __default_signal_display                 0x08004a01   Thumb Code    50  defsig_general.o(.text)
    _btod_d2e                                0x08004a33   Thumb Code    62  btod.o(CL$$btod_d2e)
    _d2e_denorm_low                          0x08004a71   Thumb Code    70  btod.o(CL$$btod_d2e_denorm_low)
    _d2e_norm_op1                            0x08004ab7   Thumb Code    96  btod.o(CL$$btod_d2e_norm_op1)
    __btod_div_common                        0x08004b17   Thumb Code   696  btod.o(CL$$btod_div_common)
    _e2e                                     0x08004e4f   Thumb Code   198  btod.o(CL$$btod_e2e)
    _btod_ediv                               0x08004f15   Thumb Code    40  btod.o(CL$$btod_ediv)
    _btod_emul                               0x08004f3d   Thumb Code    40  btod.o(CL$$btod_emul)
    __btod_mult_common                       0x08004f65   Thumb Code   580  btod.o(CL$$btod_mult_common)
    __ARM_fpclassify                         0x080051a9   Thumb Code    48  fpclassify.o(i.__ARM_fpclassify)
    _is_digit                                0x080051d9   Thumb Code    14  __printf_wp.o(i._is_digit)
    _get_lc_numeric                          0x080051e9   Thumb Code    44  lc_numeric_c.o(locale$$code)
    __aeabi_d2f                              0x08005215   Thumb Code     0  d2f.o(x$fpl$d2f)
    _d2f                                     0x08005215   Thumb Code    98  d2f.o(x$fpl$d2f)
    __aeabi_dadd                             0x08005279   Thumb Code     0  daddsub_clz.o(x$fpl$dadd)
    _dadd                                    0x08005279   Thumb Code   332  daddsub_clz.o(x$fpl$dadd)
    __aeabi_ddiv                             0x080053c9   Thumb Code     0  ddiv.o(x$fpl$ddiv)
    _ddiv                                    0x080053c9   Thumb Code   552  ddiv.o(x$fpl$ddiv)
    __aeabi_dmul                             0x08005679   Thumb Code     0  dmul.o(x$fpl$dmul)
    _dmul                                    0x08005679   Thumb Code   332  dmul.o(x$fpl$dmul)
    __fpl_dnaninf                            0x080057cd   Thumb Code   156  dnaninf.o(x$fpl$dnaninf)
    __fpl_dretinf                            0x08005869   Thumb Code    12  dretinf.o(x$fpl$dretinf)
    __aeabi_dsub                             0x08005875   Thumb Code     0  daddsub_clz.o(x$fpl$dsub)
    _dsub                                    0x08005875   Thumb Code   464  daddsub_clz.o(x$fpl$dsub)
    __aeabi_f2d                              0x08005a49   Thumb Code     0  f2d.o(x$fpl$f2d)
    _f2d                                     0x08005a49   Thumb Code    86  f2d.o(x$fpl$f2d)
    __fpl_fnaninf                            0x08005a9f   Thumb Code   140  fnaninf.o(x$fpl$fnaninf)
    _fp_init                                 0x08005b2b   Thumb Code    10  fpinit.o(x$fpl$fpinit)
    __fplib_config_fpu_vfp                   0x08005b33   Thumb Code     0  fpinit.o(x$fpl$fpinit)
    __fplib_config_pureend_doubles           0x08005b33   Thumb Code     0  fpinit.o(x$fpl$fpinit)
    __fpl_fretinf                            0x08005b35   Thumb Code    10  fretinf.o(x$fpl$fretinf)
    _printf_fp_dec                           0x08005b3f   Thumb Code     4  printf1.o(x$fpl$printf1)
    __I$use$fp                               0x08005b42   Number         0  usenofp.o(x$fpl$usenofp)
    SWT_mask                                 0x08005b44   Data          32  swt.o(.constdata)
    AHBPrescTable                            0x08005b64   Data          16  system_stm32f4xx.o(.constdata)
    Region$$Table$$Base                      0x08005c08   Number         0  anon$$obj.o(Region$$Table)
    Region$$Table$$Limit                     0x08005c28   Number         0  anon$$obj.o(Region$$Table)
    __stdout                                 0x20000000   Data           4  retarget.o(.data)
    GPIO_InitStructure                       0x20000020   Data           8  sig_gen.o(.data)
    sinetable                                0x20000028   Data         512  sig_gen.o(.data)
    pulse_width                              0x20000228   Data           2  sig_gen.o(.data)
    phase_accumulator                        0x2000022c   Data           4  sig_gen.o(.data)
    angle                                    0x20000230   Data           1  sig_gen.o(.data)
    msTicks                                  0x20000234   Data           4  utility.o(.data)
    TM_TimingDelay                           0x20000238   Data           4  tm_stm32f4_delay.o(.data)
    TM_Time                                  0x2000023c   Data           4  tm_stm32f4_delay.o(.data)
    TM_Time2                                 0x20000240   Data           4  tm_stm32f4_delay.o(.data)
    mult                                     0x20000244   Data           4  tm_stm32f4_delay.o(.data)
    TM_DELAY_Initialized                     0x20000248   Data           1  tm_stm32f4_delay.o(.data)
    SystemCoreClock                          0x20000250   Data           4  system_stm32f4xx.o(.data)
    unmalloc_buffer                          0x20000254   Data         512  lcd_buffer.o(.bss)
    lcd_commandBuffer                        0x20000454   Data          16  lcd_driver.o(.bss)
    USART_InitStructure                      0x20000464   Data          16  sig_gen.o(.bss)
    TIM_TimeBaseStructure                    0x20000474   Data          12  sig_gen.o(.bss)
    TIM_OCInitStructure                      0x20000480   Data          20  sig_gen.o(.bss)
    __libspace_start                         0x200004c4   Data          96  libspace.o(.bss)
    __temporary_stack_top$libspace           0x20000524   Data           0  libspace.o(.bss)



==============================================================================

Memory Map of the image

  Image Entry point : 0x08000189

  Load Region LR_IROM1 (Base: 0x08000000, Size: 0x00005e98, Max: 0x00100000, ABSOLUTE, COMPRESSED[0x00005df4])

    Execution Region ER_IROM1 (Base: 0x08000000, Size: 0x00005c44, Max: 0x00100000, ABSOLUTE)

    Base Addr    Size         Type   Attr      Idx    E Section Name        Object

    0x08000000   0x00000188   Data   RO          791    RESET               startup_stm32f407xx.o
    0x08000188   0x00000008   Code   RO          934  * !!!main             c_w.l(__main.o)
    0x08000190   0x00000034   Code   RO         1240    !!!scatter          c_w.l(__scatter.o)
    0x080001c4   0x0000005a   Code   RO         1238    !!dczerorl2         c_w.l(__dczerorl2.o)
    0x0800021e   0x00000002   PAD
    0x08000220   0x0000001c   Code   RO         1242    !!handler_zi        c_w.l(__scatter_zi.o)
    0x0800023c   0x00000000   Code   RO          927    .ARM.Collect$$_printf_percent$$00000000  c_w.l(_printf_percent.o)
    0x0800023c   0x00000006   Code   RO          926    .ARM.Collect$$_printf_percent$$00000003  c_w.l(_printf_f.o)
    0x08000242   0x00000006   Code   RO          925    .ARM.Collect$$_printf_percent$$00000014  c_w.l(_printf_s.o)
    0x08000248   0x00000004   Code   RO         1006    .ARM.Collect$$_printf_percent$$00000017  c_w.l(_printf_percent_end.o)
    0x0800024c   0x00000002   Code   RO         1183    .ARM.Collect$$libinit$$00000000  c_w.l(libinit.o)
    0x0800024e   0x00000004   Code   RO         1015    .ARM.Collect$$libinit$$00000001  c_w.l(libinit2.o)
    0x08000252   0x00000000   Code   RO         1018    .ARM.Collect$$libinit$$00000004  c_w.l(libinit2.o)
    0x08000252   0x00000008   Code   RO         1019    .ARM.Collect$$libinit$$00000005  c_w.l(libinit2.o)
    0x0800025a   0x00000000   Code   RO         1021    .ARM.Collect$$libinit$$0000000A  c_w.l(libinit2.o)
    0x0800025a   0x00000000   Code   RO         1023    .ARM.Collect$$libinit$$0000000C  c_w.l(libinit2.o)
    0x0800025a   0x00000000   Code   RO         1025    .ARM.Collect$$libinit$$0000000E  c_w.l(libinit2.o)
    0x0800025a   0x00000006   Code   RO         1026    .ARM.Collect$$libinit$$0000000F  c_w.l(libinit2.o)
    0x08000260   0x00000000   Code   RO         1028    .ARM.Collect$$libinit$$00000011  c_w.l(libinit2.o)
    0x08000260   0x00000000   Code   RO         1030    .ARM.Collect$$libinit$$00000013  c_w.l(libinit2.o)
    0x08000260   0x00000000   Code   RO         1032    .ARM.Collect$$libinit$$00000015  c_w.l(libinit2.o)
    0x08000260   0x0000000a   Code   RO         1033    .ARM.Collect$$libinit$$00000016  c_w.l(libinit2.o)
    0x0800026a   0x00000000   Code   RO         1034    .ARM.Collect$$libinit$$00000017  c_w.l(libinit2.o)
    0x0800026a   0x00000000   Code   RO         1036    .ARM.Collect$$libinit$$00000019  c_w.l(libinit2.o)
    0x0800026a   0x00000000   Code   RO         1038    .ARM.Collect$$libinit$$0000001B  c_w.l(libinit2.o)
    0x0800026a   0x00000000   Code   RO         1040    .ARM.Collect$$libinit$$0000001D  c_w.l(libinit2.o)
    0x0800026a   0x00000000   Code   RO         1042    .ARM.Collect$$libinit$$0000001F  c_w.l(libinit2.o)
    0x0800026a   0x00000000   Code   RO         1044    .ARM.Collect$$libinit$$00000021  c_w.l(libinit2.o)
    0x0800026a   0x00000000   Code   RO         1046    .ARM.Collect$$libinit$$00000023  c_w.l(libinit2.o)
    0x0800026a   0x00000000   Code   RO         1048    .ARM.Collect$$libinit$$00000025  c_w.l(libinit2.o)
    0x0800026a   0x00000000   Code   RO         1052    .ARM.Collect$$libinit$$0000002C  c_w.l(libinit2.o)
    0x0800026a   0x00000000   Code   RO         1054    .ARM.Collect$$libinit$$0000002E  c_w.l(libinit2.o)
    0x0800026a   0x00000000   Code   RO         1056    .ARM.Collect$$libinit$$00000030  c_w.l(libinit2.o)
    0x0800026a   0x00000000   Code   RO         1058    .ARM.Collect$$libinit$$00000032  c_w.l(libinit2.o)
    0x0800026a   0x00000002   Code   RO         1059    .ARM.Collect$$libinit$$00000033  c_w.l(libinit2.o)
    0x0800026c   0x00000002   Code   RO         1235    .ARM.Collect$$libshutdown$$00000000  c_w.l(libshutdown.o)
    0x0800026e   0x00000000   Code   RO         1195    .ARM.Collect$$libshutdown$$00000002  c_w.l(libshutdown2.o)
    0x0800026e   0x00000000   Code   RO         1197    .ARM.Collect$$libshutdown$$00000004  c_w.l(libshutdown2.o)
    0x0800026e   0x00000000   Code   RO         1200    .ARM.Collect$$libshutdown$$00000007  c_w.l(libshutdown2.o)
    0x0800026e   0x00000000   Code   RO         1203    .ARM.Collect$$libshutdown$$0000000A  c_w.l(libshutdown2.o)
    0x0800026e   0x00000000   Code   RO         1205    .ARM.Collect$$libshutdown$$0000000C  c_w.l(libshutdown2.o)
    0x0800026e   0x00000000   Code   RO         1208    .ARM.Collect$$libshutdown$$0000000F  c_w.l(libshutdown2.o)
    0x0800026e   0x00000002   Code   RO         1209    .ARM.Collect$$libshutdown$$00000010  c_w.l(libshutdown2.o)
    0x08000270   0x00000000   Code   RO          970    .ARM.Collect$$rtentry$$00000000  c_w.l(__rtentry.o)
    0x08000270   0x00000000   Code   RO         1077    .ARM.Collect$$rtentry$$00000002  c_w.l(__rtentry2.o)
    0x08000270   0x00000006   Code   RO         1089    .ARM.Collect$$rtentry$$00000004  c_w.l(__rtentry4.o)
    0x08000276   0x00000000   Code   RO         1079    .ARM.Collect$$rtentry$$00000009  c_w.l(__rtentry2.o)
    0x08000276   0x00000004   Code   RO         1080    .ARM.Collect$$rtentry$$0000000A  c_w.l(__rtentry2.o)
    0x0800027a   0x00000000   Code   RO         1082    .ARM.Collect$$rtentry$$0000000C  c_w.l(__rtentry2.o)
    0x0800027a   0x00000008   Code   RO         1083    .ARM.Collect$$rtentry$$0000000D  c_w.l(__rtentry2.o)
    0x08000282   0x00000002   Code   RO         1184    .ARM.Collect$$rtexit$$00000000  c_w.l(rtexit.o)
    0x08000284   0x00000000   Code   RO         1211    .ARM.Collect$$rtexit$$00000002  c_w.l(rtexit2.o)
    0x08000284   0x00000004   Code   RO         1212    .ARM.Collect$$rtexit$$00000003  c_w.l(rtexit2.o)
    0x08000288   0x00000006   Code   RO         1213    .ARM.Collect$$rtexit$$00000004  c_w.l(rtexit2.o)
    0x0800028e   0x00000002   PAD
    0x08000290   0x00000000   Code   RO         1098    .emb_text           c_w.l(maybetermalloc1.o)
    0x08000290   0x000002b4   Code   RO            4    .text               adc_leds.o
    0x08000544   0x00000064   Code   RO          182    .text               swt.o
    0x080005a8   0x00000198   Code   RO          228    .text               serial.o
    0x08000740   0x00000044   Code   RO          260    .text               retarget.o
    0x08000784   0x000000a8   Code   RO          288    .text               lcd_buffer.o
    0x0800082c   0x000004d0   Code   RO          306    .text               lcd_driver.o
    0x08000cfc   0x000001ac   Code   RO          344    .text               adc.o
    0x08000ea8   0x00000294   Code   RO          368    .text               stm32f4xx_gpio.o
    0x0800113c   0x000000e0   Code   RO          392    .text               misc.o
    0x0800121c   0x0000065c   Code   RO          416    .text               stm32f4xx_rcc.o
    0x08001878   0x00000454   Code   RO          442    .text               stm32f4xx_usart.o
    0x08001ccc   0x0000029c   Code   RO          466    .text               sig_gen.o
    0x08001f68   0x00000ca2   Code   RO          498    .text               stm32f4xx_tim.o
    0x08002c0a   0x00000002   PAD
    0x08002c0c   0x000000c0   Code   RO          522    .text               utility.o
    0x08002ccc   0x00000110   Code   RO          549    .text               stm32f4xx_exti.o
    0x08002ddc   0x00000094   Code   RO          573    .text               stm32f4xx_syscfg.o
    0x08002e70   0x00000288   Code   RO          597    .text               board_init.o
    0x080030f8   0x00000154   Code   RO          642    .text               ringbuffer.o
    0x0800324c   0x00000254   Code   RO          663    .text               tm_stm32f4_delay.o
    0x080034a0   0x00000300   Code   RO          703    .text               tm_stm32f4_gpio.o
    0x080037a0   0x000003d4   Code   RO          732    .text               tm_stm32f4_hd44780.o
    0x08003b74   0x00000040   Code   RO          792    .text               startup_stm32f407xx.o
    0x08003bb4   0x00000210   Code   RO          799    .text               system_stm32f4xx.o
    0x08003dc4   0x00000002   Code   RO          829    .text               c_w.l(use_no_semi.o)
    0x08003dc6   0x0000005e   Code   RO          835    .text               c_w.l(h1_alloc.o)
    0x08003e24   0x0000004e   Code   RO          837    .text               c_w.l(h1_free.o)
    0x08003e72   0x00000002   PAD
    0x08003e74   0x00000018   Code   RO          897    .text               c_w.l(noretval__2printf.o)
    0x08003e8c   0x00000028   Code   RO          899    .text               c_w.l(noretval__2sprintf.o)
    0x08003eb4   0x00000052   Code   RO          903    .text               c_w.l(_printf_str.o)
    0x08003f06   0x0000010e   Code   RO          913    .text               c_w.l(__printf_wp.o)
    0x08004014   0x00000080   Code   RO          928    .text               c_w.l(assert.o)
    0x08004094   0x0000003e   Code   RO          930    .text               c_w.l(strlen.o)
    0x080040d2   0x00000006   Code   RO          932    .text               c_w.l(heapauxi.o)
    0x080040d8   0x00000008   Code   RO          974    .text               c_w.l(rt_heap_descriptor_intlibspace.o)
    0x080040e0   0x00000004   Code   RO          976    .text               c_w.l(hguard.o)
    0x080040e4   0x0000008a   Code   RO          978    .text               c_w.l(init_alloc.o)
    0x0800416e   0x0000000e   Code   RO          982    .text               c_w.l(h1_init.o)
    0x0800417c   0x0000041a   Code   RO          996    .text               c_w.l(_printf_fp_dec.o)
    0x08004596   0x00000002   PAD
    0x08004598   0x00000030   Code   RO          998    .text               c_w.l(_printf_char_common.o)
    0x080045c8   0x0000000a   Code   RO         1000    .text               c_w.l(_sputc.o)
    0x080045d2   0x0000002c   Code   RO         1002    .text               c_w.l(_printf_char.o)
    0x080045fe   0x00000002   PAD
    0x08004600   0x00000024   Code   RO         1004    .text               c_w.l(_printf_char_file.o)
    0x08004624   0x00000016   Code   RO         1007    .text               c_w.l(abort.o)
    0x0800463a   0x00000014   Code   RO         1009    .text               c_w.l(assert_puts.o)
    0x0800464e   0x00000002   PAD
    0x08004650   0x00000008   Code   RO         1073    .text               c_w.l(libspace.o)
    0x08004658   0x00000008   Code   RO         1094    .text               c_w.l(rt_locale_intlibspace.o)
    0x08004660   0x00000034   Code   RO         1100    .text               c_w.l(h1_extend.o)
    0x08004694   0x0000008a   Code   RO         1104    .text               c_w.l(lludiv10.o)
    0x0800471e   0x00000002   PAD
    0x08004720   0x00000080   Code   RO         1106    .text               c_w.l(_printf_fp_infnan.o)
    0x080047a0   0x000000dc   Code   RO         1110    .text               c_w.l(bigflt0.o)
    0x0800487c   0x0000000e   Code   RO         1138    .text               c_w.l(defsig_abrt_outer.o)
    0x0800488a   0x0000000e   Code   RO         1142    .text               c_w.l(defsig_rtmem_outer.o)
    0x08004898   0x0000004a   Code   RO         1158    .text               c_w.l(sys_stackheap_outer.o)
    0x080048e2   0x00000012   Code   RO         1164    .text               c_w.l(exit.o)
    0x080048f4   0x0000000a   Code   RO         1166    .text               c_w.l(defsig_exit.o)
    0x080048fe   0x00000002   PAD
    0x08004900   0x00000030   Code   RO         1168    .text               c_w.l(defsig_abrt_inner.o)
    0x08004930   0x00000050   Code   RO         1170    .text               c_w.l(defsig_rtmem_inner.o)
    0x08004980   0x00000080   Code   RO         1172    .text               c_w.l(strcmpv7m.o)
    0x08004a00   0x00000032   Code   RO         1192    .text               c_w.l(defsig_general.o)
    0x08004a32   0x0000003e   Code   RO         1113    CL$$btod_d2e        c_w.l(btod.o)
    0x08004a70   0x00000046   Code   RO         1115    CL$$btod_d2e_denorm_low  c_w.l(btod.o)
    0x08004ab6   0x00000060   Code   RO         1114    CL$$btod_d2e_norm_op1  c_w.l(btod.o)
    0x08004b16   0x00000338   Code   RO         1123    CL$$btod_div_common  c_w.l(btod.o)
    0x08004e4e   0x000000c6   Code   RO         1120    CL$$btod_e2e        c_w.l(btod.o)
    0x08004f14   0x00000028   Code   RO         1117    CL$$btod_ediv       c_w.l(btod.o)
    0x08004f3c   0x00000028   Code   RO         1116    CL$$btod_emul       c_w.l(btod.o)
    0x08004f64   0x00000244   Code   RO         1122    CL$$btod_mult_common  c_w.l(btod.o)
    0x080051a8   0x00000030   Code   RO         1155    i.__ARM_fpclassify  m_wm.l(fpclassify.o)
    0x080051d8   0x0000000e   Code   RO          915    i._is_digit         c_w.l(__printf_wp.o)
    0x080051e6   0x00000002   PAD
    0x080051e8   0x0000002c   Code   RO         1136    locale$$code        c_w.l(lc_numeric_c.o)
    0x08005214   0x00000062   Code   RO          936    x$fpl$d2f           fz_wm.l(d2f.o)
    0x08005276   0x00000002   PAD
    0x08005278   0x00000150   Code   RO          938    x$fpl$dadd          fz_wm.l(daddsub_clz.o)
    0x080053c8   0x000002b0   Code   RO          945    x$fpl$ddiv          fz_wm.l(ddiv.o)
    0x08005678   0x00000154   Code   RO          962    x$fpl$dmul          fz_wm.l(dmul.o)
    0x080057cc   0x0000009c   Code   RO         1062    x$fpl$dnaninf       fz_wm.l(dnaninf.o)
    0x08005868   0x0000000c   Code   RO         1064    x$fpl$dretinf       fz_wm.l(dretinf.o)
    0x08005874   0x000001d4   Code   RO          940    x$fpl$dsub          fz_wm.l(daddsub_clz.o)
    0x08005a48   0x00000056   Code   RO          964    x$fpl$f2d           fz_wm.l(f2d.o)
    0x08005a9e   0x0000008c   Code   RO         1066    x$fpl$fnaninf       fz_wm.l(fnaninf.o)
    0x08005b2a   0x0000000a   Code   RO         1151    x$fpl$fpinit        fz_wm.l(fpinit.o)
    0x08005b34   0x0000000a   Code   RO         1068    x$fpl$fretinf       fz_wm.l(fretinf.o)
    0x08005b3e   0x00000004   Code   RO          966    x$fpl$printf1       fz_wm.l(printf1.o)
    0x08005b42   0x00000000   Code   RO         1070    x$fpl$usenofp       fz_wm.l(usenofp.o)
    0x08005b42   0x00000002   PAD
    0x08005b44   0x00000020   Data   RO          183    .constdata          swt.o
    0x08005b64   0x00000010   Data   RO          800    .constdata          system_stm32f4xx.o
    0x08005b74   0x00000094   Data   RO         1111    .constdata          c_w.l(bigflt0.o)
    0x08005c08   0x00000020   Data   RO         1236    Region$$Table       anon$$obj.o
    0x08005c28   0x0000001c   Data   RO         1135    locale$$data        c_w.l(lc_numeric_c.o)


    Execution Region RW_IRAM1 (Base: 0x20000000, Size: 0x00000b28, Max: 0x00020000, ABSOLUTE, COMPRESSED[0x000001b0])

    Base Addr    Size         Type   Attr      Idx    E Section Name        Object

    0x20000000   0x00000004   Data   RW          261    .data               retarget.o
    0x20000004   0x00000009   Data   RW          308    .data               lcd_driver.o
    0x2000000d   0x00000010   Data   RW          417    .data               stm32f4xx_rcc.o
    0x2000001d   0x00000003   PAD
    0x20000020   0x00000211   Data   RW          468    .data               sig_gen.o
    0x20000231   0x00000003   PAD
    0x20000234   0x00000004   Data   RW          523    .data               utility.o
    0x20000238   0x00000011   Data   RW          665    .data               tm_stm32f4_delay.o
    0x20000249   0x00000007   Data   RW          733    .data               tm_stm32f4_hd44780.o
    0x20000250   0x00000004   Data   RW          801    .data               system_stm32f4xx.o
    0x20000254   0x00000200   Zero   RW          289    .bss                lcd_buffer.o
    0x20000454   0x00000010   Zero   RW          307    .bss                lcd_driver.o
    0x20000464   0x00000030   Zero   RW          467    .bss                sig_gen.o
    0x20000494   0x00000018   Zero   RW          664    .bss                tm_stm32f4_delay.o
    0x200004ac   0x00000016   Zero   RW          704    .bss                tm_stm32f4_gpio.o
    0x200004c2   0x00000002   PAD
    0x200004c4   0x00000060   Zero   RW         1074    .bss                c_w.l(libspace.o)
    0x20000524   0x00000004   PAD
    0x20000528   0x00000200   Zero   RW          790    HEAP                startup_stm32f407xx.o
    0x20000728   0x00000400   Zero   RW          789    STACK               startup_stm32f407xx.o


==============================================================================

Image component sizes


      Code (inc. data)   RO Data    RW Data    ZI Data      Debug   Object Name

       428         20          0          0          0       2173   adc.o
       692        158          0          0          0     297531   adc_leds.o
       648         84          0          0          0      27731   board_init.o
       168          4          0          0        512       2322   lcd_buffer.o
      1232         70          0          9         16      30093   lcd_driver.o
       224         20          0          0          0       1941   misc.o
        68          4          0          4          0       3129   retarget.o
       340         68          0          0          0       3506   ringbuffer.o
       408         24          0          0          0       3081   serial.o
       668         50          0        529         48       2674   sig_gen.o
        64         26        392          0       1536        848   startup_stm32f407xx.o
       272         10          0          0          0       2407   stm32f4xx_exti.o
       660         44          0          0          0       4277   stm32f4xx_gpio.o
      1628         52          0         16          0      13232   stm32f4xx_rcc.o
       148         12          0          0          0       1889   stm32f4xx_syscfg.o
      3234         60          0          0          0      23136   stm32f4xx_tim.o
      1108         34          0          0          0       8004   stm32f4xx_usart.o
       100         18         32          0          0       1440   swt.o
       528         46         16          4          0       1835   system_stm32f4xx.o
       596         36          0         17         24       6659   tm_stm32f4_delay.o
       768         10          0          0         22       7624   tm_stm32f4_gpio.o
       980         22          0          7          0       6710   tm_stm32f4_hd44780.o
       192          6          0          4          0       1688   utility.o

    ----------------------------------------------------------------------
     15156        878        472        596       2160     453930   Object Totals
         0          0         32          0          0          0   (incl. Generated)
         2          0          0          6          2          0   (incl. Padding)

    ----------------------------------------------------------------------

      Code (inc. data)   RO Data    RW Data    ZI Data      Debug   Library Member Name

        90          0          0          0          0          0   __dczerorl2.o
         8          0          0          0          0         68   __main.o
       284          0          0          0          0        156   __printf_wp.o
         0          0          0          0          0          0   __rtentry.o
        12          0          0          0          0          0   __rtentry2.o
         6          0          0          0          0          0   __rtentry4.o
        52          8          0          0          0          0   __scatter.o
        28          0          0          0          0          0   __scatter_zi.o
        44          0          0          0          0        108   _printf_char.o
        48          6          0          0          0         96   _printf_char_common.o
        36          4          0          0          0         80   _printf_char_file.o
         6          0          0          0          0          0   _printf_f.o
      1050          0          0          0          0        216   _printf_fp_dec.o
       128         16          0          0          0         84   _printf_fp_infnan.o
         0          0          0          0          0          0   _printf_percent.o
         4          0          0          0          0          0   _printf_percent_end.o
         6          0          0          0          0          0   _printf_s.o
        82          0          0          0          0         80   _printf_str.o
        10          0          0          0          0         68   _sputc.o
        22          0          0          0          0         80   abort.o
       128         42          0          0          0         76   assert.o
        20          0          0          0          0         76   assert_puts.o
       220          4        148          0          0         96   bigflt0.o
      1910        128          0          0          0        672   btod.o
        48         34          0          0          0         76   defsig_abrt_inner.o
        14          0          0          0          0         80   defsig_abrt_outer.o
        10          0          0          0          0         68   defsig_exit.o
        50          0          0          0          0         88   defsig_general.o
        80         58          0          0          0         76   defsig_rtmem_inner.o
        14          0          0          0          0         80   defsig_rtmem_outer.o
        18          0          0          0          0         80   exit.o
        94          0          0          0          0         80   h1_alloc.o
        52          0          0          0          0         68   h1_extend.o
        78          0          0          0          0         80   h1_free.o
        14          0          0          0          0         84   h1_init.o
         6          0          0          0          0        152   heapauxi.o
         4          0          0          0          0        136   hguard.o
       138          0          0          0          0        168   init_alloc.o
        44         10         28          0          0         76   lc_numeric_c.o
         2          0          0          0          0          0   libinit.o
        30          0          0          0          0          0   libinit2.o
         2          0          0          0          0          0   libshutdown.o
         2          0          0          0          0          0   libshutdown2.o
         8          4          0          0         96         68   libspace.o
       138          0          0          0          0         80   lludiv10.o
         0          0          0          0          0          0   maybetermalloc1.o
        24          4          0          0          0         84   noretval__2printf.o
        40          6          0          0          0         84   noretval__2sprintf.o
         8          4          0          0          0         68   rt_heap_descriptor_intlibspace.o
         8          4          0          0          0         68   rt_locale_intlibspace.o
         2          0          0          0          0          0   rtexit.o
        10          0          0          0          0          0   rtexit2.o
       128          0          0          0          0         68   strcmpv7m.o
        62          0          0          0          0         76   strlen.o
        74          0          0          0          0         80   sys_stackheap_outer.o
         2          0          0          0          0         68   use_no_semi.o
        98          4          0          0          0        140   d2f.o
       804         16          0          0          0        368   daddsub_clz.o
       688        140          0          0          0        256   ddiv.o
       340         12          0          0          0        152   dmul.o
       156          4          0          0          0        140   dnaninf.o
        12          0          0          0          0        116   dretinf.o
        86          4          0          0          0        132   f2d.o
       140          4          0          0          0        132   fnaninf.o
        10          0          0          0          0        116   fpinit.o
        10          0          0          0          0        116   fretinf.o
         4          0          0          0          0        116   printf1.o
         0          0          0          0          0          0   usenofp.o
        48          0          0          0          0        124   fpclassify.o

    ----------------------------------------------------------------------
      7816        516        176          0        100       6000   Library Totals
        22          0          0          0          4          0   (incl. Padding)

    ----------------------------------------------------------------------

      Code (inc. data)   RO Data    RW Data    ZI Data      Debug   Library Name

      5398        332        176          0         96       4092   c_w.l
      2348        184          0          0          0       1784   fz_wm.l
        48          0          0          0          0        124   m_wm.l

    ----------------------------------------------------------------------
      7816        516        176          0        100       6000   Library Totals

    ----------------------------------------------------------------------

==============================================================================


      Code (inc. data)   RO Data    RW Data    ZI Data      Debug   

     22972       1394        648        596       2260     450390   Grand Totals
     22972       1394        648        432       2260     450390   ELF Image Totals (compressed)
     22972       1394        648        432          0          0   ROM Totals

==============================================================================

    Total RO  Size (Code + RO Data)                23620 (  23.07kB)
    Total RW  Size (RW Data + ZI Data)              2856 (   2.79kB)
    Total ROM Size (Code + RO Data + RW Data)      24052 (  23.49kB)

==============================================================================

