Component: ARM Compiler 5.06 update 4 (build 422) Tool: armlink [4d35d2]

==============================================================================

Section Cross References

    app.o(.text) refers to _printf_percent.o(.ARM.Collect$$_printf_percent$$00000000) for _printf_percent
    app.o(.text) refers to _printf_d.o(.ARM.Collect$$_printf_percent$$00000009) for _printf_d
    app.o(.text) refers to _printf_dec.o(.text) for _printf_int_dec
    app.o(.text) refers to h1_alloc.o(.text) for malloc
    app.o(.text) refers to noretval__2sprintf.o(.text) for __2sprintf
    app.o(.text) refers to adc.o(.text) for send_String
    app.o(.text) refers to h1_free.o(.text) for free
    adc_leds.o(.text) refers to _printf_percent.o(.ARM.Collect$$_printf_percent$$00000000) for _printf_percent
    adc_leds.o(.text) refers to _printf_s.o(.ARM.Collect$$_printf_percent$$00000014) for _printf_s
    adc_leds.o(.text) refers to _printf_str.o(.text) for _printf_str
    adc_leds.o(.text) refers to _printf_f.o(.ARM.Collect$$_printf_percent$$00000003) for _printf_f
    adc_leds.o(.text) refers to printf1.o(x$fpl$printf1) for _printf_fp_dec
    adc_leds.o(.text) refers to adc.o(.text) for read_ADC1
    adc_leds.o(.text) refers to f2d.o(x$fpl$f2d) for __aeabi_f2d
    adc_leds.o(.text) refers to utility.o(.text) for scale
    adc_leds.o(.text) refers to d2f.o(x$fpl$d2f) for __aeabi_d2f
    adc_leds.o(.text) refers to reading.o(.text) for reading_set_value
    adc_leds.o(.text) refers to ddiv.o(x$fpl$ddiv) for __aeabi_ddiv
    adc_leds.o(.text) refers to lcd_driver.o(.text) for lcd_write_string
    adc_leds.o(.text) refers to noretval__2printf.o(.text) for __2printf
    adc_leds.o(.text) refers to h1_alloc.o(.text) for malloc
    adc_leds.o(.text) refers to h1_free.o(.text) for free
    adc_leds.o(.text) refers to strcmpv7m.o(.text) for strcmp
    adc_leds.o(.text) refers to adc_leds.o(.data) for menuState
    adc_leds.o(.text) refers to noretval__2sprintf.o(.text) for __2sprintf
    adc_leds.o(.text) refers to board_init.o(.text) for display_startup_message
    adc_leds.o(.text) refers to app.o(.text) for app_set_mode
    adc_leds.o(.data) refers to adc_leds.o(.conststring) for .conststring
    swt.o(.text) refers to swt.o(.constdata) for SWT_mask
    serial.o(.text) refers to stm32f4xx_rcc.o(.text) for RCC_APB1PeriphClockCmd
    serial.o(.text) refers to stm32f4xx_gpio.o(.text) for GPIO_Init
    serial.o(.text) refers to stm32f4xx_usart.o(.text) for USART_Init
    serial.o(.text) refers to misc.o(.text) for NVIC_Init
    serial.o(.text) refers to ringbuffer.o(.text) for ringbuffer_is_empty
    serial.o(.text) refers to adc_leds.o(.text) for check_string_set_mode
    serial.o(.text) refers to adc_leds.o(.data) for ringbuffer
    board_init.o(.text) refers to stm32f4xx_rcc.o(.text) for RCC_APB2PeriphClockCmd
    board_init.o(.text) refers to stm32f4xx_gpio.o(.text) for GPIO_Init
    board_init.o(.text) refers to stm32f4xx_syscfg.o(.text) for SYSCFG_EXTILineConfig
    board_init.o(.text) refers to stm32f4xx_exti.o(.text) for EXTI_Init
    board_init.o(.text) refers to misc.o(.text) for NVIC_Init
    board_init.o(.text) refers to lcd_driver.o(.text) for lcd_clear_display
    board_init.o(.text) refers to adc.o(.text) for send_String
    board_init.o(.text) refers to utility.o(.text) for Delay
    board_init.o(.text) refers to dflt_clz.o(x$fpl$dflt) for __aeabi_i2d
    board_init.o(.text) refers to pow.o(i.__hardfp_pow) for __hardfp_pow
    board_init.o(.text) refers to dfix.o(x$fpl$dfix) for __aeabi_d2iz
    board_init.o(.text) refers to system_stm32f4xx.o(.text) for SystemCoreClockUpdate
    board_init.o(.text) refers to swt.o(.text) for SWT_Init
    board_init.o(.text) refers to serial.o(.text) for serial_init
    board_init.o(.text) refers to adc_leds.o(.data) for menu_confirm_exit
    board_init.o(.text) refers to system_stm32f4xx.o(.data) for SystemCoreClock
    retarget.o(.rev16_text) refers (Special) to use_no_semi.o(.text) for __use_no_semihosting_swi
    retarget.o(.revsh_text) refers (Special) to use_no_semi.o(.text) for __use_no_semihosting_swi
    retarget.o(.rrx_text) refers (Special) to use_no_semi.o(.text) for __use_no_semihosting_swi
    retarget.o(.text) refers (Special) to use_no_semi.o(.text) for __use_no_semihosting_swi
    retarget.o(.data) refers (Special) to use_no_semi.o(.text) for __use_no_semihosting_swi
    lcd_buffer.o(.text) refers to h1_free.o(.text) for free
    lcd_buffer.o(.text) refers to lcd_buffer.o(.bss) for unmalloc_buffer
    lcd_driver.o(.text) refers to lcd_buffer.o(.text) for buffer_empty
    lcd_driver.o(.text) refers to strlen.o(.text) for strlen
    lcd_driver.o(.text) refers to lcd_driver.o(.bss) for lcd_commandBuffer
    lcd_driver.o(.text) refers to lcd_driver.o(.data) for stage
    adc.o(.text) refers to utility.o(.text) for Delay
    stm32f4xx_gpio.o(.text) refers to stm32f4xx_rcc.o(.text) for RCC_AHB1PeriphResetCmd
[...]
    __Vectors                                0x08000000   Data           4  startup_stm32f407xx.o(RESET)
    __Vectors_End                            0x08000188   Data           0  startup_stm32f407xx.o(RESET)
    __main                                   0x08000189   Thumb Code     8  __main.o(!!!main)
    __scatterload                            0x08000191   Thumb Code     0  __scatter.o(!!!scatter)
    __scatterload_rt2                        0x08000191   Thumb Code    44  __scatter.o(!!!scatter)
    __scatterload_rt2_thumb_only             0x08000191   Thumb Code     0  __scatter.o(!!!scatter)
    __scatterload_null                       0x0800019f   Thumb Code     0  __scatter.o(!!!scatter)
    __decompress                             0x080001c5   Thumb Code    90  __dczerorl2.o(!!dczerorl2)
    __decompress1                            0x080001c5   Thumb Code     0  __dczerorl2.o(!!dczerorl2)
    __scatterload_zeroinit                   0x08000221   Thumb Code    28  __scatter_zi.o(!!handler_zi)
    _printf_f                                0x0800023d   Thumb Code     0  _printf_f.o(.ARM.Collect$$_printf_percent$$00000003)
    _printf_percent                          0x0800023d   Thumb Code     0  _printf_percent.o(.ARM.Collect$$_printf_percent$$00000000)
    _printf_d                                0x08000243   Thumb Code     0  _printf_d.o(.ARM.Collect$$_printf_percent$$00000009)
    _printf_c                                0x08000249   Thumb Code     0  _printf_c.o(.ARM.Collect$$_printf_percent$$00000013)
    _printf_s                                0x0800024f   Thumb Code     0  _printf_s.o(.ARM.Collect$$_printf_percent$$00000014)
    _printf_percent_end                      0x08000255   Thumb Code     0  _printf_percent_end.o(.ARM.Collect$$_printf_percent$$00000017)
    __rt_lib_init                            0x08000259   Thumb Code     0  libinit.o(.ARM.Collect$$libinit$$00000000)
    __rt_lib_init_fp_1                       0x0800025b   Thumb Code     0  libinit2.o(.ARM.Collect$$libinit$$00000001)
    __rt_lib_init_heap_2                     0x0800025f   Thumb Code     0  libinit2.o(.ARM.Collect$$libinit$$00000005)
    __rt_lib_init_preinit_1                  0x0800025f   Thumb Code     0  libinit2.o(.ARM.Collect$$libinit$$00000004)
    __rt_lib_init_heap_1                     0x08000267   Thumb Code     0  libinit2.o(.ARM.Collect$$libinit$$0000000A)
    __rt_lib_init_lc_common                  0x08000267   Thumb Code     0  libinit2.o(.ARM.Collect$$libinit$$0000000F)
    __rt_lib_init_rand_1                     0x08000267   Thumb Code     0  libinit2.o(.ARM.Collect$$libinit$$0000000E)
    __rt_lib_init_user_alloc_1               0x08000267   Thumb Code     0  libinit2.o(.ARM.Collect$$libinit$$0000000C)
    __rt_lib_init_lc_collate_1               0x0800026d   Thumb Code     0  libinit2.o(.ARM.Collect$$libinit$$00000011)
    __rt_lib_init_lc_ctype_1                 0x0800026d   Thumb Code     0  libinit2.o(.ARM.Collect$$libinit$$00000013)
    __rt_lib_init_lc_monetary_1              0x0800026d   Thumb Code     0  libinit2.o(.ARM.Collect$$libinit$$00000015)
    __rt_lib_init_lc_numeric_2               0x0800026d   Thumb Code     0  libinit2.o(.ARM.Collect$$libinit$$00000016)
    __rt_lib_init_alloca_1                   0x08000277   Thumb Code     0  libinit2.o(.ARM.Collect$$libinit$$0000002E)
    __rt_lib_init_argv_1                     0x08000277   Thumb Code     0  libinit2.o(.ARM.Collect$$libinit$$0000002C)
    __rt_lib_init_atexit_1                   0x08000277   Thumb Code     0  libinit2.o(.ARM.Collect$$libinit$$0000001B)
    __rt_lib_init_clock_1                    0x08000277   Thumb Code     0  libinit2.o(.ARM.Collect$$libinit$$00000021)
    __rt_lib_init_cpp_1                      0x08000277   Thumb Code     0  libinit2.o(.ARM.Collect$$libinit$$00000032)
    __rt_lib_init_exceptions_1               0x08000277   Thumb Code     0  libinit2.o(.ARM.Collect$$libinit$$00000030)
    __rt_lib_init_fp_trap_1                  0x08000277   Thumb Code     0  libinit2.o(.ARM.Collect$$libinit$$0000001F)
    __rt_lib_init_getenv_1                   0x08000277   Thumb Code     0  libinit2.o(.ARM.Collect$$libinit$$00000023)
    __rt_lib_init_lc_numeric_1               0x08000277   Thumb Code     0  libinit2.o(.ARM.Collect$$libinit$$00000017)
    __rt_lib_init_lc_time_1                  0x08000277   Thumb Code     0  libinit2.o(.ARM.Collect$$libinit$$00000019)
    __rt_lib_init_return                     0x08000277   Thumb Code     0  libinit2.o(.ARM.Collect$$libinit$$00000033)
    __rt_lib_init_signal_1                   0x08000277   Thumb Code     0  libinit2.o(.ARM.Collect$$libinit$$0000001D)
    __rt_lib_init_stdio_1                    0x08000277   Thumb Code     0  libinit2.o(.ARM.Collect$$libinit$$00000025)
    __rt_lib_shutdown                        0x08000279   Thumb Code     0  libshutdown.o(.ARM.Collect$$libshutdown$$00000000)
    __rt_lib_shutdown_cpp_1                  0x0800027b   Thumb Code     0  libshutdown2.o(.ARM.Collect$$libshutdown$$00000002)
    __rt_lib_shutdown_fp_trap_1              0x0800027b   Thumb Code     0  libshutdown2.o(.ARM.Collect$$libshutdown$$00000007)
    __rt_lib_shutdown_heap_1                 0x0800027b   Thumb Code     0  libshutdown2.o(.ARM.Collect$$libshutdown$$0000000F)
    __rt_lib_shutdown_return                 0x0800027b   Thumb Code     0  libshutdown2.o(.ARM.Collect$$libshutdown$$00000010)
    __rt_lib_shutdown_signal_1               0x0800027b   Thumb Code     0  libshutdown2.o(.ARM.Collect$$libshutdown$$0000000A)
    __rt_lib_shutdown_stdio_1                0x0800027b   Thumb Code     0  libshutdown2.o(.ARM.Collect$$libshutdown$$00000004)
    __rt_lib_shutdown_user_alloc_1           0x0800027b   Thumb Code     0  libshutdown2.o(.ARM.Collect$$libshutdown$$0000000C)
    __rt_entry                               0x0800027d   Thumb Code     0  __rtentry.o(.ARM.Collect$$rtentry$$00000000)
    __rt_entry_presh_1                       0x0800027d   Thumb Code     0  __rtentry2.o(.ARM.Collect$$rtentry$$00000002)
    __rt_entry_sh                            0x0800027d   Thumb Code     0  __rtentry4.o(.ARM.Collect$$rtentry$$00000004)
    __rt_entry_li                            0x08000283   Thumb Code     0  __rtentry2.o(.ARM.Collect$$rtentry$$0000000A)
    __rt_entry_postsh_1                      0x08000283   Thumb Code     0  __rtentry2.o(.ARM.Collect$$rtentry$$00000009)
    __rt_entry_main                          0x08000287   Thumb Code     0  __rtentry2.o(.ARM.Collect$$rtentry$$0000000D)
    __rt_entry_postli_1                      0x08000287   Thumb Code     0  __rtentry2.o(.ARM.Collect$$rtentry$$0000000C)
    __rt_exit                                0x0800028f   Thumb Code     0  rtexit.o(.ARM.Collect$$rtexit$$00000000)
    __rt_exit_ls                             0x08000291   Thumb Code     0  rtexit2.o(.ARM.Collect$$rtexit$$00000003)
    __rt_exit_prels_1                        0x08000291   Thumb Code     0  rtexit2.o(.ARM.Collect$$rtexit$$00000002)
    __rt_exit_exit                           0x08000295   Thumb Code     0  rtexit2.o(.ARM.Collect$$rtexit$$00000004)
    _maybe_terminate_alloc                   0x0800029d   Thumb Code     0  maybetermalloc1.o(.emb_text)
    app_set_mode                             0x0800029d   Thumb Code    38  app.o(.text)
    get_units                                0x080002d1   Thumb Code     6  adc_leds.o(.text)
    read_value                               0x080002d7   Thumb Code   430  adc_leds.o(.text)
    lcd_output_value                         0x08000485   Thumb Code    36  adc_leds.o(.text)
    bt_output_value                          0x080004a9   Thumb Code    32  adc_leds.o(.text)
    is_continuity                            0x080004c9   Thumb Code    18  adc_leds.o(.text)
    auto_scale_hardware                      0x080004db   Thumb Code    28  adc_leds.o(.text)
    setScalePins                             0x080004f7   Thumb Code    38  adc_leds.o(.text)
    modifyScale                              0x0800051d   Thumb Code    44  adc_leds.o(.text)
    setScale                                 0x08000549   Thumb Code    30  adc_leds.o(.text)
    get_display_lcd_reading                  0x08000567   Thumb Code    44  adc_leds.o(.text)
    outputSine                               0x08000593   Thumb Code   126  adc_leds.o(.text)
    check_string_set_mode                    0x08000611   Thumb Code   412  adc_leds.o(.text)
    change_requested                         0x080007ad   Thumb Code    24  adc_leds.o(.text)
    adc_reading                              0x080007c5   Thumb Code   158  adc_leds.o(.text)
    set_buzz                                 0x08000863   Thumb Code    40  adc_leds.o(.text)
    continuity                               0x0800088b   Thumb Code    94  adc_leds.o(.text)
    set_mux                                  0x080008e9   Thumb Code    46  adc_leds.o(.text)
    light_led                                0x08000917   Thumb Code    22  adc_leds.o(.text)
    set_leds                                 0x0800092d   Thumb Code    24  adc_leds.o(.text)
    menu                                     0x08000945   Thumb Code   180  adc_leds.o(.text)
    clear_led                                0x080009f9   Thumb Code    12  adc_leds.o(.text)
    flash_led                                0x08000a05   Thumb Code    54  adc_leds.o(.text)
    mux_test                                 0x08000a3b   Thumb Code    40  adc_leds.o(.text)
    buzz_test                                0x08000a63   Thumb Code    24  adc_leds.o(.text)
    test_board                               0x08000a7b   Thumb Code     8  adc_leds.o(.text)
    main                                     0x08000a83   Thumb Code    76  adc_leds.o(.text)
    SWT_Init                                 0x08000b3d   Thumb Code    52  swt.o(.text)
    SWT_Get                                  0x08000b71   Thumb Code     6  swt.o(.text)
    SWT_Check                                0x08000b77   Thumb Code    24  swt.o(.text)
    USART3_IRQHandler                        0x08000ceb   Thumb Code    72  serial.o(.text)
    serial_init                              0x08000d33   Thumb Code    34  serial.o(.text)
    GPIO_init                                0x08000d6d   Thumb Code   194  board_init.o(.text)
    GPIOC_init                               0x08000e2f   Thumb Code    50  board_init.o(.text)
    GPIOA_init                               0x08000e61   Thumb Code    48  board_init.o(.text)
    EXTI9_5_IRQHandler                       0x08000e91   Thumb Code    84  board_init.o(.text)
    EXTI15_10_IRQHandler                     0x08000ee5   Thumb Code   184  board_init.o(.text)
    init_leds                                0x08000f9d   Thumb Code    26  board_init.o(.text)
    display_startup_message                  0x08000fb7   Thumb Code    58  board_init.o(.text)
    welcome_sequence                         0x08000ff1   Thumb Code   194  board_init.o(.text)
    init_board                               0x080010b3   Thumb Code   142  board_init.o(.text)
    sendchar                                 0x080011a5   Thumb Code    26  retarget.o(.text)
    fputc                                    0x080011bf   Thumb Code    14  retarget.o(.text)
    ferror                                   0x080011cd   Thumb Code     8  retarget.o(.text)
    _ttywrch                                 0x080011d5   Thumb Code    12  retarget.o(.text)
    _sys_exit                                0x080011e1   Thumb Code     4  retarget.o(.text)
    buffer_init                              0x080011e9   Thumb Code    16  lcd_buffer.o(.text)
    buffer_destroy                           0x080011f9   Thumb Code    12  lcd_buffer.o(.text)
    buffer_full                              0x08001205   Thumb Code    30  lcd_buffer.o(.text)
    buffer_empty                             0x08001223   Thumb Code    18  lcd_buffer.o(.text)
    buffer_put                               0x08001235   Thumb Code    44  lcd_buffer.o(.text)
    buffer_get                               0x08001261   Thumb Code    44  lcd_buffer.o(.text)
    lcd_write                                0x08001291   Thumb Code    62  lcd_driver.o(.text)
    lcd_move_cursor                          0x080012cf   Thumb Code    36  lcd_driver.o(.text)
    lcd_clear_display                        0x080012f3   Thumb Code    32  lcd_driver.o(.text)
    lcd_change_settings                      0x08001313   Thumb Code    34  lcd_driver.o(.text)
    lcd_setup_timer                          0x08001335   Thumb Code    54  lcd_driver.o(.text)
    lcd_setup_GPIO                           0x0800136b   Thumb Code   150  lcd_driver.o(.text)
    lcd_init                                 0x08001401   Thumb Code   130  lcd_driver.o(.text)
    lcd_write_string                         0x08001483   Thumb Code   128  lcd_driver.o(.text)
    lcd_write_center                         0x08001503   Thumb Code    54  lcd_driver.o(.text)
    lcd_scrolling                            0x08001539   Thumb Code    48  lcd_driver.o(.text)
    TIM6_DAC_IRQHandler                      0x08001569   Thumb Code   480  lcd_driver.o(.text)
    ADC1_init                                0x08001761   Thumb Code   114  adc.o(.text)
    ADC2_init                                0x080017d3   Thumb Code   126  adc.o(.text)
    read_ADC1                                0x08001851   Thumb Code    34  adc.o(.text)
    read_ADC2                                0x08001873   Thumb Code    40  adc.o(.text)
    set_cont_ADC1                            0x0800189b   Thumb Code    24  adc.o(.text)
    read_cont_ADC1                           0x080018b3   Thumb Code    20  adc.o(.text)
    send_Char                                0x080018c7   Thumb Code    16  adc.o(.text)
    send_String                              0x080018d7   Thumb Code    34  adc.o(.text)
    GPIO_DeInit                              0x0800190d   Thumb Code   268  stm32f4xx_gpio.o(.text)
    GPIO_Init                                0x08001a19   Thumb Code   144  stm32f4xx_gpio.o(.text)
    GPIO_StructInit                          0x08001aa9   Thumb Code    18  stm32f4xx_gpio.o(.text)
    GPIO_PinLockConfig                       0x08001abb   Thumb Code    34  stm32f4xx_gpio.o(.text)
    GPIO_ReadInputDataBit                    0x08001add   Thumb Code    18  stm32f4xx_gpio.o(.text)
    GPIO_ReadInputData                       0x08001aef   Thumb Code     8  stm32f4xx_gpio.o(.text)
    GPIO_ReadOutputDataBit                   0x08001af7   Thumb Code    18  stm32f4xx_gpio.o(.text)
    GPIO_ReadOutputData                      0x08001b09   Thumb Code     8  stm32f4xx_gpio.o(.text)
    GPIO_SetBits                             0x08001b11   Thumb Code     4  stm32f4xx_gpio.o(.text)
    GPIO_ResetBits                           0x08001b15   Thumb Code     4  stm32f4xx_gpio.o(.text)
    GPIO_WriteBit                            0x08001b19   Thumb Code    10  stm32f4xx_gpio.o(.text)
    GPIO_Write                               0x08001b23   Thumb Code     4  stm32f4xx_gpio.o(.text)
    GPIO_ToggleBits                          0x08001b27   Thumb Code     8  stm32f4xx_gpio.o(.text)
    GPIO_PinAFConfig                         0x08001b2f   Thumb Code    70  stm32f4xx_gpio.o(.text)
    NVIC_PriorityGroupConfig                 0x08001ba1   Thumb Code    10  misc.o(.text)
    NVIC_Init                                0x08001bab   Thumb Code   106  misc.o(.text)
    NVIC_SetVectorTable                      0x08001c15   Thumb Code    14  misc.o(.text)
    NVIC_SystemLPConfig                      0x08001c23   Thumb Code    34  misc.o(.text)
    SysTick_CLKSourceConfig                  0x08001c45   Thumb Code    40  misc.o(.text)
    RCC_DeInit                               0x08001c81   Thumb Code    82  stm32f4xx_rcc.o(.text)
    RCC_HSEConfig                            0x08001cd3   Thumb Code    14  stm32f4xx_rcc.o(.text)
    RCC_GetFlagStatus                        0x08001ce1   Thumb Code    60  stm32f4xx_rcc.o(.text)
    RCC_WaitForHSEStartUp                    0x08001d1d   Thumb Code    56  stm32f4xx_rcc.o(.text)
    RCC_AdjustHSICalibrationValue            0x08001d55   Thumb Code    20  stm32f4xx_rcc.o(.text)
    RCC_HSICmd                               0x08001d69   Thumb Code     6  stm32f4xx_rcc.o(.text)
    RCC_LSEConfig                            0x08001d6f   Thumb Code    46  stm32f4xx_rcc.o(.text)
    RCC_LSICmd                               0x08001d9d   Thumb Code     6  stm32f4xx_rcc.o(.text)
    RCC_PLLConfig                            0x08001da3   Thumb Code    32  stm32f4xx_rcc.o(.text)
    RCC_PLLCmd                               0x08001dc3   Thumb Code     6  stm32f4xx_rcc.o(.text)
    RCC_PLLI2SConfig                         0x08001dc9   Thumb Code    14  stm32f4xx_rcc.o(.text)
    RCC_PLLI2SCmd                            0x08001dd7   Thumb Code     6  stm32f4xx_rcc.o(.text)
    RCC_PLLSAIConfig                         0x08001ddd   Thumb Code    20  stm32f4xx_rcc.o(.text)
    RCC_PLLSAICmd                            0x08001df1   Thumb Code     6  stm32f4xx_rcc.o(.text)
    RCC_ClockSecuritySystemCmd               0x08001df7   Thumb Code     6  stm32f4xx_rcc.o(.text)
    RCC_MCO1Config                           0x08001dfd   Thumb Code    28  stm32f4xx_rcc.o(.text)
    RCC_MCO2Config                           0x08001e19   Thumb Code    28  stm32f4xx_rcc.o(.text)
    RCC_SYSCLKConfig                         0x08001e35   Thumb Code    20  stm32f4xx_rcc.o(.text)
    RCC_GetSYSCLKSource                      0x08001e49   Thumb Code    12  stm32f4xx_rcc.o(.text)
    RCC_HCLKConfig                           0x08001e55   Thumb Code    20  stm32f4xx_rcc.o(.text)
    RCC_PCLK1Config                          0x08001e69   Thumb Code    20  stm32f4xx_rcc.o(.text)
    RCC_PCLK2Config                          0x08001e7d   Thumb Code    22  stm32f4xx_rcc.o(.text)
    RCC_GetClocksFreq                        0x08001e93   Thumb Code   222  stm32f4xx_rcc.o(.text)
    RCC_RTCCLKConfig                         0x08001f71   Thumb Code    54  stm32f4xx_rcc.o(.text)
    RCC_RTCCLKCmd                            0x08001fa7   Thumb Code     8  stm32f4xx_rcc.o(.text)
    RCC_BackupResetCmd                       0x08001faf   Thumb Code     8  stm32f4xx_rcc.o(.text)
    RCC_I2SCLKConfig                         0x08001fb7   Thumb Code     6  stm32f4xx_rcc.o(.text)
    RCC_SAIBlockACLKConfig                   0x08001fbd   Thumb Code    20  stm32f4xx_rcc.o(.text)
    RCC_SAIBlockBCLKConfig                   0x08001fd1   Thumb Code    20  stm32f4xx_rcc.o(.text)
    RCC_SAIPLLI2SClkDivConfig                0x08001fe5   Thumb Code    26  stm32f4xx_rcc.o(.text)
    RCC_SAIPLLSAIClkDivConfig                0x08001fff   Thumb Code    28  stm32f4xx_rcc.o(.text)
    RCC_LTDCCLKDivConfig                     0x0800201b   Thumb Code    20  stm32f4xx_rcc.o(.text)
    RCC_TIMCLKPresConfig                     0x0800202f   Thumb Code     6  stm32f4xx_rcc.o(.text)
    RCC_AHB1PeriphClockCmd                   0x08002035   Thumb Code    34  stm32f4xx_rcc.o(.text)
    RCC_AHB2PeriphClockCmd                   0x08002057   Thumb Code    78  stm32f4xx_rcc.o(.text)
    RCC_AHB3PeriphClockCmd                   0x080020a5   Thumb Code    34  stm32f4xx_rcc.o(.text)
    RCC_APB1PeriphClockCmd                   0x080020c7   Thumb Code    34  stm32f4xx_rcc.o(.text)
    RCC_APB2PeriphClockCmd                   0x080020e9   Thumb Code    34  stm32f4xx_rcc.o(.text)
    RCC_AHB1PeriphResetCmd                   0x0800210b   Thumb Code    34  stm32f4xx_rcc.o(.text)
    RCC_AHB2PeriphResetCmd                   0x0800212d   Thumb Code    34  stm32f4xx_rcc.o(.text)
    RCC_AHB3PeriphResetCmd                   0x0800214f   Thumb Code    34  stm32f4xx_rcc.o(.text)
    RCC_APB1PeriphResetCmd                   0x08002171   Thumb Code    34  stm32f4xx_rcc.o(.text)
    RCC_APB2PeriphResetCmd                   0x08002193   Thumb Code    34  stm32f4xx_rcc.o(.text)
    RCC_AHB1PeriphClockLPModeCmd             0x080021b5   Thumb Code    34  stm32f4xx_rcc.o(.text)
    RCC_AHB2PeriphClockLPModeCmd             0x080021d7   Thumb Code    34  stm32f4xx_rcc.o(.text)
    RCC_AHB3PeriphClockLPModeCmd             0x080021f9   Thumb Code    34  stm32f4xx_rcc.o(.text)
    RCC_APB1PeriphClockLPModeCmd             0x0800221b   Thumb Code    34  stm32f4xx_rcc.o(.text)
    RCC_APB2PeriphClockLPModeCmd             0x0800223d   Thumb Code    34  stm32f4xx_rcc.o(.text)
    RCC_LSEModeConfig                        0x0800225f   Thumb Code    40  stm32f4xx_rcc.o(.text)
    RCC_ITConfig                             0x08002287   Thumb Code    34  stm32f4xx_rcc.o(.text)
    RCC_ClearFlag                            0x080022a9   Thumb Code    18  stm32f4xx_rcc.o(.text)
    RCC_GetITStatus                          0x080022bb   Thumb Code    22  stm32f4xx_rcc.o(.text)
    RCC_ClearITPendingBit                    0x080022d1   Thumb Code     8  stm32f4xx_rcc.o(.text)
    USART_DeInit                             0x080022dd   Thumb Code   206  stm32f4xx_usart.o(.text)
    USART_Init                               0x080023ab   Thumb Code   204  stm32f4xx_usart.o(.text)
    USART_StructInit                         0x08002477   Thumb Code    24  stm32f4xx_usart.o(.text)
    USART_ClockInit                          0x0800248f   Thumb Code    32  stm32f4xx_usart.o(.text)
    USART_ClockStructInit                    0x080024af   Thumb Code    12  stm32f4xx_usart.o(.text)
    USART_Cmd                                0x080024bb   Thumb Code    24  stm32f4xx_usart.o(.text)
    USART_SetPrescaler                       0x080024d3   Thumb Code    16  stm32f4xx_usart.o(.text)
    USART_OverSampling8Cmd                   0x080024e3   Thumb Code    22  stm32f4xx_usart.o(.text)
    USART_OneBitMethodCmd                    0x080024f9   Thumb Code    24  stm32f4xx_usart.o(.text)
    USART_SendData                           0x08002511   Thumb Code     8  stm32f4xx_usart.o(.text)
    USART_ReceiveData                        0x08002519   Thumb Code    10  stm32f4xx_usart.o(.text)
    USART_SetAddress                         0x08002523   Thumb Code    18  stm32f4xx_usart.o(.text)
    USART_ReceiverWakeUpCmd                  0x08002535   Thumb Code    24  stm32f4xx_usart.o(.text)
    USART_WakeUpConfig                       0x0800254d   Thumb Code    18  stm32f4xx_usart.o(.text)
    USART_LINBreakDetectLengthConfig         0x0800255f   Thumb Code    18  stm32f4xx_usart.o(.text)
    USART_LINCmd                             0x08002571   Thumb Code    24  stm32f4xx_usart.o(.text)
    USART_SendBreak                          0x08002589   Thumb Code    10  stm32f4xx_usart.o(.text)
    USART_HalfDuplexCmd                      0x08002593   Thumb Code    24  stm32f4xx_usart.o(.text)
    USART_SetGuardTime                       0x080025ab   Thumb Code    16  stm32f4xx_usart.o(.text)
    USART_SmartCardCmd                       0x080025bb   Thumb Code    24  stm32f4xx_usart.o(.text)
    USART_SmartCardNACKCmd                   0x080025d3   Thumb Code    24  stm32f4xx_usart.o(.text)
    USART_IrDAConfig                         0x080025eb   Thumb Code    18  stm32f4xx_usart.o(.text)
    USART_IrDACmd                            0x080025fd   Thumb Code    24  stm32f4xx_usart.o(.text)
    USART_DMACmd                             0x08002615   Thumb Code    18  stm32f4xx_usart.o(.text)
    USART_ITConfig                           0x08002627   Thumb Code    74  stm32f4xx_usart.o(.text)
    USART_GetFlagStatus                      0x08002671   Thumb Code    26  stm32f4xx_usart.o(.text)
    USART_ClearFlag                          0x0800268b   Thumb Code    18  stm32f4xx_usart.o(.text)
    USART_GetITStatus                        0x0800269d   Thumb Code   118  stm32f4xx_usart.o(.text)
    USART_ClearITPendingBit                  0x08002713   Thumb Code    30  stm32f4xx_usart.o(.text)
    PWM_SetDC                                0x08002731   Thumb Code    42  sig_gen.o(.text)
    TIM2_IRQHandler                          0x0800275b   Thumb Code    86  sig_gen.o(.text)
    INTTIM_Config                            0x080027b1   Thumb Code    82  sig_gen.o(.text)
    PWM_Config                               0x08002803   Thumb Code   170  sig_gen.o(.text)
    LED_Config                               0x080028ad   Thumb Code    42  sig_gen.o(.text)
    TIM_Config                               0x080028d7   Thumb Code   132  sig_gen.o(.text)
    generate_sine                            0x0800295b   Thumb Code    64  sig_gen.o(.text)
    TIM_DeInit                               0x080029cd   Thumb Code   346  stm32f4xx_tim.o(.text)
    TIM_TimeBaseInit                         0x08002b27   Thumb Code   104  stm32f4xx_tim.o(.text)
    TIM_TimeBaseStructInit                   0x08002b8f   Thumb Code    18  stm32f4xx_tim.o(.text)
    TIM_PrescalerConfig                      0x08002ba1   Thumb Code     6  stm32f4xx_tim.o(.text)
    TIM_CounterModeConfig                    0x08002ba7   Thumb Code    18  stm32f4xx_tim.o(.text)
    TIM_SetCounter                           0x08002bb9   Thumb Code     4  stm32f4xx_tim.o(.text)
    TIM_SetAutoreload                        0x08002bbd   Thumb Code     4  stm32f4xx_tim.o(.text)
    TIM_GetCounter                           0x08002bc1   Thumb Code     6  stm32f4xx_tim.o(.text)
    TIM_GetPrescaler                         0x08002bc7   Thumb Code     6  stm32f4xx_tim.o(.text)
    TIM_UpdateDisableConfig                  0x08002bcd   Thumb Code    24  stm32f4xx_tim.o(.text)
    TIM_UpdateRequestConfig                  0x08002be5   Thumb Code    24  stm32f4xx_tim.o(.text)
    TIM_ARRPreloadConfig                     0x08002bfd   Thumb Code    24  stm32f4xx_tim.o(.text)
    TIM_SelectOnePulseMode                   0x08002c15   Thumb Code    18  stm32f4xx_tim.o(.text)
    TIM_SetClockDivision                     0x08002c27   Thumb Code    18  stm32f4xx_tim.o(.text)
    TIM_Cmd                                  0x08002c39   Thumb Code    24  stm32f4xx_tim.o(.text)
    TIM_OC1Init                              0x08002c51   Thumb Code   114  stm32f4xx_tim.o(.text)
    TIM_OC2Init                              0x08002cc3   Thumb Code   154  stm32f4xx_tim.o(.text)
    TIM_OC3Init                              0x08002d5d   Thumb Code   204  stm32f4xx_tim.o(.text)
    TIM_OC4Init                              0x08002e29   Thumb Code   112  stm32f4xx_tim.o(.text)
    TIM_OCStructInit                         0x08002e99   Thumb Code    20  stm32f4xx_tim.o(.text)
    TIM_SelectOCxM                           0x08002ead   Thumb Code    86  stm32f4xx_tim.o(.text)
    TIM_SetCompare1                          0x08002f03   Thumb Code     4  stm32f4xx_tim.o(.text)
    TIM_SetCompare2                          0x08002f07   Thumb Code     4  stm32f4xx_tim.o(.text)
    TIM_SetCompare3                          0x08002f0b   Thumb Code     4  stm32f4xx_tim.o(.text)
    TIM_SetCompare4                          0x08002f0f   Thumb Code     4  stm32f4xx_tim.o(.text)
    TIM_ForcedOC1Config                      0x08002f13   Thumb Code    18  stm32f4xx_tim.o(.text)
    TIM_ForcedOC2Config                      0x08002f25   Thumb Code    26  stm32f4xx_tim.o(.text)
    TIM_ForcedOC3Config                      0x08002f3f   Thumb Code    18  stm32f4xx_tim.o(.text)
    TIM_ForcedOC4Config                      0x08002f51   Thumb Code    26  stm32f4xx_tim.o(.text)
    TIM_OC1PreloadConfig                     0x08002f6b   Thumb Code    18  stm32f4xx_tim.o(.text)
    TIM_OC2PreloadConfig                     0x08002f7d   Thumb Code    26  stm32f4xx_tim.o(.text)
    TIM_OC3PreloadConfig                     0x08002f97   Thumb Code    18  stm32f4xx_tim.o(.text)
    TIM_OC4PreloadConfig                     0x08002fa9   Thumb Code    26  stm32f4xx_tim.o(.text)
    TIM_OC1FastConfig                        0x08002fc3   Thumb Code    18  stm32f4xx_tim.o(.text)
    TIM_OC2FastConfig                        0x08002fd5   Thumb Code    26  stm32f4xx_tim.o(.text)
    TIM_OC3FastConfig                        0x08002fef   Thumb Code    18  stm32f4xx_tim.o(.text)
    TIM_OC4FastConfig                        0x08003001   Thumb Code    26  stm32f4xx_tim.o(.text)
    TIM_ClearOC1Ref                          0x0800301b   Thumb Code    18  stm32f4xx_tim.o(.text)
    TIM_ClearOC2Ref                          0x0800302d   Thumb Code    24  stm32f4xx_tim.o(.text)
    TIM_ClearOC3Ref                          0x08003045   Thumb Code    18  stm32f4xx_tim.o(.text)
    TIM_ClearOC4Ref                          0x08003057   Thumb Code    24  stm32f4xx_tim.o(.text)
    TIM_OC1PolarityConfig                    0x0800306f   Thumb Code    18  stm32f4xx_tim.o(.text)
    TIM_OC1NPolarityConfig                   0x08003081   Thumb Code    18  stm32f4xx_tim.o(.text)
    TIM_OC2PolarityConfig                    0x08003093   Thumb Code    26  stm32f4xx_tim.o(.text)
    TIM_OC2NPolarityConfig                   0x080030ad   Thumb Code    26  stm32f4xx_tim.o(.text)
    TIM_OC3PolarityConfig                    0x080030c7   Thumb Code    26  stm32f4xx_tim.o(.text)
    TIM_OC3NPolarityConfig                   0x080030e1   Thumb Code    26  stm32f4xx_tim.o(.text)
    TIM_OC4PolarityConfig                    0x080030fb   Thumb Code    26  stm32f4xx_tim.o(.text)
    TIM_CCxCmd                               0x08003115   Thumb Code    30  stm32f4xx_tim.o(.text)
    TIM_CCxNCmd                              0x08003133   Thumb Code    30  stm32f4xx_tim.o(.text)
    TIM_SetIC4Prescaler                      0x08003151   Thumb Code    26  stm32f4xx_tim.o(.text)
    TIM_SetIC3Prescaler                      0x080031bb   Thumb Code    18  stm32f4xx_tim.o(.text)
    TIM_SetIC2Prescaler                      0x08003215   Thumb Code    26  stm32f4xx_tim.o(.text)
    TIM_SetIC1Prescaler                      0x08003289   Thumb Code    18  stm32f4xx_tim.o(.text)
    TIM_ICInit                               0x080032d5   Thumb Code   110  stm32f4xx_tim.o(.text)
    TIM_ICStructInit                         0x08003343   Thumb Code    18  stm32f4xx_tim.o(.text)
    TIM_PWMIConfig                           0x08003355   Thumb Code   124  stm32f4xx_tim.o(.text)
    TIM_GetCapture1                          0x080033d1   Thumb Code     6  stm32f4xx_tim.o(.text)
    TIM_GetCapture2                          0x080033d7   Thumb Code     6  stm32f4xx_tim.o(.text)
    TIM_GetCapture3                          0x080033dd   Thumb Code     6  stm32f4xx_tim.o(.text)
    TIM_GetCapture4                          0x080033e3   Thumb Code     6  stm32f4xx_tim.o(.text)
    TIM_BDTRConfig                           0x080033e9   Thumb Code    32  stm32f4xx_tim.o(.text)
    TIM_BDTRStructInit                       0x08003409   Thumb Code    18  stm32f4xx_tim.o(.text)
    TIM_CtrlPWMOutputs                       0x0800341b   Thumb Code    30  stm32f4xx_tim.o(.text)
    TIM_SelectCOM                            0x08003439   Thumb Code    24  stm32f4xx_tim.o(.text)
    TIM_CCPreloadControl                     0x08003451   Thumb Code    24  stm32f4xx_tim.o(.text)
    TIM_ITConfig                             0x08003469   Thumb Code    18  stm32f4xx_tim.o(.text)
    TIM_GenerateEvent                        0x0800347b   Thumb Code     4  stm32f4xx_tim.o(.text)
    TIM_GetFlagStatus                        0x0800347f   Thumb Code    18  stm32f4xx_tim.o(.text)
    TIM_ClearFlag                            0x08003491   Thumb Code     6  stm32f4xx_tim.o(.text)
    TIM_GetITStatus                          0x08003497   Thumb Code    34  stm32f4xx_tim.o(.text)
    TIM_ClearITPendingBit                    0x080034b9   Thumb Code     6  stm32f4xx_tim.o(.text)
    TIM_DMAConfig                            0x080034bf   Thumb Code    10  stm32f4xx_tim.o(.text)
    TIM_DMACmd                               0x080034c9   Thumb Code    18  stm32f4xx_tim.o(.text)
    TIM_SelectCCDMA                          0x080034db   Thumb Code    24  stm32f4xx_tim.o(.text)
    TIM_InternalClockConfig                  0x080034f3   Thumb Code    12  stm32f4xx_tim.o(.text)
    TIM_SelectInputTrigger                   0x080034ff   Thumb Code    18  stm32f4xx_tim.o(.text)
    TIM_ITRxExternalClockConfig              0x08003511   Thumb Code    24  stm32f4xx_tim.o(.text)
    TIM_TIxExternalClockConfig               0x08003529   Thumb Code    62  stm32f4xx_tim.o(.text)
    TIM_ETRConfig                            0x08003567   Thumb Code    28  stm32f4xx_tim.o(.text)
    TIM_ETRClockMode1Config                  0x08003583   Thumb Code    54  stm32f4xx_tim.o(.text)
    TIM_ETRClockMode2Config                  0x080035b9   Thumb Code    32  stm32f4xx_tim.o(.text)
    TIM_SelectOutputTrigger                  0x080035d9   Thumb Code    18  stm32f4xx_tim.o(.text)
    TIM_SelectSlaveMode                      0x080035eb   Thumb Code    18  stm32f4xx_tim.o(.text)
    TIM_SelectMasterSlaveMode                0x080035fd   Thumb Code    18  stm32f4xx_tim.o(.text)
    TIM_EncoderInterfaceConfig               0x0800360f   Thumb Code    66  stm32f4xx_tim.o(.text)
    TIM_SelectHallSensor                     0x08003651   Thumb Code    24  stm32f4xx_tim.o(.text)
    TIM_RemapConfig                          0x08003669   Thumb Code     6  stm32f4xx_tim.o(.text)
    SysTick_Handler                          0x08003671   Thumb Code    12  utility.o(.text)
    Delay                                    0x0800367d   Thumb Code    18  utility.o(.text)
    scale                                    0x0800368f   Thumb Code   156  utility.o(.text)
    EXTI_DeInit                              0x08003731   Thumb Code    28  stm32f4xx_exti.o(.text)
    EXTI_Init                                0x0800374d   Thumb Code   142  stm32f4xx_exti.o(.text)
    EXTI_StructInit                          0x080037db   Thumb Code    16  stm32f4xx_exti.o(.text)
    EXTI_GenerateSWInterrupt                 0x080037eb   Thumb Code    16  stm32f4xx_exti.o(.text)
    EXTI_GetFlagStatus                       0x080037fb   Thumb Code    22  stm32f4xx_exti.o(.text)
    EXTI_ClearFlag                           0x08003811   Thumb Code     8  stm32f4xx_exti.o(.text)
    EXTI_GetITStatus                         0x08003819   Thumb Code    22  stm32f4xx_exti.o(.text)
    EXTI_ClearITPendingBit                   0x0800382f   Thumb Code     8  stm32f4xx_exti.o(.text)
    SYSCFG_DeInit                            0x08003841   Thumb Code    22  stm32f4xx_syscfg.o(.text)
    SYSCFG_MemoryRemapConfig                 0x08003857   Thumb Code     6  stm32f4xx_syscfg.o(.text)
    SYSCFG_MemorySwappingBank                0x0800385d   Thumb Code     6  stm32f4xx_syscfg.o(.text)
    SYSCFG_EXTILineConfig                    0x08003863   Thumb Code    66  stm32f4xx_syscfg.o(.text)
    SYSCFG_ETH_MediaInterfaceConfig          0x080038a5   Thumb Code     8  stm32f4xx_syscfg.o(.text)
    SYSCFG_CompensationCellCmd               0x080038ad   Thumb Code     6  stm32f4xx_syscfg.o(.text)
    SYSCFG_GetCompensationCellStatus         0x080038b3   Thumb Code    22  stm32f4xx_syscfg.o(.text)
    ringbuffer_new                           0x080038d5   Thumb Code    76  ringbuffer.o(.text)
    ringbuffer_free                          0x08003921   Thumb Code    42  ringbuffer.o(.text)
    ringbuffer_size                          0x0800394b   Thumb Code     6  ringbuffer.o(.text)
    ringbuffer_head                          0x08003951   Thumb Code     8  ringbuffer.o(.text)
    ringbuffer_tail                          0x08003959   Thumb Code     8  ringbuffer.o(.text)
    ringbuffer_count                         0x08003961   Thumb Code     6  ringbuffer.o(.text)
    ringbuffer_is_full                       0x08003967   Thumb Code    18  ringbuffer.o(.text)
    ringbuffer_push                          0x08003979   Thumb Code    48  ringbuffer.o(.text)
    ringbuffer_is_empty                      0x080039a9   Thumb Code    14  ringbuffer.o(.text)
    ringbuffer_shift                         0x080039b7   Thumb Code    46  ringbuffer.o(.text)
    ringbuffer_shift_all                     0x080039e5   Thumb Code    48  ringbuffer.o(.text)
    reading_new                              0x08003a59   Thumb Code    54  reading.o(.text)
    reading_get_value                        0x08003a8f   Thumb Code     6  reading.o(.text)
    reading_get_scale                        0x08003a95   Thumb Code     6  reading.o(.text)
    reading_get_unit                         0x08003a9b   Thumb Code     6  reading.o(.text)
    reading_set_value                        0x08003aa1   Thumb Code     6  reading.o(.text)
    reading_set_scale                        0x08003aa7   Thumb Code     4  reading.o(.text)
    reading_set_reading                      0x08003aab   Thumb Code     4  reading.o(.text)
    reading_get_scaled_value                 0x08003aaf   Thumb Code    26  reading.o(.text)
    reading_get_normalised_value             0x08003ac9   Thumb Code    42  reading.o(.text)
    reading_get_message_form_from_units      0x08003af3   Thumb Code    54  reading.o(.text)
    reading_get_message_form                 0x08003b29   Thumb Code    26  reading.o(.text)
    reading_get_val_prefix                   0x08003b43   Thumb Code   216  reading.o(.text)
    reading_need_scale                       0x08003c1b   Thumb Code    60  reading.o(.text)
    reading_get_lcd_string                   0x08003c57   Thumb Code    64  reading.o(.text)
    Reset_Handler                            0x08003cd1   Thumb Code     8  startup_stm32f407xx.o(.text)
    NMI_Handler                              0x08003cd9   Thumb Code     2  startup_stm32f407xx.o(.text)
    HardFault_Handler                        0x08003cdb   Thumb Code     2  startup_stm32f407xx.o(.text)
    MemManage_Handler                        0x08003cdd   Thumb Code     2  startup_stm32f407xx.o(.text)
    BusFault_Handler                         0x08003cdf   Thumb Code     2  startup_stm32f407xx.o(.text)
    UsageFault_Handler                       0x08003ce1   Thumb Code     2  startup_stm32f407xx.o(.text)
    SVC_Handler                              0x08003ce3   Thumb Code     2  startup_stm32f407xx.o(.text)
    DebugMon_Handler                         0x08003ce5   Thumb Code     2  startup_stm32f407xx.o(.text)
    PendSV_Handler                           0x08003ce7   Thumb Code     2  startup_stm32f407xx.o(.text)
    ADC_IRQHandler                           0x08003ceb   Thumb Code     0  startup_stm32f407xx.o(.text)
    CAN1_RX0_IRQHandler                      0x08003ceb   Thumb Code     0  startup_stm32f407xx.o(.text)
    CAN1_RX1_IRQHandler                      0x08003ceb   Thumb Code     0  startup_stm32f407xx.o(.text)
    CAN1_SCE_IRQHandler                      0x08003ceb   Thumb Code     0  startup_stm32f407xx.o(.text)
    CAN1_TX_IRQHandler                       0x08003ceb   Thumb Code     0  startup_stm32f407xx.o(.text)
    CAN2_RX0_IRQHandler                      0x08003ceb   Thumb Code     0  startup_stm32f407xx.o(.text)
    CAN2_RX1_IRQHandler                      0x08003ceb   Thumb Code     0  startup_stm32f407xx.o(.text)
    CAN2_SCE_IRQHandler                      0x08003ceb   Thumb Code     0  startup_stm32f407xx.o(.text)
    CAN2_TX_IRQHandler                       0x08003ceb   Thumb Code     0  startup_stm32f407xx.o(.text)
    DCMI_IRQHandler                          0x08003ceb   Thumb Code     0  startup_stm32f407xx.o(.text)
    DMA1_Stream0_IRQHandler                  0x08003ceb   Thumb Code     0  startup_stm32f407xx.o(.text)
    DMA1_Stream1_IRQHandler                  0x08003ceb   Thumb Code     0  startup_stm32f407xx.o(.text)
    DMA1_Stream2_IRQHandler                  0x08003ceb   Thumb Code     0  startup_stm32f407xx.o(.text)
    DMA1_Stream3_IRQHandler                  0x08003ceb   Thumb Code     0  startup_stm32f407xx.o(.text)
    DMA1_Stream4_IRQHandler                  0x08003ceb   Thumb Code     0  startup_stm32f407xx.o(.text)
    DMA1_Stream5_IRQHandler                  0x08003ceb   Thumb Code     0  startup_stm32f407xx.o(.text)
    DMA1_Stream6_IRQHandler                  0x08003ceb   Thumb Code     0  startup_stm32f407xx.o(.text)
    DMA1_Stream7_IRQHandler                  0x08003ceb   Thumb Code     0  startup_stm32f407xx.o(.text)
    DMA2_Stream0_IRQHandler                  0x08003ceb   Thumb Code     0  startup_stm32f407xx.o(.text)
    DMA2_Stream1_IRQHandler                  0x08003ceb   Thumb Code     0  startup_stm32f407xx.o(.text)
    DMA2_Stream2_IRQHandler                  0x08003ceb   Thumb Code     0  startup_stm32f407xx.o(.text)
    DMA2_Stream3_IRQHandler                  0x08003ceb   Thumb Code     0  startup_stm32f407xx.o(.text)
    DMA2_Stream4_IRQHandler                  0x08003ceb   Thumb Code     0  startup_stm32f407xx.o(.text)
    DMA2_Stream5_IRQHandler                  0x08003ceb   Thumb Code     0  startup_stm32f407xx.o(.text)
    DMA2_Stream6_IRQHandler                  0x08003ceb   Thumb Code     0  startup_stm32f407xx.o(.text)
    DMA2_Stream7_IRQHandler                  0x08003ceb   Thumb Code     0  startup_stm32f407xx.o(.text)
    ETH_IRQHandler                           0x08003ceb   Thumb Code     0  startup_stm32f407xx.o(.text)
    ETH_WKUP_IRQHandler                      0x08003ceb   Thumb Code     0  startup_stm32f407xx.o(.text)
    EXTI0_IRQHandler                         0x08003ceb   Thumb Code     0  startup_stm32f407xx.o(.text)
    EXTI1_IRQHandler                         0x08003ceb   Thumb Code     0  startup_stm32f407xx.o(.text)
    EXTI2_IRQHandler                         0x08003ceb   Thumb Code     0  startup_stm32f407xx.o(.text)
    EXTI3_IRQHandler                         0x08003ceb   Thumb Code     0  startup_stm32f407xx.o(.text)
    EXTI4_IRQHandler                         0x08003ceb   Thumb Code     0  startup_stm32f407xx.o(.text)
    FLASH_IRQHandler                         0x08003ceb   Thumb Code     0  startup_stm32f407xx.o(.text)
    FMC_IRQHandler                           0x08003ceb   Thumb Code     0  startup_stm32f407xx.o(.text)
    FPU_IRQHandler                           0x08003ceb   Thumb Code     0  startup_stm32f407xx.o(.text)
    HASH_RNG_IRQHandler                      0x08003ceb   Thumb Code     0  startup_stm32f407xx.o(.text)
    I2C1_ER_IRQHandler                       0x08003ceb   Thumb Code     0  startup_stm32f407xx.o(.text)
    I2C1_EV_IRQHandler                       0x08003ceb   Thumb Code     0  startup_stm32f407xx.o(.text)
    I2C2_ER_IRQHandler                       0x08003ceb   Thumb Code     0  startup_stm32f407xx.o(.text)
    I2C2_EV_IRQHandler                       0x08003ceb   Thumb Code     0  startup_stm32f407xx.o(.text)
    I2C3_ER_IRQHandler                       0x08003ceb   Thumb Code     0  startup_stm32f407xx.o(.text)
    I2C3_EV_IRQHandler                       0x08003ceb   Thumb Code     0  startup_stm32f407xx.o(.text)
    OTG_FS_IRQHandler                        0x08003ceb   Thumb Code     0  startup_stm32f407xx.o(.text)
    OTG_FS_WKUP_IRQHandler                   0x08003ceb   Thumb Code     0  startup_stm32f407xx.o(.text)
    OTG_HS_EP1_IN_IRQHandler                 0x08003ceb   Thumb Code     0  startup_stm32f407xx.o(.text)
    OTG_HS_EP1_OUT_IRQHandler                0x08003ceb   Thumb Code     0  startup_stm32f407xx.o(.text)
    OTG_HS_IRQHandler                        0x08003ceb   Thumb Code     0  startup_stm32f407xx.o(.text)
    OTG_HS_WKUP_IRQHandler                   0x08003ceb   Thumb Code     0  startup_stm32f407xx.o(.text)
    PVD_IRQHandler                           0x08003ceb   Thumb Code     0  startup_stm32f407xx.o(.text)
    RCC_IRQHandler                           0x08003ceb   Thumb Code     0  startup_stm32f407xx.o(.text)
    RTC_Alarm_IRQHandler                     0x08003ceb   Thumb Code     0  startup_stm32f407xx.o(.text)
    RTC_WKUP_IRQHandler                      0x08003ceb   Thumb Code     0  startup_stm32f407xx.o(.text)
    SDIO_IRQHandler                          0x08003ceb   Thumb Code     0  startup_stm32f407xx.o(.text)
    SPI1_IRQHandler                          0x08003ceb   Thumb Code     0  startup_stm32f407xx.o(.text)
    SPI2_IRQHandler                          0x08003ceb   Thumb Code     0  startup_stm32f407xx.o(.text)
    SPI3_IRQHandler                          0x08003ceb   Thumb Code     0  startup_stm32f407xx.o(.text)
    TAMP_STAMP_IRQHandler                    0x08003ceb   Thumb Code     0  startup_stm32f407xx.o(.text)
    TIM1_BRK_TIM9_IRQHandler                 0x08003ceb   Thumb Code     0  startup_stm32f407xx.o(.text)
    TIM1_CC_IRQHandler                       0x08003ceb   Thumb Code     0  startup_stm32f407xx.o(.text)
    TIM1_TRG_COM_TIM11_IRQHandler            0x08003ceb   Thumb Code     0  startup_stm32f407xx.o(.text)
    TIM1_UP_TIM10_IRQHandler                 0x08003ceb   Thumb Code     0  startup_stm32f407xx.o(.text)
    TIM3_IRQHandler                          0x08003ceb   Thumb Code     0  startup_stm32f407xx.o(.text)
    TIM4_IRQHandler                          0x08003ceb   Thumb Code     0  startup_stm32f407xx.o(.text)
    TIM5_IRQHandler                          0x08003ceb   Thumb Code     0  startup_stm32f407xx.o(.text)
    TIM7_IRQHandler                          0x08003ceb   Thumb Code     0  startup_stm32f407xx.o(.text)
    TIM8_BRK_TIM12_IRQHandler                0x08003ceb   Thumb Code     0  startup_stm32f407xx.o(.text)
    TIM8_CC_IRQHandler                       0x08003ceb   Thumb Code     0  startup_stm32f407xx.o(.text)
    TIM8_TRG_COM_TIM14_IRQHandler            0x08003ceb   Thumb Code     0  startup_stm32f407xx.o(.text)
    TIM8_UP_TIM13_IRQHandler                 0x08003ceb   Thumb Code     0  startup_stm32f407xx.o(.text)
    UART4_IRQHandler                         0x08003ceb   Thumb Code     0  startup_stm32f407xx.o(.text)
    UART5_IRQHandler                         0x08003ceb   Thumb Code     0  startup_stm32f407xx.o(.text)
    USART1_IRQHandler                        0x08003ceb   Thumb Code     0  startup_stm32f407xx.o(.text)
    USART2_IRQHandler                        0x08003ceb   Thumb Code     0  startup_stm32f407xx.o(.text)
    USART6_IRQHandler                        0x08003ceb   Thumb Code     0  startup_stm32f407xx.o(.text)
    WWDG_IRQHandler                          0x08003ceb   Thumb Code     0  startup_stm32f407xx.o(.text)
    __user_initial_stackheap                 0x08003ced   Thumb Code     0  startup_stm32f407xx.o(.text)
    SystemInit                               0x08003ded   Thumb Code    88  system_stm32f4xx.o(.text)
    SystemCoreClockUpdate                    0x08003e45   Thumb Code   174  system_stm32f4xx.o(.text)
    __I$use$semihosting                      0x08003f21   Thumb Code     0  use_no_semi.o(.text)
    __use_no_semihosting_swi                 0x08003f21   Thumb Code     2  use_no_semi.o(.text)
    malloc                                   0x08003f23   Thumb Code    94  h1_alloc.o(.text)
    free                                     0x08003f81   Thumb Code    78  h1_free.o(.text)
    __2printf                                0x08003fd1   Thumb Code    20  noretval__2printf.o(.text)
    __2sprintf                               0x08003fe9   Thumb Code    34  noretval__2sprintf.o(.text)
    _printf_str                              0x08004011   Thumb Code    82  _printf_str.o(.text)
    _printf_int_dec                          0x08004065   Thumb Code   104  _printf_dec.o(.text)
    __printf                                 0x080040dd   Thumb Code   270  __printf_wp.o(.text)
    __aeabi_assert                           0x080041ed   Thumb Code    86  assert.o(.text)
    __assert                                 0x080041ed   Thumb Code     0  assert.o(.text)
    strlen                                   0x0800426d   Thumb Code    62  strlen.o(.text)
    strcmp                                   0x080042ad   Thumb Code   128  strcmpv7m.o(.text)
    __use_two_region_memory                  0x0800432d   Thumb Code     2  heapauxi.o(.text)
    __rt_heap_escrow                         0x0800432f   Thumb Code     2  heapauxi.o(.text)
    __rt_heap_expand                         0x08004331   Thumb Code     2  heapauxi.o(.text)
    __rt_heap_descriptor                     0x08004335   Thumb Code     8  rt_heap_descriptor_intlibspace.o(.text)
    __use_no_heap                            0x0800433d   Thumb Code     2  hguard.o(.text)
    __heap$guard                             0x0800433f   Thumb Code     2  hguard.o(.text)
    _terminate_user_alloc                    0x08004341   Thumb Code     2  init_alloc.o(.text)
    _init_user_alloc                         0x08004343   Thumb Code     2  init_alloc.o(.text)
    __Heap_Full                              0x08004345   Thumb Code    34  init_alloc.o(.text)
    __Heap_Broken                            0x08004367   Thumb Code     6  init_alloc.o(.text)
    _init_alloc                              0x0800436d   Thumb Code    94  init_alloc.o(.text)
    __Heap_Initialize                        0x080043cb   Thumb Code    10  h1_init.o(.text)
    __Heap_DescSize                          0x080043d5   Thumb Code     4  h1_init.o(.text)
    __read_errno                             0x080043d9   Thumb Code    10  _rserrno.o(.text)
    __set_errno                              0x080043e3   Thumb Code    12  _rserrno.o(.text)
    _printf_int_common                       0x080043ef   Thumb Code   178  _printf_intcommon.o(.text)
    __lib_sel_fp_printf                      0x080044a1   Thumb Code     2  _printf_fp_dec.o(.text)
    _printf_fp_dec_real                      0x0800464f   Thumb Code   620  _printf_fp_dec.o(.text)
    _printf_char_common                      0x080048c7   Thumb Code    32  _printf_char_common.o(.text)
    _sputc                                   0x080048ed   Thumb Code    10  _sputc.o(.text)
    _printf_cs_common                        0x080048f7   Thumb Code    20  _printf_char.o(.text)
    _printf_char                             0x0800490b   Thumb Code    16  _printf_char.o(.text)
    _printf_string                           0x0800491b   Thumb Code     8  _printf_char.o(.text)
    _printf_char_file                        0x08004925   Thumb Code    32  _printf_char_file.o(.text)
    abort                                    0x08004949   Thumb Code    22  abort.o(.text)
    __assert_puts                            0x0800495f   Thumb Code    20  assert_puts.o(.text)
    __user_libspace                          0x08004975   Thumb Code     8  libspace.o(.text)
    __user_perproc_libspace                  0x08004975   Thumb Code     0  libspace.o(.text)
    __user_perthread_libspace                0x08004975   Thumb Code     0  libspace.o(.text)
    __rt_locale                              0x0800497d   Thumb Code     8  rt_locale_intlibspace.o(.text)
    __aeabi_errno_addr                       0x08004985   Thumb Code     8  rt_errno_addr_intlibspace.o(.text)
    __errno$intlibspace                      0x08004985   Thumb Code     0  rt_errno_addr_intlibspace.o(.text)
    __rt_errno_addr$intlibspace              0x08004985   Thumb Code     0  rt_errno_addr_intlibspace.o(.text)
    __Heap_ProvideMemory                     0x0800498d   Thumb Code    52  h1_extend.o(.text)
    _ll_udiv10                               0x080049c1   Thumb Code   138  lludiv10.o(.text)
    _printf_fp_infnan                        0x08004a4d   Thumb Code   112  _printf_fp_infnan.o(.text)
    _btod_etento                             0x08004acd   Thumb Code   216  bigflt0.o(.text)
    __rt_SIGABRT                             0x08004ba9   Thumb Code    14  defsig_abrt_outer.o(.text)
    __rt_SIGRTMEM                            0x08004bb7   Thumb Code    14  defsig_rtmem_outer.o(.text)
    __user_setup_stackheap                   0x08004bc5   Thumb Code    74  sys_stackheap_outer.o(.text)
    exit                                     0x08004c0f   Thumb Code    18  exit.o(.text)
    __sig_exit                               0x08004c21   Thumb Code    10  defsig_exit.o(.text)
    __rt_SIGABRT_inner                       0x08004c2d   Thumb Code    14  defsig_abrt_inner.o(.text)
    __rt_SIGRTMEM_inner                      0x08004c5d   Thumb Code    22  defsig_rtmem_inner.o(.text)
    __default_signal_display                 0x08004cad   Thumb Code    50  defsig_general.o(.text)
    _btod_d2e                                0x08004cdf   Thumb Code    62  btod.o(CL$$btod_d2e)
    _d2e_denorm_low                          0x08004d1d   Thumb Code    70  btod.o(CL$$btod_d2e_denorm_low)
    _d2e_norm_op1                            0x08004d63   Thumb Code    96  btod.o(CL$$btod_d2e_norm_op1)
    __btod_div_common                        0x08004dc3   Thumb Code   696  btod.o(CL$$btod_div_common)
    _e2e                                     0x080050fb   Thumb Code   198  btod.o(CL$$btod_e2e)
    _btod_ediv                               0x080051c1   Thumb Code    40  btod.o(CL$$btod_ediv)
    _btod_emul                               0x080051e9   Thumb Code    40  btod.o(CL$$btod_emul)
    __btod_mult_common                       0x08005211   Thumb Code   580  btod.o(CL$$btod_mult_common)
    __ARM_fpclassify                         0x08005455   Thumb Code    48  fpclassify.o(i.__ARM_fpclassify)
    __hardfp_log                             0x08005489   Thumb Code   872  log.o(i.__hardfp_log)
    __hardfp_log10                           0x08005851   Thumb Code   260  log10.o(i.__hardfp_log10)
    __hardfp_pow                             0x08005981   Thumb Code  3072  pow.o(i.__hardfp_pow)
    __kernel_poly                            0x080065d1   Thumb Code   248  poly.o(i.__kernel_poly)
    __mathlib_dbl_divzero                    0x080066c9   Thumb Code    28  dunder.o(i.__mathlib_dbl_divzero)
    __mathlib_dbl_infnan                     0x080066f9   Thumb Code    20  dunder.o(i.__mathlib_dbl_infnan)
    __mathlib_dbl_infnan2                    0x0800670d   Thumb Code    20  dunder.o(i.__mathlib_dbl_infnan2)
    __mathlib_dbl_invalid                    0x08006721   Thumb Code    24  dunder.o(i.__mathlib_dbl_invalid)
    __mathlib_dbl_overflow                   0x08006741   Thumb Code    24  dunder.o(i.__mathlib_dbl_overflow)
    __mathlib_dbl_underflow                  0x08006761   Thumb Code    24  dunder.o(i.__mathlib_dbl_underflow)
    _is_digit                                0x08006781   Thumb Code    14  __printf_wp.o(i._is_digit)
    fabs                                     0x0800678f   Thumb Code    24  fabs.o(i.fabs)
    log                                      0x080067a7   Thumb Code    16  log.o(i.log)
    sqrt                                     0x080067b7   Thumb Code   110  sqrt.o(i.sqrt)
    _get_lc_numeric                          0x08006825   Thumb Code    44  lc_numeric_c.o(locale$$code)
    __aeabi_dneg                             0x08006851   Thumb Code     0  basic.o(x$fpl$basic)
    _dneg                                    0x08006851   Thumb Code     6  basic.o(x$fpl$basic)
    __aeabi_fneg                             0x08006857   Thumb Code     0  basic.o(x$fpl$basic)
    _fneg                                    0x08006857   Thumb Code     6  basic.o(x$fpl$basic)
    _dabs                                    0x0800685d   Thumb Code     6  basic.o(x$fpl$basic)
    _fabs                                    0x08006863   Thumb Code     6  basic.o(x$fpl$basic)
    __aeabi_d2f                              0x08006869   Thumb Code     0  d2f.o(x$fpl$d2f)
    _d2f                                     0x08006869   Thumb Code    98  d2f.o(x$fpl$d2f)
    __aeabi_dadd                             0x080068cd   Thumb Code     0  daddsub_clz.o(x$fpl$dadd)
    _dadd                                    0x080068cd   Thumb Code   332  daddsub_clz.o(x$fpl$dadd)
    __fpl_dcheck_NaN1                        0x08006a1d   Thumb Code    10  dcheck1.o(x$fpl$dcheck1)
    __fpl_dcmp_Inf                           0x08006a2d   Thumb Code    24  dcmpi.o(x$fpl$dcmpinf)
    __aeabi_ddiv                             0x08006a45   Thumb Code     0  ddiv.o(x$fpl$ddiv)
    _ddiv                                    0x08006a45   Thumb Code   552  ddiv.o(x$fpl$ddiv)
    __aeabi_cdcmpeq                          0x08006cf5   Thumb Code     0  deqf.o(x$fpl$deqf)
    _dcmpeq                                  0x08006cf5   Thumb Code   120  deqf.o(x$fpl$deqf)
    __aeabi_d2iz                             0x08006d6d   Thumb Code     0  dfix.o(x$fpl$dfix)
    _dfix                                    0x08006d6d   Thumb Code    94  dfix.o(x$fpl$dfix)
    __aeabi_i2d                              0x08006dcb   Thumb Code     0  dflt_clz.o(x$fpl$dflt)
    _dflt                                    0x08006dcb   Thumb Code    46  dflt_clz.o(x$fpl$dflt)
    __aeabi_cdcmple                          0x08006df9   Thumb Code     0  dleqf.o(x$fpl$dleqf)
    _dcmple                                  0x08006df9   Thumb Code   120  dleqf.o(x$fpl$dleqf)
    __fpl_dcmple_InfNaN                      0x08006e5b   Thumb Code     0  dleqf.o(x$fpl$dleqf)
    __aeabi_dmul                             0x08006e71   Thumb Code     0  dmul.o(x$fpl$dmul)
    _dmul                                    0x08006e71   Thumb Code   332  dmul.o(x$fpl$dmul)
    __fpl_dnaninf                            0x08006fc5   Thumb Code   156  dnaninf.o(x$fpl$dnaninf)
    __fpl_dretinf                            0x08007061   Thumb Code    12  dretinf.o(x$fpl$dretinf)
    __aeabi_cdrcmple                         0x0800706d   Thumb Code     0  drleqf.o(x$fpl$drleqf)
    _drcmple                                 0x0800706d   Thumb Code   108  drleqf.o(x$fpl$drleqf)
    __aeabi_drsub                            0x080070d9   Thumb Code     0  daddsub_clz.o(x$fpl$drsb)
    _drsb                                    0x080070d9   Thumb Code    22  daddsub_clz.o(x$fpl$drsb)
    _dsqrt                                   0x080070f1   Thumb Code   404  dsqrt_umaal.o(x$fpl$dsqrt)
    __aeabi_dsub                             0x08007289   Thumb Code     0  daddsub_clz.o(x$fpl$dsub)
    _dsub                                    0x08007289   Thumb Code   464  daddsub_clz.o(x$fpl$dsub)
    __aeabi_f2d                              0x0800745d   Thumb Code     0  f2d.o(x$fpl$f2d)
    _f2d                                     0x0800745d   Thumb Code    86  f2d.o(x$fpl$f2d)
    __fpl_fnaninf                            0x080074b3   Thumb Code   140  fnaninf.o(x$fpl$fnaninf)
    _fp_init                                 0x0800753f   Thumb Code    10  fpinit.o(x$fpl$fpinit)
    __fplib_config_fpu_vfp                   0x08007547   Thumb Code     0  fpinit.o(x$fpl$fpinit)
    __fplib_config_pureend_doubles           0x08007547   Thumb Code     0  fpinit.o(x$fpl$fpinit)
    __fpl_fretinf                            0x08007549   Thumb Code    10  fretinf.o(x$fpl$fretinf)
    _printf_fp_dec                           0x08007553   Thumb Code     4  printf1.o(x$fpl$printf1)
    __fpl_return_NaN                         0x08007557   Thumb Code   100  retnan.o(x$fpl$retnan)
    __ARM_scalbn                             0x080075bb   Thumb Code    92  scalbn.o(x$fpl$scalbn)
    __fpl_cmpreturn                          0x08007617   Thumb Code    48  trapv.o(x$fpl$trapveneer)
    __I$use$fp                               0x08007646   Number         0  usenofp.o(x$fpl$usenofp)
    SWT_mask                                 0x08007648   Data          32  swt.o(.constdata)
    reading_scales                           0x08007668   Data          16  reading.o(.constdata)
    AHBPrescTable                            0x08007678   Data          16  system_stm32f4xx.o(.constdata)
    __mathlib_zero                           0x08007748   Data           8  qnan.o(.constdata)
    Region$$Table$$Base                      0x0800785c   Number         0  anon$$obj.o(Region$$Table)
    Region$$Table$$Limit                     0x0800787c   Number         0  anon$$obj.o(Region$$Table)
    ringbuffer                               0x20000000   Data           4  adc_leds.o(.data)
    menuState                                0x20000004   Data           1  adc_leds.o(.data)
    scaleState                               0x20000005   Data           1  adc_leds.o(.data)
    autoscale                                0x20000006   Data           1  adc_leds.o(.data)
    volts                                    0x20000008   Data           4  adc_leds.o(.data)
    amps                                     0x2000000c   Data           4  adc_leds.o(.data)
    resistance                               0x20000010   Data           4  adc_leds.o(.data)
    light                                    0x20000014   Data           4  adc_leds.o(.data)
    last_reading                             0x20000018   Data           4  adc_leds.o(.data)
    signalCache                              0x2000001c   Data           4  adc_leds.o(.data)
    sendSignal                               0x20000020   Data           1  adc_leds.o(.data)
    startup                                  0x20000021   Data           1  adc_leds.o(.data)
    set_selection                            0x20000022   Data           1  adc_leds.o(.data)
    board_is_reading                         0x20000023   Data           1  adc_leds.o(.data)
    menu_confirm_exit                        0x20000024   Data           1  adc_leds.o(.data)
    bt_change_mode                           0x20000025   Data           1  adc_leds.o(.data)
    menuItems                                0x20000028   Data          48  adc_leds.o(.data)
    menuCount                                0x20000058   Data           4  adc_leds.o(.data)
    __stdout                                 0x2000005c   Data           4  retarget.o(.data)
    GPIO_InitStructure                       0x2000007c   Data           8  sig_gen.o(.data)
    sinetable                                0x20000084   Data         512  sig_gen.o(.data)
    pulse_width                              0x20000284   Data           2  sig_gen.o(.data)
    phase_accumulator                        0x20000288   Data           4  sig_gen.o(.data)
    angle                                    0x2000028c   Data           1  sig_gen.o(.data)
    msTicks                                  0x20000290   Data           4  utility.o(.data)
    SystemCoreClock                          0x20000294   Data           4  system_stm32f4xx.o(.data)
    unmalloc_buffer                          0x20000298   Data         512  lcd_buffer.o(.bss)
    lcd_commandBuffer                        0x20000498   Data          16  lcd_driver.o(.bss)
    USART_InitStructure                      0x200004a8   Data          16  sig_gen.o(.bss)
    TIM_TimeBaseStructure                    0x200004b8   Data          12  sig_gen.o(.bss)
    TIM_OCInitStructure                      0x200004c4   Data          20  sig_gen.o(.bss)
    __libspace_start                         0x200004d8   Data          96  libspace.o(.bss)
    __temporary_stack_top$libspace           0x20000538   Data           0  libspace.o(.bss)



==============================================================================

Memory Map of the image

  Image Entry point : 0x08000189

  Load Region LR_IROM1 (Base: 0x08000000, Size: 0x00007b30, Max: 0x00100000, ABSOLUTE, COMPRESSED[0x00007a74])

    Execution Region ER_IROM1 (Base: 0x08000000, Size: 0x00007898, Max: 0x00100000, ABSOLUTE)

    Base Addr    Size         Type   Attr      Idx    E Section Name        Object

    0x08000000   0x00000188   Data   RO          922    RESET               startup_stm32f407xx.o
    0x08000188   0x00000008   Code   RO         1073  * !!!main             c_w.l(__main.o)
    0x08000190   0x00000034   Code   RO         1510    !!!scatter          c_w.l(__scatter.o)
    0x080001c4   0x0000005a   Code   RO         1508    !!dczerorl2         c_w.l(__dczerorl2.o)
    0x0800021e   0x00000002   PAD
    0x08000220   0x0000001c   Code   RO         1512    !!handler_zi        c_w.l(__scatter_zi.o)
    0x0800023c   0x00000000   Code   RO         1062    .ARM.Collect$$_printf_percent$$00000000  c_w.l(_printf_percent.o)
    0x0800023c   0x00000006   Code   RO         1061    .ARM.Collect$$_printf_percent$$00000003  c_w.l(_printf_f.o)
    0x08000242   0x00000006   Code   RO         1060    .ARM.Collect$$_printf_percent$$00000009  c_w.l(_printf_d.o)
    0x08000248   0x00000006   Code   RO         1058    .ARM.Collect$$_printf_percent$$00000013  c_w.l(_printf_c.o)
    0x0800024e   0x00000006   Code   RO         1059    .ARM.Collect$$_printf_percent$$00000014  c_w.l(_printf_s.o)
    0x08000254   0x00000004   Code   RO         1191    .ARM.Collect$$_printf_percent$$00000017  c_w.l(_printf_percent_end.o)
    0x08000258   0x00000002   Code   RO         1449    .ARM.Collect$$libinit$$00000000  c_w.l(libinit.o)
    0x0800025a   0x00000004   Code   RO         1200    .ARM.Collect$$libinit$$00000001  c_w.l(libinit2.o)
    0x0800025e   0x00000000   Code   RO         1203    .ARM.Collect$$libinit$$00000004  c_w.l(libinit2.o)
    0x0800025e   0x00000008   Code   RO         1204    .ARM.Collect$$libinit$$00000005  c_w.l(libinit2.o)
    0x08000266   0x00000000   Code   RO         1206    .ARM.Collect$$libinit$$0000000A  c_w.l(libinit2.o)
    0x08000266   0x00000000   Code   RO         1208    .ARM.Collect$$libinit$$0000000C  c_w.l(libinit2.o)
    0x08000266   0x00000000   Code   RO         1210    .ARM.Collect$$libinit$$0000000E  c_w.l(libinit2.o)
    0x08000266   0x00000006   Code   RO         1211    .ARM.Collect$$libinit$$0000000F  c_w.l(libinit2.o)
    0x0800026c   0x00000000   Code   RO         1213    .ARM.Collect$$libinit$$00000011  c_w.l(libinit2.o)
    0x0800026c   0x00000000   Code   RO         1215    .ARM.Collect$$libinit$$00000013  c_w.l(libinit2.o)
    0x0800026c   0x00000000   Code   RO         1217    .ARM.Collect$$libinit$$00000015  c_w.l(libinit2.o)
    0x0800026c   0x0000000a   Code   RO         1218    .ARM.Collect$$libinit$$00000016  c_w.l(libinit2.o)
    0x08000276   0x00000000   Code   RO         1219    .ARM.Collect$$libinit$$00000017  c_w.l(libinit2.o)
    0x08000276   0x00000000   Code   RO         1221    .ARM.Collect$$libinit$$00000019  c_w.l(libinit2.o)
    0x08000276   0x00000000   Code   RO         1223    .ARM.Collect$$libinit$$0000001B  c_w.l(libinit2.o)
    0x08000276   0x00000000   Code   RO         1225    .ARM.Collect$$libinit$$0000001D  c_w.l(libinit2.o)
    0x08000276   0x00000000   Code   RO         1227    .ARM.Collect$$libinit$$0000001F  c_w.l(libinit2.o)
    0x08000276   0x00000000   Code   RO         1229    .ARM.Collect$$libinit$$00000021  c_w.l(libinit2.o)
    0x08000276   0x00000000   Code   RO         1231    .ARM.Collect$$libinit$$00000023  c_w.l(libinit2.o)
    0x08000276   0x00000000   Code   RO         1233    .ARM.Collect$$libinit$$00000025  c_w.l(libinit2.o)
    0x08000276   0x00000000   Code   RO         1237    .ARM.Collect$$libinit$$0000002C  c_w.l(libinit2.o)
    0x08000276   0x00000000   Code   RO         1239    .ARM.Collect$$libinit$$0000002E  c_w.l(libinit2.o)
    0x08000276   0x00000000   Code   RO         1241    .ARM.Collect$$libinit$$00000030  c_w.l(libinit2.o)
    0x08000276   0x00000000   Code   RO         1243    .ARM.Collect$$libinit$$00000032  c_w.l(libinit2.o)
    0x08000276   0x00000002   Code   RO         1244    .ARM.Collect$$libinit$$00000033  c_w.l(libinit2.o)
    0x08000278   0x00000002   Code   RO         1505    .ARM.Collect$$libshutdown$$00000000  c_w.l(libshutdown.o)
    0x0800027a   0x00000000   Code   RO         1463    .ARM.Collect$$libshutdown$$00000002  c_w.l(libshutdown2.o)
    0x0800027a   0x00000000   Code   RO         1465    .ARM.Collect$$libshutdown$$00000004  c_w.l(libshutdown2.o)
    0x0800027a   0x00000000   Code   RO         1468    .ARM.Collect$$libshutdown$$00000007  c_w.l(libshutdown2.o)
    0x0800027a   0x00000000   Code   RO         1471    .ARM.Collect$$libshutdown$$0000000A  c_w.l(libshutdown2.o)
    0x0800027a   0x00000000   Code   RO         1473    .ARM.Collect$$libshutdown$$0000000C  c_w.l(libshutdown2.o)
    0x0800027a   0x00000000   Code   RO         1476    .ARM.Collect$$libshutdown$$0000000F  c_w.l(libshutdown2.o)
    0x0800027a   0x00000002   Code   RO         1477    .ARM.Collect$$libshutdown$$00000010  c_w.l(libshutdown2.o)
    0x0800027c   0x00000000   Code   RO         1151    .ARM.Collect$$rtentry$$00000000  c_w.l(__rtentry.o)
    0x0800027c   0x00000000   Code   RO         1338    .ARM.Collect$$rtentry$$00000002  c_w.l(__rtentry2.o)
    0x0800027c   0x00000006   Code   RO         1350    .ARM.Collect$$rtentry$$00000004  c_w.l(__rtentry4.o)
    0x08000282   0x00000000   Code   RO         1340    .ARM.Collect$$rtentry$$00000009  c_w.l(__rtentry2.o)
    0x08000282   0x00000004   Code   RO         1341    .ARM.Collect$$rtentry$$0000000A  c_w.l(__rtentry2.o)
    0x08000286   0x00000000   Code   RO         1343    .ARM.Collect$$rtentry$$0000000C  c_w.l(__rtentry2.o)
    0x08000286   0x00000008   Code   RO         1344    .ARM.Collect$$rtentry$$0000000D  c_w.l(__rtentry2.o)
    0x0800028e   0x00000002   Code   RO         1452    .ARM.Collect$$rtexit$$00000000  c_w.l(rtexit.o)
    0x08000290   0x00000000   Code   RO         1481    .ARM.Collect$$rtexit$$00000002  c_w.l(rtexit2.o)
    0x08000290   0x00000004   Code   RO         1482    .ARM.Collect$$rtexit$$00000003  c_w.l(rtexit2.o)
    0x08000294   0x00000006   Code   RO         1483    .ARM.Collect$$rtexit$$00000004  c_w.l(rtexit2.o)
    0x0800029a   0x00000002   PAD
    0x0800029c   0x00000000   Code   RO         1364    .emb_text           c_w.l(maybetermalloc1.o)
    0x0800029c   0x00000034   Code   RO            4    .text               app.o
    0x080002d0   0x0000086c   Code   RO          173    .text               adc_leds.o
    0x08000b3c   0x00000064   Code   RO          242    .text               swt.o
    0x08000ba0   0x000001cc   Code   RO          288    .text               serial.o
    0x08000d6c   0x00000438   Code   RO          320    .text               board_init.o
    0x080011a4   0x00000044   Code   RO          356    .text               retarget.o
    0x080011e8   0x000000a8   Code   RO          384    .text               lcd_buffer.o
    0x08001290   0x000004d0   Code   RO          402    .text               lcd_driver.o
    0x08001760   0x000001ac   Code   RO          440    .text               adc.o
    0x0800190c   0x00000294   Code   RO          464    .text               stm32f4xx_gpio.o
    0x08001ba0   0x000000e0   Code   RO          488    .text               misc.o
    0x08001c80   0x0000065c   Code   RO          512    .text               stm32f4xx_rcc.o
    0x080022dc   0x00000454   Code   RO          538    .text               stm32f4xx_usart.o
    0x08002730   0x0000029c   Code   RO          562    .text               sig_gen.o
    0x080029cc   0x00000ca2   Code   RO          594    .text               stm32f4xx_tim.o
    0x0800366e   0x00000002   PAD
    0x08003670   0x000000c0   Code   RO          618    .text               utility.o
    0x08003730   0x00000110   Code   RO          645    .text               stm32f4xx_exti.o
    0x08003840   0x00000094   Code   RO          669    .text               stm32f4xx_syscfg.o
    0x080038d4   0x00000184   Code   RO          690    .text               ringbuffer.o
    0x08003a58   0x00000278   Code   RO          840    .text               reading.o
    0x08003cd0   0x00000040   Code   RO          923    .text               startup_stm32f407xx.o
    0x08003d10   0x00000210   Code   RO          930    .text               system_stm32f4xx.o
    0x08003f20   0x00000002   Code   RO          960    .text               c_w.l(use_no_semi.o)
    0x08003f22   0x0000005e   Code   RO          966    .text               c_w.l(h1_alloc.o)
    0x08003f80   0x0000004e   Code   RO          968    .text               c_w.l(h1_free.o)
    0x08003fce   0x00000002   PAD
    0x08003fd0   0x00000018   Code   RO         1028    .text               c_w.l(noretval__2printf.o)
    0x08003fe8   0x00000028   Code   RO         1030    .text               c_w.l(noretval__2sprintf.o)
    0x08004010   0x00000052   Code   RO         1034    .text               c_w.l(_printf_str.o)
    0x08004062   0x00000002   PAD
    0x08004064   0x00000078   Code   RO         1036    .text               c_w.l(_printf_dec.o)
    0x080040dc   0x0000010e   Code   RO         1046    .text               c_w.l(__printf_wp.o)
    0x080041ea   0x00000002   PAD
    0x080041ec   0x00000080   Code   RO         1063    .text               c_w.l(assert.o)
    0x0800426c   0x0000003e   Code   RO         1065    .text               c_w.l(strlen.o)
    0x080042aa   0x00000002   PAD
    0x080042ac   0x00000080   Code   RO         1069    .text               c_w.l(strcmpv7m.o)
    0x0800432c   0x00000006   Code   RO         1071    .text               c_w.l(heapauxi.o)
    0x08004332   0x00000002   PAD
    0x08004334   0x00000008   Code   RO         1155    .text               c_w.l(rt_heap_descriptor_intlibspace.o)
    0x0800433c   0x00000004   Code   RO         1157    .text               c_w.l(hguard.o)
    0x08004340   0x0000008a   Code   RO         1159    .text               c_w.l(init_alloc.o)
    0x080043ca   0x0000000e   Code   RO         1163    .text               c_w.l(h1_init.o)
    0x080043d8   0x00000016   Code   RO         1177    .text               c_w.l(_rserrno.o)
    0x080043ee   0x000000b2   Code   RO         1179    .text               c_w.l(_printf_intcommon.o)
    0x080044a0   0x0000041a   Code   RO         1181    .text               c_w.l(_printf_fp_dec.o)
    0x080048ba   0x00000002   PAD
    0x080048bc   0x00000030   Code   RO         1183    .text               c_w.l(_printf_char_common.o)
    0x080048ec   0x0000000a   Code   RO         1185    .text               c_w.l(_sputc.o)
    0x080048f6   0x0000002c   Code   RO         1187    .text               c_w.l(_printf_char.o)
    0x08004922   0x00000002   PAD
    0x08004924   0x00000024   Code   RO         1189    .text               c_w.l(_printf_char_file.o)
    0x08004948   0x00000016   Code   RO         1192    .text               c_w.l(abort.o)
    0x0800495e   0x00000014   Code   RO         1194    .text               c_w.l(assert_puts.o)
    0x08004972   0x00000002   PAD
    0x08004974   0x00000008   Code   RO         1334    .text               c_w.l(libspace.o)
    0x0800497c   0x00000008   Code   RO         1355    .text               c_w.l(rt_locale_intlibspace.o)
    0x08004984   0x00000008   Code   RO         1360    .text               c_w.l(rt_errno_addr_intlibspace.o)
    0x0800498c   0x00000034   Code   RO         1366    .text               c_w.l(h1_extend.o)
    0x080049c0   0x0000008a   Code   RO         1370    .text               c_w.l(lludiv10.o)
    0x08004a4a   0x00000002   PAD
    0x08004a4c   0x00000080   Code   RO         1372    .text               c_w.l(_printf_fp_infnan.o)
    0x08004acc   0x000000dc   Code   RO         1376    .text               c_w.l(bigflt0.o)
    0x08004ba8   0x0000000e   Code   RO         1404    .text               c_w.l(defsig_abrt_outer.o)
    0x08004bb6   0x0000000e   Code   RO         1408    .text               c_w.l(defsig_rtmem_outer.o)
    0x08004bc4   0x0000004a   Code   RO         1426    .text               c_w.l(sys_stackheap_outer.o)
    0x08004c0e   0x00000012   Code   RO         1432    .text               c_w.l(exit.o)
    0x08004c20   0x0000000a   Code   RO         1434    .text               c_w.l(defsig_exit.o)
    0x08004c2a   0x00000002   PAD
    0x08004c2c   0x00000030   Code   RO         1436    .text               c_w.l(defsig_abrt_inner.o)
    0x08004c5c   0x00000050   Code   RO         1438    .text               c_w.l(defsig_rtmem_inner.o)
    0x08004cac   0x00000032   Code   RO         1460    .text               c_w.l(defsig_general.o)
    0x08004cde   0x0000003e   Code   RO         1379    CL$$btod_d2e        c_w.l(btod.o)
    0x08004d1c   0x00000046   Code   RO         1381    CL$$btod_d2e_denorm_low  c_w.l(btod.o)
    0x08004d62   0x00000060   Code   RO         1380    CL$$btod_d2e_norm_op1  c_w.l(btod.o)
    0x08004dc2   0x00000338   Code   RO         1389    CL$$btod_div_common  c_w.l(btod.o)
    0x080050fa   0x000000c6   Code   RO         1386    CL$$btod_e2e        c_w.l(btod.o)
    0x080051c0   0x00000028   Code   RO         1383    CL$$btod_ediv       c_w.l(btod.o)
    0x080051e8   0x00000028   Code   RO         1382    CL$$btod_emul       c_w.l(btod.o)
    0x08005210   0x00000244   Code   RO         1388    CL$$btod_mult_common  c_w.l(btod.o)
    0x08005454   0x00000030   Code   RO         1282    i.__ARM_fpclassify  m_wm.l(fpclassify.o)
    0x08005484   0x00000004   PAD
    0x08005488   0x000003c4   Code   RO         1300    i.__hardfp_log      m_wm.l(log.o)
    0x0800584c   0x00000004   PAD
    0x08005850   0x00000130   Code   RO         1111    i.__hardfp_log10    m_wm.l(log10.o)
    0x08005980   0x00000c50   Code   RO         1123    i.__hardfp_pow      m_wm.l(pow.o)
    0x080065d0   0x000000f8   Code   RO         1314    i.__kernel_poly     m_wm.l(poly.o)
    0x080066c8   0x00000030   Code   RO         1262    i.__mathlib_dbl_divzero  m_wm.l(dunder.o)
    0x080066f8   0x00000014   Code   RO         1263    i.__mathlib_dbl_infnan  m_wm.l(dunder.o)
    0x0800670c   0x00000014   Code   RO         1264    i.__mathlib_dbl_infnan2  m_wm.l(dunder.o)
    0x08006720   0x00000020   Code   RO         1265    i.__mathlib_dbl_invalid  m_wm.l(dunder.o)
    0x08006740   0x00000020   Code   RO         1266    i.__mathlib_dbl_overflow  m_wm.l(dunder.o)
    0x08006760   0x00000020   Code   RO         1268    i.__mathlib_dbl_underflow  m_wm.l(dunder.o)
    0x08006780   0x0000000e   Code   RO         1048    i._is_digit         c_w.l(__printf_wp.o)
    0x0800678e   0x00000018   Code   RO         1278    i.fabs              m_wm.l(fabs.o)
    0x080067a6   0x00000010   Code   RO         1302    i.log               m_wm.l(log.o)
    0x080067b6   0x0000006e   Code   RO         1322    i.sqrt              m_wm.l(sqrt.o)
    0x08006824   0x0000002c   Code   RO         1402    locale$$code        c_w.l(lc_numeric_c.o)
    0x08006850   0x00000018   Code   RO         1245    x$fpl$basic         fz_wm.l(basic.o)
    0x08006868   0x00000062   Code   RO         1075    x$fpl$d2f           fz_wm.l(d2f.o)
    0x080068ca   0x00000002   PAD
    0x080068cc   0x00000150   Code   RO         1077    x$fpl$dadd          fz_wm.l(daddsub_clz.o)
    0x08006a1c   0x00000010   Code   RO         1417    x$fpl$dcheck1       fz_wm.l(dcheck1.o)
    0x08006a2c   0x00000018   Code   RO         1247    x$fpl$dcmpinf       fz_wm.l(dcmpi.o)
    0x08006a44   0x000002b0   Code   RO         1084    x$fpl$ddiv          fz_wm.l(ddiv.o)
    0x08006cf4   0x00000078   Code   RO         1087    x$fpl$deqf          fz_wm.l(deqf.o)
    0x08006d6c   0x0000005e   Code   RO         1089    x$fpl$dfix          fz_wm.l(dfix.o)
    0x08006dca   0x0000002e   Code   RO         1098    x$fpl$dflt          fz_wm.l(dflt_clz.o)
    0x08006df8   0x00000078   Code   RO         1103    x$fpl$dleqf         fz_wm.l(dleqf.o)
    0x08006e70   0x00000154   Code   RO         1105    x$fpl$dmul          fz_wm.l(dmul.o)
    0x08006fc4   0x0000009c   Code   RO         1249    x$fpl$dnaninf       fz_wm.l(dnaninf.o)
    0x08007060   0x0000000c   Code   RO         1251    x$fpl$dretinf       fz_wm.l(dretinf.o)
    0x0800706c   0x0000006c   Code   RO         1253    x$fpl$drleqf        fz_wm.l(drleqf.o)
    0x080070d8   0x00000016   Code   RO         1078    x$fpl$drsb          fz_wm.l(daddsub_clz.o)
    0x080070ee   0x00000002   PAD
    0x080070f0   0x00000198   Code   RO         1419    x$fpl$dsqrt         fz_wm.l(dsqrt_umaal.o)
    0x08007288   0x000001d4   Code   RO         1079    x$fpl$dsub          fz_wm.l(daddsub_clz.o)
    0x0800745c   0x00000056   Code   RO         1107    x$fpl$f2d           fz_wm.l(f2d.o)
    0x080074b2   0x0000008c   Code   RO         1255    x$fpl$fnaninf       fz_wm.l(fnaninf.o)
    0x0800753e   0x0000000a   Code   RO         1421    x$fpl$fpinit        fz_wm.l(fpinit.o)
    0x08007548   0x0000000a   Code   RO         1257    x$fpl$fretinf       fz_wm.l(fretinf.o)
    0x08007552   0x00000004   Code   RO         1109    x$fpl$printf1       fz_wm.l(printf1.o)
    0x08007556   0x00000064   Code   RO         1450    x$fpl$retnan        fz_wm.l(retnan.o)
    0x080075ba   0x0000005c   Code   RO         1259    x$fpl$scalbn        fz_wm.l(scalbn.o)
    0x08007616   0x00000030   Code   RO         1478    x$fpl$trapveneer    fz_wm.l(trapv.o)
    0x08007646   0x00000000   Code   RO         1261    x$fpl$usenofp       fz_wm.l(usenofp.o)
    0x08007646   0x00000002   PAD
    0x08007648   0x00000020   Data   RO          243    .constdata          swt.o
    0x08007668   0x00000010   Data   RO          841    .constdata          reading.o
    0x08007678   0x00000010   Data   RO          931    .constdata          system_stm32f4xx.o
    0x08007688   0x00000088   Data   RO         1126    .constdata          m_wm.l(pow.o)
    0x08007710   0x00000038   Data   RO         1303    .constdata          m_wm.l(log.o)
    0x08007748   0x00000008   Data   RO         1316    .constdata          m_wm.l(qnan.o)
    0x08007750   0x00000094   Data   RO         1377    .constdata          c_w.l(bigflt0.o)
    0x080077e4   0x00000075   Data   RO          174    .conststring        adc_leds.o
    0x08007859   0x00000003   PAD
    0x0800785c   0x00000020   Data   RO         1506    Region$$Table       anon$$obj.o
    0x0800787c   0x0000001c   Data   RO         1401    locale$$data        c_w.l(lc_numeric_c.o)


    Execution Region RW_IRAM1 (Base: 0x20000000, Size: 0x00000b38, Max: 0x00020000, ABSOLUTE, COMPRESSED[0x000001dc])

    Base Addr    Size         Type   Attr      Idx    E Section Name        Object

    0x20000000   0x0000005c   Data   RW          175    .data               adc_leds.o
    0x2000005c   0x00000004   Data   RW          357    .data               retarget.o
    0x20000060   0x00000009   Data   RW          404    .data               lcd_driver.o
    0x20000069   0x00000010   Data   RW          513    .data               stm32f4xx_rcc.o
    0x20000079   0x00000003   PAD
    0x2000007c   0x00000211   Data   RW          564    .data               sig_gen.o
    0x2000028d   0x00000003   PAD
    0x20000290   0x00000004   Data   RW          619    .data               utility.o
    0x20000294   0x00000004   Data   RW          932    .data               system_stm32f4xx.o
    0x20000298   0x00000200   Zero   RW          385    .bss                lcd_buffer.o
    0x20000498   0x00000010   Zero   RW          403    .bss                lcd_driver.o
    0x200004a8   0x00000030   Zero   RW          563    .bss                sig_gen.o
    0x200004d8   0x00000060   Zero   RW         1335    .bss                c_w.l(libspace.o)
    0x20000538   0x00000200   Zero   RW          921    HEAP                startup_stm32f407xx.o
    0x20000738   0x00000400   Zero   RW          920    STACK               startup_stm32f407xx.o


==============================================================================

Image component sizes


      Code (inc. data)   RO Data    RW Data    ZI Data      Debug   Object Name

       428         20          0          0          0       2137   adc.o
      2156        290        117         92          0       8757   adc_leds.o
        52         14          0          0          0     296159   app.o
      1080        100          0          0          0      28627   board_init.o
       168          4          0          0        512       2278   lcd_buffer.o
      1232         70          0          9         16      30053   lcd_driver.o
       224         20          0          0          0       1909   misc.o
       632         58         16          0          0       5260   reading.o
        68          4          0          4          0       3085   retarget.o
       388         68          0          0          0       3723   ringbuffer.o
       460         24          0          0          0       1552   serial.o
       668         50          0        529         48       2634   sig_gen.o
        64         26        392          0       1536        836   startup_stm32f407xx.o
       272         10          0          0          0       2379   stm32f4xx_exti.o
       660         44          0          0          0       4245   stm32f4xx_gpio.o
      1628         52          0         16          0      13184   stm32f4xx_rcc.o
       148         12          0          0          0       1873   stm32f4xx_syscfg.o
      3234         60          0          0          0      23108   stm32f4xx_tim.o
      1108         34          0          0          0       7976   stm32f4xx_usart.o
       100         18         32          0          0       1392   swt.o
       528         46         16          4          0       1791   system_stm32f4xx.o
       192          6          0          4          0       1640   utility.o

    ----------------------------------------------------------------------
     15492       1030        608        664       2112     444598   Object Totals
         0          0         32          0          0          0   (incl. Generated)
         2          0          3          6          0          0   (incl. Padding)

    ----------------------------------------------------------------------

      Code (inc. data)   RO Data    RW Data    ZI Data      Debug   Library Member Name

        90          0          0          0          0          0   __dczerorl2.o
         8          0          0          0          0         68   __main.o
       284          0          0          0          0        156   __printf_wp.o
         0          0          0          0          0          0   __rtentry.o
        12          0          0          0          0          0   __rtentry2.o
         6          0          0          0          0          0   __rtentry4.o
        52          8          0          0          0          0   __scatter.o
        28          0          0          0          0          0   __scatter_zi.o
         6          0          0          0          0          0   _printf_c.o
        44          0          0          0          0        108   _printf_char.o
        48          6          0          0          0         96   _printf_char_common.o
        36          4          0          0          0         80   _printf_char_file.o
         6          0          0          0          0          0   _printf_d.o
       120         16          0          0          0         92   _printf_dec.o
         6          0          0          0          0          0   _printf_f.o
      1050          0          0          0          0        216   _printf_fp_dec.o
       128         16          0          0          0         84   _printf_fp_infnan.o
       178          0          0          0          0         88   _printf_intcommon.o
         0          0          0          0          0          0   _printf_percent.o
         4          0          0          0          0          0   _printf_percent_end.o
         6          0          0          0          0          0   _printf_s.o
        82          0          0          0          0         80   _printf_str.o
        22          0          0          0          0        100   _rserrno.o
        10          0          0          0          0         68   _sputc.o
        22          0          0          0          0         80   abort.o
       128         42          0          0          0         76   assert.o
        20          0          0          0          0         76   assert_puts.o
       220          4        148          0          0         96   bigflt0.o
      1910        128          0          0          0        672   btod.o
        48         34          0          0          0         76   defsig_abrt_inner.o
        14          0          0          0          0         80   defsig_abrt_outer.o
        10          0          0          0          0         68   defsig_exit.o
        50          0          0          0          0         88   defsig_general.o
        80         58          0          0          0         76   defsig_rtmem_inner.o
        14          0          0          0          0         80   defsig_rtmem_outer.o
        18          0          0          0          0         80   exit.o
        94          0          0          0          0         80   h1_alloc.o
        52          0          0          0          0         68   h1_extend.o
        78          0          0          0          0         80   h1_free.o
        14          0          0          0          0         84   h1_init.o
         6          0          0          0          0        152   heapauxi.o
         4          0          0          0          0        136   hguard.o
       138          0          0          0          0        168   init_alloc.o
        44         10         28          0          0         76   lc_numeric_c.o
         2          0          0          0          0          0   libinit.o
        30          0          0          0          0          0   libinit2.o
         2          0          0          0          0          0   libshutdown.o
         2          0          0          0          0          0   libshutdown2.o
         8          4          0          0         96         68   libspace.o
       138          0          0          0          0         80   lludiv10.o
         0          0          0          0          0          0   maybetermalloc1.o
        24          4          0          0          0         84   noretval__2printf.o
        40          6          0          0          0         84   noretval__2sprintf.o
         8          4          0          0          0         68   rt_errno_addr_intlibspace.o
         8          4          0          0          0         68   rt_heap_descriptor_intlibspace.o
         8          4          0          0          0         68   rt_locale_intlibspace.o
         2          0          0          0          0          0   rtexit.o
        10          0          0          0          0          0   rtexit2.o
       128          0          0          0          0         68   strcmpv7m.o
        62          0          0          0          0         76   strlen.o
        74          0          0          0          0         80   sys_stackheap_outer.o
         2          0          0          0          0         68   use_no_semi.o
        24          0          0          0          0        164   basic.o
        98          4          0          0          0        140   d2f.o
       826         16          0          0          0        492   daddsub_clz.o
        16          4          0          0          0        116   dcheck1.o
        24          0          0          0          0        116   dcmpi.o
       688        140          0          0          0        256   ddiv.o
       120          4          0          0          0        140   deqf.o
        94          4          0          0          0        140   dfix.o
        46          0          0          0          0        116   dflt_clz.o
       120          4          0          0          0        140   dleqf.o
       340         12          0          0          0        152   dmul.o
       156          4          0          0          0        140   dnaninf.o
        12          0          0          0          0        116   dretinf.o
       108          0          0          0          0        128   drleqf.o
       408         56          0          0          0        168   dsqrt_umaal.o
        86          4          0          0          0        132   f2d.o
       140          4          0          0          0        132   fnaninf.o
        10          0          0          0          0        116   fpinit.o
        10          0          0          0          0        116   fretinf.o
         4          0          0          0          0        116   printf1.o
       100          0          0          0          0        116   retnan.o
        92          0          0          0          0        116   scalbn.o
        48          0          0          0          0        116   trapv.o
         0          0          0          0          0          0   usenofp.o
       184         44          0          0          0        744   dunder.o
        24          0          0          0          0        124   fabs.o
        48          0          0          0          0        124   fpclassify.o
       980         92         56          0          0        440   log.o
       304         44          0          0          0        200   log10.o
       248          0          0          0          0        152   poly.o
      3152        296        136          0          0        352   pow.o
         0          0          8          0          0          0   qnan.o
       110          0          0          0          0        148   sqrt.o

    ----------------------------------------------------------------------
     14396       1088        376          0         96      10208   Library Totals
        38          4          0          0          0          0   (incl. Padding)

    ----------------------------------------------------------------------

      Code (inc. data)   RO Data    RW Data    ZI Data      Debug   Library Name

      5738        352        176          0         96       4440   c_w.l
      3570        256          0          0          0       3484   fz_wm.l
      5050        476        200          0          0       2284   m_wm.l

    ----------------------------------------------------------------------
     14396       1088        376          0         96      10208   Library Totals

    ----------------------------------------------------------------------

==============================================================================


      Code (inc. data)   RO Data    RW Data    ZI Data      Debug   

     29888       2118        984        664       2208     442558   Grand Totals
     29888       2118        984        476       2208     442558   ELF Image Totals (compressed)
     29888       2118        984        476          0          0   ROM Totals

==============================================================================

    Total RO  Size (Code + RO Data)                30872 (  30.15kB)
    Total RW  Size (RW Data + ZI Data)              2872 (   2.80kB)
    Total ROM Size (Code + RO Data + RW Data)      31348 (  30.61kB)

==============================================================================

