Component: ARM Compiler 5.06 update 4 (build 422) Tool: armlink [4d35d2]

==============================================================================

Section Cross References

    adc_leds.o(.text) refers to _printf_percent.o(.ARM.Collect$$_printf_percent$$00000000) for _printf_percent
    adc_leds.o(.text) refers to _printf_f.o(.ARM.Collect$$_printf_percent$$00000003) for _printf_f
    adc_leds.o(.text) refers to printf1.o(x$fpl$printf1) for _printf_fp_dec
    adc_leds.o(.text) refers to _printf_s.o(.ARM.Collect$$_printf_percent$$00000014) for _printf_s
    adc_leds.o(.text) refers to _printf_str.o(.text) for _printf_str
    adc_leds.o(.text) refers to swt.o(.text) for SWT_Check
    adc_leds.o(.text) refers to adc.o(.text) for read_ADC1
    adc_leds.o(.text) refers to f2d.o(x$fpl$f2d) for __aeabi_f2d
    adc_leds.o(.text) refers to noretval__2sprintf.o(.text) for __2sprintf
    adc_leds.o(.text) refers to lcd_driver.o(.text) for lcd_write_string
    adc_leds.o(.text) refers to h1_alloc.o(.text) for malloc
    adc_leds.o(.text) refers to utility.o(.text) for scale
    adc_leds.o(.text) refers to d2f.o(x$fpl$d2f) for __aeabi_d2f
    adc_leds.o(.text) refers to strcmpv7m.o(.text) for strcmp
    adc_leds.o(.text) refers to board_init.o(.text) for init_board
    adc_leds.o(.text) refers to adc_leds.o(.data) for state
    swt.o(.text) refers to swt.o(.constdata) for SWT_mask
    serial.o(.text) refers to stm32f4xx_rcc.o(.text) for RCC_APB1PeriphClockCmd
    serial.o(.text) refers to stm32f4xx_gpio.o(.text) for GPIO_Init
    serial.o(.text) refers to stm32f4xx_usart.o(.text) for USART_Init
    serial.o(.text) refers to misc.o(.text) for NVIC_Init
    serial.o(.text) refers to rt_memcpy_v6.o(.text) for __aeabi_memcpy
    serial.o(.text) refers to adc_leds.o(.text) for setState
    serial.o(.text) refers to adc.o(.text) for send_String
    serial.o(.text) refers to rt_memclr.o(.text) for __aeabi_memclr
    serial.o(.text) refers to serial.o(.data) for rx_index
    serial.o(.text) refers to serial.o(.bss) for rx_buffer
    retarget.o(.rev16_text) refers (Special) to use_no_semi.o(.text) for __use_no_semihosting_swi
    retarget.o(.revsh_text) refers (Special) to use_no_semi.o(.text) for __use_no_semihosting_swi
    retarget.o(.rrx_text) refers (Special) to use_no_semi.o(.text) for __use_no_semihosting_swi
    retarget.o(.text) refers (Special) to use_no_semi.o(.text) for __use_no_semihosting_swi
    retarget.o(.data) refers (Special) to use_no_semi.o(.text) for __use_no_semihosting_swi
    lcd_buffer.o(.text) refers to h1_free.o(.text) for free
    lcd_buffer.o(.text) refers to lcd_buffer.o(.bss) for unmalloc_buffer
    lcd_driver.o(.text) refers to lcd_buffer.o(.text) for buffer_empty
    lcd_driver.o(.text) refers to strlen.o(.text) for strlen
    lcd_driver.o(.text) refers to lcd_driver.o(.bss) for lcd_commandBuffer
    lcd_driver.o(.text) refers to lcd_driver.o(.data) for stage
    adc.o(.text) refers to utility.o(.text) for Delay
    stm32f4xx_gpio.o(.text) refers to stm32f4xx_rcc.o(.text) for RCC_AHB1PeriphResetCmd
    stm32f4xx_rcc.o(.text) refers to stm32f4xx_rcc.o(.data) for APBAHBPrescTable
    stm32f4xx_usart.o(.text) refers to stm32f4xx_rcc.o(.text) for RCC_APB2PeriphResetCmd
    sig_gen.o(.text) refers to stm32f4xx_tim.o(.text) for TIM_GetITStatus
    sig_gen.o(.text) refers to stm32f4xx_gpio.o(.text) for GPIO_SetBits
    sig_gen.o(.text) refers to misc.o(.text) for NVIC_Init
    sig_gen.o(.text) refers to stm32f4xx_rcc.o(.text) for RCC_APB1PeriphClockCmd
    sig_gen.o(.text) refers to sig_gen.o(.data) for pulse_width
    sig_gen.o(.text) refers to sig_gen.o(.bss) for TIM_TimeBaseStructure
    stm32f4xx_tim.o(.text) refers to stm32f4xx_rcc.o(.text) for RCC_APB2PeriphResetCmd
    utility.o(.text) refers to daddsub_clz.o(x$fpl$dsub) for __aeabi_dsub
    utility.o(.text) refers to dmul.o(x$fpl$dmul) for __aeabi_dmul
    utility.o(.text) refers to ddiv.o(x$fpl$ddiv) for __aeabi_ddiv
    utility.o(.text) refers to daddsub_clz.o(x$fpl$dadd) for __aeabi_dadd
    utility.o(.text) refers to utility.o(.data) for msTicks
    stm32f4xx_syscfg.o(.text) refers to stm32f4xx_rcc.o(.text) for RCC_APB2PeriphResetCmd
    board_init.o(.text) refers to stm32f4xx_rcc.o(.text) for RCC_APB2PeriphClockCmd
    board_init.o(.text) refers to stm32f4xx_gpio.o(.text) for GPIO_Init
    board_init.o(.text) refers to stm32f4xx_syscfg.o(.text) for SYSCFG_EXTILineConfig
    board_init.o(.text) refers to stm32f4xx_exti.o(.text) for EXTI_Init
    board_init.o(.text) refers to misc.o(.text) for NVIC_Init
    board_init.o(.text) refers to tm_stm32f4_hd44780.o(.text) for TM_HD44780_Init
    board_init.o(.text) refers to system_stm32f4xx.o(.text) for SystemCoreClockUpdate
    board_init.o(.text) refers to adc.o(.text) for ADC1_init
    board_init.o(.text) refers to swt.o(.text) for SWT_Init
    board_init.o(.text) refers to serial.o(.text) for serial_init
    board_init.o(.text) refers to system_stm32f4xx.o(.data) for SystemCoreClock
[...]
    .text                                    0x080048d6   Section        0  defsig_exit.o(.text)
    .text                                    0x080048e0   Section        0  defsig_rtmem_inner.o(.text)
    .text                                    0x08004930   Section        0  defsig_general.o(.text)
    CL$$btod_d2e                             0x08004962   Section       62  btod.o(CL$$btod_d2e)
    CL$$btod_d2e_denorm_low                  0x080049a0   Section       70  btod.o(CL$$btod_d2e_denorm_low)
    CL$$btod_d2e_norm_op1                    0x080049e6   Section       96  btod.o(CL$$btod_d2e_norm_op1)
    CL$$btod_div_common                      0x08004a46   Section      824  btod.o(CL$$btod_div_common)
    CL$$btod_e2e                             0x08004d7e   Section      198  btod.o(CL$$btod_e2e)
    CL$$btod_ediv                            0x08004e44   Section       40  btod.o(CL$$btod_ediv)
    CL$$btod_emul                            0x08004e6c   Section       40  btod.o(CL$$btod_emul)
    CL$$btod_mult_common                     0x08004e94   Section      580  btod.o(CL$$btod_mult_common)
    i.__ARM_fpclassify                       0x080050d8   Section        0  fpclassify.o(i.__ARM_fpclassify)
    i._is_digit                              0x08005108   Section        0  __printf_wp.o(i._is_digit)
    locale$$code                             0x08005118   Section       44  lc_numeric_c.o(locale$$code)
    x$fpl$d2f                                0x08005144   Section       98  d2f.o(x$fpl$d2f)
    $v0                                      0x08005144   Number         0  d2f.o(x$fpl$d2f)
    x$fpl$dadd                               0x080051a8   Section      336  daddsub_clz.o(x$fpl$dadd)
    $v0                                      0x080051a8   Number         0  daddsub_clz.o(x$fpl$dadd)
    _dadd1                                   0x080051b9   Thumb Code     0  daddsub_clz.o(x$fpl$dadd)
    x$fpl$ddiv                               0x080052f8   Section      688  ddiv.o(x$fpl$ddiv)
    $v0                                      0x080052f8   Number         0  ddiv.o(x$fpl$ddiv)
    ddiv_entry                               0x080052ff   Thumb Code     0  ddiv.o(x$fpl$ddiv)
    x$fpl$dmul                               0x080055a8   Section      340  dmul.o(x$fpl$dmul)
    $v0                                      0x080055a8   Number         0  dmul.o(x$fpl$dmul)
    x$fpl$dnaninf                            0x080056fc   Section      156  dnaninf.o(x$fpl$dnaninf)
    $v0                                      0x080056fc   Number         0  dnaninf.o(x$fpl$dnaninf)
    x$fpl$dretinf                            0x08005798   Section       12  dretinf.o(x$fpl$dretinf)
    $v0                                      0x08005798   Number         0  dretinf.o(x$fpl$dretinf)
    x$fpl$dsub                               0x080057a4   Section      468  daddsub_clz.o(x$fpl$dsub)
    $v0                                      0x080057a4   Number         0  daddsub_clz.o(x$fpl$dsub)
    _dsub1                                   0x080057b5   Thumb Code     0  daddsub_clz.o(x$fpl$dsub)
    x$fpl$f2d                                0x08005978   Section       86  f2d.o(x$fpl$f2d)
    $v0                                      0x08005978   Number         0  f2d.o(x$fpl$f2d)
    x$fpl$fnaninf                            0x080059ce   Section      140  fnaninf.o(x$fpl$fnaninf)
    $v0                                      0x080059ce   Number         0  fnaninf.o(x$fpl$fnaninf)
    x$fpl$fpinit                             0x08005a5a   Section       10  fpinit.o(x$fpl$fpinit)
    $v0                                      0x08005a5a   Number         0  fpinit.o(x$fpl$fpinit)
    x$fpl$fretinf                            0x08005a64   Section       10  fretinf.o(x$fpl$fretinf)
    $v0                                      0x08005a64   Number         0  fretinf.o(x$fpl$fretinf)
    x$fpl$printf1                            0x08005a6e   Section        4  printf1.o(x$fpl$printf1)
    $v0                                      0x08005a6e   Number         0  printf1.o(x$fpl$printf1)
    x$fpl$usenofp                            0x08005a72   Section        0  usenofp.o(x$fpl$usenofp)
    .constdata                               0x08005a74   Section       32  swt.o(.constdata)
    .constdata                               0x08005a94   Section       16  system_stm32f4xx.o(.constdata)
    .constdata                               0x08005aa4   Section      148  bigflt0.o(.constdata)
    tenpwrs_x                                0x08005aa4   Data          60  bigflt0.o(.constdata)
    tenpwrs_i                                0x08005ae0   Data          64  bigflt0.o(.constdata)
    locale$$data                             0x08005b58   Section       28  lc_numeric_c.o(locale$$data)
    __lcnum_c_name                           0x08005b5c   Data           2  lc_numeric_c.o(locale$$data)
    __lcnum_c_start                          0x08005b64   Data           0  lc_numeric_c.o(locale$$data)
    __lcnum_c_point                          0x08005b70   Data           0  lc_numeric_c.o(locale$$data)
    __lcnum_c_thousands                      0x08005b72   Data           0  lc_numeric_c.o(locale$$data)
    __lcnum_c_grouping                       0x08005b73   Data           0  lc_numeric_c.o(locale$$data)
    __lcnum_c_end                            0x08005b74   Data           0  lc_numeric_c.o(locale$$data)
    .data                                    0x20000000   Section        8  adc_leds.o(.data)
    .data                                    0x20000008   Section        4  serial.o(.data)
    rx_index                                 0x20000008   Data           4  serial.o(.data)
    .data                                    0x2000000c   Section        9  lcd_driver.o(.data)
    stage                                    0x2000000c   Data           4  lcd_driver.o(.data)
    buffer_data                              0x20000010   Data           4  lcd_driver.o(.data)
    scrolling                                0x20000014   Data           1  lcd_driver.o(.data)
    .data                                    0x20000015   Section       16  stm32f4xx_rcc.o(.data)
    APBAHBPrescTable                         0x20000015   Data          16  stm32f4xx_rcc.o(.data)
    .data                                    0x20000028   Section      529  sig_gen.o(.data)
    .data                                    0x2000023c   Section        4  utility.o(.data)
    .data                                    0x20000240   Section       17  tm_stm32f4_delay.o(.data)
    .data                                    0x20000251   Section        7  tm_stm32f4_hd44780.o(.data)
    HD44780_Opts                             0x20000251   Data           7  tm_stm32f4_hd44780.o(.data)
    .data                                    0x20000258   Section        4  system_stm32f4xx.o(.data)
    .bss                                     0x2000025c   Section       31  serial.o(.bss)
    rx_buffer                                0x2000026c   Data          15  serial.o(.bss)
    .bss                                     0x2000027c   Section      512  lcd_buffer.o(.bss)
    .bss                                     0x2000047c   Section       16  lcd_driver.o(.bss)
    .bss                                     0x2000048c   Section       48  sig_gen.o(.bss)
    .bss                                     0x200004bc   Section       24  tm_stm32f4_delay.o(.bss)
    CustomTimers                             0x200004bc   Data          24  tm_stm32f4_delay.o(.bss)
    .bss                                     0x200004d4   Section       22  tm_stm32f4_gpio.o(.bss)
    GPIO_UsedPins                            0x200004d4   Data          22  tm_stm32f4_gpio.o(.bss)
    .bss                                     0x200004ec   Section       96  libspace.o(.bss)
    HEAP                                     0x20000550   Section      512  startup_stm32f407xx.o(HEAP)
    Heap_Mem                                 0x20000550   Data         512  startup_stm32f407xx.o(HEAP)
    STACK                                    0x20000750   Section     1024  startup_stm32f407xx.o(STACK)
    Stack_Mem                                0x20000750   Data        1024  startup_stm32f407xx.o(STACK)
    __initial_sp                             0x20000b50   Data           0  startup_stm32f407xx.o(STACK)

    Global Symbols

    Symbol Name                              Value     Ov Type        Size  Object(Section)

    BuildAttributes$$THM_ISAv4$E$P$D$K$B$S$7EM$VFPi3$EXTD16$VFPS$VFMA$PE$A:L22UL41UL21$X:L11$S22US41US21$IEEE1$IW$USESV6$~STKCKD$USESV7$~SHL$OTIME$ROPI$IEEEJ$EBA8$UX$STANDARDLIB$REQ8$PRES8$EABIv2 0x00000000   Number         0  anon$$obj.o ABSOLUTE
    __ARM_use_no_argv                        0x00000000   Number         0  adc_leds.o ABSOLUTE
    _printf_flags                            0x00000000   Number         0  printf_stubs.o ABSOLUTE
    _printf_return_value                     0x00000000   Number         0  printf_stubs.o ABSOLUTE
    _printf_sizespec                         0x00000000   Number         0  printf_stubs.o ABSOLUTE
    _printf_widthprec                        0x00000000   Number         0  printf_stubs.o ABSOLUTE
    TM_DELAY_1msHandler                       - Undefined Weak Reference
    __ARM_exceptions_init                     - Undefined Weak Reference
    __alloca_initialize                       - Undefined Weak Reference
    __arm_preinit_                            - Undefined Weak Reference
    __cpp_initialize__aeabi_                  - Undefined Weak Reference
    __cxa_finalize                            - Undefined Weak Reference
    __sigvec_lookup                           - Undefined Weak Reference
    __user_heap_extent                        - Undefined Weak Reference
    _atexit_init                              - Undefined Weak Reference
    _call_atexit_fns                          - Undefined Weak Reference
    _clock_init                               - Undefined Weak Reference
    _fp_trap_init                             - Undefined Weak Reference
    _fp_trap_shutdown                         - Undefined Weak Reference
    _get_lc_collate                           - Undefined Weak Reference
    _get_lc_ctype                             - Undefined Weak Reference
    _get_lc_monetary                          - Undefined Weak Reference
    _get_lc_time                              - Undefined Weak Reference
    _getenv_init                              - Undefined Weak Reference
    _handle_redirection                       - Undefined Weak Reference
    _initio                                   - Undefined Weak Reference
    _mutex_acquire                            - Undefined Weak Reference
    _mutex_free                               - Undefined Weak Reference
    _mutex_release                            - Undefined Weak Reference
    _printf_mbtowc                            - Undefined Weak Reference
    _printf_post_padding                      - Undefined Weak Reference
    _printf_pre_padding                       - Undefined Weak Reference
    _rand_init                                - Undefined Weak Reference
    _signal_finish                            - Undefined Weak Reference
    _signal_init                              - Undefined Weak Reference
    _terminateio                              - Undefined Weak Reference
    __Vectors_Size                           0x00000188   Number         0  startup_stm32f407xx.o ABSOLUTE
    __Vectors                                0x08000000   Data           4  startup_stm32f407xx.o(RESET)
    __Vectors_End                            0x08000188   Data           0  startup_stm32f407xx.o(RESET)
    __main                                   0x08000189   Thumb Code     8  __main.o(!!!main)
    __scatterload                            0x08000191   Thumb Code     0  __scatter.o(!!!scatter)
    __scatterload_rt2                        0x08000191   Thumb Code    44  __scatter.o(!!!scatter)
    __scatterload_rt2_thumb_only             0x08000191   Thumb Code     0  __scatter.o(!!!scatter)
    __scatterload_null                       0x0800019f   Thumb Code     0  __scatter.o(!!!scatter)
    __decompress                             0x080001c5   Thumb Code    90  __dczerorl2.o(!!dczerorl2)
    __decompress1                            0x080001c5   Thumb Code     0  __dczerorl2.o(!!dczerorl2)
    __scatterload_zeroinit                   0x08000221   Thumb Code    28  __scatter_zi.o(!!handler_zi)
    _printf_f                                0x0800023d   Thumb Code     0  _printf_f.o(.ARM.Collect$$_printf_percent$$00000003)
    _printf_percent                          0x0800023d   Thumb Code     0  _printf_percent.o(.ARM.Collect$$_printf_percent$$00000000)
    _printf_s                                0x08000243   Thumb Code     0  _printf_s.o(.ARM.Collect$$_printf_percent$$00000014)
    _printf_percent_end                      0x08000249   Thumb Code     0  _printf_percent_end.o(.ARM.Collect$$_printf_percent$$00000017)
    __rt_lib_init                            0x0800024d   Thumb Code     0  libinit.o(.ARM.Collect$$libinit$$00000000)
    __rt_lib_init_fp_1                       0x0800024f   Thumb Code     0  libinit2.o(.ARM.Collect$$libinit$$00000001)
    __rt_lib_init_heap_2                     0x08000253   Thumb Code     0  libinit2.o(.ARM.Collect$$libinit$$00000005)
    __rt_lib_init_preinit_1                  0x08000253   Thumb Code     0  libinit2.o(.ARM.Collect$$libinit$$00000004)
    __rt_lib_init_heap_1                     0x0800025b   Thumb Code     0  libinit2.o(.ARM.Collect$$libinit$$0000000A)
    __rt_lib_init_lc_common                  0x0800025b   Thumb Code     0  libinit2.o(.ARM.Collect$$libinit$$0000000F)
    __rt_lib_init_rand_1                     0x0800025b   Thumb Code     0  libinit2.o(.ARM.Collect$$libinit$$0000000E)
    __rt_lib_init_user_alloc_1               0x0800025b   Thumb Code     0  libinit2.o(.ARM.Collect$$libinit$$0000000C)
    __rt_lib_init_lc_collate_1               0x08000261   Thumb Code     0  libinit2.o(.ARM.Collect$$libinit$$00000011)
    __rt_lib_init_lc_ctype_1                 0x08000261   Thumb Code     0  libinit2.o(.ARM.Collect$$libinit$$00000013)
    __rt_lib_init_lc_monetary_1              0x08000261   Thumb Code     0  libinit2.o(.ARM.Collect$$libinit$$00000015)
    __rt_lib_init_lc_numeric_2               0x08000261   Thumb Code     0  libinit2.o(.ARM.Collect$$libinit$$00000016)
    __rt_lib_init_alloca_1                   0x0800026b   Thumb Code     0  libinit2.o(.ARM.Collect$$libinit$$0000002E)
    __rt_lib_init_argv_1                     0x0800026b   Thumb Code     0  libinit2.o(.ARM.Collect$$libinit$$0000002C)
    __rt_lib_init_atexit_1                   0x0800026b   Thumb Code     0  libinit2.o(.ARM.Collect$$libinit$$0000001B)
    __rt_lib_init_clock_1                    0x0800026b   Thumb Code     0  libinit2.o(.ARM.Collect$$libinit$$00000021)
    __rt_lib_init_cpp_1                      0x0800026b   Thumb Code     0  libinit2.o(.ARM.Collect$$libinit$$00000032)
    __rt_lib_init_exceptions_1               0x0800026b   Thumb Code     0  libinit2.o(.ARM.Collect$$libinit$$00000030)
    __rt_lib_init_fp_trap_1                  0x0800026b   Thumb Code     0  libinit2.o(.ARM.Collect$$libinit$$0000001F)
    __rt_lib_init_getenv_1                   0x0800026b   Thumb Code     0  libinit2.o(.ARM.Collect$$libinit$$00000023)
    __rt_lib_init_lc_numeric_1               0x0800026b   Thumb Code     0  libinit2.o(.ARM.Collect$$libinit$$00000017)
    __rt_lib_init_lc_time_1                  0x0800026b   Thumb Code     0  libinit2.o(.ARM.Collect$$libinit$$00000019)
    __rt_lib_init_return                     0x0800026b   Thumb Code     0  libinit2.o(.ARM.Collect$$libinit$$00000033)
    __rt_lib_init_signal_1                   0x0800026b   Thumb Code     0  libinit2.o(.ARM.Collect$$libinit$$0000001D)
    __rt_lib_init_stdio_1                    0x0800026b   Thumb Code     0  libinit2.o(.ARM.Collect$$libinit$$00000025)
    __rt_lib_shutdown                        0x0800026d   Thumb Code     0  libshutdown.o(.ARM.Collect$$libshutdown$$00000000)
    __rt_lib_shutdown_cpp_1                  0x0800026f   Thumb Code     0  libshutdown2.o(.ARM.Collect$$libshutdown$$00000002)
    __rt_lib_shutdown_fp_trap_1              0x0800026f   Thumb Code     0  libshutdown2.o(.ARM.Collect$$libshutdown$$00000007)
    __rt_lib_shutdown_heap_1                 0x0800026f   Thumb Code     0  libshutdown2.o(.ARM.Collect$$libshutdown$$0000000F)
    __rt_lib_shutdown_return                 0x0800026f   Thumb Code     0  libshutdown2.o(.ARM.Collect$$libshutdown$$00000010)
    __rt_lib_shutdown_signal_1               0x0800026f   Thumb Code     0  libshutdown2.o(.ARM.Collect$$libshutdown$$0000000A)
    __rt_lib_shutdown_stdio_1                0x0800026f   Thumb Code     0  libshutdown2.o(.ARM.Collect$$libshutdown$$00000004)
    __rt_lib_shutdown_user_alloc_1           0x0800026f   Thumb Code     0  libshutdown2.o(.ARM.Collect$$libshutdown$$0000000C)
    __rt_entry                               0x08000271   Thumb Code     0  __rtentry.o(.ARM.Collect$$rtentry$$00000000)
    __rt_entry_presh_1                       0x08000271   Thumb Code     0  __rtentry2.o(.ARM.Collect$$rtentry$$00000002)
    __rt_entry_sh                            0x08000271   Thumb Code     0  __rtentry4.o(.ARM.Collect$$rtentry$$00000004)
    __rt_entry_li                            0x08000277   Thumb Code     0  __rtentry2.o(.ARM.Collect$$rtentry$$0000000A)
    __rt_entry_postsh_1                      0x08000277   Thumb Code     0  __rtentry2.o(.ARM.Collect$$rtentry$$00000009)
    __rt_entry_main                          0x0800027b   Thumb Code     0  __rtentry2.o(.ARM.Collect$$rtentry$$0000000D)
    __rt_entry_postli_1                      0x0800027b   Thumb Code     0  __rtentry2.o(.ARM.Collect$$rtentry$$0000000C)
    __rt_exit                                0x08000283   Thumb Code     0  rtexit.o(.ARM.Collect$$rtexit$$00000000)
    __rt_exit_ls                             0x08000285   Thumb Code     0  rtexit2.o(.ARM.Collect$$rtexit$$00000003)
    __rt_exit_prels_1                        0x08000285   Thumb Code     0  rtexit2.o(.ARM.Collect$$rtexit$$00000002)
    __rt_exit_exit                           0x08000289   Thumb Code     0  rtexit2.o(.ARM.Collect$$rtexit$$00000004)
    BTN_Get                                  0x08000291   Thumb Code    10  adc_leds.o(.text)
    _maybe_terminate_alloc                   0x08000291   Thumb Code     0  maybetermalloc1.o(.emb_text)
    check_state_changed                      0x0800029b   Thumb Code    40  adc_leds.o(.text)
    get_units                                0x080002c3   Thumb Code    32  adc_leds.o(.text)
    read_value                               0x080002e3   Thumb Code    90  adc_leds.o(.text)
    lcd_output_value                         0x0800033d   Thumb Code    76  adc_leds.o(.text)
    bt_output_value                          0x08000389   Thumb Code    58  adc_leds.o(.text)
    main_loop                                0x080003c3   Thumb Code   158  adc_leds.o(.text)
    display_startup_message                  0x08000461   Thumb Code    58  adc_leds.o(.text)
    setState                                 0x0800049b   Thumb Code    58  adc_leds.o(.text)
    main                                     0x080004d5   Thumb Code    12  adc_leds.o(.text)
    SWT_Init                                 0x0800057d   Thumb Code    52  swt.o(.text)
    SWT_Get                                  0x080005b1   Thumb Code     6  swt.o(.text)
    SWT_Check                                0x080005b7   Thumb Code    24  swt.o(.text)
    USART3_IRQHandler                        0x0800072b   Thumb Code   124  serial.o(.text)
    serial_init                              0x080007a7   Thumb Code    24  serial.o(.text)
    sendchar                                 0x080007e1   Thumb Code    26  retarget.o(.text)
    fputc                                    0x080007fb   Thumb Code    14  retarget.o(.text)
    ferror                                   0x08000809   Thumb Code     8  retarget.o(.text)
    _ttywrch                                 0x08000811   Thumb Code    12  retarget.o(.text)
    _sys_exit                                0x0800081d   Thumb Code     4  retarget.o(.text)
    buffer_init                              0x08000825   Thumb Code    16  lcd_buffer.o(.text)
    buffer_destroy                           0x08000835   Thumb Code    12  lcd_buffer.o(.text)
    buffer_full                              0x08000841   Thumb Code    30  lcd_buffer.o(.text)
    buffer_empty                             0x0800085f   Thumb Code    18  lcd_buffer.o(.text)
    buffer_put                               0x08000871   Thumb Code    44  lcd_buffer.o(.text)
    buffer_get                               0x0800089d   Thumb Code    44  lcd_buffer.o(.text)
    lcd_write                                0x080008cd   Thumb Code    62  lcd_driver.o(.text)
    lcd_move_cursor                          0x0800090b   Thumb Code    36  lcd_driver.o(.text)
    lcd_clear_display                        0x0800092f   Thumb Code    32  lcd_driver.o(.text)
    lcd_change_settings                      0x0800094f   Thumb Code    34  lcd_driver.o(.text)
    lcd_setup_timer                          0x08000971   Thumb Code    54  lcd_driver.o(.text)
    lcd_setup_GPIO                           0x080009a7   Thumb Code   150  lcd_driver.o(.text)
    lcd_init                                 0x08000a3d   Thumb Code   130  lcd_driver.o(.text)
    lcd_write_string                         0x08000abf   Thumb Code   128  lcd_driver.o(.text)
    lcd_write_center                         0x08000b3f   Thumb Code    54  lcd_driver.o(.text)
    lcd_scrolling                            0x08000b75   Thumb Code    48  lcd_driver.o(.text)
    TIM6_DAC_IRQHandler                      0x08000ba5   Thumb Code   480  lcd_driver.o(.text)
    ADC1_init                                0x08000d9d   Thumb Code   114  adc.o(.text)
    ADC2_init                                0x08000e0f   Thumb Code   126  adc.o(.text)
    read_ADC1                                0x08000e8d   Thumb Code    34  adc.o(.text)
    read_ADC2                                0x08000eaf   Thumb Code    40  adc.o(.text)
    set_cont_ADC1                            0x08000ed7   Thumb Code    24  adc.o(.text)
    read_cont_ADC1                           0x08000eef   Thumb Code    20  adc.o(.text)
    send_Char                                0x08000f03   Thumb Code    16  adc.o(.text)
    send_String                              0x08000f13   Thumb Code    34  adc.o(.text)
    GPIO_DeInit                              0x08000f49   Thumb Code   268  stm32f4xx_gpio.o(.text)
    GPIO_Init                                0x08001055   Thumb Code   144  stm32f4xx_gpio.o(.text)
    GPIO_StructInit                          0x080010e5   Thumb Code    18  stm32f4xx_gpio.o(.text)
    GPIO_PinLockConfig                       0x080010f7   Thumb Code    34  stm32f4xx_gpio.o(.text)
    GPIO_ReadInputDataBit                    0x08001119   Thumb Code    18  stm32f4xx_gpio.o(.text)
    GPIO_ReadInputData                       0x0800112b   Thumb Code     8  stm32f4xx_gpio.o(.text)
    GPIO_ReadOutputDataBit                   0x08001133   Thumb Code    18  stm32f4xx_gpio.o(.text)
    GPIO_ReadOutputData                      0x08001145   Thumb Code     8  stm32f4xx_gpio.o(.text)
    GPIO_SetBits                             0x0800114d   Thumb Code     4  stm32f4xx_gpio.o(.text)
    GPIO_ResetBits                           0x08001151   Thumb Code     4  stm32f4xx_gpio.o(.text)
    GPIO_WriteBit                            0x08001155   Thumb Code    10  stm32f4xx_gpio.o(.text)
    GPIO_Write                               0x0800115f   Thumb Code     4  stm32f4xx_gpio.o(.text)
    GPIO_ToggleBits                          0x08001163   Thumb Code     8  stm32f4xx_gpio.o(.text)
    GPIO_PinAFConfig                         0x0800116b   Thumb Code    70  stm32f4xx_gpio.o(.text)
    NVIC_PriorityGroupConfig                 0x080011dd   Thumb Code    10  misc.o(.text)
    NVIC_Init                                0x080011e7   Thumb Code   106  misc.o(.text)
    NVIC_SetVectorTable                      0x08001251   Thumb Code    14  misc.o(.text)
    NVIC_SystemLPConfig                      0x0800125f   Thumb Code    34  misc.o(.text)
    SysTick_CLKSourceConfig                  0x08001281   Thumb Code    40  misc.o(.text)
    RCC_DeInit                               0x080012bd   Thumb Code    82  stm32f4xx_rcc.o(.text)
    RCC_HSEConfig                            0x0800130f   Thumb Code    14  stm32f4xx_rcc.o(.text)
    RCC_GetFlagStatus                        0x0800131d   Thumb Code    60  stm32f4xx_rcc.o(.text)
    RCC_WaitForHSEStartUp                    0x08001359   Thumb Code    56  stm32f4xx_rcc.o(.text)
    RCC_AdjustHSICalibrationValue            0x08001391   Thumb Code    20  stm32f4xx_rcc.o(.text)
    RCC_HSICmd                               0x080013a5   Thumb Code     6  stm32f4xx_rcc.o(.text)
    RCC_LSEConfig                            0x080013ab   Thumb Code    46  stm32f4xx_rcc.o(.text)
    RCC_LSICmd                               0x080013d9   Thumb Code     6  stm32f4xx_rcc.o(.text)
    RCC_PLLConfig                            0x080013df   Thumb Code    32  stm32f4xx_rcc.o(.text)
    RCC_PLLCmd                               0x080013ff   Thumb Code     6  stm32f4xx_rcc.o(.text)
    RCC_PLLI2SConfig                         0x08001405   Thumb Code    14  stm32f4xx_rcc.o(.text)
    RCC_PLLI2SCmd                            0x08001413   Thumb Code     6  stm32f4xx_rcc.o(.text)
    RCC_PLLSAIConfig                         0x08001419   Thumb Code    20  stm32f4xx_rcc.o(.text)
    RCC_PLLSAICmd                            0x0800142d   Thumb Code     6  stm32f4xx_rcc.o(.text)
    RCC_ClockSecuritySystemCmd               0x08001433   Thumb Code     6  stm32f4xx_rcc.o(.text)
    RCC_MCO1Config                           0x08001439   Thumb Code    28  stm32f4xx_rcc.o(.text)
    RCC_MCO2Config                           0x08001455   Thumb Code    28  stm32f4xx_rcc.o(.text)
    RCC_SYSCLKConfig                         0x08001471   Thumb Code    20  stm32f4xx_rcc.o(.text)
    RCC_GetSYSCLKSource                      0x08001485   Thumb Code    12  stm32f4xx_rcc.o(.text)
    RCC_HCLKConfig                           0x08001491   Thumb Code    20  stm32f4xx_rcc.o(.text)
    RCC_PCLK1Config                          0x080014a5   Thumb Code    20  stm32f4xx_rcc.o(.text)
    RCC_PCLK2Config                          0x080014b9   Thumb Code    22  stm32f4xx_rcc.o(.text)
    RCC_GetClocksFreq                        0x080014cf   Thumb Code   222  stm32f4xx_rcc.o(.text)
    RCC_RTCCLKConfig                         0x080015ad   Thumb Code    54  stm32f4xx_rcc.o(.text)
    RCC_RTCCLKCmd                            0x080015e3   Thumb Code     8  stm32f4xx_rcc.o(.text)
    RCC_BackupResetCmd                       0x080015eb   Thumb Code     8  stm32f4xx_rcc.o(.text)
    RCC_I2SCLKConfig                         0x080015f3   Thumb Code     6  stm32f4xx_rcc.o(.text)
    RCC_SAIBlockACLKConfig                   0x080015f9   Thumb Code    20  stm32f4xx_rcc.o(.text)
    RCC_SAIBlockBCLKConfig                   0x0800160d   Thumb Code    20  stm32f4xx_rcc.o(.text)
    RCC_SAIPLLI2SClkDivConfig                0x08001621   Thumb Code    26  stm32f4xx_rcc.o(.text)
    RCC_SAIPLLSAIClkDivConfig                0x0800163b   Thumb Code    28  stm32f4xx_rcc.o(.text)
    RCC_LTDCCLKDivConfig                     0x08001657   Thumb Code    20  stm32f4xx_rcc.o(.text)
    RCC_TIMCLKPresConfig                     0x0800166b   Thumb Code     6  stm32f4xx_rcc.o(.text)
    RCC_AHB1PeriphClockCmd                   0x08001671   Thumb Code    34  stm32f4xx_rcc.o(.text)
    RCC_AHB2PeriphClockCmd                   0x08001693   Thumb Code    78  stm32f4xx_rcc.o(.text)
    RCC_AHB3PeriphClockCmd                   0x080016e1   Thumb Code    34  stm32f4xx_rcc.o(.text)
    RCC_APB1PeriphClockCmd                   0x08001703   Thumb Code    34  stm32f4xx_rcc.o(.text)
    RCC_APB2PeriphClockCmd                   0x08001725   Thumb Code    34  stm32f4xx_rcc.o(.text)
    RCC_AHB1PeriphResetCmd                   0x08001747   Thumb Code    34  stm32f4xx_rcc.o(.text)
    RCC_AHB2PeriphResetCmd                   0x08001769   Thumb Code    34  stm32f4xx_rcc.o(.text)
    RCC_AHB3PeriphResetCmd                   0x0800178b   Thumb Code    34  stm32f4xx_rcc.o(.text)
    RCC_APB1PeriphResetCmd                   0x080017ad   Thumb Code    34  stm32f4xx_rcc.o(.text)
    RCC_APB2PeriphResetCmd                   0x080017cf   Thumb Code    34  stm32f4xx_rcc.o(.text)
    RCC_AHB1PeriphClockLPModeCmd             0x080017f1   Thumb Code    34  stm32f4xx_rcc.o(.text)
    RCC_AHB2PeriphClockLPModeCmd             0x08001813   Thumb Code    34  stm32f4xx_rcc.o(.text)
    RCC_AHB3PeriphClockLPModeCmd             0x08001835   Thumb Code    34  stm32f4xx_rcc.o(.text)
    RCC_APB1PeriphClockLPModeCmd             0x08001857   Thumb Code    34  stm32f4xx_rcc.o(.text)
    RCC_APB2PeriphClockLPModeCmd             0x08001879   Thumb Code    34  stm32f4xx_rcc.o(.text)
    RCC_LSEModeConfig                        0x0800189b   Thumb Code    40  stm32f4xx_rcc.o(.text)
    RCC_ITConfig                             0x080018c3   Thumb Code    34  stm32f4xx_rcc.o(.text)
    RCC_ClearFlag                            0x080018e5   Thumb Code    18  stm32f4xx_rcc.o(.text)
    RCC_GetITStatus                          0x080018f7   Thumb Code    22  stm32f4xx_rcc.o(.text)
    RCC_ClearITPendingBit                    0x0800190d   Thumb Code     8  stm32f4xx_rcc.o(.text)
    USART_DeInit                             0x08001919   Thumb Code   206  stm32f4xx_usart.o(.text)
    USART_Init                               0x080019e7   Thumb Code   204  stm32f4xx_usart.o(.text)
    USART_StructInit                         0x08001ab3   Thumb Code    24  stm32f4xx_usart.o(.text)
    USART_ClockInit                          0x08001acb   Thumb Code    32  stm32f4xx_usart.o(.text)
    USART_ClockStructInit                    0x08001aeb   Thumb Code    12  stm32f4xx_usart.o(.text)
    USART_Cmd                                0x08001af7   Thumb Code    24  stm32f4xx_usart.o(.text)
    USART_SetPrescaler                       0x08001b0f   Thumb Code    16  stm32f4xx_usart.o(.text)
    USART_OverSampling8Cmd                   0x08001b1f   Thumb Code    22  stm32f4xx_usart.o(.text)
    USART_OneBitMethodCmd                    0x08001b35   Thumb Code    24  stm32f4xx_usart.o(.text)
    USART_SendData                           0x08001b4d   Thumb Code     8  stm32f4xx_usart.o(.text)
    USART_ReceiveData                        0x08001b55   Thumb Code    10  stm32f4xx_usart.o(.text)
    USART_SetAddress                         0x08001b5f   Thumb Code    18  stm32f4xx_usart.o(.text)
    USART_ReceiverWakeUpCmd                  0x08001b71   Thumb Code    24  stm32f4xx_usart.o(.text)
    USART_WakeUpConfig                       0x08001b89   Thumb Code    18  stm32f4xx_usart.o(.text)
    USART_LINBreakDetectLengthConfig         0x08001b9b   Thumb Code    18  stm32f4xx_usart.o(.text)
    USART_LINCmd                             0x08001bad   Thumb Code    24  stm32f4xx_usart.o(.text)
    USART_SendBreak                          0x08001bc5   Thumb Code    10  stm32f4xx_usart.o(.text)
    USART_HalfDuplexCmd                      0x08001bcf   Thumb Code    24  stm32f4xx_usart.o(.text)
    USART_SetGuardTime                       0x08001be7   Thumb Code    16  stm32f4xx_usart.o(.text)
    USART_SmartCardCmd                       0x08001bf7   Thumb Code    24  stm32f4xx_usart.o(.text)
    USART_SmartCardNACKCmd                   0x08001c0f   Thumb Code    24  stm32f4xx_usart.o(.text)
    USART_IrDAConfig                         0x08001c27   Thumb Code    18  stm32f4xx_usart.o(.text)
    USART_IrDACmd                            0x08001c39   Thumb Code    24  stm32f4xx_usart.o(.text)
    USART_DMACmd                             0x08001c51   Thumb Code    18  stm32f4xx_usart.o(.text)
    USART_ITConfig                           0x08001c63   Thumb Code    74  stm32f4xx_usart.o(.text)
    USART_GetFlagStatus                      0x08001cad   Thumb Code    26  stm32f4xx_usart.o(.text)
    USART_ClearFlag                          0x08001cc7   Thumb Code    18  stm32f4xx_usart.o(.text)
    USART_GetITStatus                        0x08001cd9   Thumb Code   118  stm32f4xx_usart.o(.text)
    USART_ClearITPendingBit                  0x08001d4f   Thumb Code    30  stm32f4xx_usart.o(.text)
    PWM_SetDC                                0x08001d6d   Thumb Code    42  sig_gen.o(.text)
    TIM2_IRQHandler                          0x08001d97   Thumb Code    86  sig_gen.o(.text)
    INTTIM_Config                            0x08001ded   Thumb Code    82  sig_gen.o(.text)
    PWM_Config                               0x08001e3f   Thumb Code   170  sig_gen.o(.text)
    LED_Config                               0x08001ee9   Thumb Code    42  sig_gen.o(.text)
    TIM_Config                               0x08001f13   Thumb Code   132  sig_gen.o(.text)
    generate_sine                            0x08001f97   Thumb Code    64  sig_gen.o(.text)
    TIM_DeInit                               0x08002009   Thumb Code   346  stm32f4xx_tim.o(.text)
    TIM_TimeBaseInit                         0x08002163   Thumb Code   104  stm32f4xx_tim.o(.text)
    TIM_TimeBaseStructInit                   0x080021cb   Thumb Code    18  stm32f4xx_tim.o(.text)
    TIM_PrescalerConfig                      0x080021dd   Thumb Code     6  stm32f4xx_tim.o(.text)
    TIM_CounterModeConfig                    0x080021e3   Thumb Code    18  stm32f4xx_tim.o(.text)
    TIM_SetCounter                           0x080021f5   Thumb Code     4  stm32f4xx_tim.o(.text)
    TIM_SetAutoreload                        0x080021f9   Thumb Code     4  stm32f4xx_tim.o(.text)
    TIM_GetCounter                           0x080021fd   Thumb Code     6  stm32f4xx_tim.o(.text)
    TIM_GetPrescaler                         0x08002203   Thumb Code     6  stm32f4xx_tim.o(.text)
    TIM_UpdateDisableConfig                  0x08002209   Thumb Code    24  stm32f4xx_tim.o(.text)
    TIM_UpdateRequestConfig                  0x08002221   Thumb Code    24  stm32f4xx_tim.o(.text)
    TIM_ARRPreloadConfig                     0x08002239   Thumb Code    24  stm32f4xx_tim.o(.text)
    TIM_SelectOnePulseMode                   0x08002251   Thumb Code    18  stm32f4xx_tim.o(.text)
    TIM_SetClockDivision                     0x08002263   Thumb Code    18  stm32f4xx_tim.o(.text)
    TIM_Cmd                                  0x08002275   Thumb Code    24  stm32f4xx_tim.o(.text)
    TIM_OC1Init                              0x0800228d   Thumb Code   114  stm32f4xx_tim.o(.text)
    TIM_OC2Init                              0x080022ff   Thumb Code   154  stm32f4xx_tim.o(.text)
    TIM_OC3Init                              0x08002399   Thumb Code   204  stm32f4xx_tim.o(.text)
    TIM_OC4Init                              0x08002465   Thumb Code   112  stm32f4xx_tim.o(.text)
    TIM_OCStructInit                         0x080024d5   Thumb Code    20  stm32f4xx_tim.o(.text)
    TIM_SelectOCxM                           0x080024e9   Thumb Code    86  stm32f4xx_tim.o(.text)
    TIM_SetCompare1                          0x0800253f   Thumb Code     4  stm32f4xx_tim.o(.text)
    TIM_SetCompare2                          0x08002543   Thumb Code     4  stm32f4xx_tim.o(.text)
    TIM_SetCompare3                          0x08002547   Thumb Code     4  stm32f4xx_tim.o(.text)
    TIM_SetCompare4                          0x0800254b   Thumb Code     4  stm32f4xx_tim.o(.text)
    TIM_ForcedOC1Config                      0x0800254f   Thumb Code    18  stm32f4xx_tim.o(.text)
    TIM_ForcedOC2Config                      0x08002561   Thumb Code    26  stm32f4xx_tim.o(.text)
    TIM_ForcedOC3Config                      0x0800257b   Thumb Code    18  stm32f4xx_tim.o(.text)
    TIM_ForcedOC4Config                      0x0800258d   Thumb Code    26  stm32f4xx_tim.o(.text)
    TIM_OC1PreloadConfig                     0x080025a7   Thumb Code    18  stm32f4xx_tim.o(.text)
    TIM_OC2PreloadConfig                     0x080025b9   Thumb Code    26  stm32f4xx_tim.o(.text)
    TIM_OC3PreloadConfig                     0x080025d3   Thumb Code    18  stm32f4xx_tim.o(.text)
    TIM_OC4PreloadConfig                     0x080025e5   Thumb Code    26  stm32f4xx_tim.o(.text)
    TIM_OC1FastConfig                        0x080025ff   Thumb Code    18  stm32f4xx_tim.o(.text)
    TIM_OC2FastConfig                        0x08002611   Thumb Code    26  stm32f4xx_tim.o(.text)
    TIM_OC3FastConfig                        0x0800262b   Thumb Code    18  stm32f4xx_tim.o(.text)
    TIM_OC4FastConfig                        0x0800263d   Thumb Code    26  stm32f4xx_tim.o(.text)
    TIM_ClearOC1Ref                          0x08002657   Thumb Code    18  stm32f4xx_tim.o(.text)
    TIM_ClearOC2Ref                          0x08002669   Thumb Code    24  stm32f4xx_tim.o(.text)
    TIM_ClearOC3Ref                          0x08002681   Thumb Code    18  stm32f4xx_tim.o(.text)
    TIM_ClearOC4Ref                          0x08002693   Thumb Code    24  stm32f4xx_tim.o(.text)
    TIM_OC1PolarityConfig                    0x080026ab   Thumb Code    18  stm32f4xx_tim.o(.text)
    TIM_OC1NPolarityConfig                   0x080026bd   Thumb Code    18  stm32f4xx_tim.o(.text)
    TIM_OC2PolarityConfig                    0x080026cf   Thumb Code    26  stm32f4xx_tim.o(.text)
    TIM_OC2NPolarityConfig                   0x080026e9   Thumb Code    26  stm32f4xx_tim.o(.text)
    TIM_OC3PolarityConfig                    0x08002703   Thumb Code    26  stm32f4xx_tim.o(.text)
    TIM_OC3NPolarityConfig                   0x0800271d   Thumb Code    26  stm32f4xx_tim.o(.text)
    TIM_OC4PolarityConfig                    0x08002737   Thumb Code    26  stm32f4xx_tim.o(.text)
    TIM_CCxCmd                               0x08002751   Thumb Code    30  stm32f4xx_tim.o(.text)
    TIM_CCxNCmd                              0x0800276f   Thumb Code    30  stm32f4xx_tim.o(.text)
    TIM_SetIC4Prescaler                      0x0800278d   Thumb Code    26  stm32f4xx_tim.o(.text)
    TIM_SetIC3Prescaler                      0x080027f7   Thumb Code    18  stm32f4xx_tim.o(.text)
    TIM_SetIC2Prescaler                      0x08002851   Thumb Code    26  stm32f4xx_tim.o(.text)
    TIM_SetIC1Prescaler                      0x080028c5   Thumb Code    18  stm32f4xx_tim.o(.text)
    TIM_ICInit                               0x08002911   Thumb Code   110  stm32f4xx_tim.o(.text)
    TIM_ICStructInit                         0x0800297f   Thumb Code    18  stm32f4xx_tim.o(.text)
    TIM_PWMIConfig                           0x08002991   Thumb Code   124  stm32f4xx_tim.o(.text)
    TIM_GetCapture1                          0x08002a0d   Thumb Code     6  stm32f4xx_tim.o(.text)
    TIM_GetCapture2                          0x08002a13   Thumb Code     6  stm32f4xx_tim.o(.text)
    TIM_GetCapture3                          0x08002a19   Thumb Code     6  stm32f4xx_tim.o(.text)
    TIM_GetCapture4                          0x08002a1f   Thumb Code     6  stm32f4xx_tim.o(.text)
    TIM_BDTRConfig                           0x08002a25   Thumb Code    32  stm32f4xx_tim.o(.text)
    TIM_BDTRStructInit                       0x08002a45   Thumb Code    18  stm32f4xx_tim.o(.text)
    TIM_CtrlPWMOutputs                       0x08002a57   Thumb Code    30  stm32f4xx_tim.o(.text)
    TIM_SelectCOM                            0x08002a75   Thumb Code    24  stm32f4xx_tim.o(.text)
    TIM_CCPreloadControl                     0x08002a8d   Thumb Code    24  stm32f4xx_tim.o(.text)
    TIM_ITConfig                             0x08002aa5   Thumb Code    18  stm32f4xx_tim.o(.text)
    TIM_GenerateEvent                        0x08002ab7   Thumb Code     4  stm32f4xx_tim.o(.text)
    TIM_GetFlagStatus                        0x08002abb   Thumb Code    18  stm32f4xx_tim.o(.text)
    TIM_ClearFlag                            0x08002acd   Thumb Code     6  stm32f4xx_tim.o(.text)
    TIM_GetITStatus                          0x08002ad3   Thumb Code    34  stm32f4xx_tim.o(.text)
    TIM_ClearITPendingBit                    0x08002af5   Thumb Code     6  stm32f4xx_tim.o(.text)
    TIM_DMAConfig                            0x08002afb   Thumb Code    10  stm32f4xx_tim.o(.text)
    TIM_DMACmd                               0x08002b05   Thumb Code    18  stm32f4xx_tim.o(.text)
    TIM_SelectCCDMA                          0x08002b17   Thumb Code    24  stm32f4xx_tim.o(.text)
    TIM_InternalClockConfig                  0x08002b2f   Thumb Code    12  stm32f4xx_tim.o(.text)
    TIM_SelectInputTrigger                   0x08002b3b   Thumb Code    18  stm32f4xx_tim.o(.text)
    TIM_ITRxExternalClockConfig              0x08002b4d   Thumb Code    24  stm32f4xx_tim.o(.text)
    TIM_TIxExternalClockConfig               0x08002b65   Thumb Code    62  stm32f4xx_tim.o(.text)
    TIM_ETRConfig                            0x08002ba3   Thumb Code    28  stm32f4xx_tim.o(.text)
    TIM_ETRClockMode1Config                  0x08002bbf   Thumb Code    54  stm32f4xx_tim.o(.text)
    TIM_ETRClockMode2Config                  0x08002bf5   Thumb Code    32  stm32f4xx_tim.o(.text)
    TIM_SelectOutputTrigger                  0x08002c15   Thumb Code    18  stm32f4xx_tim.o(.text)
    TIM_SelectSlaveMode                      0x08002c27   Thumb Code    18  stm32f4xx_tim.o(.text)
    TIM_SelectMasterSlaveMode                0x08002c39   Thumb Code    18  stm32f4xx_tim.o(.text)
    TIM_EncoderInterfaceConfig               0x08002c4b   Thumb Code    66  stm32f4xx_tim.o(.text)
    TIM_SelectHallSensor                     0x08002c8d   Thumb Code    24  stm32f4xx_tim.o(.text)
    TIM_RemapConfig                          0x08002ca5   Thumb Code     6  stm32f4xx_tim.o(.text)
    SysTick_Handler                          0x08002cad   Thumb Code    12  utility.o(.text)
    Delay                                    0x08002cb9   Thumb Code    18  utility.o(.text)
    scale                                    0x08002ccb   Thumb Code   156  utility.o(.text)
    EXTI_DeInit                              0x08002d6d   Thumb Code    28  stm32f4xx_exti.o(.text)
    EXTI_Init                                0x08002d89   Thumb Code   142  stm32f4xx_exti.o(.text)
    EXTI_StructInit                          0x08002e17   Thumb Code    16  stm32f4xx_exti.o(.text)
    EXTI_GenerateSWInterrupt                 0x08002e27   Thumb Code    16  stm32f4xx_exti.o(.text)
    EXTI_GetFlagStatus                       0x08002e37   Thumb Code    22  stm32f4xx_exti.o(.text)
    EXTI_ClearFlag                           0x08002e4d   Thumb Code     8  stm32f4xx_exti.o(.text)
    EXTI_GetITStatus                         0x08002e55   Thumb Code    22  stm32f4xx_exti.o(.text)
    EXTI_ClearITPendingBit                   0x08002e6b   Thumb Code     8  stm32f4xx_exti.o(.text)
    SYSCFG_DeInit                            0x08002e7d   Thumb Code    22  stm32f4xx_syscfg.o(.text)
    SYSCFG_MemoryRemapConfig                 0x08002e93   Thumb Code     6  stm32f4xx_syscfg.o(.text)
    SYSCFG_MemorySwappingBank                0x08002e99   Thumb Code     6  stm32f4xx_syscfg.o(.text)
    SYSCFG_EXTILineConfig                    0x08002e9f   Thumb Code    66  stm32f4xx_syscfg.o(.text)
    SYSCFG_ETH_MediaInterfaceConfig          0x08002ee1   Thumb Code     8  stm32f4xx_syscfg.o(.text)
    SYSCFG_CompensationCellCmd               0x08002ee9   Thumb Code     6  stm32f4xx_syscfg.o(.text)
    SYSCFG_GetCompensationCellStatus         0x08002eef   Thumb Code    22  stm32f4xx_syscfg.o(.text)
    GPIO_init                                0x08002f11   Thumb Code   194  board_init.o(.text)
    EXTI9_5_IRQHandler                       0x08002fd3   Thumb Code    42  board_init.o(.text)
    EXTI15_10_IRQHandler                     0x08002ffd   Thumb Code   122  board_init.o(.text)
    TOM_lcd_init                             0x08003077   Thumb Code    36  board_init.o(.text)
    init_board                               0x0800309b   Thumb Code   118  board_init.o(.text)
    TimingDelay_Decrement                    0x08003125   Thumb Code   162  tm_stm32f4_delay.o(.text)
    TM_DELAY_Init                            0x080031c7   Thumb Code   110  tm_stm32f4_delay.o(.text)
    TM_DELAY_EnableDelayTimer                0x08003235   Thumb Code    28  tm_stm32f4_delay.o(.text)
    TM_DELAY_DisableDelayTimer               0x08003251   Thumb Code    18  tm_stm32f4_delay.o(.text)
    TM_DELAY_TimerCreate                     0x08003263   Thumb Code    90  tm_stm32f4_delay.o(.text)
    TM_DELAY_TimerDelete                     0x080032bd   Thumb Code   126  tm_stm32f4_delay.o(.text)
    TM_DELAY_TimerStop                       0x0800333b   Thumb Code     6  tm_stm32f4_delay.o(.text)
    TM_DELAY_TimerStart                      0x08003341   Thumb Code     6  tm_stm32f4_delay.o(.text)
    TM_DELAY_TimerReset                      0x08003347   Thumb Code     6  tm_stm32f4_delay.o(.text)
    TM_DELAY_TimerAutoReload                 0x0800334d   Thumb Code     4  tm_stm32f4_delay.o(.text)
    TM_DELAY_TimerAutoReloadValue            0x08003351   Thumb Code     4  tm_stm32f4_delay.o(.text)
    TM_GPIO_GetPortSource                    0x08003379   Thumb Code    14  tm_stm32f4_gpio.o(.text)
    TM_GPIO_INT_Init                         0x08003387   Thumb Code   170  tm_stm32f4_gpio.o(.text)
    TM_GPIO_INT_EnableClock                  0x08003431   Thumb Code    28  tm_stm32f4_gpio.o(.text)
    TM_GPIO_Init                             0x0800344d   Thumb Code    48  tm_stm32f4_gpio.o(.text)
    TM_GPIO_InitAlternate                    0x0800347d   Thumb Code   110  tm_stm32f4_gpio.o(.text)
    TM_GPIO_DeInit                           0x080034eb   Thumb Code    66  tm_stm32f4_gpio.o(.text)
    TM_GPIO_SetPinAsInput                    0x0800352d   Thumb Code    38  tm_stm32f4_gpio.o(.text)
    TM_GPIO_SetPinAsOutput                   0x08003553   Thumb Code    46  tm_stm32f4_gpio.o(.text)
    TM_GPIO_SetPinAsAnalog                   0x08003581   Thumb Code    38  tm_stm32f4_gpio.o(.text)
    TM_GPIO_SetPinAsAlternate                0x080035a7   Thumb Code    50  tm_stm32f4_gpio.o(.text)
    TM_GPIO_SetPullResistor                  0x080035d9   Thumb Code    50  tm_stm32f4_gpio.o(.text)
    TM_GPIO_Lock                             0x0800360b   Thumb Code    16  tm_stm32f4_gpio.o(.text)
    TM_GPIO_GetPinSource                     0x0800361b   Thumb Code    18  tm_stm32f4_gpio.o(.text)
    TM_GPIO_INT_DisableClock                 0x0800362d   Thumb Code    26  tm_stm32f4_gpio.o(.text)
    TM_GPIO_GetUsedPins                      0x08003647   Thumb Code    18  tm_stm32f4_gpio.o(.text)
    TM_GPIO_GetFreePins                      0x08003659   Thumb Code    22  tm_stm32f4_gpio.o(.text)
    TM_HD44780_Clear                         0x0800371d   Thumb Code    18  tm_stm32f4_hd44780.o(.text)
    TM_HD44780_DisplayOn                     0x0800372f   Thumb Code    26  tm_stm32f4_hd44780.o(.text)
    TM_HD44780_Init                          0x080037e9   Thumb Code   158  tm_stm32f4_hd44780.o(.text)
    TM_HD44780_Puts                          0x080038cf   Thumb Code   126  tm_stm32f4_hd44780.o(.text)
    TM_HD44780_DisplayOff                    0x0800394d   Thumb Code    26  tm_stm32f4_hd44780.o(.text)
    TM_HD44780_BlinkOn                       0x08003967   Thumb Code    26  tm_stm32f4_hd44780.o(.text)
    TM_HD44780_BlinkOff                      0x08003981   Thumb Code    26  tm_stm32f4_hd44780.o(.text)
    TM_HD44780_CursorOn                      0x0800399b   Thumb Code    26  tm_stm32f4_hd44780.o(.text)
    TM_HD44780_CursorOff                     0x080039b5   Thumb Code    26  tm_stm32f4_hd44780.o(.text)
    TM_HD44780_ScrollLeft                    0x080039cf   Thumb Code    10  tm_stm32f4_hd44780.o(.text)
    TM_HD44780_ScrollRight                   0x080039d9   Thumb Code    10  tm_stm32f4_hd44780.o(.text)
    TM_HD44780_CreateChar                    0x080039e3   Thumb Code    40  tm_stm32f4_hd44780.o(.text)
    TM_HD44780_PutCustom                     0x08003a0b   Thumb Code    24  tm_stm32f4_hd44780.o(.text)
    Reset_Handler                            0x08003a4d   Thumb Code     8  startup_stm32f407xx.o(.text)
    NMI_Handler                              0x08003a55   Thumb Code     2  startup_stm32f407xx.o(.text)
    HardFault_Handler                        0x08003a57   Thumb Code     2  startup_stm32f407xx.o(.text)
    MemManage_Handler                        0x08003a59   Thumb Code     2  startup_stm32f407xx.o(.text)
    BusFault_Handler                         0x08003a5b   Thumb Code     2  startup_stm32f407xx.o(.text)
    UsageFault_Handler                       0x08003a5d   Thumb Code     2  startup_stm32f407xx.o(.text)
    SVC_Handler                              0x08003a5f   Thumb Code     2  startup_stm32f407xx.o(.text)
    DebugMon_Handler                         0x08003a61   Thumb Code     2  startup_stm32f407xx.o(.text)
    PendSV_Handler                           0x08003a63   Thumb Code     2  startup_stm32f407xx.o(.text)
    ADC_IRQHandler                           0x08003a67   Thumb Code     0  startup_stm32f407xx.o(.text)
    CAN1_RX0_IRQHandler                      0x08003a67   Thumb Code     0  startup_stm32f407xx.o(.text)
    CAN1_RX1_IRQHandler                      0x08003a67   Thumb Code     0  startup_stm32f407xx.o(.text)
    CAN1_SCE_IRQHandler                      0x08003a67   Thumb Code     0  startup_stm32f407xx.o(.text)
    CAN1_TX_IRQHandler                       0x08003a67   Thumb Code     0  startup_stm32f407xx.o(.text)
    CAN2_RX0_IRQHandler                      0x08003a67   Thumb Code     0  startup_stm32f407xx.o(.text)
    CAN2_RX1_IRQHandler                      0x08003a67   Thumb Code     0  startup_stm32f407xx.o(.text)
    CAN2_SCE_IRQHandler                      0x08003a67   Thumb Code     0  startup_stm32f407xx.o(.text)
    CAN2_TX_IRQHandler                       0x08003a67   Thumb Code     0  startup_stm32f407xx.o(.text)
    DCMI_IRQHandler                          0x08003a67   Thumb Code     0  startup_stm32f407xx.o(.text)
    DMA1_Stream0_IRQHandler                  0x08003a67   Thumb Code     0  startup_stm32f407xx.o(.text)
    DMA1_Stream1_IRQHandler                  0x08003a67   Thumb Code     0  startup_stm32f407xx.o(.text)
    DMA1_Stream2_IRQHandler                  0x08003a67   Thumb Code     0  startup_stm32f407xx.o(.text)
    DMA1_Stream3_IRQHandler                  0x08003a67   Thumb Code     0  startup_stm32f407xx.o(.text)
    DMA1_Stream4_IRQHandler                  0x08003a67   Thumb Code     0  startup_stm32f407xx.o(.text)
    DMA1_Stream5_IRQHandler                  0x08003a67   Thumb Code     0  startup_stm32f407xx.o(.text)
    DMA1_Stream6_IRQHandler                  0x08003a67   Thumb Code     0  startup_stm32f407xx.o(.text)
    DMA1_Stream7_IRQHandler                  0x08003a67   Thumb Code     0  startup_stm32f407xx.o(.text)
    DMA2_Stream0_IRQHandler                  0x08003a67   Thumb Code     0  startup_stm32f407xx.o(.text)
    DMA2_Stream1_IRQHandler                  0x08003a67   Thumb Code     0  startup_stm32f407xx.o(.text)
    DMA2_Stream2_IRQHandler                  0x08003a67   Thumb Code     0  startup_stm32f407xx.o(.text)
    DMA2_Stream3_IRQHandler                  0x08003a67   Thumb Code     0  startup_stm32f407xx.o(.text)
    DMA2_Stream4_IRQHandler                  0x08003a67   Thumb Code     0  startup_stm32f407xx.o(.text)
    DMA2_Stream5_IRQHandler                  0x08003a67   Thumb Code     0  startup_stm32f407xx.o(.text)
    DMA2_Stream6_IRQHandler                  0x08003a67   Thumb Code     0  startup_stm32f407xx.o(.text)
    DMA2_Stream7_IRQHandler                  0x08003a67   Thumb Code     0  startup_stm32f407xx.o(.text)
    ETH_IRQHandler                           0x08003a67   Thumb Code     0  startup_stm32f407xx.o(.text)
    ETH_WKUP_IRQHandler                      0x08003a67   Thumb Code     0  startup_stm32f407xx.o(.text)
    EXTI0_IRQHandler                         0x08003a67   Thumb Code     0  startup_stm32f407xx.o(.text)
    EXTI1_IRQHandler                         0x08003a67   Thumb Code     0  startup_stm32f407xx.o(.text)
    EXTI2_IRQHandler                         0x08003a67   Thumb Code     0  startup_stm32f407xx.o(.text)
    EXTI3_IRQHandler                         0x08003a67   Thumb Code     0  startup_stm32f407xx.o(.text)
    EXTI4_IRQHandler                         0x08003a67   Thumb Code     0  startup_stm32f407xx.o(.text)
    FLASH_IRQHandler                         0x08003a67   Thumb Code     0  startup_stm32f407xx.o(.text)
    FMC_IRQHandler                           0x08003a67   Thumb Code     0  startup_stm32f407xx.o(.text)
    FPU_IRQHandler                           0x08003a67   Thumb Code     0  startup_stm32f407xx.o(.text)
    HASH_RNG_IRQHandler                      0x08003a67   Thumb Code     0  startup_stm32f407xx.o(.text)
    I2C1_ER_IRQHandler                       0x08003a67   Thumb Code     0  startup_stm32f407xx.o(.text)
    I2C1_EV_IRQHandler                       0x08003a67   Thumb Code     0  startup_stm32f407xx.o(.text)
    I2C2_ER_IRQHandler                       0x08003a67   Thumb Code     0  startup_stm32f407xx.o(.text)
    I2C2_EV_IRQHandler                       0x08003a67   Thumb Code     0  startup_stm32f407xx.o(.text)
    I2C3_ER_IRQHandler                       0x08003a67   Thumb Code     0  startup_stm32f407xx.o(.text)
    I2C3_EV_IRQHandler                       0x08003a67   Thumb Code     0  startup_stm32f407xx.o(.text)
    OTG_FS_IRQHandler                        0x08003a67   Thumb Code     0  startup_stm32f407xx.o(.text)
    OTG_FS_WKUP_IRQHandler                   0x08003a67   Thumb Code     0  startup_stm32f407xx.o(.text)
    OTG_HS_EP1_IN_IRQHandler                 0x08003a67   Thumb Code     0  startup_stm32f407xx.o(.text)
    OTG_HS_EP1_OUT_IRQHandler                0x08003a67   Thumb Code     0  startup_stm32f407xx.o(.text)
    OTG_HS_IRQHandler                        0x08003a67   Thumb Code     0  startup_stm32f407xx.o(.text)
    OTG_HS_WKUP_IRQHandler                   0x08003a67   Thumb Code     0  startup_stm32f407xx.o(.text)
    PVD_IRQHandler                           0x08003a67   Thumb Code     0  startup_stm32f407xx.o(.text)
    RCC_IRQHandler                           0x08003a67   Thumb Code     0  startup_stm32f407xx.o(.text)
    RTC_Alarm_IRQHandler                     0x08003a67   Thumb Code     0  startup_stm32f407xx.o(.text)
    RTC_WKUP_IRQHandler                      0x08003a67   Thumb Code     0  startup_stm32f407xx.o(.text)
    SDIO_IRQHandler                          0x08003a67   Thumb Code     0  startup_stm32f407xx.o(.text)
    SPI1_IRQHandler                          0x08003a67   Thumb Code     0  startup_stm32f407xx.o(.text)
    SPI2_IRQHandler                          0x08003a67   Thumb Code     0  startup_stm32f407xx.o(.text)
    SPI3_IRQHandler                          0x08003a67   Thumb Code     0  startup_stm32f407xx.o(.text)
    TAMP_STAMP_IRQHandler                    0x08003a67   Thumb Code     0  startup_stm32f407xx.o(.text)
    TIM1_BRK_TIM9_IRQHandler                 0x08003a67   Thumb Code     0  startup_stm32f407xx.o(.text)
    TIM1_CC_IRQHandler                       0x08003a67   Thumb Code     0  startup_stm32f407xx.o(.text)
    TIM1_TRG_COM_TIM11_IRQHandler            0x08003a67   Thumb Code     0  startup_stm32f407xx.o(.text)
    TIM1_UP_TIM10_IRQHandler                 0x08003a67   Thumb Code     0  startup_stm32f407xx.o(.text)
    TIM3_IRQHandler                          0x08003a67   Thumb Code     0  startup_stm32f407xx.o(.text)
    TIM4_IRQHandler                          0x08003a67   Thumb Code     0  startup_stm32f407xx.o(.text)
    TIM5_IRQHandler                          0x08003a67   Thumb Code     0  startup_stm32f407xx.o(.text)
    TIM7_IRQHandler                          0x08003a67   Thumb Code     0  startup_stm32f407xx.o(.text)
    TIM8_BRK_TIM12_IRQHandler                0x08003a67   Thumb Code     0  startup_stm32f407xx.o(.text)
    TIM8_CC_IRQHandler                       0x08003a67   Thumb Code     0  startup_stm32f407xx.o(.text)
    TIM8_TRG_COM_TIM14_IRQHandler            0x08003a67   Thumb Code     0  startup_stm32f407xx.o(.text)
    TIM8_UP_TIM13_IRQHandler                 0x08003a67   Thumb Code     0  startup_stm32f407xx.o(.text)
    UART4_IRQHandler                         0x08003a67   Thumb Code     0  startup_stm32f407xx.o(.text)
    UART5_IRQHandler                         0x08003a67   Thumb Code     0  startup_stm32f407xx.o(.text)
    USART1_IRQHandler                        0x08003a67   Thumb Code     0  startup_stm32f407xx.o(.text)
    USART2_IRQHandler                        0x08003a67   Thumb Code     0  startup_stm32f407xx.o(.text)
    USART6_IRQHandler                        0x08003a67   Thumb Code     0  startup_stm32f407xx.o(.text)
    WWDG_IRQHandler                          0x08003a67   Thumb Code     0  startup_stm32f407xx.o(.text)
    __user_initial_stackheap                 0x08003a69   Thumb Code     0  startup_stm32f407xx.o(.text)
    SystemInit                               0x08003b69   Thumb Code    88  system_stm32f4xx.o(.text)
    SystemCoreClockUpdate                    0x08003bc1   Thumb Code   174  system_stm32f4xx.o(.text)
    __I$use$semihosting                      0x08003c9d   Thumb Code     0  use_no_semi.o(.text)
    __use_no_semihosting_swi                 0x08003c9d   Thumb Code     2  use_no_semi.o(.text)
    malloc                                   0x08003c9f   Thumb Code    94  h1_alloc.o(.text)
    free                                     0x08003cfd   Thumb Code    78  h1_free.o(.text)
    __2sprintf                               0x08003d4d   Thumb Code    34  noretval__2sprintf.o(.text)
    _printf_str                              0x08003d75   Thumb Code    82  _printf_str.o(.text)
    __printf                                 0x08003dc7   Thumb Code   270  __printf_wp.o(.text)
    strlen                                   0x08003ed5   Thumb Code    62  strlen.o(.text)
    __aeabi_memcpy                           0x08003f13   Thumb Code     0  rt_memcpy_v6.o(.text)
    __rt_memcpy                              0x08003f13   Thumb Code   138  rt_memcpy_v6.o(.text)
    _memcpy_lastbytes                        0x08003f79   Thumb Code     0  rt_memcpy_v6.o(.text)
    __aeabi_memclr                           0x08003f9d   Thumb Code     0  rt_memclr.o(.text)
    __rt_memclr                              0x08003f9d   Thumb Code    68  rt_memclr.o(.text)
    _memset                                  0x08003fa1   Thumb Code     0  rt_memclr.o(.text)
    strcmp                                   0x08003fe1   Thumb Code   128  strcmpv7m.o(.text)
    __use_two_region_memory                  0x08004061   Thumb Code     2  heapauxi.o(.text)
    __rt_heap_escrow                         0x08004063   Thumb Code     2  heapauxi.o(.text)
    __rt_heap_expand                         0x08004065   Thumb Code     2  heapauxi.o(.text)
    __rt_heap_descriptor                     0x08004069   Thumb Code     8  rt_heap_descriptor_intlibspace.o(.text)
    __use_no_heap                            0x08004071   Thumb Code     2  hguard.o(.text)
    __heap$guard                             0x08004073   Thumb Code     2  hguard.o(.text)
    _terminate_user_alloc                    0x08004075   Thumb Code     2  init_alloc.o(.text)
    _init_user_alloc                         0x08004077   Thumb Code     2  init_alloc.o(.text)
    __Heap_Full                              0x08004079   Thumb Code    34  init_alloc.o(.text)
    __Heap_Broken                            0x0800409b   Thumb Code     6  init_alloc.o(.text)
    _init_alloc                              0x080040a1   Thumb Code    94  init_alloc.o(.text)
    __Heap_Initialize                        0x080040ff   Thumb Code    10  h1_init.o(.text)
    __Heap_DescSize                          0x08004109   Thumb Code     4  h1_init.o(.text)
    __lib_sel_fp_printf                      0x0800410d   Thumb Code     2  _printf_fp_dec.o(.text)
    _printf_fp_dec_real                      0x080042bb   Thumb Code   620  _printf_fp_dec.o(.text)
    _printf_char_common                      0x08004533   Thumb Code    32  _printf_char_common.o(.text)
    _sputc                                   0x08004559   Thumb Code    10  _sputc.o(.text)
    _printf_cs_common                        0x08004563   Thumb Code    20  _printf_char.o(.text)
    _printf_char                             0x08004577   Thumb Code    16  _printf_char.o(.text)
    _printf_string                           0x08004587   Thumb Code     8  _printf_char.o(.text)
    __aeabi_memcpy4                          0x0800458f   Thumb Code     0  rt_memcpy_w.o(.text)
    __aeabi_memcpy8                          0x0800458f   Thumb Code     0  rt_memcpy_w.o(.text)
    __rt_memcpy_w                            0x0800458f   Thumb Code   100  rt_memcpy_w.o(.text)
    _memcpy_lastbytes_aligned                0x080045d7   Thumb Code     0  rt_memcpy_w.o(.text)
    __aeabi_memclr4                          0x080045f3   Thumb Code     0  rt_memclr_w.o(.text)
    __aeabi_memclr8                          0x080045f3   Thumb Code     0  rt_memclr_w.o(.text)
    __rt_memclr_w                            0x080045f3   Thumb Code    78  rt_memclr_w.o(.text)
    _memset_w                                0x080045f7   Thumb Code     0  rt_memclr_w.o(.text)
    __user_libspace                          0x08004641   Thumb Code     8  libspace.o(.text)
    __user_perproc_libspace                  0x08004641   Thumb Code     0  libspace.o(.text)
    __user_perthread_libspace                0x08004641   Thumb Code     0  libspace.o(.text)
    __rt_locale                              0x08004649   Thumb Code     8  rt_locale_intlibspace.o(.text)
    __Heap_ProvideMemory                     0x08004651   Thumb Code    52  h1_extend.o(.text)
    _ll_udiv10                               0x08004685   Thumb Code   138  lludiv10.o(.text)
    _printf_fp_infnan                        0x08004711   Thumb Code   112  _printf_fp_infnan.o(.text)
    _btod_etento                             0x08004791   Thumb Code   216  bigflt0.o(.text)
    __rt_SIGRTMEM                            0x0800486d   Thumb Code    14  defsig_rtmem_outer.o(.text)
    __user_setup_stackheap                   0x0800487b   Thumb Code    74  sys_stackheap_outer.o(.text)
    exit                                     0x080048c5   Thumb Code    18  exit.o(.text)
    __sig_exit                               0x080048d7   Thumb Code    10  defsig_exit.o(.text)
    __rt_SIGRTMEM_inner                      0x080048e1   Thumb Code    22  defsig_rtmem_inner.o(.text)
    __default_signal_display                 0x08004931   Thumb Code    50  defsig_general.o(.text)
    _btod_d2e                                0x08004963   Thumb Code    62  btod.o(CL$$btod_d2e)
    _d2e_denorm_low                          0x080049a1   Thumb Code    70  btod.o(CL$$btod_d2e_denorm_low)
    _d2e_norm_op1                            0x080049e7   Thumb Code    96  btod.o(CL$$btod_d2e_norm_op1)
    __btod_div_common                        0x08004a47   Thumb Code   696  btod.o(CL$$btod_div_common)
    _e2e                                     0x08004d7f   Thumb Code   198  btod.o(CL$$btod_e2e)
    _btod_ediv                               0x08004e45   Thumb Code    40  btod.o(CL$$btod_ediv)
    _btod_emul                               0x08004e6d   Thumb Code    40  btod.o(CL$$btod_emul)
    __btod_mult_common                       0x08004e95   Thumb Code   580  btod.o(CL$$btod_mult_common)
    __ARM_fpclassify                         0x080050d9   Thumb Code    48  fpclassify.o(i.__ARM_fpclassify)
    _is_digit                                0x08005109   Thumb Code    14  __printf_wp.o(i._is_digit)
    _get_lc_numeric                          0x08005119   Thumb Code    44  lc_numeric_c.o(locale$$code)
    __aeabi_d2f                              0x08005145   Thumb Code     0  d2f.o(x$fpl$d2f)
    _d2f                                     0x08005145   Thumb Code    98  d2f.o(x$fpl$d2f)
    __aeabi_dadd                             0x080051a9   Thumb Code     0  daddsub_clz.o(x$fpl$dadd)
    _dadd                                    0x080051a9   Thumb Code   332  daddsub_clz.o(x$fpl$dadd)
    __aeabi_ddiv                             0x080052f9   Thumb Code     0  ddiv.o(x$fpl$ddiv)
    _ddiv                                    0x080052f9   Thumb Code   552  ddiv.o(x$fpl$ddiv)
    __aeabi_dmul                             0x080055a9   Thumb Code     0  dmul.o(x$fpl$dmul)
    _dmul                                    0x080055a9   Thumb Code   332  dmul.o(x$fpl$dmul)
    __fpl_dnaninf                            0x080056fd   Thumb Code   156  dnaninf.o(x$fpl$dnaninf)
    __fpl_dretinf                            0x08005799   Thumb Code    12  dretinf.o(x$fpl$dretinf)
    __aeabi_dsub                             0x080057a5   Thumb Code     0  daddsub_clz.o(x$fpl$dsub)
    _dsub                                    0x080057a5   Thumb Code   464  daddsub_clz.o(x$fpl$dsub)
    __aeabi_f2d                              0x08005979   Thumb Code     0  f2d.o(x$fpl$f2d)
    _f2d                                     0x08005979   Thumb Code    86  f2d.o(x$fpl$f2d)
    __fpl_fnaninf                            0x080059cf   Thumb Code   140  fnaninf.o(x$fpl$fnaninf)
    _fp_init                                 0x08005a5b   Thumb Code    10  fpinit.o(x$fpl$fpinit)
    __fplib_config_fpu_vfp                   0x08005a63   Thumb Code     0  fpinit.o(x$fpl$fpinit)
    __fplib_config_pureend_doubles           0x08005a63   Thumb Code     0  fpinit.o(x$fpl$fpinit)
    __fpl_fretinf                            0x08005a65   Thumb Code    10  fretinf.o(x$fpl$fretinf)
    _printf_fp_dec                           0x08005a6f   Thumb Code     4  printf1.o(x$fpl$printf1)
    __I$use$fp                               0x08005a72   Number         0  usenofp.o(x$fpl$usenofp)
    SWT_mask                                 0x08005a74   Data          32  swt.o(.constdata)
    AHBPrescTable                            0x08005a94   Data          16  system_stm32f4xx.o(.constdata)
    Region$$Table$$Base                      0x08005b38   Number         0  anon$$obj.o(Region$$Table)
    Region$$Table$$Limit                     0x08005b58   Number         0  anon$$obj.o(Region$$Table)
    ringbuffer                               0x20000000   Data           4  adc_leds.o(.data)
    state                                    0x20000004   Data           4  adc_leds.o(.data)
    GPIO_InitStructure                       0x20000028   Data           8  sig_gen.o(.data)
    sinetable                                0x20000030   Data         512  sig_gen.o(.data)
    pulse_width                              0x20000230   Data           2  sig_gen.o(.data)
    phase_accumulator                        0x20000234   Data           4  sig_gen.o(.data)
    angle                                    0x20000238   Data           1  sig_gen.o(.data)
    msTicks                                  0x2000023c   Data           4  utility.o(.data)
    TM_TimingDelay                           0x20000240   Data           4  tm_stm32f4_delay.o(.data)
    TM_Time                                  0x20000244   Data           4  tm_stm32f4_delay.o(.data)
    TM_Time2                                 0x20000248   Data           4  tm_stm32f4_delay.o(.data)
    mult                                     0x2000024c   Data           4  tm_stm32f4_delay.o(.data)
    TM_DELAY_Initialized                     0x20000250   Data           1  tm_stm32f4_delay.o(.data)
    SystemCoreClock                          0x20000258   Data           4  system_stm32f4xx.o(.data)
    line_buffer                              0x2000025c   Data          16  serial.o(.bss)
    unmalloc_buffer                          0x2000027c   Data         512  lcd_buffer.o(.bss)
    lcd_commandBuffer                        0x2000047c   Data          16  lcd_driver.o(.bss)
    USART_InitStructure                      0x2000048c   Data          16  sig_gen.o(.bss)
    TIM_TimeBaseStructure                    0x2000049c   Data          12  sig_gen.o(.bss)
    TIM_OCInitStructure                      0x200004a8   Data          20  sig_gen.o(.bss)
    __libspace_start                         0x200004ec   Data          96  libspace.o(.bss)
    __temporary_stack_top$libspace           0x2000054c   Data           0  libspace.o(.bss)



==============================================================================

Memory Map of the image

  Image Entry point : 0x08000189

  Load Region LR_IROM1 (Base: 0x08000000, Size: 0x00005dd0, Max: 0x00100000, ABSOLUTE, COMPRESSED[0x00005d24])

    Execution Region ER_IROM1 (Base: 0x08000000, Size: 0x00005b74, Max: 0x00100000, ABSOLUTE)

    Base Addr    Size         Type   Attr      Idx    E Section Name        Object

    0x08000000   0x00000188   Data   RO          794    RESET               startup_stm32f407xx.o
    0x08000188   0x00000008   Code   RO          939  * !!!main             c_w.l(__main.o)
    0x08000190   0x00000034   Code   RO         1243    !!!scatter          c_w.l(__scatter.o)
    0x080001c4   0x0000005a   Code   RO         1241    !!dczerorl2         c_w.l(__dczerorl2.o)
    0x0800021e   0x00000002   PAD
    0x08000220   0x0000001c   Code   RO         1245    !!handler_zi        c_w.l(__scatter_zi.o)
    0x0800023c   0x00000000   Code   RO          926    .ARM.Collect$$_printf_percent$$00000000  c_w.l(_printf_percent.o)
    0x0800023c   0x00000006   Code   RO          925    .ARM.Collect$$_printf_percent$$00000003  c_w.l(_printf_f.o)
    0x08000242   0x00000006   Code   RO          924    .ARM.Collect$$_printf_percent$$00000014  c_w.l(_printf_s.o)
    0x08000248   0x00000004   Code   RO         1009    .ARM.Collect$$_printf_percent$$00000017  c_w.l(_printf_percent_end.o)
    0x0800024c   0x00000002   Code   RO         1186    .ARM.Collect$$libinit$$00000000  c_w.l(libinit.o)
    0x0800024e   0x00000004   Code   RO         1020    .ARM.Collect$$libinit$$00000001  c_w.l(libinit2.o)
    0x08000252   0x00000000   Code   RO         1023    .ARM.Collect$$libinit$$00000004  c_w.l(libinit2.o)
    0x08000252   0x00000008   Code   RO         1024    .ARM.Collect$$libinit$$00000005  c_w.l(libinit2.o)
    0x0800025a   0x00000000   Code   RO         1026    .ARM.Collect$$libinit$$0000000A  c_w.l(libinit2.o)
    0x0800025a   0x00000000   Code   RO         1028    .ARM.Collect$$libinit$$0000000C  c_w.l(libinit2.o)
    0x0800025a   0x00000000   Code   RO         1030    .ARM.Collect$$libinit$$0000000E  c_w.l(libinit2.o)
    0x0800025a   0x00000006   Code   RO         1031    .ARM.Collect$$libinit$$0000000F  c_w.l(libinit2.o)
    0x08000260   0x00000000   Code   RO         1033    .ARM.Collect$$libinit$$00000011  c_w.l(libinit2.o)
    0x08000260   0x00000000   Code   RO         1035    .ARM.Collect$$libinit$$00000013  c_w.l(libinit2.o)
    0x08000260   0x00000000   Code   RO         1037    .ARM.Collect$$libinit$$00000015  c_w.l(libinit2.o)
    0x08000260   0x0000000a   Code   RO         1038    .ARM.Collect$$libinit$$00000016  c_w.l(libinit2.o)
    0x0800026a   0x00000000   Code   RO         1039    .ARM.Collect$$libinit$$00000017  c_w.l(libinit2.o)
    0x0800026a   0x00000000   Code   RO         1041    .ARM.Collect$$libinit$$00000019  c_w.l(libinit2.o)
    0x0800026a   0x00000000   Code   RO         1043    .ARM.Collect$$libinit$$0000001B  c_w.l(libinit2.o)
    0x0800026a   0x00000000   Code   RO         1045    .ARM.Collect$$libinit$$0000001D  c_w.l(libinit2.o)
    0x0800026a   0x00000000   Code   RO         1047    .ARM.Collect$$libinit$$0000001F  c_w.l(libinit2.o)
    0x0800026a   0x00000000   Code   RO         1049    .ARM.Collect$$libinit$$00000021  c_w.l(libinit2.o)
    0x0800026a   0x00000000   Code   RO         1051    .ARM.Collect$$libinit$$00000023  c_w.l(libinit2.o)
    0x0800026a   0x00000000   Code   RO         1053    .ARM.Collect$$libinit$$00000025  c_w.l(libinit2.o)
    0x0800026a   0x00000000   Code   RO         1057    .ARM.Collect$$libinit$$0000002C  c_w.l(libinit2.o)
    0x0800026a   0x00000000   Code   RO         1059    .ARM.Collect$$libinit$$0000002E  c_w.l(libinit2.o)
    0x0800026a   0x00000000   Code   RO         1061    .ARM.Collect$$libinit$$00000030  c_w.l(libinit2.o)
    0x0800026a   0x00000000   Code   RO         1063    .ARM.Collect$$libinit$$00000032  c_w.l(libinit2.o)
    0x0800026a   0x00000002   Code   RO         1064    .ARM.Collect$$libinit$$00000033  c_w.l(libinit2.o)
    0x0800026c   0x00000002   Code   RO         1238    .ARM.Collect$$libshutdown$$00000000  c_w.l(libshutdown.o)
    0x0800026e   0x00000000   Code   RO         1198    .ARM.Collect$$libshutdown$$00000002  c_w.l(libshutdown2.o)
    0x0800026e   0x00000000   Code   RO         1200    .ARM.Collect$$libshutdown$$00000004  c_w.l(libshutdown2.o)
    0x0800026e   0x00000000   Code   RO         1203    .ARM.Collect$$libshutdown$$00000007  c_w.l(libshutdown2.o)
    0x0800026e   0x00000000   Code   RO         1206    .ARM.Collect$$libshutdown$$0000000A  c_w.l(libshutdown2.o)
    0x0800026e   0x00000000   Code   RO         1208    .ARM.Collect$$libshutdown$$0000000C  c_w.l(libshutdown2.o)
    0x0800026e   0x00000000   Code   RO         1211    .ARM.Collect$$libshutdown$$0000000F  c_w.l(libshutdown2.o)
    0x0800026e   0x00000002   Code   RO         1212    .ARM.Collect$$libshutdown$$00000010  c_w.l(libshutdown2.o)
    0x08000270   0x00000000   Code   RO          975    .ARM.Collect$$rtentry$$00000000  c_w.l(__rtentry.o)
    0x08000270   0x00000000   Code   RO         1082    .ARM.Collect$$rtentry$$00000002  c_w.l(__rtentry2.o)
    0x08000270   0x00000006   Code   RO         1094    .ARM.Collect$$rtentry$$00000004  c_w.l(__rtentry4.o)
    0x08000276   0x00000000   Code   RO         1084    .ARM.Collect$$rtentry$$00000009  c_w.l(__rtentry2.o)
    0x08000276   0x00000004   Code   RO         1085    .ARM.Collect$$rtentry$$0000000A  c_w.l(__rtentry2.o)
    0x0800027a   0x00000000   Code   RO         1087    .ARM.Collect$$rtentry$$0000000C  c_w.l(__rtentry2.o)
    0x0800027a   0x00000008   Code   RO         1088    .ARM.Collect$$rtentry$$0000000D  c_w.l(__rtentry2.o)
    0x08000282   0x00000002   Code   RO         1187    .ARM.Collect$$rtexit$$00000000  c_w.l(rtexit.o)
    0x08000284   0x00000000   Code   RO         1214    .ARM.Collect$$rtexit$$00000002  c_w.l(rtexit2.o)
    0x08000284   0x00000004   Code   RO         1215    .ARM.Collect$$rtexit$$00000003  c_w.l(rtexit2.o)
    0x08000288   0x00000006   Code   RO         1216    .ARM.Collect$$rtexit$$00000004  c_w.l(rtexit2.o)
    0x0800028e   0x00000002   PAD
    0x08000290   0x00000000   Code   RO         1103    .emb_text           c_w.l(maybetermalloc1.o)
    0x08000290   0x000002ec   Code   RO            4    .text               adc_leds.o
    0x0800057c   0x00000064   Code   RO          182    .text               swt.o
    0x080005e0   0x00000200   Code   RO          228    .text               serial.o
    0x080007e0   0x00000044   Code   RO          263    .text               retarget.o
    0x08000824   0x000000a8   Code   RO          291    .text               lcd_buffer.o
    0x080008cc   0x000004d0   Code   RO          309    .text               lcd_driver.o
    0x08000d9c   0x000001ac   Code   RO          347    .text               adc.o
    0x08000f48   0x00000294   Code   RO          371    .text               stm32f4xx_gpio.o
    0x080011dc   0x000000e0   Code   RO          395    .text               misc.o
    0x080012bc   0x0000065c   Code   RO          419    .text               stm32f4xx_rcc.o
    0x08001918   0x00000454   Code   RO          445    .text               stm32f4xx_usart.o
    0x08001d6c   0x0000029c   Code   RO          469    .text               sig_gen.o
    0x08002008   0x00000ca2   Code   RO          501    .text               stm32f4xx_tim.o
    0x08002caa   0x00000002   PAD
    0x08002cac   0x000000c0   Code   RO          525    .text               utility.o
    0x08002d6c   0x00000110   Code   RO          552    .text               stm32f4xx_exti.o
    0x08002e7c   0x00000094   Code   RO          576    .text               stm32f4xx_syscfg.o
    0x08002f10   0x00000214   Code   RO          600    .text               board_init.o
    0x08003124   0x00000254   Code   RO          666    .text               tm_stm32f4_delay.o
    0x08003378   0x00000300   Code   RO          706    .text               tm_stm32f4_gpio.o
    0x08003678   0x000003d4   Code   RO          735    .text               tm_stm32f4_hd44780.o
    0x08003a4c   0x00000040   Code   RO          795    .text               startup_stm32f407xx.o
    0x08003a8c   0x00000210   Code   RO          802    .text               system_stm32f4xx.o
    0x08003c9c   0x00000002   Code   RO          832    .text               c_w.l(use_no_semi.o)
    0x08003c9e   0x0000005e   Code   RO          838    .text               c_w.l(h1_alloc.o)
    0x08003cfc   0x0000004e   Code   RO          840    .text               c_w.l(h1_free.o)
    0x08003d4a   0x00000002   PAD
    0x08003d4c   0x00000028   Code   RO          898    .text               c_w.l(noretval__2sprintf.o)
    0x08003d74   0x00000052   Code   RO          902    .text               c_w.l(_printf_str.o)
    0x08003dc6   0x0000010e   Code   RO          912    .text               c_w.l(__printf_wp.o)
    0x08003ed4   0x0000003e   Code   RO          929    .text               c_w.l(strlen.o)
    0x08003f12   0x0000008a   Code   RO          931    .text               c_w.l(rt_memcpy_v6.o)
    0x08003f9c   0x00000044   Code   RO          933    .text               c_w.l(rt_memclr.o)
    0x08003fe0   0x00000080   Code   RO          935    .text               c_w.l(strcmpv7m.o)
    0x08004060   0x00000006   Code   RO          937    .text               c_w.l(heapauxi.o)
    0x08004066   0x00000002   PAD
    0x08004068   0x00000008   Code   RO          979    .text               c_w.l(rt_heap_descriptor_intlibspace.o)
    0x08004070   0x00000004   Code   RO          981    .text               c_w.l(hguard.o)
    0x08004074   0x0000008a   Code   RO          983    .text               c_w.l(init_alloc.o)
    0x080040fe   0x0000000e   Code   RO          987    .text               c_w.l(h1_init.o)
    0x0800410c   0x0000041a   Code   RO         1001    .text               c_w.l(_printf_fp_dec.o)
    0x08004526   0x00000002   PAD
    0x08004528   0x00000030   Code   RO         1003    .text               c_w.l(_printf_char_common.o)
    0x08004558   0x0000000a   Code   RO         1005    .text               c_w.l(_sputc.o)
    0x08004562   0x0000002c   Code   RO         1007    .text               c_w.l(_printf_char.o)
    0x0800458e   0x00000064   Code   RO         1014    .text               c_w.l(rt_memcpy_w.o)
    0x080045f2   0x0000004e   Code   RO         1016    .text               c_w.l(rt_memclr_w.o)
    0x08004640   0x00000008   Code   RO         1078    .text               c_w.l(libspace.o)
    0x08004648   0x00000008   Code   RO         1099    .text               c_w.l(rt_locale_intlibspace.o)
    0x08004650   0x00000034   Code   RO         1105    .text               c_w.l(h1_extend.o)
    0x08004684   0x0000008a   Code   RO         1109    .text               c_w.l(lludiv10.o)
    0x0800470e   0x00000002   PAD
    0x08004710   0x00000080   Code   RO         1111    .text               c_w.l(_printf_fp_infnan.o)
    0x08004790   0x000000dc   Code   RO         1115    .text               c_w.l(bigflt0.o)
    0x0800486c   0x0000000e   Code   RO         1147    .text               c_w.l(defsig_rtmem_outer.o)
    0x0800487a   0x0000004a   Code   RO         1163    .text               c_w.l(sys_stackheap_outer.o)
    0x080048c4   0x00000012   Code   RO         1169    .text               c_w.l(exit.o)
    0x080048d6   0x0000000a   Code   RO         1171    .text               c_w.l(defsig_exit.o)
    0x080048e0   0x00000050   Code   RO         1175    .text               c_w.l(defsig_rtmem_inner.o)
    0x08004930   0x00000032   Code   RO         1195    .text               c_w.l(defsig_general.o)
    0x08004962   0x0000003e   Code   RO         1118    CL$$btod_d2e        c_w.l(btod.o)
    0x080049a0   0x00000046   Code   RO         1120    CL$$btod_d2e_denorm_low  c_w.l(btod.o)
    0x080049e6   0x00000060   Code   RO         1119    CL$$btod_d2e_norm_op1  c_w.l(btod.o)
    0x08004a46   0x00000338   Code   RO         1128    CL$$btod_div_common  c_w.l(btod.o)
    0x08004d7e   0x000000c6   Code   RO         1125    CL$$btod_e2e        c_w.l(btod.o)
    0x08004e44   0x00000028   Code   RO         1122    CL$$btod_ediv       c_w.l(btod.o)
    0x08004e6c   0x00000028   Code   RO         1121    CL$$btod_emul       c_w.l(btod.o)
    0x08004e94   0x00000244   Code   RO         1127    CL$$btod_mult_common  c_w.l(btod.o)
    0x080050d8   0x00000030   Code   RO         1160    i.__ARM_fpclassify  m_wm.l(fpclassify.o)
    0x08005108   0x0000000e   Code   RO          914    i._is_digit         c_w.l(__printf_wp.o)
    0x08005116   0x00000002   PAD
    0x08005118   0x0000002c   Code   RO         1141    locale$$code        c_w.l(lc_numeric_c.o)
    0x08005144   0x00000062   Code   RO          941    x$fpl$d2f           fz_wm.l(d2f.o)
    0x080051a6   0x00000002   PAD
    0x080051a8   0x00000150   Code   RO          943    x$fpl$dadd          fz_wm.l(daddsub_clz.o)
    0x080052f8   0x000002b0   Code   RO          950    x$fpl$ddiv          fz_wm.l(ddiv.o)
    0x080055a8   0x00000154   Code   RO          967    x$fpl$dmul          fz_wm.l(dmul.o)
    0x080056fc   0x0000009c   Code   RO         1067    x$fpl$dnaninf       fz_wm.l(dnaninf.o)
    0x08005798   0x0000000c   Code   RO         1069    x$fpl$dretinf       fz_wm.l(dretinf.o)
    0x080057a4   0x000001d4   Code   RO          945    x$fpl$dsub          fz_wm.l(daddsub_clz.o)
    0x08005978   0x00000056   Code   RO          969    x$fpl$f2d           fz_wm.l(f2d.o)
    0x080059ce   0x0000008c   Code   RO         1071    x$fpl$fnaninf       fz_wm.l(fnaninf.o)
    0x08005a5a   0x0000000a   Code   RO         1156    x$fpl$fpinit        fz_wm.l(fpinit.o)
    0x08005a64   0x0000000a   Code   RO         1073    x$fpl$fretinf       fz_wm.l(fretinf.o)
    0x08005a6e   0x00000004   Code   RO          971    x$fpl$printf1       fz_wm.l(printf1.o)
    0x08005a72   0x00000000   Code   RO         1075    x$fpl$usenofp       fz_wm.l(usenofp.o)
    0x08005a72   0x00000002   PAD
    0x08005a74   0x00000020   Data   RO          183    .constdata          swt.o
    0x08005a94   0x00000010   Data   RO          803    .constdata          system_stm32f4xx.o
    0x08005aa4   0x00000094   Data   RO         1116    .constdata          c_w.l(bigflt0.o)
    0x08005b38   0x00000020   Data   RO         1239    Region$$Table       anon$$obj.o
    0x08005b58   0x0000001c   Data   RO         1140    locale$$data        c_w.l(lc_numeric_c.o)


    Execution Region RW_IRAM1 (Base: 0x20000000, Size: 0x00000b50, Max: 0x00020000, ABSOLUTE, COMPRESSED[0x000001b0])

    Base Addr    Size         Type   Attr      Idx    E Section Name        Object

    0x20000000   0x00000008   Data   RW            5    .data               adc_leds.o
    0x20000008   0x00000004   Data   RW          230    .data               serial.o
    0x2000000c   0x00000009   Data   RW          311    .data               lcd_driver.o
    0x20000015   0x00000010   Data   RW          420    .data               stm32f4xx_rcc.o
    0x20000025   0x00000003   PAD
    0x20000028   0x00000211   Data   RW          471    .data               sig_gen.o
    0x20000239   0x00000003   PAD
    0x2000023c   0x00000004   Data   RW          526    .data               utility.o
    0x20000240   0x00000011   Data   RW          668    .data               tm_stm32f4_delay.o
    0x20000251   0x00000007   Data   RW          736    .data               tm_stm32f4_hd44780.o
    0x20000258   0x00000004   Data   RW          804    .data               system_stm32f4xx.o
    0x2000025c   0x0000001f   Zero   RW          229    .bss                serial.o
    0x2000027b   0x00000001   PAD
    0x2000027c   0x00000200   Zero   RW          292    .bss                lcd_buffer.o
    0x2000047c   0x00000010   Zero   RW          310    .bss                lcd_driver.o
    0x2000048c   0x00000030   Zero   RW          470    .bss                sig_gen.o
    0x200004bc   0x00000018   Zero   RW          667    .bss                tm_stm32f4_delay.o
    0x200004d4   0x00000016   Zero   RW          707    .bss                tm_stm32f4_gpio.o
    0x200004ea   0x00000002   PAD
    0x200004ec   0x00000060   Zero   RW         1079    .bss                c_w.l(libspace.o)
    0x2000054c   0x00000004   PAD
    0x20000550   0x00000200   Zero   RW          793    HEAP                startup_stm32f407xx.o
    0x20000750   0x00000400   Zero   RW          792    STACK               startup_stm32f407xx.o


==============================================================================

Image component sizes


      Code (inc. data)   RO Data    RW Data    ZI Data      Debug   Object Name

       428         20          0          0          0       2173   adc.o
       748        156          0          8          0     297955   adc_leds.o
       532         20          0          0          0      27695   board_init.o
       168          4          0          0        512       2322   lcd_buffer.o
      1232         70          0          9         16      30093   lcd_driver.o
       224         20          0          0          0       1941   misc.o
        68          4          0          0          0       2942   retarget.o
       512         34          0          4         31       2211   serial.o
       668         50          0        529         48       2674   sig_gen.o
        64         26        392          0       1536        848   startup_stm32f407xx.o
       272         10          0          0          0       2407   stm32f4xx_exti.o
       660         44          0          0          0       4277   stm32f4xx_gpio.o
      1628         52          0         16          0      13232   stm32f4xx_rcc.o
       148         12          0          0          0       1889   stm32f4xx_syscfg.o
      3234         60          0          0          0      23136   stm32f4xx_tim.o
      1108         34          0          0          0       8004   stm32f4xx_usart.o
       100         18         32          0          0       1440   swt.o
       528         46         16          4          0       1835   system_stm32f4xx.o
       596         36          0         17         24       6659   tm_stm32f4_delay.o
       768         10          0          0         22       7624   tm_stm32f4_gpio.o
       980         22          0          7          0       6710   tm_stm32f4_hd44780.o
       192          6          0          4          0       1688   utility.o

    ----------------------------------------------------------------------
     14860        754        472        604       2192     449755   Object Totals
         0          0         32          0          0          0   (incl. Generated)
         2          0          0          6          3          0   (incl. Padding)

    ----------------------------------------------------------------------

      Code (inc. data)   RO Data    RW Data    ZI Data      Debug   Library Member Name

        90          0          0          0          0          0   __dczerorl2.o
         8          0          0          0          0         68   __main.o
       284          0          0          0          0        156   __printf_wp.o
         0          0          0          0          0          0   __rtentry.o
        12          0          0          0          0          0   __rtentry2.o
         6          0          0          0          0          0   __rtentry4.o
        52          8          0          0          0          0   __scatter.o
        28          0          0          0          0          0   __scatter_zi.o
        44          0          0          0          0        108   _printf_char.o
        48          6          0          0          0         96   _printf_char_common.o
         6          0          0          0          0          0   _printf_f.o
      1050          0          0          0          0        216   _printf_fp_dec.o
       128         16          0          0          0         84   _printf_fp_infnan.o
         0          0          0          0          0          0   _printf_percent.o
         4          0          0          0          0          0   _printf_percent_end.o
         6          0          0          0          0          0   _printf_s.o
        82          0          0          0          0         80   _printf_str.o
        10          0          0          0          0         68   _sputc.o
       220          4        148          0          0         96   bigflt0.o
      1910        128          0          0          0        672   btod.o
        10          0          0          0          0         68   defsig_exit.o
        50          0          0          0          0         88   defsig_general.o
        80         58          0          0          0         76   defsig_rtmem_inner.o
        14          0          0          0          0         80   defsig_rtmem_outer.o
        18          0          0          0          0         80   exit.o
        94          0          0          0          0         80   h1_alloc.o
        52          0          0          0          0         68   h1_extend.o
        78          0          0          0          0         80   h1_free.o
        14          0          0          0          0         84   h1_init.o
         6          0          0          0          0        152   heapauxi.o
         4          0          0          0          0        136   hguard.o
       138          0          0          0          0        168   init_alloc.o
        44         10         28          0          0         76   lc_numeric_c.o
         2          0          0          0          0          0   libinit.o
        30          0          0          0          0          0   libinit2.o
         2          0          0          0          0          0   libshutdown.o
         2          0          0          0          0          0   libshutdown2.o
         8          4          0          0         96         68   libspace.o
       138          0          0          0          0         80   lludiv10.o
         0          0          0          0          0          0   maybetermalloc1.o
        40          6          0          0          0         84   noretval__2sprintf.o
         8          4          0          0          0         68   rt_heap_descriptor_intlibspace.o
         8          4          0          0          0         68   rt_locale_intlibspace.o
        68          0          0          0          0         68   rt_memclr.o
        78          0          0          0          0         80   rt_memclr_w.o
       138          0          0          0          0         68   rt_memcpy_v6.o
       100          0          0          0          0         80   rt_memcpy_w.o
         2          0          0          0          0          0   rtexit.o
        10          0          0          0          0          0   rtexit2.o
       128          0          0          0          0         68   strcmpv7m.o
        62          0          0          0          0         76   strlen.o
        74          0          0          0          0         80   sys_stackheap_outer.o
         2          0          0          0          0         68   use_no_semi.o
        98          4          0          0          0        140   d2f.o
       804         16          0          0          0        368   daddsub_clz.o
       688        140          0          0          0        256   ddiv.o
       340         12          0          0          0        152   dmul.o
       156          4          0          0          0        140   dnaninf.o
        12          0          0          0          0        116   dretinf.o
        86          4          0          0          0        132   f2d.o
       140          4          0          0          0        132   fnaninf.o
        10          0          0          0          0        116   fpinit.o
        10          0          0          0          0        116   fretinf.o
         4          0          0          0          0        116   printf1.o
         0          0          0          0          0          0   usenofp.o
        48          0          0          0          0        124   fpclassify.o

    ----------------------------------------------------------------------
      7904        432        176          0        100       5744   Library Totals
        18          0          0          0          4          0   (incl. Padding)

    ----------------------------------------------------------------------

      Code (inc. data)   RO Data    RW Data    ZI Data      Debug   Library Name

      5490        248        176          0         96       3836   c_w.l
      2348        184          0          0          0       1784   fz_wm.l
        48          0          0          0          0        124   m_wm.l

    ----------------------------------------------------------------------
      7904        432        176          0        100       5744   Library Totals

    ----------------------------------------------------------------------

==============================================================================


      Code (inc. data)   RO Data    RW Data    ZI Data      Debug   

     22764       1186        648        604       2292     446515   Grand Totals
     22764       1186        648        432       2292     446515   ELF Image Totals (compressed)
     22764       1186        648        432          0          0   ROM Totals

==============================================================================

    Total RO  Size (Code + RO Data)                23412 (  22.86kB)
    Total RW  Size (RW Data + ZI Data)              2896 (   2.83kB)
    Total ROM Size (Code + RO Data + RW Data)      23844 (  23.29kB)

==============================================================================

