ARM Linker, 5.02 [Build 28] [MDK-ARM Lite]

==============================================================================

Section Cross References

    startup_stm32f4xx.o(RESET) refers to startup_stm32f4xx.o(STACK) for __initial_sp
    startup_stm32f4xx.o(RESET) refers to startup_stm32f4xx.o(.text) for Reset_Handler
    startup_stm32f4xx.o(RESET) refers to main.o(.text) for SysTick_Handler
    startup_stm32f4xx.o(.text) refers to system_stm32f4xx.o(.text) for SystemInit
    startup_stm32f4xx.o(.text) refers to entry.o(.ARM.Collect$$$$00000000) for __main
    system_stm32f4xx.o(.text) refers to system_stm32f4xx.o(.data) for .data
    i2c.o(.text) refers to stm32f4xx_rcc.o(.text) for RCC_APB1PeriphClockCmd
    i2c.o(.text) refers to stm32f4xx_gpio.o(.text) for GPIO_Init
    i2c.o(.text) refers to stm32f4xx_i2c.o(.text) for I2C_Init
    lcd.o(.text) refers to stm32f4xx_rcc.o(.text) for RCC_AHB1PeriphClockCmd
    lcd.o(.text) refers to stm32f4xx_gpio.o(.text) for GPIO_Init
    lcd.o(.text) refers to main.o(.text) for Delay_Millis
    sensors.o(.text) refers to i2c.o(.text) for I2C_start
    sensors.o(.text) refers to main.o(.text) for Delay_Millis
    sensors.o(.text) refers to dfltui.o(.text) for __aeabi_ui2d
    sensors.o(.text) refers to pow.o(i.__hardfp_pow) for __hardfp_pow
    sensors.o(.text) refers to dmul.o(.text) for __aeabi_dmul
    main.o(.text) refers to stm32f4xx_gpio.o(.text) for GPIO_SetBits
    main.o(.text) refers to sensors.o(.text) for I2C_GPIO_Direction
    main.o(.text) refers to lcd.o(.text) for LCD_GotoXY
    main.o(.text) refers to stm32f4xx_rcc.o(.text) for RCC_AHB1PeriphClockCmd
    main.o(.text) refers to system_stm32f4xx.o(.text) for SystemCoreClockUpdate
    main.o(.text) refers to i2c.o(.text) for Init_I2C3
    main.o(.text) refers to printfa.o(i.__0sprintf) for __2sprintf
    main.o(.text) refers to main.o(.data) for .data
    main.o(.text) refers to system_stm32f4xx.o(.data) for SystemCoreClock
    stm32f4xx_adc.o(.text) refers to stm32f4xx_rcc.o(.text) for RCC_APB2PeriphResetCmd
    stm32f4xx_gpio.o(.text) refers to stm32f4xx_rcc.o(.text) for RCC_AHB1PeriphResetCmd
    stm32f4xx_i2c.o(.text) refers to stm32f4xx_rcc.o(.text) for RCC_APB1PeriphResetCmd
    stm32f4xx_rcc.o(.text) refers to stm32f4xx_rcc.o(.data) for .data
    stm32f4xx_syscfg.o(.text) refers to stm32f4xx_rcc.o(.text) for RCC_APB2PeriphResetCmd
    stm32f4xx_tim.o(.text) refers to stm32f4xx_rcc.o(.text) for RCC_APB2PeriphResetCmd
    stm32f4xx_usart.o(.text) refers to stm32f4xx_rcc.o(.text) for RCC_APB2PeriphResetCmd
    stm32f4xx_sdio.o(.text) refers to stm32f4xx_rcc.o(.text) for RCC_APB2PeriphResetCmd
    stm32f4xx_can.o(.text) refers to stm32f4xx_rcc.o(.text) for RCC_APB1PeriphResetCmd
    stm32f4_discovery.o(.text) refers to stm32f4xx_rcc.o(.text) for RCC_AHB1PeriphClockCmd
    stm32f4_discovery.o(.text) refers to stm32f4xx_gpio.o(.text) for GPIO_Init
    stm32f4_discovery.o(.text) refers to stm32f4xx_syscfg.o(.text) for SYSCFG_EXTILineConfig
    stm32f4_discovery.o(.text) refers to stm32f4xx_exti.o(.text) for EXTI_Init
    stm32f4_discovery.o(.text) refers to misc.o(.text) for NVIC_Init
    stm32f4_discovery.o(.text) refers to stm32f4xx_usart.o(.text) for USART_Init
    stm32f4_discovery.o(.text) refers to stm32f4xx_sdio.o(.text) for SDIO_ClockCmd
    stm32f4_discovery.o(.text) refers to stm32f4xx_dma.o(.text) for DMA_ClearFlag
    stm32f4_discovery.o(.text) refers to stm32f4_discovery.o(.constdata) for .constdata
    stm32f4_discovery.o(.text) refers to stm32f4_discovery.o(.data) for .data
    stm32f4_discovery_debug.o(.text) refers to stm32f4_discovery.o(.text) for STM_EVAL_COMInit
    stm32f4_discovery_debug.o(.text) refers to printfa.o(i.__0printf) for __2printf
    stm32f4_discovery_debug.o(.text) refers to stm32f4xx_usart.o(.text) for USART_GetFlagStatus
    stm32f4_discovery_sdio_sd.o(.text) refers to stm32f4_discovery.o(.text) for SD_LowLevel_DeInit
    stm32f4_discovery_sdio_sd.o(.text) refers to stm32f4xx_sdio.o(.text) for SDIO_ClearFlag
    stm32f4_discovery_sdio_sd.o(.text) refers to stm32f4_discovery_sdio_sd.o(.bss) for .bss
    stm32f4_discovery_sdio_sd.o(.text) refers to stm32f4_discovery_sdio_sd.o(.data) for .data
    stm32f4_discovery_sdio_sd.o(.text) refers to stm32f4xx_gpio.o(.text) for GPIO_ReadInputDataBit
    stm32f4_discovery_sdio_sd.o(.text) refers to stm32f4xx_dma.o(.text) for DMA_ClearFlag
    pow.o(i.__hardfp_pow) refers (Special) to iusefp.o(.text) for __I$use$fp
    pow.o(i.__hardfp_pow) refers to dadd.o(.text) for __aeabi_dadd
    pow.o(i.__hardfp_pow) refers to errno.o(i.__set_errno) for __set_errno
    pow.o(i.__hardfp_pow) refers to dmul.o(.text) for __aeabi_dmul
    pow.o(i.__hardfp_pow) refers to ddiv.o(.text) for __aeabi_ddiv
    pow.o(i.__hardfp_pow) refers to sqrt.o(i.sqrt) for sqrt
    pow.o(i.__hardfp_pow) refers to fabs.o(i.fabs) for fabs
    pow.o(i.__hardfp_pow) refers to dunder.o(i.__mathlib_dbl_underflow) for __mathlib_dbl_underflow
    pow.o(i.__hardfp_pow) refers to qnan.o(.constdata) for __mathlib_zero
    pow.o(i.__hardfp_pow) refers to poly.o(i.__kernel_poly) for __kernel_poly
    pow.o(i.__hardfp_pow) refers to dflti.o(.text) for __aeabi_i2d
    pow.o(i.__hardfp_pow) refers to pow.o(.constdata) for .constdata
    pow.o(i.__hardfp_pow) refers to cdrcmple.o(.text) for __aeabi_cdrcmple
    pow.o(i.__hardfp_pow) refers to dscalb.o(.text) for __ARM_scalbn
    pow.o(i.__hardfp_pow) refers to fpclassify.o(i.__ARM_fpclassify) for __ARM_fpclassify
    pow.o(i.__softfp_pow) refers (Special) to iusefp.o(.text) for __I$use$fp
    pow.o(i.__softfp_pow) refers to pow.o(i.__hardfp_pow) for __hardfp_pow
    pow.o(i.pow) refers (Special) to iusefp.o(.text) for __I$use$fp
    pow.o(i.pow) refers to pow.o(i.__hardfp_pow) for __hardfp_pow
    pow.o(.constdata) refers (Special) to iusefp.o(.text) for __I$use$fp
    pow_x.o(i.____hardfp_pow$lsc) refers (Special) to iusefp.o(.text) for __I$use$fp
    pow_x.o(i.____hardfp_pow$lsc) refers to dadd.o(.text) for __aeabi_dadd
    pow_x.o(i.____hardfp_pow$lsc) refers to errno.o(i.__set_errno) for __set_errno
    pow_x.o(i.____hardfp_pow$lsc) refers to ddiv.o(.text) for __aeabi_ddiv
    pow_x.o(i.____hardfp_pow$lsc) refers to sqrt.o(i.sqrt) for sqrt
    pow_x.o(i.____hardfp_pow$lsc) refers to fabs.o(i.fabs) for fabs
    pow_x.o(i.____hardfp_pow$lsc) refers to dflti.o(.text) for __aeabi_i2d
    pow_x.o(i.____hardfp_pow$lsc) refers to dmul.o(.text) for __aeabi_dmul
    pow_x.o(i.____hardfp_pow$lsc) refers to qnan.o(.constdata) for __mathlib_zero
    pow_x.o(i.____hardfp_pow$lsc) refers to poly.o(i.__kernel_poly) for __kernel_poly
    pow_x.o(i.____hardfp_pow$lsc) refers to pow_x.o(.constdata) for .constdata
    pow_x.o(i.____hardfp_pow$lsc) refers to cdrcmple.o(.text) for __aeabi_cdrcmple
    pow_x.o(i.____hardfp_pow$lsc) refers to dscalb.o(.text) for __ARM_scalbn
    pow_x.o(i.____softfp_pow$lsc) refers (Special) to iusefp.o(.text) for __I$use$fp
    pow_x.o(i.____softfp_pow$lsc) refers to pow_x.o(i.____hardfp_pow$lsc) for ____hardfp_pow$lsc
    pow_x.o(i.__pow$lsc) refers (Special) to iusefp.o(.text) for __I$use$fp
    pow_x.o(i.__pow$lsc) refers to pow_x.o(i.____hardfp_pow$lsc) for ____hardfp_pow$lsc
    pow_x.o(.constdata) refers (Special) to iusefp.o(.text) for __I$use$fp
    entry.o(.ARM.Collect$$$$00000000) refers (Special) to entry7b.o(.ARM.Collect$$$$00000008) for _main_clock
    entry.o(.ARM.Collect$$$$00000000) refers (Special) to entry8.o(.ARM.Collect$$$$00000009) for _main_init
    entry.o(.ARM.Collect$$$$00000000) refers (Special) to entry5.o(.ARM.Collect$$$$00000004) for _main_scatterload
    entry.o(.ARM.Collect$$$$00000000) refers (Special) to entry2.o(.ARM.Collect$$$$00000001) for _main_stk
    printfb.o(i.__0fprintf$bare) refers to printfb.o(i._printf_core) for _printf_core
    printfb.o(i.__0fprintf$bare) refers to stm32f4_discovery_debug.o(.text) for fputc
    printfb.o(i.__0printf$bare) refers to printfb.o(i._printf_core) for _printf_core
    printfb.o(i.__0printf$bare) refers to stm32f4_discovery_debug.o(.text) for fputc
    printfb.o(i.__0printf$bare) refers to stdout.o(.data) for __stdout
    printfb.o(i.__0snprintf$bare) refers to printfb.o(i._printf_core) for _printf_core
    printfb.o(i.__0snprintf$bare) refers to printfb.o(i._snputc) for _snputc
    printfb.o(i.__0sprintf$bare) refers to printfb.o(i._printf_core) for _printf_core
    printfb.o(i.__0sprintf$bare) refers to printfb.o(i._sputc) for _sputc
    printfb.o(i.__0vfprintf$bare) refers to printfb.o(i._printf_core) for _printf_core
    printfb.o(i.__0vfprintf$bare) refers to stm32f4_discovery_debug.o(.text) for fputc
    printfb.o(i.__0vprintf$bare) refers to printfb.o(i._printf_core) for _printf_core
    printfb.o(i.__0vprintf$bare) refers to stm32f4_discovery_debug.o(.text) for fputc
    printfb.o(i.__0vprintf$bare) refers to stdout.o(.data) for __stdout
    printfb.o(i.__0vsnprintf$bare) refers to printfb.o(i._printf_core) for _printf_core
    printfb.o(i.__0vsnprintf$bare) refers to printfb.o(i._snputc) for _snputc
    printfb.o(i.__0vsprintf$bare) refers to printfb.o(i._printf_core) for _printf_core
    printfb.o(i.__0vsprintf$bare) refers to printfb.o(i._sputc) for _sputc
    printf0.o(i.__0fprintf$0) refers to printf0.o(i._printf_core) for _printf_core
    printf0.o(i.__0fprintf$0) refers to stm32f4_discovery_debug.o(.text) for fputc
    printf0.o(i.__0printf$0) refers to printf0.o(i._printf_core) for _printf_core
    printf0.o(i.__0printf$0) refers to stm32f4_discovery_debug.o(.text) for fputc
    printf0.o(i.__0printf$0) refers to stdout.o(.data) for __stdout
    printf0.o(i.__0snprintf$0) refers to printf0.o(i._printf_core) for _printf_core
    printf0.o(i.__0snprintf$0) refers to printf0.o(i._snputc) for _snputc
    printf0.o(i.__0sprintf$0) refers to printf0.o(i._printf_core) for _printf_core
    printf0.o(i.__0sprintf$0) refers to printf0.o(i._sputc) for _sputc
    printf0.o(i.__0vfprintf$0) refers to printf0.o(i._printf_core) for _printf_core
    printf0.o(i.__0vfprintf$0) refers to stm32f4_discovery_debug.o(.text) for fputc
    printf0.o(i.__0vprintf$0) refers to printf0.o(i._printf_core) for _printf_core
    printf0.o(i.__0vprintf$0) refers to stm32f4_discovery_debug.o(.text) for fputc
    printf0.o(i.__0vprintf$0) refers to stdout.o(.data) for __stdout
    printf0.o(i.__0vsnprintf$0) refers to printf0.o(i._printf_core) for _printf_core
    printf0.o(i.__0vsnprintf$0) refers to printf0.o(i._snputc) for _snputc
    printf0.o(i.__0vsprintf$0) refers to printf0.o(i._printf_core) for _printf_core
    printf0.o(i.__0vsprintf$0) refers to printf0.o(i._sputc) for _sputc
    printf1.o(i.__0fprintf$1) refers to printf1.o(i._printf_core) for _printf_core
    printf1.o(i.__0fprintf$1) refers to stm32f4_discovery_debug.o(.text) for fputc
    printf1.o(i.__0printf$1) refers to printf1.o(i._printf_core) for _printf_core
    printf1.o(i.__0printf$1) refers to stm32f4_discovery_debug.o(.text) for fputc
    printf1.o(i.__0printf$1) refers to stdout.o(.data) for __stdout
    printf1.o(i.__0snprintf$1) refers to printf1.o(i._printf_core) for _printf_core
    printf1.o(i.__0snprintf$1) refers to printf1.o(i._snputc) for _snputc
    printf1.o(i.__0sprintf$1) refers to printf1.o(i._printf_core) for _printf_core
    printf1.o(i.__0sprintf$1) refers to printf1.o(i._sputc) for _sputc
    printf1.o(i.__0vfprintf$1) refers to printf1.o(i._printf_core) for _printf_core
    printf1.o(i.__0vfprintf$1) refers to stm32f4_discovery_debug.o(.text) for fputc
    printf1.o(i.__0vprintf$1) refers to printf1.o(i._printf_core) for _printf_core
    printf1.o(i.__0vprintf$1) refers to stm32f4_discovery_debug.o(.text) for fputc
    printf1.o(i.__0vprintf$1) refers to stdout.o(.data) for __stdout
    printf1.o(i.__0vsnprintf$1) refers to printf1.o(i._printf_core) for _printf_core
    printf1.o(i.__0vsnprintf$1) refers to printf1.o(i._snputc) for _snputc
    printf1.o(i.__0vsprintf$1) refers to printf1.o(i._printf_core) for _printf_core
    printf1.o(i.__0vsprintf$1) refers to printf1.o(i._sputc) for _sputc
    printf1.o(i._printf_core) refers to uidiv.o(.text) for __aeabi_uidivmod
    printf2.o(i.__0fprintf$2) refers to printf2.o(i._printf_core) for _printf_core
    printf2.o(i.__0fprintf$2) refers to stm32f4_discovery_debug.o(.text) for fputc
    printf2.o(i.__0printf$2) refers to printf2.o(i._printf_core) for _printf_core
    printf2.o(i.__0printf$2) refers to stm32f4_discovery_debug.o(.text) for fputc
    printf2.o(i.__0printf$2) refers to stdout.o(.data) for __stdout
    printf2.o(i.__0snprintf$2) refers to printf2.o(i._printf_core) for _printf_core
    printf2.o(i.__0snprintf$2) refers to printf2.o(i._snputc) for _snputc
    printf2.o(i.__0sprintf$2) refers to printf2.o(i._printf_core) for _printf_core
    printf2.o(i.__0sprintf$2) refers to printf2.o(i._sputc) for _sputc
    printf2.o(i.__0vfprintf$2) refers to printf2.o(i._printf_core) for _printf_core
    printf2.o(i.__0vfprintf$2) refers to stm32f4_discovery_debug.o(.text) for fputc
    printf2.o(i.__0vprintf$2) refers to printf2.o(i._printf_core) for _printf_core
    printf2.o(i.__0vprintf$2) refers to stm32f4_discovery_debug.o(.text) for fputc
    printf2.o(i.__0vprintf$2) refers to stdout.o(.data) for __stdout
    printf2.o(i.__0vsnprintf$2) refers to printf2.o(i._printf_core) for _printf_core
    printf2.o(i.__0vsnprintf$2) refers to printf2.o(i._snputc) for _snputc
    printf2.o(i.__0vsprintf$2) refers to printf2.o(i._printf_core) for _printf_core
    printf2.o(i.__0vsprintf$2) refers to printf2.o(i._sputc) for _sputc
    printf3.o(i.__0fprintf$3) refers to printf3.o(i._printf_core) for _printf_core
    printf3.o(i.__0fprintf$3) refers to stm32f4_discovery_debug.o(.text) for fputc
    printf3.o(i.__0printf$3) refers to printf3.o(i._printf_core) for _printf_core
    printf3.o(i.__0printf$3) refers to stm32f4_discovery_debug.o(.text) for fputc
    printf3.o(i.__0printf$3) refers to stdout.o(.data) for __stdout
    printf3.o(i.__0snprintf$3) refers to printf3.o(i._printf_core) for _printf_core
    printf3.o(i.__0snprintf$3) refers to printf3.o(i._snputc) for _snputc
    printf3.o(i.__0sprintf$3) refers to printf3.o(i._printf_core) for _printf_core
    printf3.o(i.__0sprintf$3) refers to printf3.o(i._sputc) for _sputc
    printf3.o(i.__0vfprintf$3) refers to printf3.o(i._printf_core) for _printf_core
    printf3.o(i.__0vfprintf$3) refers to stm32f4_discovery_debug.o(.text) for fputc
    printf3.o(i.__0vprintf$3) refers to printf3.o(i._printf_core) for _printf_core
    printf3.o(i.__0vprintf$3) refers to stm32f4_discovery_debug.o(.text) for fputc
    printf3.o(i.__0vprintf$3) refers to stdout.o(.data) for __stdout
    printf3.o(i.__0vsnprintf$3) refers to printf3.o(i._printf_core) for _printf_core
    printf3.o(i.__0vsnprintf$3) refers to printf3.o(i._snputc) for _snputc
    printf3.o(i.__0vsprintf$3) refers to printf3.o(i._printf_core) for _printf_core
    printf3.o(i.__0vsprintf$3) refers to printf3.o(i._sputc) for _sputc
    printf3.o(i._printf_core) refers to uidiv.o(.text) for __aeabi_uidivmod
    printf4.o(i.__0fprintf$4) refers to printf4.o(i._printf_core) for _printf_core
    printf4.o(i.__0fprintf$4) refers to stm32f4_discovery_debug.o(.text) for fputc
    printf4.o(i.__0printf$4) refers to printf4.o(i._printf_core) for _printf_core
    printf4.o(i.__0printf$4) refers to stm32f4_discovery_debug.o(.text) for fputc
    printf4.o(i.__0printf$4) refers to stdout.o(.data) for __stdout
    printf4.o(i.__0snprintf$4) refers to printf4.o(i._printf_core) for _printf_core
    printf4.o(i.__0snprintf$4) refers to printf4.o(i._snputc) for _snputc
    printf4.o(i.__0sprintf$4) refers to printf4.o(i._printf_core) for _printf_core
    printf4.o(i.__0sprintf$4) refers to printf4.o(i._sputc) for _sputc
    printf4.o(i.__0vfprintf$4) refers to printf4.o(i._printf_core) for _printf_core
    printf4.o(i.__0vfprintf$4) refers to stm32f4_discovery_debug.o(.text) for fputc
    printf4.o(i.__0vprintf$4) refers to printf4.o(i._printf_core) for _printf_core
    printf4.o(i.__0vprintf$4) refers to stm32f4_discovery_debug.o(.text) for fputc
    printf4.o(i.__0vprintf$4) refers to stdout.o(.data) for __stdout
    printf4.o(i.__0vsnprintf$4) refers to printf4.o(i._printf_core) for _printf_core
    printf4.o(i.__0vsnprintf$4) refers to printf4.o(i._snputc) for _snputc
    printf4.o(i.__0vsprintf$4) refers to printf4.o(i._printf_core) for _printf_core
    printf4.o(i.__0vsprintf$4) refers to printf4.o(i._sputc) for _sputc
    printf4.o(i._printf_core) refers to uldiv.o(.text) for __aeabi_uldivmod
    printf5.o(i.__0fprintf$5) refers to printf5.o(i._printf_core) for _printf_core
    printf5.o(i.__0fprintf$5) refers to stm32f4_discovery_debug.o(.text) for fputc
    printf5.o(i.__0printf$5) refers to printf5.o(i._printf_core) for _printf_core
    printf5.o(i.__0printf$5) refers to stm32f4_discovery_debug.o(.text) for fputc
    printf5.o(i.__0printf$5) refers to stdout.o(.data) for __stdout
    printf5.o(i.__0snprintf$5) refers to printf5.o(i._printf_core) for _printf_core
    printf5.o(i.__0snprintf$5) refers to printf5.o(i._snputc) for _snputc
    printf5.o(i.__0sprintf$5) refers to printf5.o(i._printf_core) for _printf_core
    printf5.o(i.__0sprintf$5) refers to printf5.o(i._sputc) for _sputc
    printf5.o(i.__0vfprintf$5) refers to printf5.o(i._printf_core) for _printf_core
    printf5.o(i.__0vfprintf$5) refers to stm32f4_discovery_debug.o(.text) for fputc
    printf5.o(i.__0vprintf$5) refers to printf5.o(i._printf_core) for _printf_core
    printf5.o(i.__0vprintf$5) refers to stm32f4_discovery_debug.o(.text) for fputc
    printf5.o(i.__0vprintf$5) refers to stdout.o(.data) for __stdout
    printf5.o(i.__0vsnprintf$5) refers to printf5.o(i._printf_core) for _printf_core
    printf5.o(i.__0vsnprintf$5) refers to printf5.o(i._snputc) for _snputc
    printf5.o(i.__0vsprintf$5) refers to printf5.o(i._printf_core) for _printf_core
    printf5.o(i.__0vsprintf$5) refers to printf5.o(i._sputc) for _sputc
    printf5.o(i._printf_core) refers to uldiv.o(.text) for __aeabi_uldivmod
    printf6.o(i.__0fprintf$6) refers to printf6.o(i._printf_core) for _printf_core
    printf6.o(i.__0fprintf$6) refers to stm32f4_discovery_debug.o(.text) for fputc
    printf6.o(i.__0printf$6) refers to printf6.o(i._printf_core) for _printf_core
    printf6.o(i.__0printf$6) refers to stm32f4_discovery_debug.o(.text) for fputc
    printf6.o(i.__0printf$6) refers to stdout.o(.data) for __stdout
    printf6.o(i.__0snprintf$6) refers to printf6.o(i._printf_core) for _printf_core
    printf6.o(i.__0snprintf$6) refers to printf6.o(i._snputc) for _snputc
    printf6.o(i.__0sprintf$6) refers to printf6.o(i._printf_core) for _printf_core
    printf6.o(i.__0sprintf$6) refers to printf6.o(i._sputc) for _sputc
    printf6.o(i.__0vfprintf$6) refers to printf6.o(i._printf_core) for _printf_core
    printf6.o(i.__0vfprintf$6) refers to stm32f4_discovery_debug.o(.text) for fputc
    printf6.o(i.__0vprintf$6) refers to printf6.o(i._printf_core) for _printf_core
    printf6.o(i.__0vprintf$6) refers to stm32f4_discovery_debug.o(.text) for fputc
    printf6.o(i.__0vprintf$6) refers to stdout.o(.data) for __stdout
    printf6.o(i.__0vsnprintf$6) refers to printf6.o(i._printf_core) for _printf_core
    printf6.o(i.__0vsnprintf$6) refers to printf6.o(i._snputc) for _snputc
    printf6.o(i.__0vsprintf$6) refers to printf6.o(i._printf_core) for _printf_core
    printf6.o(i.__0vsprintf$6) refers to printf6.o(i._sputc) for _sputc
    printf6.o(i._printf_core) refers to printf6.o(i._printf_pre_padding) for _printf_pre_padding
    printf6.o(i._printf_core) refers to uidiv.o(.text) for __aeabi_uidivmod
    printf6.o(i._printf_core) refers to printf6.o(i._printf_post_padding) for _printf_post_padding
    printf7.o(i.__0fprintf$7) refers to printf7.o(i._printf_core) for _printf_core
    printf7.o(i.__0fprintf$7) refers to stm32f4_discovery_debug.o(.text) for fputc
    printf7.o(i.__0printf$7) refers to printf7.o(i._printf_core) for _printf_core
    printf7.o(i.__0printf$7) refers to stm32f4_discovery_debug.o(.text) for fputc
    printf7.o(i.__0printf$7) refers to stdout.o(.data) for __stdout
    printf7.o(i.__0snprintf$7) refers to printf7.o(i._printf_core) for _printf_core
    printf7.o(i.__0snprintf$7) refers to printf7.o(i._snputc) for _snputc
    printf7.o(i.__0sprintf$7) refers to printf7.o(i._printf_core) for _printf_core
    printf7.o(i.__0sprintf$7) refers to printf7.o(i._sputc) for _sputc
    printf7.o(i.__0vfprintf$7) refers to printf7.o(i._printf_core) for _printf_core
    printf7.o(i.__0vfprintf$7) refers to stm32f4_discovery_debug.o(.text) for fputc
    printf7.o(i.__0vprintf$7) refers to printf7.o(i._printf_core) for _printf_core
    printf7.o(i.__0vprintf$7) refers to stm32f4_discovery_debug.o(.text) for fputc
    printf7.o(i.__0vprintf$7) refers to stdout.o(.data) for __stdout
    printf7.o(i.__0vsnprintf$7) refers to printf7.o(i._printf_core) for _printf_core
    printf7.o(i.__0vsnprintf$7) refers to printf7.o(i._snputc) for _snputc
    printf7.o(i.__0vsprintf$7) refers to printf7.o(i._printf_core) for _printf_core
    printf7.o(i.__0vsprintf$7) refers to printf7.o(i._sputc) for _sputc
    printf7.o(i._printf_core) refers to printf7.o(i._printf_pre_padding) for _printf_pre_padding
    printf7.o(i._printf_core) refers to uldiv.o(.text) for __aeabi_uldivmod
    printf7.o(i._printf_core) refers to printf7.o(i._printf_post_padding) for _printf_post_padding
    printf8.o(i.__0fprintf$8) refers to printf8.o(i._printf_core) for _printf_core
    printf8.o(i.__0fprintf$8) refers to stm32f4_discovery_debug.o(.text) for fputc
    printf8.o(i.__0printf$8) refers to printf8.o(i._printf_core) for _printf_core
    printf8.o(i.__0printf$8) refers to stm32f4_discovery_debug.o(.text) for fputc
    printf8.o(i.__0printf$8) refers to stdout.o(.data) for __stdout
    printf8.o(i.__0snprintf$8) refers to printf8.o(i._printf_core) for _printf_core
    printf8.o(i.__0snprintf$8) refers to printf8.o(i._snputc) for _snputc
    printf8.o(i.__0sprintf$8) refers to printf8.o(i._printf_core) for _printf_core
    printf8.o(i.__0sprintf$8) refers to printf8.o(i._sputc) for _sputc
    printf8.o(i.__0vfprintf$8) refers to printf8.o(i._printf_core) for _printf_core
    printf8.o(i.__0vfprintf$8) refers to stm32f4_discovery_debug.o(.text) for fputc
    printf8.o(i.__0vprintf$8) refers to printf8.o(i._printf_core) for _printf_core
    printf8.o(i.__0vprintf$8) refers to stm32f4_discovery_debug.o(.text) for fputc
    printf8.o(i.__0vprintf$8) refers to stdout.o(.data) for __stdout
    printf8.o(i.__0vsnprintf$8) refers to printf8.o(i._printf_core) for _printf_core
    printf8.o(i.__0vsnprintf$8) refers to printf8.o(i._snputc) for _snputc
    printf8.o(i.__0vsprintf$8) refers to printf8.o(i._printf_core) for _printf_core
    printf8.o(i.__0vsprintf$8) refers to printf8.o(i._sputc) for _sputc
    printf8.o(i._printf_core) refers to printf8.o(i._printf_pre_padding) for _printf_pre_padding
    printf8.o(i._printf_core) refers to uldiv.o(.text) for __aeabi_uldivmod
    printf8.o(i._printf_core) refers to printf8.o(i._printf_post_padding) for _printf_post_padding
    printfa.o(i.__0fprintf) refers (Special) to iusefp.o(.text) for __I$use$fp
    printfa.o(i.__0fprintf) refers to printfa.o(i._printf_core) for _printf_core
    printfa.o(i.__0fprintf) refers to stm32f4_discovery_debug.o(.text) for fputc
    printfa.o(i.__0printf) refers (Special) to iusefp.o(.text) for __I$use$fp
    printfa.o(i.__0printf) refers to printfa.o(i._printf_core) for _printf_core
    printfa.o(i.__0printf) refers to stm32f4_discovery_debug.o(.text) for fputc
    printfa.o(i.__0printf) refers to stdout.o(.data) for __stdout
    printfa.o(i.__0snprintf) refers (Special) to iusefp.o(.text) for __I$use$fp
    printfa.o(i.__0snprintf) refers to printfa.o(i._printf_core) for _printf_core
    printfa.o(i.__0snprintf) refers to printfa.o(i._snputc) for _snputc
    printfa.o(i.__0sprintf) refers (Special) to iusefp.o(.text) for __I$use$fp
    printfa.o(i.__0sprintf) refers to printfa.o(i._printf_core) for _printf_core
    printfa.o(i.__0sprintf) refers to printfa.o(i._sputc) for _sputc
    printfa.o(i.__0vfprintf) refers (Special) to iusefp.o(.text) for __I$use$fp
    printfa.o(i.__0vfprintf) refers to printfa.o(i._printf_core) for _printf_core
    printfa.o(i.__0vfprintf) refers to stm32f4_discovery_debug.o(.text) for fputc
    printfa.o(i.__0vprintf) refers (Special) to iusefp.o(.text) for __I$use$fp
    printfa.o(i.__0vprintf) refers to printfa.o(i._printf_core) for _printf_core
    printfa.o(i.__0vprintf) refers to stm32f4_discovery_debug.o(.text) for fputc
    printfa.o(i.__0vprintf) refers to stdout.o(.data) for __stdout
    printfa.o(i.__0vsnprintf) refers (Special) to iusefp.o(.text) for __I$use$fp
    printfa.o(i.__0vsnprintf) refers to printfa.o(i._printf_core) for _printf_core
    printfa.o(i.__0vsnprintf) refers to printfa.o(i._snputc) for _snputc
    printfa.o(i.__0vsprintf) refers (Special) to iusefp.o(.text) for __I$use$fp
    printfa.o(i.__0vsprintf) refers to printfa.o(i._printf_core) for _printf_core
    printfa.o(i.__0vsprintf) refers to printfa.o(i._sputc) for _sputc
    printfa.o(i._fp_digits) refers (Special) to iusefp.o(.text) for __I$use$fp
    printfa.o(i._fp_digits) refers to dmul.o(.text) for __aeabi_dmul
    printfa.o(i._fp_digits) refers to ddiv.o(.text) for __aeabi_ddiv
    printfa.o(i._fp_digits) refers to cdrcmple.o(.text) for __aeabi_cdrcmple
    printfa.o(i._fp_digits) refers to dadd.o(.text) for __aeabi_dadd
    printfa.o(i._fp_digits) refers to dfixul.o(.text) for __aeabi_d2ulz
    printfa.o(i._fp_digits) refers to uldiv.o(.text) for __aeabi_uldivmod
    printfa.o(i._printf_core) refers (Special) to iusefp.o(.text) for __I$use$fp
    printfa.o(i._printf_core) refers to printfa.o(i._printf_pre_padding) for _printf_pre_padding
    printfa.o(i._printf_core) refers to uldiv.o(.text) for __aeabi_uldivmod
    printfa.o(i._printf_core) refers to printfa.o(i._printf_post_padding) for _printf_post_padding
    printfa.o(i._printf_core) refers to printfa.o(i._fp_digits) for _fp_digits
    printfa.o(i._printf_core) refers to uidiv.o(.text) for __aeabi_uidivmod
    printfa.o(i._printf_post_padding) refers (Special) to iusefp.o(.text) for __I$use$fp
    printfa.o(i._printf_pre_padding) refers (Special) to iusefp.o(.text) for __I$use$fp
    printfa.o(i._snputc) refers (Special) to iusefp.o(.text) for __I$use$fp
    printfa.o(i._sputc) refers (Special) to iusefp.o(.text) for __I$use$fp
    dmul.o(.text) refers (Special) to iusefp.o(.text) for __I$use$fp
    dmul.o(.text) refers to depilogue.o(.text) for _double_epilogue
    dfltui.o(.text) refers (Special) to iusefp.o(.text) for __I$use$fp
    dfltui.o(.text) refers to depilogue.o(.text) for _double_epilogue
    dunder.o(i.__mathlib_dbl_underflow) refers to dmul.o(.text) for __aeabi_dmul
    fabs.o(i.__hardfp_fabs) refers (Special) to iusefp.o(.text) for __I$use$fp
    fabs.o(i.__softfp_fabs) refers (Special) to iusefp.o(.text) for __I$use$fp
    fabs.o(i.fabs) refers (Special) to iusefp.o(.text) for __I$use$fp
    fpclassify.o(i.__ARM_fpclassify) refers (Special) to iusefp.o(.text) for __I$use$fp
    poly.o(i.__kernel_poly) refers (Special) to iusefp.o(.text) for __I$use$fp
    poly.o(i.__kernel_poly) refers to dmul.o(.text) for __aeabi_dmul
    poly.o(i.__kernel_poly) refers to dadd.o(.text) for __aeabi_dadd
    qnan.o(.constdata) refers (Special) to iusefp.o(.text) for __I$use$fp
    sqrt.o(i.__hardfp_sqrt) refers (Special) to iusefp.o(.text) for __I$use$fp
    sqrt.o(i.__hardfp_sqrt) refers to dsqrt.o(.text) for _dsqrt
    sqrt.o(i.__hardfp_sqrt) refers to errno.o(i.__set_errno) for __set_errno
    sqrt.o(i.__softfp_sqrt) refers (Special) to iusefp.o(.text) for __I$use$fp
    sqrt.o(i.__softfp_sqrt) refers to dsqrt.o(.text) for _dsqrt
    sqrt.o(i.__softfp_sqrt) refers to errno.o(i.__set_errno) for __set_errno
    sqrt.o(i.sqrt) refers (Special) to iusefp.o(.text) for __I$use$fp
    sqrt.o(i.sqrt) refers to dsqrt.o(.text) for _dsqrt
    sqrt.o(i.sqrt) refers to errno.o(i.__set_errno) for __set_errno
    sqrt_x.o(i.____hardfp_sqrt$lsc) refers (Special) to iusefp.o(.text) for __I$use$fp
    sqrt_x.o(i.____hardfp_sqrt$lsc) refers to cdcmple.o(.text) for __aeabi_cdcmple
    sqrt_x.o(i.____hardfp_sqrt$lsc) refers to errno.o(i.__set_errno) for __set_errno
    sqrt_x.o(i.____hardfp_sqrt$lsc) refers to dsqrt.o(.text) for _dsqrt
    sqrt_x.o(i.____softfp_sqrt$lsc) refers (Special) to iusefp.o(.text) for __I$use$fp
    sqrt_x.o(i.____softfp_sqrt$lsc) refers to cdcmple.o(.text) for __aeabi_cdcmple
    sqrt_x.o(i.____softfp_sqrt$lsc) refers to errno.o(i.__set_errno) for __set_errno
    sqrt_x.o(i.____softfp_sqrt$lsc) refers to dsqrt.o(.text) for _dsqrt
    sqrt_x.o(i.__sqrt$lsc) refers (Special) to iusefp.o(.text) for __I$use$fp
    sqrt_x.o(i.__sqrt$lsc) refers to cdcmple.o(.text) for __aeabi_cdcmple
    sqrt_x.o(i.__sqrt$lsc) refers to errno.o(i.__set_errno) for __set_errno
    sqrt_x.o(i.__sqrt$lsc) refers to dsqrt.o(.text) for _dsqrt
    entry2.o(.ARM.Collect$$$$00000001) refers to entry2.o(.ARM.Collect$$$$00002712) for __lit__00000000
    entry2.o(.ARM.Collect$$$$00002712) refers to startup_stm32f4xx.o(STACK) for __initial_sp
    entry2.o(__vectab_stack_and_reset_area) refers to startup_stm32f4xx.o(STACK) for __initial_sp
    entry2.o(__vectab_stack_and_reset_area) refers to entry.o(.ARM.Collect$$$$00000000) for __main
    entry5.o(.ARM.Collect$$$$00000004) refers to init.o(.text) for __scatterload
    entry8.o(.ARM.Collect$$$$00000009) refers to main.o(.text) for main
    uldiv.o(.text) refers to llushr.o(.text) for __aeabi_llsr
    uldiv.o(.text) refers to llshl.o(.text) for __aeabi_llsl
    errno.o(i.__aeabi_errno_addr) refers to errno.o(.data) for .data
    errno.o(i.__read_errno) refers to errno.o(.data) for .data
    errno.o(i.__set_errno) refers to errno.o(.data) for .data
    depilogue.o(.text) refers to llshl.o(.text) for __aeabi_llsl
    depilogue.o(.text) refers to llushr.o(.text) for __aeabi_llsr
    dadd.o(.text) refers to llshl.o(.text) for __aeabi_llsl
    dadd.o(.text) refers to llsshr.o(.text) for __aeabi_lasr
    dadd.o(.text) refers to depilogue.o(.text) for _double_epilogue
    ddiv.o(.text) refers to depilogue.o(.text) for _double_round
    dflti.o(.text) refers to depilogue.o(.text) for _double_epilogue
    dfixul.o(.text) refers to llushr.o(.text) for __aeabi_llsr
    dfixul.o(.text) refers to llshl.o(.text) for __aeabi_llsl
    init.o(.text) refers to entry5.o(.ARM.Collect$$$$00000004) for __main_after_scatterload
    dsqrt.o(.text) refers to llushr.o(.text) for __aeabi_llsr
    dsqrt.o(.text) refers to depilogue.o(.text) for _double_round


==============================================================================

Removing Unused input sections from the image.

    Removing startup_stm32f4xx.o(HEAP), (512 bytes).
    Removing system_stm32f4xx.o(.emb_text), (8 bytes).
    Removing i2c.o(.emb_text), (8 bytes).
    Removing lcd.o(.emb_text), (8 bytes).
    Removing lcd.o(.constdata), (32 bytes).
    Removing lcd.o(.constdata), (4 bytes).
    Removing lcd.o(.constdata), (4 bytes).
    Removing lcd.o(.constdata), (4 bytes).
    Removing sensors.o(.emb_text), (8 bytes).
    Removing main.o(.emb_text), (8 bytes).
    Removing misc.o(.emb_text), (8 bytes).
    Removing misc.o(.text), (188 bytes).
    Removing stm32f4xx_adc.o(.emb_text), (8 bytes).
    Removing stm32f4xx_adc.o(.text), (920 bytes).
    Removing stm32f4xx_exti.o(.emb_text), (8 bytes).
    Removing stm32f4xx_exti.o(.text), (236 bytes).
    Removing stm32f4xx_gpio.o(.emb_text), (8 bytes).
    Removing stm32f4xx_i2c.o(.emb_text), (8 bytes).
    Removing stm32f4xx_rcc.o(.emb_text), (8 bytes).
    Removing stm32f4xx_syscfg.o(.emb_text), (8 bytes).
    Removing stm32f4xx_syscfg.o(.text), (108 bytes).
    Removing stm32f4xx_tim.o(.emb_text), (8 bytes).
    Removing stm32f4xx_tim.o(.text), (2754 bytes).
    Removing stm32f4xx_usart.o(.emb_text), (8 bytes).
    Removing stm32f4xx_usart.o(.text), (948 bytes).
    Removing stm32f4xx_dma.o(.emb_text), (8 bytes).
    Removing stm32f4xx_dma.o(.text), (840 bytes).
    Removing stm32f4xx_sdio.o(.emb_text), (8 bytes).
    Removing stm32f4xx_sdio.o(.text), (444 bytes).
    Removing stm32f4xx_can.o(.emb_text), (8 bytes).
    Removing stm32f4xx_can.o(.text), (1996 bytes).
    Removing stm32f4_discovery.o(.emb_text), (8 bytes).
    Removing stm32f4_discovery.o(.text), (1090 bytes).
    Removing stm32f4_discovery.o(.constdata), (84 bytes).
    Removing stm32f4_discovery.o(.data), (44 bytes).
    Removing stm32f4_discovery.o(.data), (4 bytes).
    Removing stm32f4_discovery_debug.o(.emb_text), (8 bytes).
    Removing stm32f4_discovery_debug.o(.text), (136 bytes).
    Removing stm32f4_discovery_sdio_sd.o(.emb_text), (8 bytes).
    Removing stm32f4_discovery_sdio_sd.o(.text), (5504 bytes).
    Removing stm32f4_discovery_sdio_sd.o(.bss), (196 bytes).
    Removing stm32f4_discovery_sdio_sd.o(.data), (24 bytes).
    Removing dneg.o(.text), (6 bytes).
    Removing cdcmple.o(.text), (40 bytes).

44 unused section(s) (total 16278 bytes) removed from the image.

==============================================================================

Image Symbol Table

    Local Symbols

    Symbol Name                              Value     Ov Type        Size  Object(Section)

    ../clib/microlib/division.c              0x00000000   Number         0  uldiv.o ABSOLUTE
    ../clib/microlib/division.c              0x00000000   Number         0  uidiv.o ABSOLUTE
    ../clib/microlib/errno.c                 0x00000000   Number         0  errno.o ABSOLUTE
    ../clib/microlib/init/entry.s            0x00000000   Number         0  entry5.o ABSOLUTE
    ../clib/microlib/init/entry.s            0x00000000   Number         0  entry2.o ABSOLUTE
    ../clib/microlib/init/entry.s            0x00000000   Number         0  entry7a.o ABSOLUTE
    ../clib/microlib/init/entry.s            0x00000000   Number         0  entry7b.o ABSOLUTE
    ../clib/microlib/init/entry.s            0x00000000   Number         0  entry8.o ABSOLUTE
    ../clib/microlib/init/entry.s            0x00000000   Number         0  entry.o ABSOLUTE
    ../clib/microlib/longlong.c              0x00000000   Number         0  llsshr.o ABSOLUTE
    ../clib/microlib/longlong.c              0x00000000   Number         0  llushr.o ABSOLUTE
    ../clib/microlib/longlong.c              0x00000000   Number         0  llshl.o ABSOLUTE
    ../clib/microlib/printf/printf.c         0x00000000   Number         0  printf7.o ABSOLUTE
    ../clib/microlib/printf/printf.c         0x00000000   Number         0  printf0.o ABSOLUTE
    ../clib/microlib/printf/printf.c         0x00000000   Number         0  printf6.o ABSOLUTE
    ../clib/microlib/printf/printf.c         0x00000000   Number         0  printf5.o ABSOLUTE
    ../clib/microlib/printf/printf.c         0x00000000   Number         0  printf4.o ABSOLUTE
    ../clib/microlib/printf/printf.c         0x00000000   Number         0  printf3.o ABSOLUTE
    ../clib/microlib/printf/printf.c         0x00000000   Number         0  printf2.o ABSOLUTE
    ../clib/microlib/printf/printf.c         0x00000000   Number         0  printf1.o ABSOLUTE
    ../clib/microlib/printf/printf.c         0x00000000   Number         0  printfb.o ABSOLUTE
    ../clib/microlib/printf/printf.c         0x00000000   Number         0  printf8.o ABSOLUTE
    ../clib/microlib/printf/printf.c         0x00000000   Number         0  printfa.o ABSOLUTE
    ../clib/microlib/printf/stubs.s          0x00000000   Number         0  stubs.o ABSOLUTE
    ../clib/microlib/stdio/streams.c         0x00000000   Number         0  stdout.o ABSOLUTE
    ../clib/microlib/stubs.s                 0x00000000   Number         0  iusefp.o ABSOLUTE
    ../fplib/microlib/fpadd.c                0x00000000   Number         0  dadd.o ABSOLUTE
    ../fplib/microlib/fpdiv.c                0x00000000   Number         0  ddiv.o ABSOLUTE
    ../fplib/microlib/fpepilogue.c           0x00000000   Number         0  depilogue.o ABSOLUTE
    ../fplib/microlib/fpfix.c                0x00000000   Number         0  dfixul.o ABSOLUTE
    ../fplib/microlib/fpflt.c                0x00000000   Number         0  dfltui.o ABSOLUTE
    ../fplib/microlib/fpflt.c                0x00000000   Number         0  dflti.o ABSOLUTE
    ../fplib/microlib/fpmul.c                0x00000000   Number         0  dmul.o ABSOLUTE
    ../fplib/microlib/fpneg.c                0x00000000   Number         0  dneg.o ABSOLUTE
    ../fplib/microlib/fpscalb.c              0x00000000   Number         0  dscalb.o ABSOLUTE
    ../fplib/microlib/fpsqrt.c               0x00000000   Number         0  dsqrt.o ABSOLUTE
    ../mathlib/dunder.c                      0x00000000   Number         0  dunder.o ABSOLUTE
    ../mathlib/fabs.c                        0x00000000   Number         0  fabs.o ABSOLUTE
    ../mathlib/fpclassify.c                  0x00000000   Number         0  fpclassify.o ABSOLUTE
    ../mathlib/poly.c                        0x00000000   Number         0  poly.o ABSOLUTE
    ../mathlib/pow.c                         0x00000000   Number         0  pow_x.o ABSOLUTE
    ../mathlib/pow.c                         0x00000000   Number         0  pow.o ABSOLUTE
    ../mathlib/qnan.c                        0x00000000   Number         0  qnan.o ABSOLUTE
    ../mathlib/sqrt.c                        0x00000000   Number         0  sqrt.o ABSOLUTE
    ../mathlib/sqrt.c                        0x00000000   Number         0  sqrt_x.o ABSOLUTE
    C:\STM32F4-Discovery_FW_V1.1.0\Libraries\STM32F4xx_StdPeriph_Driver\src\stm32f4xx_can.c 0x00000000   Number         0  stm32f4xx_can.o ABSOLUTE
    C:\\STM32F4-Discovery_FW_V1.1.0\\Libraries\\STM32F4xx_StdPeriph_Driver\\src\\stm32f4xx_can.c 0x00000000   Number         0  stm32f4xx_can.o ABSOLUTE
    STM32F4-Discovery\\stm32f4_discovery.c   0x00000000   Number         0  stm32f4_discovery.o ABSOLUTE
    STM32F4-Discovery\\stm32f4_discovery_debug.c 0x00000000   Number         0  stm32f4_discovery_debug.o ABSOLUTE
    STM32F4-Discovery\\stm32f4_discovery_sdio_sd.c 0x00000000   Number         0  stm32f4_discovery_sdio_sd.o ABSOLUTE
    STM32F4-Discovery\stm32f4_discovery.c    0x00000000   Number         0  stm32f4_discovery.o ABSOLUTE
    STM32F4-Discovery\stm32f4_discovery_debug.c 0x00000000   Number         0  stm32f4_discovery_debug.o ABSOLUTE
    STM32F4-Discovery\stm32f4_discovery_sdio_sd.c 0x00000000   Number         0  stm32f4_discovery_sdio_sd.o ABSOLUTE
    STM32F4xx_StdPeriph_Driver\\misc.c       0x00000000   Number         0  misc.o ABSOLUTE
    STM32F4xx_StdPeriph_Driver\\stm32f4xx_adc.c 0x00000000   Number         0  stm32f4xx_adc.o ABSOLUTE
    STM32F4xx_StdPeriph_Driver\\stm32f4xx_dma.c 0x00000000   Number         0  stm32f4xx_dma.o ABSOLUTE
    STM32F4xx_StdPeriph_Driver\\stm32f4xx_exti.c 0x00000000   Number         0  stm32f4xx_exti.o ABSOLUTE
    STM32F4xx_StdPeriph_Driver\\stm32f4xx_gpio.c 0x00000000   Number         0  stm32f4xx_gpio.o ABSOLUTE
    STM32F4xx_StdPeriph_Driver\\stm32f4xx_i2c.c 0x00000000   Number         0  stm32f4xx_i2c.o ABSOLUTE
    STM32F4xx_StdPeriph_Driver\\stm32f4xx_rcc.c 0x00000000   Number         0  stm32f4xx_rcc.o ABSOLUTE
    STM32F4xx_StdPeriph_Driver\\stm32f4xx_sdio.c 0x00000000   Number         0  stm32f4xx_sdio.o ABSOLUTE
    STM32F4xx_StdPeriph_Driver\\stm32f4xx_syscfg.c 0x00000000   Number         0  stm32f4xx_syscfg.o ABSOLUTE
    STM32F4xx_StdPeriph_Driver\\stm32f4xx_tim.c 0x00000000   Number         0  stm32f4xx_tim.o ABSOLUTE
    STM32F4xx_StdPeriph_Driver\\stm32f4xx_usart.c 0x00000000   Number         0  stm32f4xx_usart.o ABSOLUTE
    STM32F4xx_StdPeriph_Driver\misc.c        0x00000000   Number         0  misc.o ABSOLUTE
    STM32F4xx_StdPeriph_Driver\stm32f4xx_adc.c 0x00000000   Number         0  stm32f4xx_adc.o ABSOLUTE
    STM32F4xx_StdPeriph_Driver\stm32f4xx_dma.c 0x00000000   Number         0  stm32f4xx_dma.o ABSOLUTE
    STM32F4xx_StdPeriph_Driver\stm32f4xx_exti.c 0x00000000   Number         0  stm32f4xx_exti.o ABSOLUTE
    STM32F4xx_StdPeriph_Driver\stm32f4xx_gpio.c 0x00000000   Number         0  stm32f4xx_gpio.o ABSOLUTE
    STM32F4xx_StdPeriph_Driver\stm32f4xx_i2c.c 0x00000000   Number         0  stm32f4xx_i2c.o ABSOLUTE
    STM32F4xx_StdPeriph_Driver\stm32f4xx_rcc.c 0x00000000   Number         0  stm32f4xx_rcc.o ABSOLUTE
    STM32F4xx_StdPeriph_Driver\stm32f4xx_sdio.c 0x00000000   Number         0  stm32f4xx_sdio.o ABSOLUTE
    STM32F4xx_StdPeriph_Driver\stm32f4xx_syscfg.c 0x00000000   Number         0  stm32f4xx_syscfg.o ABSOLUTE
    STM32F4xx_StdPeriph_Driver\stm32f4xx_tim.c 0x00000000   Number         0  stm32f4xx_tim.o ABSOLUTE
    STM32F4xx_StdPeriph_Driver\stm32f4xx_usart.c 0x00000000   Number         0  stm32f4xx_usart.o ABSOLUTE
    Source\I2C.c                             0x00000000   Number         0  i2c.o ABSOLUTE
    Source\LCD.c                             0x00000000   Number         0  lcd.o ABSOLUTE
    Source\SENSORS.c                         0x00000000   Number         0  sensors.o ABSOLUTE
    Source\\I2C.c                            0x00000000   Number         0  i2c.o ABSOLUTE
    Source\\LCD.c                            0x00000000   Number         0  lcd.o ABSOLUTE
    Source\\SENSORS.c                        0x00000000   Number         0  sensors.o ABSOLUTE
    Source\\main.c                           0x00000000   Number         0  main.o ABSOLUTE
    Source\main.c                            0x00000000   Number         0  main.o ABSOLUTE
    Startup\\system_stm32f4xx.c              0x00000000   Number         0  system_stm32f4xx.o ABSOLUTE
    Startup\system_stm32f4xx.c               0x00000000   Number         0  system_stm32f4xx.o ABSOLUTE
    cdcmple.s                                0x00000000   Number         0  cdcmple.o ABSOLUTE
    cdrcmple.s                               0x00000000   Number         0  cdrcmple.o ABSOLUTE
    dc.s                                     0x00000000   Number         0  dc.o ABSOLUTE
    handlers.s                               0x00000000   Number         0  handlers.o ABSOLUTE
    init.s                                   0x00000000   Number         0  init.o ABSOLUTE
    startup_stm32f4xx.s                      0x00000000   Number         0  startup_stm32f4xx.o ABSOLUTE
    RESET                                    0x08000000   Section      392  startup_stm32f4xx.o(RESET)
    .ARM.Collect$$$$00000000                 0x08000188   Section        0  entry.o(.ARM.Collect$$$$00000000)
    .ARM.Collect$$$$00000001                 0x08000188   Section        4  entry2.o(.ARM.Collect$$$$00000001)
    .ARM.Collect$$$$00000004                 0x0800018c   Section        4  entry5.o(.ARM.Collect$$$$00000004)
    .ARM.Collect$$$$00000008                 0x08000190   Section        0  entry7b.o(.ARM.Collect$$$$00000008)
    .ARM.Collect$$$$00000009                 0x08000190   Section        8  entry8.o(.ARM.Collect$$$$00000009)
    .ARM.Collect$$$$00002712                 0x08000198   Section        4  entry2.o(.ARM.Collect$$$$00002712)
    __lit__00000000                          0x08000198   Data           4  entry2.o(.ARM.Collect$$$$00002712)
    .text                                    0x0800019c   Section       36  startup_stm32f4xx.o(.text)
    $v0                                      0x0800019c   Number         0  startup_stm32f4xx.o(.text)
    .text                                    0x080001c0   Section        0  system_stm32f4xx.o(.text)
    SetSysClock                              0x080001c1   Thumb Code   148  system_stm32f4xx.o(.text)
    .text                                    0x0800033c   Section        0  i2c.o(.text)
    .text                                    0x080005e0   Section        0  lcd.o(.text)
    .text                                    0x08000820   Section        0  sensors.o(.text)
    .text                                    0x080009c4   Section        0  main.o(.text)
    .text                                    0x08000c20   Section        0  stm32f4xx_gpio.o(.text)
    .text                                    0x08000e3c   Section        0  stm32f4xx_i2c.o(.text)
    .text                                    0x080011d4   Section        0  stm32f4xx_rcc.o(.text)
    .text                                    0x080015fc   Section        0  dmul.o(.text)
    .text                                    0x080016e0   Section        0  dfltui.o(.text)
    .text                                    0x080016fa   Section        0  uidiv.o(.text)
    .text                                    0x08001726   Section        0  uldiv.o(.text)
    .text                                    0x08001788   Section        0  iusefp.o(.text)
    .text                                    0x08001788   Section        0  depilogue.o(.text)
    .text                                    0x08001846   Section        0  dadd.o(.text)
    .text                                    0x08001994   Section        0  ddiv.o(.text)
    .text                                    0x08001a72   Section        0  dscalb.o(.text)
    .text                                    0x08001aa0   Section        0  dflti.o(.text)
    .text                                    0x08001ac2   Section        0  dfixul.o(.text)
    .text                                    0x08001af4   Section       40  cdrcmple.o(.text)
    .text                                    0x08001b1c   Section       36  init.o(.text)
    .text                                    0x08001b40   Section        0  llshl.o(.text)
    .text                                    0x08001b5e   Section        0  llushr.o(.text)
    .text                                    0x08001b7e   Section        0  llsshr.o(.text)
    .text                                    0x08001ba2   Section        0  dsqrt.o(.text)
    i.__0sprintf                             0x08001c44   Section        0  printfa.o(i.__0sprintf)
    i.__ARM_fpclassify                       0x08001c6c   Section        0  fpclassify.o(i.__ARM_fpclassify)
    i.__hardfp_pow                           0x08001ca0   Section        0  pow.o(i.__hardfp_pow)
    i.__kernel_poly                          0x08002930   Section        0  poly.o(i.__kernel_poly)
    i.__mathlib_dbl_underflow                0x08002a28   Section        0  dunder.o(i.__mathlib_dbl_underflow)
    i.__scatterload_copy                     0x08002a48   Section       14  handlers.o(i.__scatterload_copy)
    i.__scatterload_null                     0x08002a56   Section        2  handlers.o(i.__scatterload_null)
    i.__scatterload_zeroinit                 0x08002a58   Section       14  handlers.o(i.__scatterload_zeroinit)
    i.__set_errno                            0x08002a68   Section        0  errno.o(i.__set_errno)
    i._fp_digits                             0x08002a74   Section        0  printfa.o(i._fp_digits)
    _fp_digits                               0x08002a75   Thumb Code   326  printfa.o(i._fp_digits)
    i._printf_core                           0x08002bd0   Section        0  printfa.o(i._printf_core)
    _printf_core                             0x08002bd1   Thumb Code  1762  printfa.o(i._printf_core)
    i._printf_post_padding                   0x080032c0   Section        0  printfa.o(i._printf_post_padding)
    _printf_post_padding                     0x080032c1   Thumb Code    38  printfa.o(i._printf_post_padding)
    i._printf_pre_padding                    0x080032e6   Section        0  printfa.o(i._printf_pre_padding)
    _printf_pre_padding                      0x080032e7   Thumb Code    48  printfa.o(i._printf_pre_padding)
    i._sputc                                 0x08003316   Section        0  printfa.o(i._sputc)
    _sputc                                   0x08003317   Thumb Code    10  printfa.o(i._sputc)
    i.fabs                                   0x08003320   Section        0  fabs.o(i.fabs)
    i.sqrt                                   0x08003340   Section        0  sqrt.o(i.sqrt)
    .constdata                               0x080033b0   Section      136  pow.o(.constdata)
    bp                                       0x080033b0   Data          16  pow.o(.constdata)
    dp_h                                     0x080033c0   Data          16  pow.o(.constdata)
    dp_l                                     0x080033d0   Data          16  pow.o(.constdata)
    L                                        0x080033e0   Data          48  pow.o(.constdata)
    P                                        0x08003410   Data          40  pow.o(.constdata)
    .constdata                               0x08003438   Section        8  qnan.o(.constdata)
    .data                                    0x20000000   Section       20  system_stm32f4xx.o(.data)
    .data                                    0x20000014   Section        4  main.o(.data)
    .data                                    0x20000018   Section       16  stm32f4xx_rcc.o(.data)
    APBAHBPrescTable                         0x20000018   Data          16  stm32f4xx_rcc.o(.data)
    .data                                    0x20000028   Section        4  errno.o(.data)
    _errno                                   0x20000028   Data           4  errno.o(.data)
    STACK                                    0x20000030   Section     1024  startup_stm32f4xx.o(STACK)

    Global Symbols

    Symbol Name                              Value     Ov Type        Size  Object(Section)

    BuildAttributes$$THM_ISAv4$E$P$D$K$B$S$7EM$VFPi3$EXTD16$VFPS$VFMA$PE$A:L22UL41UL21$X:L11$S22US41US21$IEEE1$IW$USESV6$~STKCKD$USESV7$~SHL$OTIME$ROPI$IEEEX$EBA8$MICROLIB$REQ8$PRES8$EABIv2 0x00000000   Number         0  anon$$obj.o ABSOLUTE
    __ARM_use_no_argv                        0x00000000   Number         0  main.o ABSOLUTE
    _printf_a                                0x00000000   Number         0  stubs.o ABSOLUTE
    _printf_c                                0x00000000   Number         0  stubs.o ABSOLUTE
    _printf_charcount                        0x00000000   Number         0  stubs.o ABSOLUTE
    _printf_d                                0x00000000   Number         0  stubs.o ABSOLUTE
    _printf_e                                0x00000000   Number         0  stubs.o ABSOLUTE
    _printf_f                                0x00000000   Number         0  stubs.o ABSOLUTE
    _printf_flags                            0x00000000   Number         0  stubs.o ABSOLUTE
    _printf_fp_dec                           0x00000000   Number         0  stubs.o ABSOLUTE
    _printf_fp_hex                           0x00000000   Number         0  stubs.o ABSOLUTE
    _printf_g                                0x00000000   Number         0  stubs.o ABSOLUTE
    _printf_i                                0x00000000   Number         0  stubs.o ABSOLUTE
    _printf_int_dec                          0x00000000   Number         0  stubs.o ABSOLUTE
    _printf_l                                0x00000000   Number         0  stubs.o ABSOLUTE
    _printf_lc                               0x00000000   Number         0  stubs.o ABSOLUTE
    _printf_ll                               0x00000000   Number         0  stubs.o ABSOLUTE
    _printf_lld                              0x00000000   Number         0  stubs.o ABSOLUTE
    _printf_lli                              0x00000000   Number         0  stubs.o ABSOLUTE
    _printf_llo                              0x00000000   Number         0  stubs.o ABSOLUTE
    _printf_llu                              0x00000000   Number         0  stubs.o ABSOLUTE
    _printf_llx                              0x00000000   Number         0  stubs.o ABSOLUTE
    _printf_longlong_dec                     0x00000000   Number         0  stubs.o ABSOLUTE
    _printf_longlong_hex                     0x00000000   Number         0  stubs.o ABSOLUTE
    _printf_longlong_oct                     0x00000000   Number         0  stubs.o ABSOLUTE
    _printf_ls                               0x00000000   Number         0  stubs.o ABSOLUTE
    _printf_mbtowc                           0x00000000   Number         0  stubs.o ABSOLUTE
    _printf_n                                0x00000000   Number         0  stubs.o ABSOLUTE
    _printf_o                                0x00000000   Number         0  stubs.o ABSOLUTE
    _printf_p                                0x00000000   Number         0  stubs.o ABSOLUTE
    _printf_percent                          0x00000000   Number         0  stubs.o ABSOLUTE
    _printf_pre_padding                      0x00000000   Number         0  stubs.o ABSOLUTE
    _printf_return_value                     0x00000000   Number         0  stubs.o ABSOLUTE
    _printf_s                                0x00000000   Number         0  stubs.o ABSOLUTE
    _printf_sizespec                         0x00000000   Number         0  stubs.o ABSOLUTE
    _printf_str                              0x00000000   Number         0  stubs.o ABSOLUTE
    _printf_truncate_signed                  0x00000000   Number         0  stubs.o ABSOLUTE
    _printf_truncate_unsigned                0x00000000   Number         0  stubs.o ABSOLUTE
    _printf_u                                0x00000000   Number         0  stubs.o ABSOLUTE
    _printf_wc                               0x00000000   Number         0  stubs.o ABSOLUTE
    _printf_wctomb                           0x00000000   Number         0  stubs.o ABSOLUTE
    _printf_widthprec                        0x00000000   Number         0  stubs.o ABSOLUTE
    _printf_x                                0x00000000   Number         0  stubs.o ABSOLUTE
    __decompress                              - Undefined Weak Reference
    _clock_init                               - Undefined Weak Reference
    __Vectors_Size                           0x00000188   Number         0  startup_stm32f4xx.o ABSOLUTE
    __Vectors                                0x08000000   Data           4  startup_stm32f4xx.o(RESET)
    __Vectors_End                            0x08000188   Data           0  startup_stm32f4xx.o(RESET)
    __main                                   0x08000189   Thumb Code     0  entry.o(.ARM.Collect$$$$00000000)
    _main_stk                                0x08000189   Thumb Code     0  entry2.o(.ARM.Collect$$$$00000001)
    _main_scatterload                        0x0800018d   Thumb Code     0  entry5.o(.ARM.Collect$$$$00000004)
    __main_after_scatterload                 0x08000191   Thumb Code     0  entry5.o(.ARM.Collect$$$$00000004)
    _main_clock                              0x08000191   Thumb Code     0  entry7b.o(.ARM.Collect$$$$00000008)
    _main_init                               0x08000191   Thumb Code     0  entry8.o(.ARM.Collect$$$$00000009)
    Reset_Handler                            0x0800019d   Thumb Code     8  startup_stm32f4xx.o(.text)
    NMI_Handler                              0x080001a5   Thumb Code     2  startup_stm32f4xx.o(.text)
    HardFault_Handler                        0x080001a7   Thumb Code     2  startup_stm32f4xx.o(.text)
    MemManage_Handler                        0x080001a9   Thumb Code     2  startup_stm32f4xx.o(.text)
    BusFault_Handler                         0x080001ab   Thumb Code     2  startup_stm32f4xx.o(.text)
    UsageFault_Handler                       0x080001ad   Thumb Code     2  startup_stm32f4xx.o(.text)
    SVC_Handler                              0x080001af   Thumb Code     2  startup_stm32f4xx.o(.text)
    DebugMon_Handler                         0x080001b1   Thumb Code     2  startup_stm32f4xx.o(.text)
    PendSV_Handler                           0x080001b3   Thumb Code     2  startup_stm32f4xx.o(.text)
    ADC_IRQHandler                           0x080001b7   Thumb Code     0  startup_stm32f4xx.o(.text)
    CAN1_RX0_IRQHandler                      0x080001b7   Thumb Code     0  startup_stm32f4xx.o(.text)
    CAN1_RX1_IRQHandler                      0x080001b7   Thumb Code     0  startup_stm32f4xx.o(.text)
    CAN1_SCE_IRQHandler                      0x080001b7   Thumb Code     0  startup_stm32f4xx.o(.text)
    CAN1_TX_IRQHandler                       0x080001b7   Thumb Code     0  startup_stm32f4xx.o(.text)
    CAN2_RX0_IRQHandler                      0x080001b7   Thumb Code     0  startup_stm32f4xx.o(.text)
    CAN2_RX1_IRQHandler                      0x080001b7   Thumb Code     0  startup_stm32f4xx.o(.text)
    CAN2_SCE_IRQHandler                      0x080001b7   Thumb Code     0  startup_stm32f4xx.o(.text)
    CAN2_TX_IRQHandler                       0x080001b7   Thumb Code     0  startup_stm32f4xx.o(.text)
    CRYP_IRQHandler                          0x080001b7   Thumb Code     0  startup_stm32f4xx.o(.text)
    DCMI_IRQHandler                          0x080001b7   Thumb Code     0  startup_stm32f4xx.o(.text)
    DMA1_Stream0_IRQHandler                  0x080001b7   Thumb Code     0  startup_stm32f4xx.o(.text)
    DMA1_Stream1_IRQHandler                  0x080001b7   Thumb Code     0  startup_stm32f4xx.o(.text)
    DMA1_Stream2_IRQHandler                  0x080001b7   Thumb Code     0  startup_stm32f4xx.o(.text)
    DMA1_Stream3_IRQHandler                  0x080001b7   Thumb Code     0  startup_stm32f4xx.o(.text)
    DMA1_Stream4_IRQHandler                  0x080001b7   Thumb Code     0  startup_stm32f4xx.o(.text)
    DMA1_Stream5_IRQHandler                  0x080001b7   Thumb Code     0  startup_stm32f4xx.o(.text)
    DMA1_Stream6_IRQHandler                  0x080001b7   Thumb Code     0  startup_stm32f4xx.o(.text)
    DMA1_Stream7_IRQHandler                  0x080001b7   Thumb Code     0  startup_stm32f4xx.o(.text)
    DMA2_Stream0_IRQHandler                  0x080001b7   Thumb Code     0  startup_stm32f4xx.o(.text)
    DMA2_Stream1_IRQHandler                  0x080001b7   Thumb Code     0  startup_stm32f4xx.o(.text)
    DMA2_Stream2_IRQHandler                  0x080001b7   Thumb Code     0  startup_stm32f4xx.o(.text)
    DMA2_Stream3_IRQHandler                  0x080001b7   Thumb Code     0  startup_stm32f4xx.o(.text)
    DMA2_Stream4_IRQHandler                  0x080001b7   Thumb Code     0  startup_stm32f4xx.o(.text)
    DMA2_Stream5_IRQHandler                  0x080001b7   Thumb Code     0  startup_stm32f4xx.o(.text)
    DMA2_Stream6_IRQHandler                  0x080001b7   Thumb Code     0  startup_stm32f4xx.o(.text)
    DMA2_Stream7_IRQHandler                  0x080001b7   Thumb Code     0  startup_stm32f4xx.o(.text)
    ETH_IRQHandler                           0x080001b7   Thumb Code     0  startup_stm32f4xx.o(.text)
    ETH_WKUP_IRQHandler                      0x080001b7   Thumb Code     0  startup_stm32f4xx.o(.text)
    EXTI0_IRQHandler                         0x080001b7   Thumb Code     0  startup_stm32f4xx.o(.text)
    EXTI15_10_IRQHandler                     0x080001b7   Thumb Code     0  startup_stm32f4xx.o(.text)
    EXTI1_IRQHandler                         0x080001b7   Thumb Code     0  startup_stm32f4xx.o(.text)
    EXTI2_IRQHandler                         0x080001b7   Thumb Code     0  startup_stm32f4xx.o(.text)
    EXTI3_IRQHandler                         0x080001b7   Thumb Code     0  startup_stm32f4xx.o(.text)
    EXTI4_IRQHandler                         0x080001b7   Thumb Code     0  startup_stm32f4xx.o(.text)
    EXTI9_5_IRQHandler                       0x080001b7   Thumb Code     0  startup_stm32f4xx.o(.text)
    FLASH_IRQHandler                         0x080001b7   Thumb Code     0  startup_stm32f4xx.o(.text)
    FPU_IRQHandler                           0x080001b7   Thumb Code     0  startup_stm32f4xx.o(.text)
    FSMC_IRQHandler                          0x080001b7   Thumb Code     0  startup_stm32f4xx.o(.text)
    HASH_RNG_IRQHandler                      0x080001b7   Thumb Code     0  startup_stm32f4xx.o(.text)
    I2C1_ER_IRQHandler                       0x080001b7   Thumb Code     0  startup_stm32f4xx.o(.text)
    I2C1_EV_IRQHandler                       0x080001b7   Thumb Code     0  startup_stm32f4xx.o(.text)
    I2C2_ER_IRQHandler                       0x080001b7   Thumb Code     0  startup_stm32f4xx.o(.text)
    I2C2_EV_IRQHandler                       0x080001b7   Thumb Code     0  startup_stm32f4xx.o(.text)
    I2C3_ER_IRQHandler                       0x080001b7   Thumb Code     0  startup_stm32f4xx.o(.text)
    I2C3_EV_IRQHandler                       0x080001b7   Thumb Code     0  startup_stm32f4xx.o(.text)
    OTG_FS_IRQHandler                        0x080001b7   Thumb Code     0  startup_stm32f4xx.o(.text)
    OTG_FS_WKUP_IRQHandler                   0x080001b7   Thumb Code     0  startup_stm32f4xx.o(.text)
    OTG_HS_EP1_IN_IRQHandler                 0x080001b7   Thumb Code     0  startup_stm32f4xx.o(.text)
    OTG_HS_EP1_OUT_IRQHandler                0x080001b7   Thumb Code     0  startup_stm32f4xx.o(.text)
    OTG_HS_IRQHandler                        0x080001b7   Thumb Code     0  startup_stm32f4xx.o(.text)
    OTG_HS_WKUP_IRQHandler                   0x080001b7   Thumb Code     0  startup_stm32f4xx.o(.text)
    PVD_IRQHandler                           0x080001b7   Thumb Code     0  startup_stm32f4xx.o(.text)
    RCC_IRQHandler                           0x080001b7   Thumb Code     0  startup_stm32f4xx.o(.text)
    RTC_Alarm_IRQHandler                     0x080001b7   Thumb Code     0  startup_stm32f4xx.o(.text)
    RTC_WKUP_IRQHandler                      0x080001b7   Thumb Code     0  startup_stm32f4xx.o(.text)
    SDIO_IRQHandler                          0x080001b7   Thumb Code     0  startup_stm32f4xx.o(.text)
    SPI1_IRQHandler                          0x080001b7   Thumb Code     0  startup_stm32f4xx.o(.text)
    SPI2_IRQHandler                          0x080001b7   Thumb Code     0  startup_stm32f4xx.o(.text)
    SPI3_IRQHandler                          0x080001b7   Thumb Code     0  startup_stm32f4xx.o(.text)
    TAMP_STAMP_IRQHandler                    0x080001b7   Thumb Code     0  startup_stm32f4xx.o(.text)
    TIM1_BRK_TIM9_IRQHandler                 0x080001b7   Thumb Code     0  startup_stm32f4xx.o(.text)
    TIM1_CC_IRQHandler                       0x080001b7   Thumb Code     0  startup_stm32f4xx.o(.text)
    TIM1_TRG_COM_TIM11_IRQHandler            0x080001b7   Thumb Code     0  startup_stm32f4xx.o(.text)
    TIM1_UP_TIM10_IRQHandler                 0x080001b7   Thumb Code     0  startup_stm32f4xx.o(.text)
    TIM2_IRQHandler                          0x080001b7   Thumb Code     0  startup_stm32f4xx.o(.text)
    TIM3_IRQHandler                          0x080001b7   Thumb Code     0  startup_stm32f4xx.o(.text)
    TIM4_IRQHandler                          0x080001b7   Thumb Code     0  startup_stm32f4xx.o(.text)
    TIM5_IRQHandler                          0x080001b7   Thumb Code     0  startup_stm32f4xx.o(.text)
    TIM6_DAC_IRQHandler                      0x080001b7   Thumb Code     0  startup_stm32f4xx.o(.text)
    TIM7_IRQHandler                          0x080001b7   Thumb Code     0  startup_stm32f4xx.o(.text)
    TIM8_BRK_TIM12_IRQHandler                0x080001b7   Thumb Code     0  startup_stm32f4xx.o(.text)
    TIM8_CC_IRQHandler                       0x080001b7   Thumb Code     0  startup_stm32f4xx.o(.text)
    TIM8_TRG_COM_TIM14_IRQHandler            0x080001b7   Thumb Code     0  startup_stm32f4xx.o(.text)
    TIM8_UP_TIM13_IRQHandler                 0x080001b7   Thumb Code     0  startup_stm32f4xx.o(.text)
    UART4_IRQHandler                         0x080001b7   Thumb Code     0  startup_stm32f4xx.o(.text)
    UART5_IRQHandler                         0x080001b7   Thumb Code     0  startup_stm32f4xx.o(.text)
    USART1_IRQHandler                        0x080001b7   Thumb Code     0  startup_stm32f4xx.o(.text)
    USART2_IRQHandler                        0x080001b7   Thumb Code     0  startup_stm32f4xx.o(.text)
    USART3_IRQHandler                        0x080001b7   Thumb Code     0  startup_stm32f4xx.o(.text)
    USART6_IRQHandler                        0x080001b7   Thumb Code     0  startup_stm32f4xx.o(.text)
    WWDG_IRQHandler                          0x080001b7   Thumb Code     0  startup_stm32f4xx.o(.text)
    SystemInit                               0x08000255   Thumb Code    74  system_stm32f4xx.o(.text)
    SystemCoreClockUpdate                    0x0800029f   Thumb Code   122  system_stm32f4xx.o(.text)
    Init_I2C1                                0x0800033d   Thumb Code   130  i2c.o(.text)
    Init_I2C2                                0x080003bf   Thumb Code   130  i2c.o(.text)
    Init_I2C3                                0x08000441   Thumb Code   168  i2c.o(.text)
    I2C_start                                0x080004e9   Thumb Code   100  i2c.o(.text)
    I2C_write                                0x0800054d   Thumb Code    28  i2c.o(.text)
    I2C_read_ack                             0x08000569   Thumb Code    38  i2c.o(.text)
    I2C_read_nack                            0x0800058f   Thumb Code    38  i2c.o(.text)
    I2C_stop                                 0x080005b5   Thumb Code     6  i2c.o(.text)
    LCD_GPIO_Config                          0x080005e1   Thumb Code   120  lcd.o(.text)
    LCD_Eoff                                 0x08000659   Thumb Code     8  lcd.o(.text)
    LCD_Eon                                  0x08000661   Thumb Code     8  lcd.o(.text)
    LCD_Clk                                  0x08000669   Thumb Code    18  lcd.o(.text)
    LCD_RWoff                                0x0800067b   Thumb Code     8  lcd.o(.text)
    LCD_DataWrite                            0x08000683   Thumb Code    20  lcd.o(.text)
    LCD_DataClear                            0x08000697   Thumb Code     8  lcd.o(.text)
    LCD_Write                                0x0800069f   Thumb Code    28  lcd.o(.text)
    LCD_RSoff                                0x080006bb   Thumb Code     8  lcd.o(.text)
    LCD_On                                   0x080006c3   Thumb Code    18  lcd.o(.text)
    LCD_DriverOn                             0x080006d5   Thumb Code    10  lcd.o(.text)
    LCD_Init                                 0x080006df   Thumb Code    98  lcd.o(.text)
    LCD_RSon                                 0x08000741   Thumb Code     8  lcd.o(.text)
    LCD_RWon                                 0x08000749   Thumb Code     8  lcd.o(.text)
    LCD_Off                                  0x08000751   Thumb Code    18  lcd.o(.text)
    LCD_DriverOff                            0x08000763   Thumb Code    10  lcd.o(.text)
    LCD_cursor_on                            0x0800076d   Thumb Code    22  lcd.o(.text)
    LCD_Clear                                0x08000783   Thumb Code    26  lcd.o(.text)
    LCD_PutChar                              0x0800079d   Thumb Code    24  lcd.o(.text)
    LCD_PutS                                 0x080007b5   Thumb Code    38  lcd.o(.text)
    LCD_GotoXY                               0x080007db   Thumb Code    56  lcd.o(.text)
    I2C_Temp_Init                            0x08000821   Thumb Code    48  sensors.o(.text)
    I2C_Temp_Read                            0x08000851   Thumb Code   118  sensors.o(.text)
    I2C_ADC_Read                             0x080008c7   Thumb Code    46  sensors.o(.text)
    I2C_GPIO_Init                            0x080008f5   Thumb Code    48  sensors.o(.text)
    I2C_GPIO_Direction                       0x08000925   Thumb Code    42  sensors.o(.text)
    I2C_GPIO_Read                            0x0800094f   Thumb Code    56  sensors.o(.text)
    I2C_GPIO_Write                           0x08000987   Thumb Code    42  sensors.o(.text)
    LED_Write                                0x080009c5   Thumb Code    38  main.o(.text)
    Delay_Millis                             0x080009eb   Thumb Code    14  main.o(.text)
    Totally_Excessive_Startup_Routine        0x080009f9   Thumb Code   206  main.o(.text)
    LED_Init                                 0x08000ac7   Thumb Code    58  main.o(.text)
    main                                     0x08000b01   Thumb Code   194  main.o(.text)
    SysTick_Handler                          0x08000bc3   Thumb Code    10  main.o(.text)
    GPIO_DeInit                              0x08000c21   Thumb Code   240  stm32f4xx_gpio.o(.text)
    GPIO_Init                                0x08000d11   Thumb Code   124  stm32f4xx_gpio.o(.text)
    GPIO_StructInit                          0x08000d8d   Thumb Code    18  stm32f4xx_gpio.o(.text)
    GPIO_PinLockConfig                       0x08000d9f   Thumb Code    16  stm32f4xx_gpio.o(.text)
    GPIO_ReadInputDataBit                    0x08000daf   Thumb Code    14  stm32f4xx_gpio.o(.text)
    GPIO_ReadInputData                       0x08000dbd   Thumb Code     6  stm32f4xx_gpio.o(.text)
    GPIO_ReadOutputDataBit                   0x08000dc3   Thumb Code    14  stm32f4xx_gpio.o(.text)
    GPIO_ReadOutputData                      0x08000dd1   Thumb Code     6  stm32f4xx_gpio.o(.text)
    GPIO_SetBits                             0x08000dd7   Thumb Code     4  stm32f4xx_gpio.o(.text)
    GPIO_ResetBits                           0x08000ddb   Thumb Code     4  stm32f4xx_gpio.o(.text)
    GPIO_WriteBit                            0x08000ddf   Thumb Code    12  stm32f4xx_gpio.o(.text)
    GPIO_Write                               0x08000deb   Thumb Code     4  stm32f4xx_gpio.o(.text)
    GPIO_ToggleBits                          0x08000def   Thumb Code     8  stm32f4xx_gpio.o(.text)
    GPIO_PinAFConfig                         0x08000df7   Thumb Code    32  stm32f4xx_gpio.o(.text)
    I2C_DeInit                               0x08000e3d   Thumb Code    88  stm32f4xx_i2c.o(.text)
    I2C_Init                                 0x08000e95   Thumb Code   176  stm32f4xx_i2c.o(.text)
    I2C_StructInit                           0x08000f45   Thumb Code    28  stm32f4xx_i2c.o(.text)
    I2C_Cmd                                  0x08000f61   Thumb Code    24  stm32f4xx_i2c.o(.text)
    I2C_GenerateSTART                        0x08000f79   Thumb Code    24  stm32f4xx_i2c.o(.text)
    I2C_GenerateSTOP                         0x08000f91   Thumb Code    24  stm32f4xx_i2c.o(.text)
    I2C_Send7bitAddress                      0x08000fa9   Thumb Code    18  stm32f4xx_i2c.o(.text)
    I2C_AcknowledgeConfig                    0x08000fbb   Thumb Code    24  stm32f4xx_i2c.o(.text)
    I2C_OwnAddress2Config                    0x08000fd3   Thumb Code    16  stm32f4xx_i2c.o(.text)
    I2C_DualAddressCmd                       0x08000fe3   Thumb Code    24  stm32f4xx_i2c.o(.text)
    I2C_GeneralCallCmd                       0x08000ffb   Thumb Code    24  stm32f4xx_i2c.o(.text)
    I2C_SoftwareResetCmd                     0x08001013   Thumb Code    24  stm32f4xx_i2c.o(.text)
    I2C_StretchClockCmd                      0x0800102b   Thumb Code    24  stm32f4xx_i2c.o(.text)
    I2C_FastModeDutyCycleConfig              0x08001043   Thumb Code    26  stm32f4xx_i2c.o(.text)
    I2C_NACKPositionConfig                   0x0800105d   Thumb Code    26  stm32f4xx_i2c.o(.text)
    I2C_SMBusAlertConfig                     0x08001077   Thumb Code    26  stm32f4xx_i2c.o(.text)
    I2C_ARPCmd                               0x08001091   Thumb Code    24  stm32f4xx_i2c.o(.text)
    I2C_SendData                             0x080010a9   Thumb Code     4  stm32f4xx_i2c.o(.text)
    I2C_ReceiveData                          0x080010ad   Thumb Code     6  stm32f4xx_i2c.o(.text)
    I2C_TransmitPEC                          0x080010b3   Thumb Code    24  stm32f4xx_i2c.o(.text)
    I2C_PECPositionConfig                    0x080010cb   Thumb Code    26  stm32f4xx_i2c.o(.text)
    I2C_CalculatePEC                         0x080010e5   Thumb Code    24  stm32f4xx_i2c.o(.text)
    I2C_GetPEC                               0x080010fd   Thumb Code     6  stm32f4xx_i2c.o(.text)
    I2C_DMACmd                               0x08001103   Thumb Code    24  stm32f4xx_i2c.o(.text)
    I2C_DMALastTransferCmd                   0x0800111b   Thumb Code    24  stm32f4xx_i2c.o(.text)
    I2C_ReadRegister                         0x08001133   Thumb Code     6  stm32f4xx_i2c.o(.text)
    I2C_ITConfig                             0x08001139   Thumb Code    20  stm32f4xx_i2c.o(.text)
    I2C_CheckEvent                           0x0800114d   Thumb Code    24  stm32f4xx_i2c.o(.text)
    I2C_GetLastEvent                         0x08001165   Thumb Code    14  stm32f4xx_i2c.o(.text)
    I2C_GetFlagStatus                        0x08001173   Thumb Code    32  stm32f4xx_i2c.o(.text)
    I2C_ClearFlag                            0x08001193   Thumb Code     6  stm32f4xx_i2c.o(.text)
    I2C_GetITStatus                          0x08001199   Thumb Code    34  stm32f4xx_i2c.o(.text)
    I2C_ClearITPendingBit                    0x080011bb   Thumb Code     6  stm32f4xx_i2c.o(.text)
    RCC_DeInit                               0x080011d5   Thumb Code    48  stm32f4xx_rcc.o(.text)
    RCC_HSEConfig                            0x08001205   Thumb Code    12  stm32f4xx_rcc.o(.text)
    RCC_GetFlagStatus                        0x08001211   Thumb Code    50  stm32f4xx_rcc.o(.text)
    RCC_WaitForHSEStartUp                    0x08001243   Thumb Code    40  stm32f4xx_rcc.o(.text)
    RCC_AdjustHSICalibrationValue            0x0800126b   Thumb Code    16  stm32f4xx_rcc.o(.text)
    RCC_HSICmd                               0x0800127b   Thumb Code     6  stm32f4xx_rcc.o(.text)
    RCC_LSEConfig                            0x08001281   Thumb Code    30  stm32f4xx_rcc.o(.text)
    RCC_LSICmd                               0x0800129f   Thumb Code     6  stm32f4xx_rcc.o(.text)
    RCC_PLLConfig                            0x080012a5   Thumb Code    34  stm32f4xx_rcc.o(.text)
    RCC_PLLCmd                               0x080012c7   Thumb Code     6  stm32f4xx_rcc.o(.text)
    RCC_PLLI2SConfig                         0x080012cd   Thumb Code    14  stm32f4xx_rcc.o(.text)
    RCC_PLLI2SCmd                            0x080012db   Thumb Code     6  stm32f4xx_rcc.o(.text)
    RCC_ClockSecuritySystemCmd               0x080012e1   Thumb Code     6  stm32f4xx_rcc.o(.text)
    RCC_MCO1Config                           0x080012e7   Thumb Code    18  stm32f4xx_rcc.o(.text)
    RCC_MCO2Config                           0x080012f9   Thumb Code    18  stm32f4xx_rcc.o(.text)
    RCC_SYSCLKConfig                         0x0800130b   Thumb Code    16  stm32f4xx_rcc.o(.text)
    RCC_GetSYSCLKSource                      0x0800131b   Thumb Code    12  stm32f4xx_rcc.o(.text)
    RCC_HCLKConfig                           0x08001327   Thumb Code    16  stm32f4xx_rcc.o(.text)
    RCC_PCLK1Config                          0x08001337   Thumb Code    16  stm32f4xx_rcc.o(.text)
    RCC_PCLK2Config                          0x08001347   Thumb Code    18  stm32f4xx_rcc.o(.text)
    RCC_GetClocksFreq                        0x08001359   Thumb Code   150  stm32f4xx_rcc.o(.text)
    RCC_RTCCLKConfig                         0x080013ef   Thumb Code    42  stm32f4xx_rcc.o(.text)
    RCC_RTCCLKCmd                            0x08001419   Thumb Code     8  stm32f4xx_rcc.o(.text)
    RCC_BackupResetCmd                       0x08001421   Thumb Code     8  stm32f4xx_rcc.o(.text)
    RCC_I2SCLKConfig                         0x08001429   Thumb Code     6  stm32f4xx_rcc.o(.text)
    RCC_AHB1PeriphClockCmd                   0x0800142f   Thumb Code    24  stm32f4xx_rcc.o(.text)
    RCC_AHB2PeriphClockCmd                   0x08001447   Thumb Code    24  stm32f4xx_rcc.o(.text)
    RCC_AHB3PeriphClockCmd                   0x0800145f   Thumb Code    24  stm32f4xx_rcc.o(.text)
    RCC_APB1PeriphClockCmd                   0x08001477   Thumb Code    24  stm32f4xx_rcc.o(.text)
    RCC_APB2PeriphClockCmd                   0x0800148f   Thumb Code    24  stm32f4xx_rcc.o(.text)
    RCC_AHB1PeriphResetCmd                   0x080014a7   Thumb Code    24  stm32f4xx_rcc.o(.text)
    RCC_AHB2PeriphResetCmd                   0x080014bf   Thumb Code    24  stm32f4xx_rcc.o(.text)
    RCC_AHB3PeriphResetCmd                   0x080014d7   Thumb Code    24  stm32f4xx_rcc.o(.text)
    RCC_APB1PeriphResetCmd                   0x080014ef   Thumb Code    24  stm32f4xx_rcc.o(.text)
    RCC_APB2PeriphResetCmd                   0x08001507   Thumb Code    24  stm32f4xx_rcc.o(.text)
    RCC_AHB1PeriphClockLPModeCmd             0x0800151f   Thumb Code    24  stm32f4xx_rcc.o(.text)
    RCC_AHB2PeriphClockLPModeCmd             0x08001537   Thumb Code    24  stm32f4xx_rcc.o(.text)
    RCC_AHB3PeriphClockLPModeCmd             0x0800154f   Thumb Code    24  stm32f4xx_rcc.o(.text)
    RCC_APB1PeriphClockLPModeCmd             0x08001567   Thumb Code    24  stm32f4xx_rcc.o(.text)
    RCC_APB2PeriphClockLPModeCmd             0x0800157f   Thumb Code    24  stm32f4xx_rcc.o(.text)
    RCC_ITConfig                             0x08001597   Thumb Code    24  stm32f4xx_rcc.o(.text)
    RCC_ClearFlag                            0x080015af   Thumb Code    50  stm32f4xx_rcc.o(.text)
    RCC_GetITStatus                          0x080015e1   Thumb Code    16  stm32f4xx_rcc.o(.text)
    RCC_ClearITPendingBit                    0x080015f1   Thumb Code     8  stm32f4xx_rcc.o(.text)
    __aeabi_dmul                             0x080015fd   Thumb Code   228  dmul.o(.text)
    __aeabi_ui2d                             0x080016e1   Thumb Code    26  dfltui.o(.text)
    __aeabi_uidiv                            0x080016fb   Thumb Code     0  uidiv.o(.text)
    __aeabi_uidivmod                         0x080016fb   Thumb Code    44  uidiv.o(.text)
    __aeabi_uldivmod                         0x08001727   Thumb Code    98  uldiv.o(.text)
    __I$use$fp                               0x08001789   Thumb Code     0  iusefp.o(.text)
    _double_round                            0x08001789   Thumb Code    26  depilogue.o(.text)
    _double_epilogue                         0x080017a3   Thumb Code   164  depilogue.o(.text)
    __aeabi_dadd                             0x08001847   Thumb Code   322  dadd.o(.text)
    __aeabi_dsub                             0x08001989   Thumb Code     6  dadd.o(.text)
    __aeabi_drsub                            0x0800198f   Thumb Code     6  dadd.o(.text)
    __aeabi_ddiv                             0x08001995   Thumb Code   222  ddiv.o(.text)
    __ARM_scalbn                             0x08001a73   Thumb Code    46  dscalb.o(.text)
    scalbn                                   0x08001a73   Thumb Code     0  dscalb.o(.text)
    __aeabi_i2d                              0x08001aa1   Thumb Code    34  dflti.o(.text)
    __aeabi_d2ulz                            0x08001ac3   Thumb Code    48  dfixul.o(.text)
    __aeabi_cdrcmple                         0x08001af5   Thumb Code    38  cdrcmple.o(.text)
    __scatterload                            0x08001b1d   Thumb Code    28  init.o(.text)
    __scatterload_rt2                        0x08001b1d   Thumb Code     0  init.o(.text)
    __aeabi_llsl                             0x08001b41   Thumb Code    30  llshl.o(.text)
    _ll_shift_l                              0x08001b41   Thumb Code     0  llshl.o(.text)
    __aeabi_llsr                             0x08001b5f   Thumb Code    32  llushr.o(.text)
    _ll_ushift_r                             0x08001b5f   Thumb Code     0  llushr.o(.text)
    __aeabi_lasr                             0x08001b7f   Thumb Code    36  llsshr.o(.text)
    _ll_sshift_r                             0x08001b7f   Thumb Code     0  llsshr.o(.text)
    _dsqrt                                   0x08001ba3   Thumb Code   162  dsqrt.o(.text)
    __0sprintf                               0x08001c45   Thumb Code    34  printfa.o(i.__0sprintf)
    __1sprintf                               0x08001c45   Thumb Code     0  printfa.o(i.__0sprintf)
    __2sprintf                               0x08001c45   Thumb Code     0  printfa.o(i.__0sprintf)
    __c89sprintf                             0x08001c45   Thumb Code     0  printfa.o(i.__0sprintf)
    sprintf                                  0x08001c45   Thumb Code     0  printfa.o(i.__0sprintf)
    __ARM_fpclassify                         0x08001c6d   Thumb Code    48  fpclassify.o(i.__ARM_fpclassify)
    __hardfp_pow                             0x08001ca1   Thumb Code  3132  pow.o(i.__hardfp_pow)
    __kernel_poly                            0x08002931   Thumb Code   248  poly.o(i.__kernel_poly)
    __mathlib_dbl_underflow                  0x08002a29   Thumb Code    24  dunder.o(i.__mathlib_dbl_underflow)
    __scatterload_copy                       0x08002a49   Thumb Code    14  handlers.o(i.__scatterload_copy)
    __scatterload_null                       0x08002a57   Thumb Code     2  handlers.o(i.__scatterload_null)
    __scatterload_zeroinit                   0x08002a59   Thumb Code    14  handlers.o(i.__scatterload_zeroinit)
    __set_errno                              0x08002a69   Thumb Code     6  errno.o(i.__set_errno)
    fabs                                     0x08003321   Thumb Code    32  fabs.o(i.fabs)
    sqrt                                     0x08003341   Thumb Code   110  sqrt.o(i.sqrt)
    __mathlib_zero                           0x08003438   Data           8  qnan.o(.constdata)
    Region$$Table$$Base                      0x08003440   Number         0  anon$$obj.o(Region$$Table)
    Region$$Table$$Limit                     0x08003460   Number         0  anon$$obj.o(Region$$Table)
    SystemCoreClock                          0x20000000   Data           4  system_stm32f4xx.o(.data)
    AHBPrescTable                            0x20000004   Data          16  system_stm32f4xx.o(.data)
    msTicks                                  0x20000014   Data           4  main.o(.data)
    __initial_sp                             0x20000430   Data           0  startup_stm32f4xx.o(STACK)



==============================================================================

Memory Map of the image

  Image Entry point : 0x08000189

  Load Region LR_IROM1 (Base: 0x08000000, Size: 0x0000348c, Max: 0x00100000, ABSOLUTE)

    Execution Region ER_IROM1 (Base: 0x08000000, Size: 0x00003460, Max: 0x00100000, ABSOLUTE)

    Base Addr    Size         Type   Attr      Idx    E Section Name        Object

    0x08000000   0x00000188   Data   RO            3    RESET               startup_stm32f4xx.o
    0x08000188   0x00000000   Code   RO          564  * .ARM.Collect$$$$00000000  mc_w.l(entry.o)
    0x08000188   0x00000004   Code   RO          857    .ARM.Collect$$$$00000001  mc_w.l(entry2.o)
    0x0800018c   0x00000004   Code   RO          860    .ARM.Collect$$$$00000004  mc_w.l(entry5.o)
    0x08000190   0x00000000   Code   RO          862    .ARM.Collect$$$$00000008  mc_w.l(entry7b.o)
    0x08000190   0x00000008   Code   RO          863    .ARM.Collect$$$$00000009  mc_w.l(entry8.o)
    0x08000198   0x00000004   Code   RO          858    .ARM.Collect$$$$00002712  mc_w.l(entry2.o)
    0x0800019c   0x00000024   Code   RO            4    .text               startup_stm32f4xx.o
    0x080001c0   0x0000017c   Code   RO           11    .text               system_stm32f4xx.o
    0x0800033c   0x000002a4   Code   RO          134    .text               i2c.o
    0x080005e0   0x00000240   Code   RO          161    .text               lcd.o
    0x08000820   0x000001a4   Code   RO          208    .text               sensors.o
    0x080009c4   0x0000025c   Code   RO          232    .text               main.o
    0x08000c20   0x0000021c   Code   RO          315    .text               stm32f4xx_gpio.o
    0x08000e3c   0x00000398   Code   RO          334    .text               stm32f4xx_i2c.o
    0x080011d4   0x00000428   Code   RO          353    .text               stm32f4xx_rcc.o
    0x080015fc   0x000000e4   Code   RO          828    .text               mf_w.l(dmul.o)
    0x080016e0   0x0000001a   Code   RO          830    .text               mf_w.l(dfltui.o)
    0x080016fa   0x0000002c   Code   RO          865    .text               mc_w.l(uidiv.o)
    0x08001726   0x00000062   Code   RO          867    .text               mc_w.l(uldiv.o)
    0x08001788   0x00000000   Code   RO          876    .text               mc_w.l(iusefp.o)
    0x08001788   0x000000be   Code   RO          877    .text               mf_w.l(depilogue.o)
    0x08001846   0x0000014e   Code   RO          879    .text               mf_w.l(dadd.o)
    0x08001994   0x000000de   Code   RO          881    .text               mf_w.l(ddiv.o)
    0x08001a72   0x0000002e   Code   RO          885    .text               mf_w.l(dscalb.o)
    0x08001aa0   0x00000022   Code   RO          887    .text               mf_w.l(dflti.o)
    0x08001ac2   0x00000030   Code   RO          889    .text               mf_w.l(dfixul.o)
    0x08001af2   0x00000002   PAD
    0x08001af4   0x00000028   Code   RO          891    .text               mf_w.l(cdrcmple.o)
    0x08001b1c   0x00000024   Code   RO          893    .text               mc_w.l(init.o)
    0x08001b40   0x0000001e   Code   RO          895    .text               mc_w.l(llshl.o)
    0x08001b5e   0x00000020   Code   RO          897    .text               mc_w.l(llushr.o)
    0x08001b7e   0x00000024   Code   RO          899    .text               mc_w.l(llsshr.o)
    0x08001ba2   0x000000a2   Code   RO          901    .text               mf_w.l(dsqrt.o)
    0x08001c44   0x00000028   Code   RO          802    i.__0sprintf        mc_w.l(printfa.o)
    0x08001c6c   0x00000030   Code   RO          840    i.__ARM_fpclassify  m_wm.l(fpclassify.o)
    0x08001c9c   0x00000004   PAD
    0x08001ca0   0x00000c90   Code   RO          550    i.__hardfp_pow      m_wm.l(pow.o)
    0x08002930   0x000000f8   Code   RO          842    i.__kernel_poly     m_wm.l(poly.o)
    0x08002a28   0x00000020   Code   RO          832    i.__mathlib_dbl_underflow  m_wm.l(dunder.o)
    0x08002a48   0x0000000e   Code   RO          907    i.__scatterload_copy  mc_w.l(handlers.o)
    0x08002a56   0x00000002   Code   RO          908    i.__scatterload_null  mc_w.l(handlers.o)
    0x08002a58   0x0000000e   Code   RO          909    i.__scatterload_zeroinit  mc_w.l(handlers.o)
    0x08002a66   0x00000002   PAD
    0x08002a68   0x0000000c   Code   RO          871    i.__set_errno       mc_w.l(errno.o)
    0x08002a74   0x0000015c   Code   RO          807    i._fp_digits        mc_w.l(printfa.o)
    0x08002bd0   0x000006f0   Code   RO          808    i._printf_core      mc_w.l(printfa.o)
    0x080032c0   0x00000026   Code   RO          809    i._printf_post_padding  mc_w.l(printfa.o)
    0x080032e6   0x00000030   Code   RO          810    i._printf_pre_padding  mc_w.l(printfa.o)
    0x08003316   0x0000000a   Code   RO          812    i._sputc            mc_w.l(printfa.o)
    0x08003320   0x00000020   Code   RO          836    i.fabs              m_wm.l(fabs.o)
    0x08003340   0x0000006e   Code   RO          847    i.sqrt              m_wm.l(sqrt.o)
    0x080033ae   0x00000002   PAD
    0x080033b0   0x00000088   Data   RO          553    .constdata          m_wm.l(pow.o)
    0x08003438   0x00000008   Data   RO          844    .constdata          m_wm.l(qnan.o)
    0x08003440   0x00000020   Data   RO          905    Region$$Table       anon$$obj.o


    Execution Region RW_IRAM1 (Base: 0x20000000, Size: 0x00000430, Max: 0x00020000, ABSOLUTE)

    Base Addr    Size         Type   Attr      Idx    E Section Name        Object

    0x20000000   0x00000014   Data   RW           12    .data               system_stm32f4xx.o
    0x20000014   0x00000004   Data   RW          233    .data               main.o
    0x20000018   0x00000010   Data   RW          354    .data               stm32f4xx_rcc.o
    0x20000028   0x00000004   Data   RW          872    .data               mc_w.l(errno.o)
    0x2000002c   0x00000004   PAD
    0x20000030   0x00000400   Zero   RW            1    STACK               startup_stm32f4xx.o


==============================================================================

Image component sizes


      Code (inc. data)   RO Data    RW Data    ZI Data      Debug   Object Name

       676         38          0          0          0       2580   i2c.o
       576         14          0          0          0       3322   lcd.o
       604         84          0          4          0      20766   main.o
       420         20          0          0          0       1961   sensors.o
        36          8        392          0       1024        768   startup_stm32f4xx.o
       540         38          0          0          0      10829   stm32f4xx_gpio.o
       920         20          0          0          0      16799   stm32f4xx_i2c.o
      1064         40          0         16          0      24507   stm32f4xx_rcc.o
       380         36          0         20          0     258127   system_stm32f4xx.o

    ----------------------------------------------------------------------
      5216        298        424         40       1024     339659   Object Totals
         0          0         32          0          0          0   (incl. Generated)
         0          0          0          0          0          0   (incl. Padding)

    ----------------------------------------------------------------------

      Code (inc. data)   RO Data    RW Data    ZI Data      Debug   Library Member Name

        32          8          0          0          0        124   dunder.o
        32          0          0          0          0        124   fabs.o
        48          0          0          0          0        124   fpclassify.o
       248          0          0          0          0        152   poly.o
      3216        310        136          0          0        216   pow.o
         0          0          8          0          0          0   qnan.o
       110          0          0          0          0        148   sqrt.o
         0          0          0          0          0          0   entry.o
         8          4          0          0          0          0   entry2.o
         4          0          0          0          0          0   entry5.o
         0          0          0          0          0          0   entry7b.o
         8          4          0          0          0          0   entry8.o
        12          6          0          4          0         68   errno.o
        30          0          0          0          0          0   handlers.o
        36          8          0          0          0         68   init.o
         0          0          0          0          0          0   iusefp.o
        30          0          0          0          0         68   llshl.o
        36          0          0          0          0         68   llsshr.o
        32          0          0          0          0         68   llushr.o
      2260         86          0          0          0        512   printfa.o
        44          0          0          0          0         80   uidiv.o
        98          0          0          0          0         92   uldiv.o
        40          2          0          0          0         68   cdrcmple.o
       334          0          0          0          0        144   dadd.o
       222          0          0          0          0        100   ddiv.o
       190          0          0          0          0        176   depilogue.o
        48          0          0          0          0         68   dfixul.o
        34          0          0          0          0         76   dflti.o
        26          0          0          0          0         76   dfltui.o
       228          0          0          0          0         92   dmul.o
        46          0          0          0          0         80   dscalb.o
       162          0          0          0          0        100   dsqrt.o

    ----------------------------------------------------------------------
      7624        428        144          4          4       2892   Library Totals
        10          0          0          0          4          0   (incl. Padding)

    ----------------------------------------------------------------------

      Code (inc. data)   RO Data    RW Data    ZI Data      Debug   Library Name

      3686        318        144          0          0        888   m_wm.l
      2598        108          0          4          0       1024   mc_w.l
      1330          2          0          0          0        980   mf_w.l

    ----------------------------------------------------------------------
      7624        428        144          4          4       2892   Library Totals

    ----------------------------------------------------------------------

==============================================================================


      Code (inc. data)   RO Data    RW Data    ZI Data      Debug   

     12840        726        568         44       1028     339211   Grand Totals
     12840        726        568         44       1028     339211   ELF Image Totals
     12840        726        568         44          0          0   ROM Totals

==============================================================================

    Total RO  Size (Code + RO Data)                13408 (  13.09kB)
    Total RW  Size (RW Data + ZI Data)              1072 (   1.05kB)
    Total ROM Size (Code + RO Data + RW Data)      13452 (  13.14kB)

==============================================================================

